{
  "primary_summary": [
    {
      "chart": "steady",
      "channel": "u",
      "population": "macro_stage1",
      "Re": "pooled",
      "decisions": 1344,
      "groups_available": 3,
      "groups_used": 3,
      "routed_experts_available": 18,
      "routed_experts_used": 18,
      "dominant_group": 1,
      "dominant_group_fraction": 0.6845238095238095,
      "pair_configurations_used": 33,
      "dominant_pair": "1:3:4",
      "dominant_pair_fraction": 0.34077380952380953,
      "mean_shared_mass": 0.5405405163764954,
      "total_routed_mass": 0.45945945342204403,
      "mean_total_mass": 0.9999999697985393,
      "normalized_utilization_entropy": 0.7739428486900675,
      "within_window_transitions": 1320,
      "group_switch_fraction": 0.26212121212121214,
      "pair_switch_fraction": 0.5545454545454546,
      "multi_group_concentration_over_95pct": false,
      "pair_concentration_over_95pct": false
    },
    {
      "chart": "steady",
      "channel": "p",
      "population": "macro_stage1",
      "Re": "pooled",
      "decisions": 1344,
      "groups_available": 3,
      "groups_used": 3,
      "routed_experts_available": 18,
      "routed_experts_used": 16,
      "dominant_group": 1,
      "dominant_group_fraction": 0.6845238095238095,
      "pair_configurations_used": 28,
      "dominant_pair": "1:2:5",
      "dominant_pair_fraction": 0.19717261904761904,
      "mean_shared_mass": 0.5405405163764954,
      "total_routed_mass": 0.4594594534386748,
      "mean_total_mass": 0.9999999698151701,
      "normalized_utilization_entropy": 0.7831049466360933,
      "within_window_transitions": 1320,
      "group_switch_fraction": 0.26212121212121214,
      "pair_switch_fraction": 0.603030303030303,
      "multi_group_concentration_over_95pct": false,
      "pair_concentration_over_95pct": false
    },
    {
      "chart": "hopf",
      "channel": "u",
      "population": "macro_stage1",
      "Re": "pooled",
      "decisions": 840,
      "groups_available": 1,
      "groups_used": 1,
      "routed_experts_available": 6,
      "routed_experts_used": 2,
      "dominant_group": 0,
      "dominant_group_fraction": 1.0,
      "pair_configurations_used": 1,
      "dominant_pair": "0:1:3",
      "dominant_pair_fraction": 1.0,
      "mean_shared_mass": 0.5714285969734192,
      "total_routed_mass": 0.42857143419087285,
      "mean_total_mass": 1.000000031164292,
      "normalized_utilization_entropy": 0.3868528072345416,
      "within_window_transitions": 825,
      "group_switch_fraction": 0.0,
      "pair_switch_fraction": 0.0,
      "multi_group_concentration_over_95pct": false,
      "pair_concentration_over_95pct": true
    },
    {
      "chart": "hopf",
      "channel": "p",
      "population": "macro_stage1",
      "Re": "pooled",
      "decisions": 840,
      "groups_available": 1,
      "groups_used": 1,
      "routed_experts_available": 6,
      "routed_experts_used": 2,
      "dominant_group": 0,
      "dominant_group_fraction": 1.0,
      "pair_configurations_used": 1,
      "dominant_pair": "0:2:4",
      "dominant_pair_fraction": 1.0,
      "mean_shared_mass": 0.5714285969734192,
      "total_routed_mass": 0.42857143380132623,
      "mean_total_mass": 1.0000000307747454,
      "normalized_utilization_entropy": 0.3868528072345416,
      "within_window_transitions": 825,
      "group_switch_fraction": 0.0,
      "pair_switch_fraction": 0.0,
      "multi_group_concentration_over_95pct": false,
      "pair_concentration_over_95pct": true
    },
    {
      "chart": "periodic",
      "channel": "u",
      "population": "macro_stage1",
      "Re": "pooled",
      "decisions": 2496,
      "groups_available": 3,
      "groups_used": 3,
      "routed_experts_available": 18,
      "routed_experts_used": 18,
      "dominant_group": 2,
      "dominant_group_fraction": 0.36538461538461536,
      "pair_configurations_used": 33,
      "dominant_pair": "0:0:5",
      "dominant_pair_fraction": 0.16266025641025642,
      "mean_shared_mass": 0.5714285969734192,
      "total_routed_mass": 0.4285714340374468,
      "mean_total_mass": 1.0000000310108659,
      "normalized_utilization_entropy": 0.9292302435396836,
      "within_window_transitions": 2444,
      "group_switch_fraction": 0.6710310965630114,
      "pair_switch_fraction": 0.8432896890343698,
      "multi_group_concentration_over_95pct": false,
      "pair_concentration_over_95pct": false
    },
    {
      "chart": "periodic",
      "channel": "p",
      "population": "macro_stage1",
      "Re": "pooled",
      "decisions": 2496,
      "groups_available": 3,
      "groups_used": 3,
      "routed_experts_available": 18,
      "routed_experts_used": 14,
      "dominant_group": 2,
      "dominant_group_fraction": 0.36538461538461536,
      "pair_configurations_used": 16,
      "dominant_pair": "2:0:2",
      "dominant_pair_fraction": 0.3125,
      "mean_shared_mass": 0.5714285969734192,
      "total_routed_mass": 0.4285714335440925,
      "mean_total_mass": 1.0000000305175116,
      "normalized_utilization_entropy": 0.7837681620605114,
      "within_window_transitions": 2444,
      "group_switch_fraction": 0.6710310965630114,
      "pair_switch_fraction": 0.776595744680851,
      "multi_group_concentration_over_95pct": false,
      "pair_concentration_over_95pct": false
    }
  ],
  "checks": [
    {
      "chart": "steady",
      "raw_rows": 2688,
      "expected_rows": 2688,
      "all_identifiers_unique": true,
      "actual_gate_top2_agrees": true,
      "max_absolute_mass_sum_error": 7.450580596923828e-08,
      "hook_on_off_bitwise_equal_all_windows": true,
      "model_and_checkpoint_unchanged": true
    },
    {
      "chart": "hopf",
      "raw_rows": 6720,
      "expected_rows": 6720,
      "all_identifiers_unique": true,
      "actual_gate_top2_agrees": true,
      "max_absolute_mass_sum_error": 6.80010998621583e-08,
      "hook_on_off_bitwise_equal_all_windows": true,
      "model_and_checkpoint_unchanged": true
    },
    {
      "chart": "periodic",
      "raw_rows": 19968,
      "expected_rows": 19968,
      "all_identifiers_unique": true,
      "actual_gate_top2_agrees": true,
      "max_absolute_mass_sum_error": 8.940696716308594e-08,
      "hook_on_off_bitwise_equal_all_windows": true,
      "model_and_checkpoint_unchanged": true
    }
  ]
}
