swanlab: Currently logged in as: panxy1019 to https://api.swanlab.cn. Use 
`swanlab login --relogin` to force relogin
swanlab: Tracking run with swanlab version 0.9.0
swanlab: 💾 Run data saved at 
/root/siton-data-ecd30b0dd03a4b6c86d4ad3b98458111/panxy/particalMOE/paper_experi
ments/runs/specialist_ablations_single_seed_v3_20260724/periodic/data-only/train
ing/swanlog/run-20260724_005509-iagyvets-e9c967685351-33032
swanlab: 📁 View project at 
https://swanlab.cn/@panxy1019/PaperSpecialistAblationsSingleSeed20260724
swanlab: 🚀 View run DataOnly-periodic-seed1600 at 
https://swanlab.cn/@panxy1019/PaperSpecialistAblationsSingleSeed20260724/runs/ia
gyvets
{"event": "optimizer_step", "step": 1, "regime": "periodic", "loss": 2.913233359654744, "one": 1.8532592058181763, "rollout": 2.3466895818710327}
{"event": "optimizer_step", "step": 20, "regime": "periodic", "loss": 1.3629107077916465, "one": 0.8536354700724283, "rollout": 1.1225026051203408}
{"event": "optimizer_step", "step": 40, "regime": "periodic", "loss": 0.8493785659472148, "one": 0.5252731939156849, "rollout": 0.7109222213427226}
{"event": "optimizer_step", "step": 60, "regime": "periodic", "loss": 0.43175703287124634, "one": 0.2468164910872777, "rollout": 0.40181778868039447}
{"event": "optimizer_step", "step": 80, "regime": "periodic", "loss": 0.9304892420768738, "one": 0.5241251587867737, "rollout": 0.8937710026899974}
{"event": "optimizer_step", "step": 100, "regime": "periodic", "loss": 0.6376392344633739, "one": 0.3253014932076136, "rollout": 0.6849052806695302}
{"event": "optimizer_step", "step": 120, "regime": "periodic", "loss": 0.3852740625540415, "one": 0.2277624060710271, "rollout": 0.3406731188297272}
{"event": "optimizer_step", "step": 140, "regime": "periodic", "loss": 0.41023807724316913, "one": 0.2500210702419281, "rollout": 0.3466532528400421}
{"event": "optimizer_step", "step": 160, "regime": "periodic", "loss": 0.3319413264592489, "one": 0.20129343370596567, "rollout": 0.28086019555727637}
{"event": "optimizer_step", "step": 180, "regime": "periodic", "loss": 0.19902077317237854, "one": 0.09340663005908331, "rollout": 0.22542810936768848}
{"event": "optimizer_step", "step": 200, "regime": "periodic", "loss": 0.2456822246313095, "one": 0.12948095053434372, "rollout": 0.2490584502617518}
{"event": "optimizer_step", "step": 220, "regime": "periodic", "loss": 0.37167464196681976, "one": 0.20729062954584757, "rollout": 0.3560335139433543}
{"event": "optimizer_step", "step": 240, "regime": "periodic", "loss": 0.4319682518641154, "one": 0.24666676173607507, "rollout": 0.40268687903881073}
{"event": "optimizer_step", "step": 260, "regime": "periodic", "loss": 0.18552353978157043, "one": 0.1041200359662374, "rollout": 0.171581561366717}
{"event": "optimizer_step", "step": 280, "regime": "periodic", "loss": 0.1885509490966797, "one": 0.09771514683961868, "rollout": 0.19252987205982208}
{"event": "optimizer_step", "step": 300, "regime": "periodic", "loss": 0.16330422461032867, "one": 0.0804558222492536, "rollout": 0.17478682845830917}
{"event": "optimizer_step", "step": 320, "regime": "periodic", "loss": 0.10950862616300583, "one": 0.05643640086054802, "rollout": 0.10863777498404187}
{"event": "optimizer_step", "step": 340, "regime": "periodic", "loss": 0.1996355801820755, "one": 0.11049665013949077, "rollout": 0.1890293707450231}
{"event": "optimizer_step", "step": 360, "regime": "periodic", "loss": 0.23461340616146725, "one": 0.11846647908290227, "rollout": 0.24874597787857056}
{"event": "optimizer_step", "step": 380, "regime": "periodic", "loss": 0.36921943724155426, "one": 0.22565244262417156, "rollout": 0.30945131182670593}
{"event": "optimizer_step", "step": 400, "regime": "periodic", "loss": 0.09111963709195456, "one": 0.047029824927449226, "rollout": 0.0886653040846189}
{"event": "optimizer_step", "step": 420, "regime": "periodic", "loss": 0.1613676498333613, "one": 0.08572884152332942, "rollout": 0.15876537809769312}
{"event": "optimizer_step", "step": 440, "regime": "periodic", "loss": 0.08104110012451808, "one": 0.03520219773054123, "rollout": 0.09249236434698105}
{"event": "optimizer_step", "step": 460, "regime": "periodic", "loss": 0.34386506428321206, "one": 0.16816245764493942, "rollout": 0.3811065380771955}
{"event": "optimizer_step", "step": 480, "regime": "periodic", "loss": 0.11173120389382045, "one": 0.05754734451572101, "rollout": 0.11117889980475107}
{"event": "optimizer_step", "step": 500, "regime": "periodic", "loss": 0.23988725741704306, "one": 0.13527184228102368, "rollout": 0.22335013250509897}
{"event": "optimizer_step", "step": 520, "regime": "periodic", "loss": 0.10826173424720764, "one": 0.06384262690941493, "rollout": 0.08943901459376018}
{"event": "optimizer_step", "step": 540, "regime": "periodic", "loss": 0.11132857948541643, "one": 0.04964529598752657, "rollout": 0.12763411551713943}
{"event": "optimizer_step", "step": 560, "regime": "periodic", "loss": 0.07196886216600736, "one": 0.03575583671530088, "rollout": 0.0713571198284626}
{"event": "optimizer_step", "step": 580, "regime": "periodic", "loss": 0.11859358847141266, "one": 0.06217947105566661, "rollout": 0.11623460054397583}
{"event": "optimizer_step", "step": 600, "regime": "periodic", "loss": 0.11631125956773757, "one": 0.051109024633963905, "rollout": 0.13579279681046802}
{"event": "optimizer_step", "step": 620, "regime": "periodic", "loss": 0.190550463895003, "one": 0.1280931482712428, "rollout": 0.12976645678281784}
{"event": "optimizer_step", "step": 640, "regime": "periodic", "loss": 0.3285874277353287, "one": 0.21740223467350006, "rollout": 0.2379106730222702}
{"event": "optimizer_step", "step": 660, "regime": "periodic", "loss": 0.16900503883759183, "one": 0.10265950237711272, "rollout": 0.13786773135264713}
{"event": "optimizer_step", "step": 680, "regime": "periodic", "loss": 0.07114013160268466, "one": 0.03817867115139961, "rollout": 0.06408286715547243}
{"event": "optimizer_step", "step": 700, "regime": "periodic", "loss": 0.12300632894039154, "one": 0.0674192855755488, "rollout": 0.11441201344132423}
{"event": "optimizer_step", "step": 720, "regime": "periodic", "loss": 0.160784346361955, "one": 0.08007525155941646, "rollout": 0.17018744846185047}
{"event": "optimizer_step", "step": 740, "regime": "periodic", "loss": 0.144615372021993, "one": 0.0749550989518563, "rollout": 0.14562598367532095}
{"event": "optimizer_step", "step": 760, "regime": "periodic", "loss": 0.11387754976749419, "one": 0.06408967015643915, "rollout": 0.10144453495740892}
{"event": "optimizer_step", "step": 780, "regime": "periodic", "loss": 0.1106062854329745, "one": 0.05855380557477474, "rollout": 0.10643067955970764}
{"event": "optimizer_step", "step": 800, "regime": "periodic", "loss": 0.09495153153936069, "one": 0.0441347702095906, "rollout": 0.1036041056116422}
{"event": "optimizer_step", "step": 820, "regime": "periodic", "loss": 0.17907916506131488, "one": 0.10564656307299933, "rollout": 0.154125414788723}
{"event": "optimizer_step", "step": 840, "regime": "periodic", "loss": 0.10395932445923486, "one": 0.041354941825071975, "rollout": 0.12994269281625748}
{"event": "optimizer_step", "step": 860, "regime": "periodic", "loss": 0.17662998537222543, "one": 0.0855034813284874, "rollout": 0.1933362732330958}
{"event": "optimizer_step", "step": 880, "regime": "periodic", "loss": 0.14403083672126132, "one": 0.08876622344056764, "rollout": 0.11374519268671672}
{"event": "optimizer_step", "step": 900, "regime": "periodic", "loss": 0.08846434702475865, "one": 0.04398538917303085, "rollout": 0.08979587008555731}
{"event": "optimizer_step", "step": 920, "regime": "periodic", "loss": 0.14392799884080887, "one": 0.08955626065532367, "rollout": 0.11164760092894237}
{"event": "optimizer_step", "step": 940, "regime": "periodic", "loss": 0.13608613361914954, "one": 0.07821546370784442, "rollout": 0.11962849398454031}
{"event": "optimizer_step", "step": 960, "regime": "periodic", "loss": 0.11219402650992075, "one": 0.06456772238016129, "rollout": 0.09670038024584451}
{"event": "optimizer_step", "step": 980, "regime": "periodic", "loss": 0.11980100472768149, "one": 0.06113034238417943, "rollout": 0.12139767408370972}
{"event": "optimizer_step", "step": 1000, "regime": "periodic", "loss": 0.048885767658551536, "one": 0.023573056484262146, "rollout": 0.04724270602067311}
{"event": "optimizer_step", "step": 1020, "regime": "periodic", "loss": 0.2241837593416373, "one": 0.1232644027719895, "rollout": 0.2152153079708417}
{"event": "optimizer_step", "step": 1040, "regime": "periodic", "loss": 0.09126791854699452, "one": 0.05099065353473028, "rollout": 0.08044720316926639}
{"event": "optimizer_step", "step": 1060, "regime": "periodic", "loss": 0.07159202049175897, "one": 0.03613836318254471, "rollout": 0.06969924022754033}
{"event": "optimizer_step", "step": 1080, "regime": "periodic", "loss": 0.10979830970366797, "one": 0.06400349984566371, "rollout": 0.09273345892628035}
{"event": "optimizer_step", "step": 1100, "regime": "periodic", "loss": 0.08899906774361929, "one": 0.04638370871543884, "rollout": 0.08557327836751938}
{"event": "optimizer_step", "step": 1120, "regime": "periodic", "loss": 0.09420188516378403, "one": 0.05204316725333531, "rollout": 0.0847405418753624}
{"event": "optimizer_step", "step": 1140, "regime": "periodic", "loss": 0.10028132547934851, "one": 0.056351681550343834, "rollout": 0.08857502291599909}
{"event": "optimizer_step", "step": 1160, "regime": "periodic", "loss": 0.09810086463888486, "one": 0.04964517802000046, "rollout": 0.09847707549730937}
{"event": "optimizer_step", "step": 1180, "regime": "periodic", "loss": 0.11517040679852168, "one": 0.06553574899832408, "rollout": 0.10114959006508191}
{"event": "optimizer_step", "step": 1200, "regime": "periodic", "loss": 0.06950748215119044, "one": 0.0350118912756443, "rollout": 0.0674794651567936}
{"event": "optimizer_step", "step": 1220, "regime": "periodic", "loss": 0.08161259442567825, "one": 0.035654536137978234, "rollout": 0.09300496925910313}
{"event": "optimizer_step", "step": 1240, "regime": "periodic", "loss": 0.06163600583871206, "one": 0.024901612972219784, "rollout": 0.0725053499142329}
{"event": "optimizer_step", "step": 1260, "regime": "periodic", "loss": 0.07912224903702736, "one": 0.039918966591358185, "rollout": 0.0779080589612325}
{"event": "optimizer_step", "step": 1280, "regime": "periodic", "loss": 0.07645874967177708, "one": 0.027137871831655502, "rollout": 0.10065844282507896}
{"event": "optimizer_step", "step": 1300, "regime": "periodic", "loss": 0.08817213773727417, "one": 0.04911798238754272, "rollout": 0.07770182937383652}
{"event": "optimizer_step", "step": 1320, "regime": "periodic", "loss": 0.24104585746924082, "one": 0.13444408526023227, "rollout": 0.22778948148091632}
{"event": "optimizer_step", "step": 1340, "regime": "periodic", "loss": 0.08249197900295258, "one": 0.045347316811482116, "rollout": 0.07333019624153773}
{"event": "optimizer_step", "step": 1360, "regime": "periodic", "loss": 0.08943126971522967, "one": 0.04256767282883326, "rollout": 0.09511055797338486}
{"event": "optimizer_step", "step": 1380, "regime": "periodic", "loss": 0.0602313516040643, "one": 0.032752542446057006, "rollout": 0.05203002939621607}
{"event": "optimizer_step", "step": 1400, "regime": "periodic", "loss": 0.05579892173409462, "one": 0.025976296203831833, "rollout": 0.0573357455432415}
{"event": "optimizer_step", "step": 1420, "regime": "periodic", "loss": 0.05128896857301394, "one": 0.025677019730210304, "rollout": 0.04763823002576828}
{"event": "optimizer_step", "step": 1440, "regime": "periodic", "loss": 0.0724562369287014, "one": 0.04235025246938069, "rollout": 0.057799807439247765}
{"event": "optimizer_step", "step": 1460, "regime": "periodic", "loss": 0.12691045800844827, "one": 0.07664564189811549, "rollout": 0.10256850781540075}
{"event": "optimizer_step", "step": 1480, "regime": "periodic", "loss": 0.054046228528022766, "one": 0.027479433765014015, "rollout": 0.05006454264124234}
{"event": "optimizer_step", "step": 1500, "regime": "periodic", "loss": 0.2750700650115808, "one": 0.12540601318081218, "rollout": 0.323463166753451}
{"event": "optimizer_step", "step": 1520, "regime": "periodic", "loss": 0.05080869669715563, "one": 0.02557836969693502, "rollout": 0.047038262089093535}
{"event": "optimizer_step", "step": 1540, "regime": "periodic", "loss": 0.051643944034973785, "one": 0.02574338329335054, "rollout": 0.048677420864502594}
{"event": "optimizer_step", "step": 1560, "regime": "periodic", "loss": 0.05099974200129509, "one": 0.028834382072091103, "rollout": 0.0401165671646595}
{"event": "optimizer_step", "step": 1580, "regime": "periodic", "loss": 0.06313391774892807, "one": 0.0322508489092191, "rollout": 0.05957963069279988}
{"event": "optimizer_step", "step": 1600, "regime": "periodic", "loss": 0.07198339203993478, "one": 0.03373331452409427, "rollout": 0.07591333736975987}
{"event": "optimizer_step", "step": 1620, "regime": "periodic", "loss": 0.08067252362767856, "one": 0.04432784331341584, "rollout": 0.07168574631214142}
{"event": "optimizer_step", "step": 1640, "regime": "periodic", "loss": 0.08148971324165662, "one": 0.04560238247116407, "rollout": 0.07071461528539658}
{"event": "optimizer_step", "step": 1660, "regime": "periodic", "loss": 0.06769490366180737, "one": 0.038716637839873634, "rollout": 0.05545542761683464}
{"event": "optimizer_step", "step": 1680, "regime": "periodic", "loss": 0.049175036450227104, "one": 0.027398716658353806, "rollout": 0.039292794962724045}
{"event": "optimizer_step", "step": 1700, "regime": "periodic", "loss": 0.1066002870599429, "one": 0.05285789569218953, "rollout": 0.11045470337073007}
{"event": "optimizer_step", "step": 1720, "regime": "periodic", "loss": 0.06310573716958363, "one": 0.032502587884664536, "rollout": 0.05901885777711868}
{"event": "optimizer_step", "step": 1740, "regime": "periodic", "loss": 0.0688813179731369, "one": 0.03566451370716095, "rollout": 0.06487066547075908}
{"event": "optimizer_step", "step": 1760, "regime": "periodic", "loss": 0.0678815171122551, "one": 0.0283085157473882, "rollout": 0.07902085160215697}
{"event": "optimizer_step", "step": 1780, "regime": "periodic", "loss": 0.050029932210842766, "one": 0.024821994826197624, "rollout": 0.04703191667795181}
{"event": "optimizer_step", "step": 1800, "regime": "periodic", "loss": 0.05115150660276413, "one": 0.0239237987746795, "rollout": 0.05160866429408391}
{"event": "optimizer_step", "step": 1820, "regime": "periodic", "loss": 0.06026642645398776, "one": 0.028986123390495777, "rollout": 0.06065240564445655}
{"event": "optimizer_step", "step": 1840, "regime": "periodic", "loss": 0.0956642578045527, "one": 0.05091479172309239, "rollout": 0.09056788186232248}
{"event": "optimizer_step", "step": 1860, "regime": "periodic", "loss": 0.07877128943800926, "one": 0.03659761697053909, "rollout": 0.0847507839401563}
{"event": "optimizer_step", "step": 1880, "regime": "periodic", "loss": 0.07713016122579575, "one": 0.040519131968418755, "rollout": 0.07232375939687094}
{"event": "optimizer_step", "step": 1900, "regime": "periodic", "loss": 0.05099849527080854, "one": 0.02466355636715889, "rollout": 0.04959188774228096}
{"event": "optimizer_step", "step": 1920, "regime": "periodic", "loss": 0.09356610849499702, "one": 0.05112207122147083, "rollout": 0.08538818359374999}
{"event": "optimizer_step", "step": 1940, "regime": "periodic", "loss": 0.042933744067947074, "one": 0.018646392350395523, "rollout": 0.04499399413665135}
{"event": "optimizer_step", "step": 1960, "regime": "periodic", "loss": 0.07264008993903795, "one": 0.030614177385965984, "rollout": 0.08452224483092625}
{"event": "optimizer_step", "step": 1980, "regime": "periodic", "loss": 0.08022582530975342, "one": 0.03892992623150349, "rollout": 0.08282067130009334}
{"event": "optimizer_step", "step": 2000, "regime": "periodic", "loss": 0.0977397325138251, "one": 0.05832578676442306, "rollout": 0.07863888517022133}
{"event": "optimizer_step", "step": 2020, "regime": "periodic", "loss": 0.050598443796237305, "one": 0.02949216309934855, "rollout": 0.03803352514902751}
{"event": "optimizer_step", "step": 2040, "regime": "periodic", "loss": 0.09319191922744115, "one": 0.06130198513468106, "rollout": 0.06181014018754165}
{"event": "optimizer_step", "step": 2060, "regime": "periodic", "loss": 0.05211212237675985, "one": 0.028085862596829735, "rollout": 0.04448383798201879}
{"event": "optimizer_step", "step": 2080, "regime": "periodic", "loss": 0.09507722159226735, "one": 0.050089882065852485, "rollout": 0.091134628901879}
{"event": "optimizer_step", "step": 2100, "regime": "periodic", "loss": 0.06543383374810219, "one": 0.03380824873844783, "rollout": 0.06112957621614138}
{"event": "optimizer_step", "step": 2120, "regime": "periodic", "loss": 0.03403970164557298, "one": 0.015509194384018581, "rollout": 0.03232212861378988}
{"event": "optimizer_step", "step": 2140, "regime": "periodic", "loss": 0.03956857199470202, "one": 0.02201756772895654, "rollout": 0.030114111180106796}
{"event": "optimizer_step", "step": 2160, "regime": "periodic", "loss": 0.16034630313515663, "one": 0.10998685906330744, "rollout": 0.1028902493417263}
{"event": "optimizer_step", "step": 2180, "regime": "periodic", "loss": 0.06623408322532971, "one": 0.027278531342744827, "rollout": 0.07767870028813681}
{"event": "optimizer_step", "step": 2200, "regime": "periodic", "loss": 0.13813690344492593, "one": 0.07862496686478455, "rollout": 0.123387328038613}
{"event": "optimizer_step", "step": 2220, "regime": "periodic", "loss": 0.15298716723918915, "one": 0.09811926384766896, "rollout": 0.11298942441741625}
{"event": "optimizer_step", "step": 2240, "regime": "periodic", "loss": 0.04126882739365101, "one": 0.02192513830959797, "rollout": 0.034093198676904045}
{"event": "optimizer_step", "step": 2260, "regime": "periodic", "loss": 0.05786471938093503, "one": 0.027266881739099823, "rollout": 0.058979218204816185}
{"event": "optimizer_step", "step": 2280, "regime": "periodic", "loss": 0.052330099046230316, "one": 0.026170209671060242, "rollout": 0.0492839589715004}
{"event": "optimizer_step", "step": 2300, "regime": "periodic", "loss": 0.0316580186287562, "one": 0.014121934771537782, "rollout": 0.030084048708279926}
{"event": "optimizer_step", "step": 2320, "regime": "periodic", "loss": 0.06741325184702873, "one": 0.03559155141313871, "rollout": 0.06183687845865885}
{"event": "optimizer_step", "step": 2340, "regime": "periodic", "loss": 0.05071701854467392, "one": 0.028757227274278797, "rollout": 0.03985696037610372}
{"event": "optimizer_step", "step": 2360, "regime": "periodic", "loss": 0.050628257294495896, "one": 0.02734680101275444, "rollout": 0.042913099129994706}
{"event": "optimizer_step", "step": 2380, "regime": "periodic", "loss": 0.05051253425578276, "one": 0.025390159338712692, "rollout": 0.04694921771685282}
{"event": "optimizer_step", "step": 2400, "regime": "periodic", "loss": 0.08731855327884355, "one": 0.04899889913698037, "rollout": 0.07623705516258876}
{"event": "optimizer_step", "step": 2420, "regime": "periodic", "loss": 0.06734192619721094, "one": 0.035175725196798645, "rollout": 0.06258286039034526}
{"event": "optimizer_step", "step": 2440, "regime": "periodic", "loss": 0.03378408960998058, "one": 0.014911583003898464, "rollout": 0.03304268978536129}
{"event": "optimizer_step", "step": 2460, "regime": "periodic", "loss": 0.04104165111978849, "one": 0.018482754627863567, "rollout": 0.04128803747395675}
{"event": "optimizer_step", "step": 2480, "regime": "periodic", "loss": 0.03773823752999306, "one": 0.018884381279349327, "rollout": 0.03310332198937734}
{"event": "optimizer_step", "step": 2500, "regime": "periodic", "loss": 0.03235657388965289, "one": 0.015203719958662987, "rollout": 0.029285563776890434}
{"event": "optimizer_step", "step": 2520, "regime": "periodic", "loss": 0.04804728428522746, "one": 0.0253403652459383, "rollout": 0.041540085027615234}
{"event": "optimizer_step", "step": 2540, "regime": "periodic", "loss": 0.046996888394157096, "one": 0.02109271970887979, "rollout": 0.04877401515841484}
{"event": "optimizer_step", "step": 2560, "regime": "periodic", "loss": 0.05825964237252872, "one": 0.022783485551675163, "rollout": 0.06983260065317154}
{"event": "optimizer_step", "step": 2580, "regime": "periodic", "loss": 0.03832059415678183, "one": 0.014365628672142822, "rollout": 0.044416069984436035}
{"event": "optimizer_step", "step": 2600, "regime": "periodic", "loss": 0.03861068251232306, "one": 0.01444423757493496, "rollout": 0.04482520371675491}
{"event": "optimizer_step", "step": 2620, "regime": "periodic", "loss": 0.04731818412741025, "one": 0.018881311329702537, "rollout": 0.05437113593022029}
{"event": "optimizer_step", "step": 2640, "regime": "periodic", "loss": 0.05020941669742266, "one": 0.022611554712057114, "rollout": 0.0524460623661677}
{"event": "optimizer_step", "step": 2660, "regime": "periodic", "loss": 0.08683003236850104, "one": 0.03676403934756915, "rollout": 0.10246699303388596}
{"event": "optimizer_step", "step": 2680, "regime": "periodic", "loss": 0.06125346695383389, "one": 0.024490719661116597, "rollout": 0.07288126399119695}
{"event": "optimizer_step", "step": 2700, "regime": "periodic", "loss": 0.04175004238883654, "one": 0.016290391174455483, "rollout": 0.04777863000830015}
{"event": "optimizer_step", "step": 2720, "regime": "periodic", "loss": 0.0362066850066185, "one": 0.015757266742487747, "rollout": 0.0366012305021286}
{"event": "optimizer_step", "step": 2740, "regime": "periodic", "loss": 0.04749501310288906, "one": 0.021458094939589504, "rollout": 0.04899398858348528}
{"event": "optimizer_step", "step": 2760, "regime": "periodic", "loss": 0.058833009873827294, "one": 0.03221157534668843, "rollout": 0.050377169623970985}
{"event": "optimizer_step", "step": 2780, "regime": "periodic", "loss": 0.07496482630570729, "one": 0.038717444986104965, "rollout": 0.07163322096069653}
{"event": "optimizer_step", "step": 2800, "regime": "periodic", "loss": 0.07480321327845255, "one": 0.037427167718609176, "rollout": 0.07416090865929921}
{"event": "optimizer_step", "step": 2820, "regime": "periodic", "loss": 0.0830121636390686, "one": 0.04146818444132805, "rollout": 0.08356287578741708}
{"event": "optimizer_step", "step": 2840, "regime": "periodic", "loss": 0.03872610193987688, "one": 0.014579986532529196, "rollout": 0.0448416310052077}
{"event": "optimizer_step", "step": 2860, "regime": "periodic", "loss": 0.03783640265464783, "one": 0.01455920934677124, "rollout": 0.04286065821846326}
{"event": "optimizer_step", "step": 2880, "regime": "periodic", "loss": 0.047224804759025574, "one": 0.02158414851874113, "rollout": 0.04817015801866849}
{"event": "optimizer_step", "step": 2900, "regime": "periodic", "loss": 0.03977320653696855, "one": 0.01849498227238655, "rollout": 0.038430062433083854}
{"event": "optimizer_step", "step": 2920, "regime": "periodic", "loss": 0.02857347515722116, "one": 0.010733293058971565, "rollout": 0.030759518345197037}
{"event": "optimizer_step", "step": 2940, "regime": "periodic", "loss": 0.029626014952858284, "one": 0.010952448938041925, "rollout": 0.03264703477422397}
{"event": "optimizer_step", "step": 2960, "regime": "periodic", "loss": 0.030561290681362152, "one": 0.012649822980165482, "rollout": 0.030983383456865948}
{"event": "optimizer_step", "step": 2980, "regime": "periodic", "loss": 0.03986874595284462, "one": 0.014883342199027538, "rollout": 0.04666186744968096}
{"event": "optimizer_step", "step": 3000, "regime": "periodic", "loss": 0.040562681232889496, "one": 0.014983822902043663, "rollout": 0.04804282635450363}
{"event": "optimizer_step", "step": 3020, "regime": "periodic", "loss": 0.05042673399051031, "one": 0.023196587959925335, "rollout": 0.05164329707622528}
{"event": "optimizer_step", "step": 3040, "regime": "periodic", "loss": 0.032745759934186935, "one": 0.012514322685698668, "rollout": 0.036136980478962265}
{"event": "optimizer_step", "step": 3060, "regime": "periodic", "loss": 0.05307394017775854, "one": 0.02148031008740266, "rollout": 0.061329878866672516}
{"event": "optimizer_step", "step": 3080, "regime": "periodic", "loss": 0.05005143831173579, "one": 0.021005685751636822, "rollout": 0.055682202180226646}
{"event": "optimizer_step", "step": 3100, "regime": "periodic", "loss": 0.024672960862517357, "one": 0.008181103815635044, "rollout": 0.027878860011696815}
{"event": "optimizer_step", "step": 3120, "regime": "periodic", "loss": 0.03671962581574917, "one": 0.016628674852351345, "rollout": 0.035784873490532235}
{"event": "optimizer_step", "step": 3140, "regime": "periodic", "loss": 0.02877800725400448, "one": 0.010557616439958412, "rollout": 0.03172533834973971}
{"event": "optimizer_step", "step": 3160, "regime": "periodic", "loss": 0.04394233909746011, "one": 0.01714040556301673, "rollout": 0.05077047770222028}
{"event": "optimizer_step", "step": 3180, "regime": "periodic", "loss": 0.030364319682121277, "one": 0.012094027362763882, "rollout": 0.031790308033426605}
{"event": "optimizer_step", "step": 3200, "regime": "periodic", "loss": 0.026522642001509666, "one": 0.010654302313923836, "rollout": 0.026453446596860886}
{"event": "optimizer_step", "step": 3220, "regime": "periodic", "loss": 0.08694357859591642, "one": 0.049163333450754486, "rollout": 0.07514992356300355}
{"event": "optimizer_step", "step": 3240, "regime": "periodic", "loss": 0.04000888640681903, "one": 0.01985727685193221, "rollout": 0.0359356210877498}
{"event": "optimizer_step", "step": 3260, "regime": "periodic", "loss": 0.021878025184075035, "one": 0.008046968374401331, "rollout": 0.021914899970094364}
{"event": "optimizer_step", "step": 3280, "regime": "periodic", "loss": 0.038261777410904564, "one": 0.01508144351343314, "rollout": 0.04266329109668732}
{"event": "optimizer_step", "step": 3300, "regime": "periodic", "loss": 0.03538197527329127, "one": 0.016735206668575604, "rollout": 0.032565707340836525}
{"event": "optimizer_step", "step": 3320, "regime": "periodic", "loss": 0.06052290524045626, "one": 0.03485055764516195, "rollout": 0.04826961333552996}
{"event": "optimizer_step", "step": 3340, "regime": "periodic", "loss": 0.026753375927607216, "one": 0.009845408921440441, "rollout": 0.028773547460635505}
{"event": "optimizer_step", "step": 3360, "regime": "periodic", "loss": 0.03849498741328716, "one": 0.016418067893634238, "rollout": 0.04020390162865321}
{"event": "optimizer_step", "step": 3380, "regime": "periodic", "loss": 0.02763980564971765, "one": 0.010664476081728935, "rollout": 0.02885514497756958}
{"event": "optimizer_step", "step": 3400, "regime": "periodic", "loss": 0.028057596335808437, "one": 0.011116357209781805, "rollout": 0.028829810520013172}
{"event": "optimizer_step", "step": 3420, "regime": "periodic", "loss": 0.0260657308002313, "one": 0.009617753637333712, "rollout": 0.02780325710773468}
{"event": "optimizer_step", "step": 3440, "regime": "periodic", "loss": 0.02627786248922348, "one": 0.010633115346233051, "rollout": 0.025886929283539455}
{"event": "optimizer_step", "step": 3460, "regime": "periodic", "loss": 0.03644495954116186, "one": 0.02127435989677906, "rollout": 0.02488227002322674}
{"event": "optimizer_step", "step": 3480, "regime": "periodic", "loss": 0.03364896774291992, "one": 0.013385890051722527, "rollout": 0.036139012624820076}
{"event": "optimizer_step", "step": 3500, "regime": "periodic", "loss": 0.04120885456601779, "one": 0.018233594950288534, "rollout": 0.04228705788652102}
{"event": "optimizer_step", "step": 3520, "regime": "periodic", "loss": 0.02097931938866774, "one": 0.007521008917440971, "rollout": 0.021059297646085422}
{"event": "optimizer_step", "step": 3540, "regime": "periodic", "loss": 0.06673365086317062, "one": 0.026048099001248676, "rollout": 0.08151542022824287}
{"event": "optimizer_step", "step": 3560, "regime": "periodic", "loss": 0.03617033486564954, "one": 0.01437722674260537, "rollout": 0.039622846369942025}
{"event": "optimizer_step", "step": 3580, "regime": "periodic", "loss": 0.06737410525480907, "one": 0.03614799305796623, "rollout": 0.06058807298541069}
{"event": "optimizer_step", "step": 3600, "regime": "periodic", "loss": 0.03674867873390516, "one": 0.0165336715678374, "rollout": 0.036057859659194946}
{"event": "optimizer_step", "step": 3620, "regime": "periodic", "loss": 0.036750520269076034, "one": 0.012595770880579948, "rollout": 0.04494600867231687}
{"event": "optimizer_step", "step": 3640, "regime": "periodic", "loss": 0.028327888498703643, "one": 0.011709368477265041, "rollout": 0.028201822191476822}
{"event": "optimizer_step", "step": 3660, "regime": "periodic", "loss": 0.04628640413284302, "one": 0.022469187155365944, "rollout": 0.04409422228733699}
{"event": "optimizer_step", "step": 3680, "regime": "periodic", "loss": 0.03676337127884229, "one": 0.014923379446069399, "rollout": 0.03964652121067047}
{"event": "optimizer_step", "step": 3700, "regime": "periodic", "loss": 0.027389319613575935, "one": 0.011301820476849873, "rollout": 0.02691926186283429}
{"event": "optimizer_step", "step": 3720, "regime": "periodic", "loss": 0.030058527365326885, "one": 0.014042360708117483, "rollout": 0.02683902842303117}
{"event": "optimizer_step", "step": 3740, "regime": "periodic", "loss": 0.027368995671470962, "one": 0.007544187208016714, "rollout": 0.03531036091347535}
{"event": "optimizer_step", "step": 3760, "regime": "periodic", "loss": 0.08913927525281906, "one": 0.056595903200407825, "rollout": 0.06355497986078262}
{"event": "optimizer_step", "step": 3780, "regime": "periodic", "loss": 0.023351136595010757, "one": 0.008487514220178127, "rollout": 0.024252210433284443}
{"event": "optimizer_step", "step": 3800, "regime": "periodic", "loss": 0.053885505224267646, "one": 0.026075295483072598, "rollout": 0.053015537559986115}
{"event": "optimizer_step", "step": 3820, "regime": "periodic", "loss": 0.04185344402988751, "one": 0.019759611537059147, "rollout": 0.04023707223435243}
{"event": "optimizer_step", "step": 3840, "regime": "periodic", "loss": 0.029130122934778534, "one": 0.01237470501412948, "rollout": 0.02841301945348581}
{"event": "optimizer_step", "step": 3860, "regime": "periodic", "loss": 0.024476633096734684, "one": 0.009349148720502853, "rollout": 0.024785477047165234}
{"event": "optimizer_step", "step": 3880, "regime": "periodic", "loss": 0.030958389242490128, "one": 0.014406939347585041, "rollout": 0.027892382815480232}
{"event": "optimizer_step", "step": 3900, "regime": "periodic", "loss": 0.04324210062623024, "one": 0.014774979402621588, "rollout": 0.05450714503725369}
{"event": "optimizer_step", "step": 3920, "regime": "periodic", "loss": 0.06261178789039452, "one": 0.030552444979548454, "rollout": 0.06243105543156465}
{"event": "optimizer_step", "step": 3940, "regime": "periodic", "loss": 0.024221966043114666, "one": 0.00861236515144507, "rollout": 0.025959645708401997}
{"event": "optimizer_step", "step": 3960, "regime": "periodic", "loss": 0.03194239363074303, "one": 0.01344025538613399, "rollout": 0.032216062148412064}
{"event": "optimizer_step", "step": 3980, "regime": "periodic", "loss": 0.0292253140360117, "one": 0.011718640569597483, "rollout": 0.030177783221006393}
{"event": "optimizer_step", "step": 4000, "regime": "periodic", "loss": 0.02602166930834452, "one": 0.011301600063840548, "rollout": 0.023919877906640373}
{"event": "optimizer_step", "step": 4020, "regime": "periodic", "loss": 0.028910464917620025, "one": 0.01313448790460825, "rollout": 0.026216148709257446}
{"event": "optimizer_step", "step": 4040, "regime": "periodic", "loss": 0.027317065745592117, "one": 0.0116975965599219, "rollout": 0.025984138250350956}
{"event": "optimizer_step", "step": 4060, "regime": "periodic", "loss": 0.024225956449906032, "one": 0.007637013836453359, "rollout": 0.02809898058573405}
{"event": "optimizer_step", "step": 4080, "regime": "periodic", "loss": 0.030881437783439956, "one": 0.01211121678352356, "rollout": 0.03294155436257521}
{"event": "optimizer_step", "step": 4100, "regime": "periodic", "loss": 0.12086314025024573, "one": 0.0681814563771089, "rollout": 0.1082603745162487}
{"event": "optimizer_step", "step": 4120, "regime": "periodic", "loss": 0.024763946111003556, "one": 0.009194675832986832, "rollout": 0.02581256441771984}
{"event": "optimizer_step", "step": 4140, "regime": "periodic", "loss": 0.02932331059128046, "one": 0.01431327670191725, "rollout": 0.02458385626475016}
{"event": "optimizer_step", "step": 4160, "regime": "periodic", "loss": 0.061949425066510834, "one": 0.03338067140430212, "rollout": 0.054727407793203994}
{"event": "optimizer_step", "step": 4180, "regime": "periodic", "loss": 0.02461417826513449, "one": 0.010159116238355637, "rollout": 0.023363738010327022}
{"event": "optimizer_step", "step": 4200, "regime": "periodic", "loss": 0.03596917974452178, "one": 0.012556115010132391, "rollout": 0.04327256480852763}
{"event": "optimizer_step", "step": 4220, "regime": "periodic", "loss": 0.03476205157736938, "one": 0.013445037106672924, "rollout": 0.03858009291191896}
{"event": "optimizer_step", "step": 4240, "regime": "periodic", "loss": 0.04675518721342087, "one": 0.024277099097768463, "rollout": 0.04118785758813222}
{"event": "optimizer_step", "step": 4260, "regime": "periodic", "loss": 0.03228672842184703, "one": 0.015337326563894749, "rollout": 0.028910950447122254}
{"event": "optimizer_step", "step": 4280, "regime": "periodic", "loss": 0.018970286784072716, "one": 0.006194670839856068, "rollout": 0.01963634757945935}
{"event": "optimizer_step", "step": 4300, "regime": "periodic", "loss": 0.029686865707238514, "one": 0.010360378151138624, "rollout": 0.034209049617250756}
{"event": "optimizer_step", "step": 4320, "regime": "periodic", "loss": 0.08979057768980662, "one": 0.041845282539725304, "rollout": 0.09775532285372415}
{"event": "optimizer_step", "step": 4340, "regime": "periodic", "loss": 0.02448417184253534, "one": 0.008977390980968872, "rollout": 0.025732889771461487}
{"event": "optimizer_step", "step": 4360, "regime": "periodic", "loss": 0.024966001510620117, "one": 0.011396034620702267, "rollout": 0.021403992548584938}
{"event": "optimizer_step", "step": 4380, "regime": "periodic", "loss": 0.07900752623875935, "one": 0.041581409672896065, "rollout": 0.07438393620153268}
{"event": "optimizer_step", "step": 4400, "regime": "periodic", "loss": 0.04786176420748234, "one": 0.023968915765484176, "rollout": 0.04432421550154686}
{"event": "optimizer_step", "step": 4420, "regime": "periodic", "loss": 0.046506159628431, "one": 0.024706749245524406, "rollout": 0.03961601977547009}
{"event": "optimizer_step", "step": 4440, "regime": "periodic", "loss": 0.02419694575170676, "one": 0.0080993731195728, "rollout": 0.02699544963737329}
{"event": "optimizer_step", "step": 4460, "regime": "periodic", "loss": 0.03599477559328079, "one": 0.015421535509328047, "rollout": 0.03689838697512945}
{"event": "optimizer_step", "step": 4480, "regime": "periodic", "loss": 0.033196935430169106, "one": 0.014589971552292504, "rollout": 0.032590784753362335}
{"event": "optimizer_step", "step": 4500, "regime": "periodic", "loss": 0.02856980636715889, "one": 0.01382169562081496, "rollout": 0.023942021653056145}
{"event": "optimizer_step", "step": 4520, "regime": "periodic", "loss": 0.02487414268155893, "one": 0.008685675915330648, "rollout": 0.027220419918497406}
{"event": "optimizer_step", "step": 4540, "regime": "periodic", "loss": 0.027663057669997212, "one": 0.012472759932279587, "rollout": 0.0250191173205773}
{"event": "optimizer_step", "step": 4560, "regime": "periodic", "loss": 0.022762627030412354, "one": 0.008852765895426273, "rollout": 0.022145155196388565}
{"event": "optimizer_step", "step": 4580, "regime": "periodic", "loss": 0.023261337230602898, "one": 0.007896383292973042, "rollout": 0.02539729078610738}
{"event": "optimizer_step", "step": 4600, "regime": "periodic", "loss": 0.02002696382502715, "one": 0.008439876449604828, "rollout": 0.01700184432168802}
{"event": "optimizer_step", "step": 4620, "regime": "periodic", "loss": 0.03613969869911671, "one": 0.01880202442407608, "rollout": 0.029755979776382446}
{"event": "optimizer_step", "step": 4640, "regime": "periodic", "loss": 0.0343428465227286, "one": 0.01524343838294347, "rollout": 0.03369226555029551}
{"event": "optimizer_step", "step": 4660, "regime": "periodic", "loss": 0.01844600277642409, "one": 0.0060656486699978505, "rollout": 0.018781986087560654}
{"event": "optimizer_step", "step": 4680, "regime": "periodic", "loss": 0.02311315511663755, "one": 0.008479130454361439, "rollout": 0.023714411382873852}
{"event": "optimizer_step", "step": 4700, "regime": "periodic", "loss": 0.03380176549156507, "one": 0.013569563627243042, "rollout": 0.036189161861936256}
{"event": "optimizer_step", "step": 4720, "regime": "periodic", "loss": 0.041935453191399574, "one": 0.025075211189687252, "rollout": 0.028647267570098243}
{"event": "optimizer_step", "step": 4740, "regime": "periodic", "loss": 0.057042113194863006, "one": 0.026751543084780373, "rollout": 0.0585062230626742}
{"event": "optimizer_step", "step": 4760, "regime": "periodic", "loss": 0.024931049595276516, "one": 0.008075818186625838, "rollout": 0.028688960398236908}
{"event": "optimizer_step", "step": 4780, "regime": "periodic", "loss": 0.035973714043696724, "one": 0.013668034536143143, "rollout": 0.040783399095137916}
{"event": "optimizer_step", "step": 4800, "regime": "periodic", "loss": 0.0379863375176986, "one": 0.016580654308199883, "rollout": 0.03870416494707267}
{"event": "optimizer_step", "step": 4820, "regime": "periodic", "loss": 0.02354204344252745, "one": 0.008455028447012108, "rollout": 0.02477323015530904}
{"event": "optimizer_step", "step": 4840, "regime": "periodic", "loss": 0.03853747000296911, "one": 0.018400725908577442, "rollout": 0.03596357504526774}
{"event": "optimizer_step", "step": 4860, "regime": "periodic", "loss": 0.025820481901367504, "one": 0.01042965737481912, "rollout": 0.0254669568190972}
{"event": "optimizer_step", "step": 4880, "regime": "periodic", "loss": 0.04633088720341523, "one": 0.021753008787830673, "rollout": 0.045794363444050155}
{"event": "optimizer_step", "step": 4900, "regime": "periodic", "loss": 0.037819938113292054, "one": 0.0153853219623367, "rollout": 0.04097185159722964}
{"event": "optimizer_step", "step": 4920, "regime": "periodic", "loss": 0.030197794549167156, "one": 0.01460696617141366, "rollout": 0.02589590847492218}
{"event": "optimizer_step", "step": 4940, "regime": "periodic", "loss": 0.03017632414897283, "one": 0.012512358215947946, "rollout": 0.030446549877524376}
{"event": "optimizer_step", "step": 4960, "regime": "periodic", "loss": 0.030195763955513637, "one": 0.012558318985005219, "rollout": 0.03043613458673159}
{"event": "optimizer_step", "step": 4980, "regime": "periodic", "loss": 0.02636835165321827, "one": 0.011400759220123291, "rollout": 0.024542372363309063}
{"event": "optimizer_step", "step": 5000, "regime": "periodic", "loss": 0.029882358387112614, "one": 0.012162871348361174, "rollout": 0.030523109560211502}
{"event": "optimizer_step", "step": 5020, "regime": "periodic", "loss": 0.022128359104196228, "one": 0.009880618192255497, "rollout": 0.018445913369456925}
{"event": "optimizer_step", "step": 5040, "regime": "periodic", "loss": 0.024098613609870277, "one": 0.009670211778332789, "rollout": 0.023335589095950127}
{"event": "optimizer_step", "step": 5060, "regime": "periodic", "loss": 0.02046786559124788, "one": 0.00579965595776836, "rollout": 0.023873989159862198}
{"event": "optimizer_step", "step": 5080, "regime": "periodic", "loss": 0.023558329169948898, "one": 0.006792745863397915, "rollout": 0.028540030742684998}
{"event": "optimizer_step", "step": 5100, "regime": "periodic", "loss": 0.03378096533318361, "one": 0.010964254227777323, "rollout": 0.04196627375980218}
{"event": "optimizer_step", "step": 5120, "regime": "periodic", "loss": 0.02355826925486326, "one": 0.009298563158760468, "rollout": 0.02291409547130267}
{"event": "optimizer_step", "step": 5140, "regime": "periodic", "loss": 0.027449214830994606, "one": 0.010677481070160866, "rollout": 0.028522279113531113}
{"event": "optimizer_step", "step": 5160, "regime": "periodic", "loss": 0.04788194162150224, "one": 0.014786627143621443, "rollout": 0.06478830489019553}
{"event": "optimizer_step", "step": 5180, "regime": "periodic", "loss": 0.024140100305279095, "one": 0.008082616919030746, "rollout": 0.026945253834128376}
{"event": "optimizer_step", "step": 5200, "regime": "periodic", "loss": 0.034169246753056846, "one": 0.011825026944279672, "rollout": 0.04092771187424659}
{"event": "optimizer_step", "step": 5220, "regime": "periodic", "loss": 0.02084885910153389, "one": 0.006040995164463917, "rollout": 0.024092567463715873}
{"event": "optimizer_step", "step": 5240, "regime": "periodic", "loss": 0.03017167747020721, "one": 0.009971413916597763, "rollout": 0.03613015326360861}
{"event": "optimizer_step", "step": 5260, "regime": "periodic", "loss": 0.02020251067976157, "one": 0.00566404794032375, "rollout": 0.023546328768134117}
{"event": "optimizer_step", "step": 5280, "regime": "periodic", "loss": 0.02235597154746453, "one": 0.008508148292700449, "rollout": 0.022061281837522984}
{"event": "optimizer_step", "step": 5300, "regime": "periodic", "loss": 0.026738626882433895, "one": 0.011430312568942707, "rollout": 0.02530609257519245}
{"event": "optimizer_step", "step": 5320, "regime": "periodic", "loss": 0.024590047697226204, "one": 0.008143079467117786, "rollout": 0.027829627816875778}
{"event": "optimizer_step", "step": 5340, "regime": "periodic", "loss": 0.023665082951386772, "one": 0.00844531909873088, "rollout": 0.025081180656949677}
{"event": "optimizer_step", "step": 5360, "regime": "periodic", "loss": 0.024526948109269142, "one": 0.008866021099189917, "rollout": 0.02604464814066887}
{"event": "optimizer_step", "step": 5380, "regime": "periodic", "loss": 0.016623628636201225, "one": 0.00428889583175381, "rollout": 0.01868097639332215}
{"event": "optimizer_step", "step": 5400, "regime": "periodic", "loss": 0.035023710379997894, "one": 0.01027107456078132, "rollout": 0.04626379534602165}
{"event": "optimizer_step", "step": 5420, "regime": "periodic", "loss": 0.022929400826493897, "one": 0.00822013740738233, "rollout": 0.023842880502343178}
{"event": "optimizer_step", "step": 5440, "regime": "periodic", "loss": 0.024295595784982044, "one": 0.009837250535686811, "rollout": 0.02337440351645152}
{"event": "optimizer_step", "step": 5460, "regime": "periodic", "loss": 0.019560252626736958, "one": 0.005446159125616154, "rollout": 0.02262822600702445}
{"event": "optimizer_step", "step": 5480, "regime": "periodic", "loss": 0.029824947317441303, "one": 0.009698679360250633, "rollout": 0.036009135345617935}
{"event": "optimizer_step", "step": 5500, "regime": "periodic", "loss": 0.026262170945604645, "one": 0.008498960174620152, "rollout": 0.030770938843488693}
{"event": "optimizer_step", "step": 5520, "regime": "periodic", "loss": 0.0351311465104421, "one": 0.015645059756934643, "rollout": 0.03446068118015925}
{"event": "optimizer_step", "step": 5540, "regime": "periodic", "loss": 0.02427541340390841, "one": 0.007151889304320018, "rollout": 0.029311493039131165}
{"event": "optimizer_step", "step": 5560, "regime": "periodic", "loss": 0.030928540974855423, "one": 0.008942974265664816, "rollout": 0.04010944813489914}
{"event": "optimizer_step", "step": 5580, "regime": "periodic", "loss": 0.02587500959634781, "one": 0.01148743120332559, "rollout": 0.023217113067706425}
{"event": "optimizer_step", "step": 5600, "regime": "periodic", "loss": 0.020905253787835438, "one": 0.007449139064798752, "rollout": 0.021175598415235676}
{"event": "optimizer_step", "step": 5620, "regime": "periodic", "loss": 0.01576566758255164, "one": 0.0048463571195801105, "rollout": 0.015552867824832596}
{"event": "optimizer_step", "step": 5640, "regime": "periodic", "loss": 0.016481411643326283, "one": 0.00423794185432295, "rollout": 0.018480620036522545}
{"event": "optimizer_step", "step": 5660, "regime": "periodic", "loss": 0.019854846720894177, "one": 0.005094708564380805, "rollout": 0.023985564708709717}
{"event": "optimizer_step", "step": 5680, "regime": "periodic", "loss": 0.018068675883114338, "one": 0.005932754216094812, "rollout": 0.018254178576171398}
{"event": "optimizer_step", "step": 5700, "regime": "periodic", "loss": 0.03375123875836531, "one": 0.01288146742930015, "rollout": 0.037596129501859345}
{"event": "optimizer_step", "step": 5720, "regime": "periodic", "loss": 0.01914840719352166, "one": 0.007120791977892319, "rollout": 0.0180119505772988}
{"event": "optimizer_step", "step": 5740, "regime": "periodic", "loss": 0.015534718831380207, "one": 0.004146544650817911, "rollout": 0.016603019709388413}
{"event": "optimizer_step", "step": 5760, "regime": "periodic", "loss": 0.01989079328874747, "one": 0.006611427059397101, "rollout": 0.020758638468881447}
{"event": "optimizer_step", "step": 5780, "regime": "periodic", "loss": 0.02319492461780707, "one": 0.008129912118117014, "rollout": 0.024718819806973137}
{"event": "optimizer_step", "step": 5800, "regime": "periodic", "loss": 0.020864954218268394, "one": 0.007787738461047411, "rollout": 0.020337772866090138}
{"event": "optimizer_step", "step": 5820, "regime": "periodic", "loss": 0.03025064120690028, "one": 0.010050600705047447, "rollout": 0.03612986269096533}
{"event": "optimizer_step", "step": 5840, "regime": "periodic", "loss": 0.01643688604235649, "one": 0.005112406021604936, "rollout": 0.016374014938871063}
{"event": "optimizer_step", "step": 5860, "regime": "periodic", "loss": 0.021504219621419907, "one": 0.008637771010398865, "rollout": 0.019849901398022972}
{"event": "optimizer_step", "step": 5880, "regime": "periodic", "loss": 0.01797457908590635, "one": 0.006169691371421019, "rollout": 0.01747554416457812}
{"event": "optimizer_step", "step": 5900, "regime": "periodic", "loss": 0.013343014754354954, "one": 0.0039086358932157355, "rollout": 0.012257639939586323}
{"event": "optimizer_step", "step": 5920, "regime": "periodic", "loss": 0.01764915262659391, "one": 0.006073986257736881, "rollout": 0.016971686854958534}
{"event": "optimizer_step", "step": 5940, "regime": "periodic", "loss": 0.026704448585708935, "one": 0.008505206399907669, "rollout": 0.03171215082208316}
{"event": "optimizer_step", "step": 5960, "regime": "periodic", "loss": 0.017629040405154228, "one": 0.005538256838917732, "rollout": 0.018123177190621693}
{"event": "optimizer_step", "step": 5980, "regime": "periodic", "loss": 0.02303252990047137, "one": 0.009319279963771502, "rollout": 0.02171088010072708}
{"event": "optimizer_step", "step": 6000, "regime": "periodic", "loss": 0.02204166352748871, "one": 0.008536470433076222, "rollout": 0.021284749110539757}
{"event": "optimizer_step", "step": 6020, "regime": "periodic", "loss": 0.021644559999307, "one": 0.007342830377941331, "rollout": 0.023057787368694942}
{"event": "optimizer_step", "step": 6040, "regime": "periodic", "loss": 0.016002985959251724, "one": 0.004759607215722402, "rollout": 0.016278879096110664}
{"event": "optimizer_step", "step": 6060, "regime": "periodic", "loss": 0.014436007166902225, "one": 0.004880217369645834, "rollout": 0.012508698118229706}
{"event": "optimizer_step", "step": 6080, "regime": "periodic", "loss": 0.023698005825281143, "one": 0.009210331055025259, "rollout": 0.023448348666230835}
{"event": "optimizer_step", "step": 6100, "regime": "periodic", "loss": 0.019904223581155144, "one": 0.004991594702005386, "rollout": 0.024363644421100616}
{"event": "optimizer_step", "step": 6120, "regime": "periodic", "loss": 0.017934298142790794, "one": 0.006512008452167114, "rollout": 0.01662621709207694}
{"event": "optimizer_step", "step": 6140, "regime": "periodic", "loss": 0.014325390569865704, "one": 0.004411433047304551, "rollout": 0.01328154591222604}
{"event": "optimizer_step", "step": 6160, "regime": "periodic", "loss": 0.016046947799623013, "one": 0.005045149940997362, "rollout": 0.015744173588852085}
{"event": "optimizer_step", "step": 6180, "regime": "periodic", "loss": 0.013973708574970564, "one": 0.004411728276560703, "rollout": 0.012529448295633}
{"event": "optimizer_step", "step": 6200, "regime": "periodic", "loss": 0.018928077071905136, "one": 0.00735833045716087, "rollout": 0.01691889762878418}
{"event": "optimizer_step", "step": 6220, "regime": "periodic", "loss": 0.016866078910728294, "one": 0.005564232046405475, "rollout": 0.016391141340136528}
{"event": "optimizer_step", "step": 6240, "regime": "periodic", "loss": 0.01731441573550304, "one": 0.006807319897537431, "rollout": 0.014598783726493519}
{"event": "optimizer_step", "step": 6260, "regime": "periodic", "loss": 0.016657783649861813, "one": 0.004545771128808458, "rollout": 0.018208386686940987}
{"event": "optimizer_step", "step": 6280, "regime": "periodic", "loss": 0.022297260972360768, "one": 0.00903252512216568, "rollout": 0.020771011089285217}
{"event": "optimizer_step", "step": 6300, "regime": "periodic", "loss": 0.013810609156886736, "one": 0.0035583126979569593, "rollout": 0.014085515402257442}
{"event": "optimizer_step", "step": 6320, "regime": "periodic", "loss": 0.017234744193653263, "one": 0.0064515705841283, "rollout": 0.015175521063307922}
{"event": "optimizer_step", "step": 6340, "regime": "periodic", "loss": 0.015839580136040848, "one": 0.005090111012881001, "rollout": 0.01517635335524877}
{"event": "optimizer_step", "step": 6360, "regime": "periodic", "loss": 0.01730584694693486, "one": 0.0054026716388762, "rollout": 0.01771157452215751}
{"event": "optimizer_step", "step": 6380, "regime": "periodic", "loss": 0.016063600157697998, "one": 0.0048317983746528625, "rollout": 0.016198668008049328}
{"event": "optimizer_step", "step": 6400, "regime": "periodic", "loss": 0.013418450020253658, "one": 0.0039376611821353436, "rollout": 0.012328609203298885}
{"event": "optimizer_step", "step": 6420, "regime": "periodic", "loss": 0.018741716320315998, "one": 0.0061158689980705585, "rollout": 0.019294612109661102}
{"event": "optimizer_step", "step": 6440, "regime": "periodic", "loss": 0.01544165425002575, "one": 0.0041066323562214775, "rollout": 0.01648878616591295}
{"event": "optimizer_step", "step": 6460, "regime": "periodic", "loss": 0.01812725638349851, "one": 0.006053864490240812, "rollout": 0.01805362602074941}
{"event": "optimizer_step", "step": 6480, "regime": "periodic", "loss": 0.020479219655195873, "one": 0.006687728610510628, "rollout": 0.02190145943313837}
{"event": "optimizer_step", "step": 6500, "regime": "periodic", "loss": 0.020890332758426666, "one": 0.009060063244154056, "rollout": 0.017546951149900753}
{"event": "optimizer_step", "step": 6520, "regime": "periodic", "loss": 0.02163262696315845, "one": 0.009187001269310713, "rollout": 0.018938261084258556}
{"event": "optimizer_step", "step": 6540, "regime": "periodic", "loss": 0.016310928389430046, "one": 0.004928039697309335, "rollout": 0.016536437906324863}
{"event": "optimizer_step", "step": 6560, "regime": "periodic", "loss": 0.01937292454143365, "one": 0.007951264580090841, "rollout": 0.016670738036433857}
{"event": "optimizer_step", "step": 6580, "regime": "periodic", "loss": 0.019043493705491223, "one": 0.006432492674017946, "rollout": 0.01932048238813877}
{"event": "optimizer_step", "step": 6600, "regime": "periodic", "loss": 0.029272006203730903, "one": 0.007608783741792044, "rollout": 0.03939747313658396}
{"event": "optimizer_step", "step": 6620, "regime": "periodic", "loss": 0.01785376730064551, "one": 0.0057624744561811285, "rollout": 0.018146894251306854}
{"event": "optimizer_step", "step": 6640, "regime": "periodic", "loss": 0.012662699446082115, "one": 0.0036149693963428335, "rollout": 0.011411663455267748}
{"event": "optimizer_step", "step": 6660, "regime": "periodic", "loss": 0.014509517389039198, "one": 0.004458299838006496, "rollout": 0.013605197270711262}
{"event": "optimizer_step", "step": 6680, "regime": "periodic", "loss": 0.015365314049025379, "one": 0.0047020641310761375, "rollout": 0.014965683221817017}
{"event": "optimizer_step", "step": 6700, "regime": "periodic", "loss": 0.03956680279225111, "one": 0.022889759313936033, "rollout": 0.028305789766212307}
{"event": "optimizer_step", "step": 6720, "regime": "periodic", "loss": 0.03598802878210942, "one": 0.015994383953511715, "rollout": 0.035693706944584846}
{"event": "optimizer_step", "step": 6740, "regime": "periodic", "loss": 0.015092149376869202, "one": 0.005655696693186959, "rollout": 0.012259171965221565}
{"event": "optimizer_step", "step": 6760, "regime": "periodic", "loss": 0.016316529363393784, "one": 0.005599058077981075, "rollout": 0.015116977194945017}
{"event": "optimizer_step", "step": 6780, "regime": "periodic", "loss": 0.01635369813690583, "one": 0.006378283103307089, "rollout": 0.0134315841520826}
{"event": "optimizer_step", "step": 6800, "regime": "periodic", "loss": 0.02816637357076009, "one": 0.013224881142377855, "rollout": 0.02448362608750661}
{"event": "optimizer_step", "step": 6820, "regime": "periodic", "loss": 0.01589781604707241, "one": 0.0049139783562471475, "rollout": 0.015691664069890976}
{"event": "optimizer_step", "step": 6840, "regime": "periodic", "loss": 0.015862696804106236, "one": 0.00507199764251709, "rollout": 0.015227858598033588}
{"event": "optimizer_step", "step": 6860, "regime": "periodic", "loss": 0.01664816619207462, "one": 0.00558625697158277, "rollout": 0.015832022142906983}
{"event": "optimizer_step", "step": 6880, "regime": "periodic", "loss": 0.016243395085136097, "one": 0.004228801388914386, "rollout": 0.01799021754413843}
{"event": "optimizer_step", "step": 6900, "regime": "periodic", "loss": 0.014930444148679575, "one": 0.005424754538883766, "rollout": 0.01241640777637561}
{"event": "optimizer_step", "step": 6920, "regime": "periodic", "loss": 0.014560624957084656, "one": 0.004639833622301618, "rollout": 0.013253177205721537}
{"event": "optimizer_step", "step": 6940, "regime": "periodic", "loss": 0.0135670422265927, "one": 0.003803998464718461, "rollout": 0.012957615156968433}
{"event": "optimizer_step", "step": 6960, "regime": "periodic", "loss": 0.011756883623699347, "one": 0.003493461214626829, "rollout": 0.009656000571946304}
{"event": "optimizer_step", "step": 6980, "regime": "periodic", "loss": 0.014731522649526596, "one": 0.005251288025950393, "rollout": 0.012360073315600554}
{"event": "optimizer_step", "step": 7000, "regime": "periodic", "loss": 0.015456657546261944, "one": 0.003538929158821702, "rollout": 0.0177804515697062}
{"event": "optimizer_step", "step": 7020, "regime": "periodic", "loss": 0.015959376469254494, "one": 0.006061613792553544, "rollout": 0.013243565025428932}
{"event": "optimizer_step", "step": 7040, "regime": "periodic", "loss": 0.012915474673112232, "one": 0.004090775968506932, "rollout": 0.010877789308627447}
{"event": "optimizer_step", "step": 7060, "regime": "periodic", "loss": 0.0151681462302804, "one": 0.005372125189751387, "rollout": 0.013013583918412529}
{"event": "optimizer_step", "step": 7080, "regime": "periodic", "loss": 0.015917319804430008, "one": 0.005619347871591648, "rollout": 0.014135022958119709}
{"event": "optimizer_step", "step": 7100, "regime": "periodic", "loss": 0.01406121129790942, "one": 0.004403670085594058, "rollout": 0.012722542819877464}
{"event": "optimizer_step", "step": 7120, "regime": "periodic", "loss": 0.015525318371752899, "one": 0.005328142161791523, "rollout": 0.013939977002640568}
{"event": "optimizer_step", "step": 7140, "regime": "periodic", "loss": 0.012843296552697819, "one": 0.003895899203295509, "rollout": 0.011185286877055962}
{"event": "optimizer_step", "step": 7160, "regime": "periodic", "loss": 0.013794196769595146, "one": 0.004515929302821557, "rollout": 0.011874811102946598}
{"event": "optimizer_step", "step": 7180, "regime": "periodic", "loss": 0.01996840971211592, "one": 0.008311528867731491, "rollout": 0.017193632200360298}
{"event": "optimizer_step", "step": 7200, "regime": "periodic", "loss": 0.010865013115108013, "one": 0.0026871758357932167, "rollout": 0.009465855546295643}
{"event": "optimizer_step", "step": 7220, "regime": "periodic", "loss": 0.013359326869249344, "one": 0.0039015719667077065, "rollout": 0.012311557307839394}
{"event": "optimizer_step", "step": 7240, "regime": "periodic", "loss": 0.015705306082963943, "one": 0.005963525191570321, "rollout": 0.012941325393815834}
{"event": "optimizer_step", "step": 7260, "regime": "periodic", "loss": 0.02008296766628822, "one": 0.005840422896047434, "rollout": 0.022916244963804882}
{"event": "optimizer_step", "step": 7280, "regime": "periodic", "loss": 0.015577368127803009, "one": 0.003821457115312417, "rollout": 0.017365274329980213}
{"event": "optimizer_step", "step": 7300, "regime": "periodic", "loss": 0.013382867599527039, "one": 0.004578009092559417, "rollout": 0.010862737894058228}
{"event": "optimizer_step", "step": 7320, "regime": "periodic", "loss": 0.010656817195316156, "one": 0.002710809155056874, "rollout": 0.008940582318852345}
{"event": "optimizer_step", "step": 7340, "regime": "periodic", "loss": 0.017102777647475403, "one": 0.006661855693285664, "rollout": 0.014430790518720944}
{"event": "optimizer_step", "step": 7360, "regime": "periodic", "loss": 0.013091721571981907, "one": 0.0037784363764027753, "rollout": 0.011938904722531635}
{"event": "optimizer_step", "step": 7380, "regime": "periodic", "loss": 0.016578148429592453, "one": 0.005525763689850767, "rollout": 0.015832842017213505}
{"event": "optimizer_step", "step": 7400, "regime": "periodic", "loss": 0.017323386234541733, "one": 0.006574342492967844, "rollout": 0.01516533549875021}
{"event": "optimizer_step", "step": 7420, "regime": "periodic", "loss": 0.012880000596245129, "one": 0.003982664784416556, "rollout": 0.011067034055789312}
{"event": "optimizer_step", "step": 7440, "regime": "periodic", "loss": 0.014841499117513497, "one": 0.004722493623072903, "rollout": 0.013776817359030247}
{"event": "optimizer_step", "step": 7460, "regime": "periodic", "loss": 0.01667212291310231, "one": 0.006208038578430811, "rollout": 0.014509226195514202}
{"event": "optimizer_step", "step": 7480, "regime": "periodic", "loss": 0.009806105867028236, "one": 0.0024287444151317077, "rollout": 0.0076947764803965875}
{"event": "optimizer_step", "step": 7500, "regime": "periodic", "loss": 0.014175447945793469, "one": 0.003544642745206753, "rollout": 0.014890753974517185}
{"event": "optimizer_step", "step": 7520, "regime": "periodic", "loss": 0.012255756184458733, "one": 0.0033545626793056726, "rollout": 0.011087158073981604}
{"event": "optimizer_step", "step": 7540, "regime": "periodic", "loss": 0.018366653782625992, "one": 0.006934057377899687, "rollout": 0.016707375956078373}
{"event": "optimizer_step", "step": 7560, "regime": "periodic", "loss": 0.01346557649473349, "one": 0.0032329066501309476, "rollout": 0.013997954626878101}
{"event": "optimizer_step", "step": 7580, "regime": "periodic", "loss": 0.017115578055381775, "one": 0.0063370602050175275, "rollout": 0.015187463723123074}
{"event": "optimizer_step", "step": 7600, "regime": "periodic", "loss": 0.02385205402970314, "one": 0.003677655166635911, "rollout": 0.03613095047573249}
{"event": "optimizer_step", "step": 7620, "regime": "periodic", "loss": 0.015397424188752968, "one": 0.004811948010077079, "rollout": 0.014752201735973358}
{"event": "optimizer_step", "step": 7640, "regime": "periodic", "loss": 0.029109813893834748, "one": 0.008070934253434341, "rollout": 0.038047801392773785}
{"event": "optimizer_step", "step": 7660, "regime": "periodic", "loss": 0.01566776881615321, "one": 0.004553512825320165, "rollout": 0.015982214982310932}
{"event": "optimizer_step", "step": 7680, "regime": "periodic", "loss": 0.012478520162403584, "one": 0.0034220644738525152, "rollout": 0.011410118080675602}
{"event": "optimizer_step", "step": 7700, "regime": "periodic", "loss": 0.014909062534570694, "one": 0.004829013564934333, "rollout": 0.013651384972035885}
{"event": "optimizer_step", "step": 7720, "regime": "periodic", "loss": 0.014619137160480022, "one": 0.0044288223919769125, "rollout": 0.013897688438494999}
{"event": "optimizer_step", "step": 7740, "regime": "periodic", "loss": 0.013875114110608894, "one": 0.004283564320454995, "rollout": 0.012605585778752962}
{"event": "optimizer_step", "step": 7760, "regime": "periodic", "loss": 0.016274775067965187, "one": 0.0042274293179313345, "rollout": 0.01798351729909579}
{"event": "optimizer_step", "step": 7780, "regime": "periodic", "loss": 0.013436150116225083, "one": 0.0035156641776363058, "rollout": 0.013327452043692269}
{"event": "optimizer_step", "step": 7800, "regime": "periodic", "loss": 0.013946908215681713, "one": 0.004231119606023034, "rollout": 0.012872934341430664}
{"event": "optimizer_step", "step": 7820, "regime": "periodic", "loss": 0.011525039871533712, "one": 0.0028339979859689874, "rollout": 0.010603843877712887}
{"event": "optimizer_step", "step": 7840, "regime": "periodic", "loss": 0.013762755319476128, "one": 0.003523330514629682, "rollout": 0.014008608646690845}
{"event": "optimizer_step", "step": 7860, "regime": "periodic", "loss": 0.015001533863445122, "one": 0.0041446497198194265, "rollout": 0.01541286086042722}
{"event": "optimizer_step", "step": 7880, "regime": "periodic", "loss": 0.013414174628754456, "one": 0.004058811192711195, "rollout": 0.012063206173479557}
{"event": "optimizer_step", "step": 7900, "regime": "periodic", "loss": 0.012246821386118729, "one": 0.003514870225141446, "rollout": 0.010699670140941938}
{"event": "optimizer_step", "step": 7920, "regime": "periodic", "loss": 0.023617664352059364, "one": 0.004274138404677312, "rollout": 0.03425563033670187}
{"event": "optimizer_step", "step": 7940, "regime": "periodic", "loss": 0.018272618763148785, "one": 0.0054005432563523454, "rollout": 0.01989064800242583}
{"event": "optimizer_step", "step": 7960, "regime": "periodic", "loss": 0.013062918869157631, "one": 0.0038441420377542572, "rollout": 0.011770404564837614}
{"event": "optimizer_step", "step": 7980, "regime": "periodic", "loss": 0.014997242639462153, "one": 0.004597409162670374, "rollout": 0.014420353807508945}
{"event": "optimizer_step", "step": 8000, "regime": "periodic", "loss": 0.01689547300338745, "one": 0.0037307121480504675, "rollout": 0.020474166298906006}
{"event": "optimizer_step", "step": 8020, "regime": "periodic", "loss": 0.021342095298071705, "one": 0.004038794509445627, "rollout": 0.029721595036486782}
{"event": "optimizer_step", "step": 8040, "regime": "periodic", "loss": 0.016405579634010792, "one": 0.006526620360091329, "rollout": 0.013212681127091248}
{"event": "optimizer_step", "step": 8060, "regime": "periodic", "loss": 0.014806356281042099, "one": 0.004388529031227033, "rollout": 0.014420221249262493}
{"event": "optimizer_step", "step": 8080, "regime": "periodic", "loss": 0.014233502559363842, "one": 0.004940893190602462, "rollout": 0.01193199089417855}
{"event": "optimizer_step", "step": 8100, "regime": "periodic", "loss": 0.01810375911494096, "one": 0.00794307126974066, "rollout": 0.013821214437484741}
{"event": "optimizer_step", "step": 8120, "regime": "periodic", "loss": 0.011925368569791317, "one": 0.002691297248626749, "rollout": 0.011809965906043848}
{"event": "optimizer_step", "step": 8140, "regime": "periodic", "loss": 0.01414524142940839, "one": 0.004234851337969303, "rollout": 0.01331969319532315}
{"event": "optimizer_step", "step": 8160, "regime": "periodic", "loss": 0.011996415754159292, "one": 0.002748594464113315, "rollout": 0.01184330228716135}
{"event": "optimizer_step", "step": 8180, "regime": "periodic", "loss": 0.012348898376027744, "one": 0.0032834987311313553, "rollout": 0.011441082693636417}
{"event": "optimizer_step", "step": 8200, "regime": "periodic", "loss": 0.016396124847233295, "one": 0.005869925099735459, "rollout": 0.014661678733925024}
{"event": "optimizer_step", "step": 8220, "regime": "periodic", "loss": 0.014597872272133827, "one": 0.004944914719089866, "rollout": 0.012702079489827156}
{"event": "optimizer_step", "step": 8240, "regime": "periodic", "loss": 0.013373065429429213, "one": 0.0032541474793106318, "rollout": 0.013759073801338673}
{"event": "optimizer_step", "step": 8260, "regime": "periodic", "loss": 0.012193644419312477, "one": 0.0028929883458962045, "rollout": 0.011961977307995161}
{"event": "optimizer_step", "step": 8280, "regime": "periodic", "loss": 0.014885121335585913, "one": 0.00462903268635273, "rollout": 0.014079490986963114}
{"event": "optimizer_step", "step": 8300, "regime": "periodic", "loss": 0.014439473239084084, "one": 0.0036094450236608586, "rollout": 0.015278649516403675}
{"event": "optimizer_step", "step": 8320, "regime": "periodic", "loss": 0.010280979797244072, "one": 0.0022394674209256964, "rollout": 0.009165962226688862}
{"event": "optimizer_step", "step": 8340, "regime": "periodic", "loss": 0.016100439243018627, "one": 0.005187016911804676, "rollout": 0.015529950149357319}
{"event": "optimizer_step", "step": 8360, "regime": "periodic", "loss": 0.012737400208910305, "one": 0.003691225002209345, "rollout": 0.011384588045378527}
{"event": "optimizer_step", "step": 8380, "regime": "periodic", "loss": 0.010747602519889671, "one": 0.0026863506451870003, "rollout": 0.00922623137012124}
{"event": "optimizer_step", "step": 8400, "regime": "periodic", "loss": 0.013218214424947897, "one": 0.0038029219334324202, "rollout": 0.012167973133424917}
{"event": "optimizer_step", "step": 8420, "regime": "periodic", "loss": 0.013967500068247317, "one": 0.005194321585198244, "rollout": 0.010800909250974655}
{"event": "optimizer_step", "step": 8440, "regime": "periodic", "loss": 0.016562443537016712, "one": 0.0031326004148771363, "rollout": 0.02111404078702132}
{"event": "optimizer_step", "step": 8460, "regime": "periodic", "loss": 0.012537775561213493, "one": 0.003350380652894576, "rollout": 0.011694047600030899}
{"event": "optimizer_step", "step": 8480, "regime": "periodic", "loss": 0.011663225168983141, "one": 0.0032228342412660522, "rollout": 0.010053275153040886}
{"event": "optimizer_step", "step": 8500, "regime": "periodic", "loss": 0.014976687108476957, "one": 0.0033467271520445747, "rollout": 0.017080889083445072}
{"event": "optimizer_step", "step": 8520, "regime": "periodic", "loss": 0.011115451653798422, "one": 0.0028871385535846157, "rollout": 0.009567186857263247}
{"event": "optimizer_step", "step": 8540, "regime": "periodic", "loss": 0.01211244488755862, "one": 0.0037763658134887614, "rollout": 0.00981141875187556}
{"event": "optimizer_step", "step": 8560, "regime": "periodic", "loss": 0.011267933063209057, "one": 0.003179375159864624, "rollout": 0.009239792202909786}
{"event": "optimizer_step", "step": 8580, "regime": "periodic", "loss": 0.0138616431504488, "one": 0.004488551601146658, "rollout": 0.012110392563045025}
{"event": "optimizer_step", "step": 8600, "regime": "periodic", "loss": 0.013922563443581263, "one": 0.004256782587617636, "rollout": 0.012745554248491922}
{"event": "optimizer_step", "step": 8620, "regime": "periodic", "loss": 0.01535883980492751, "one": 0.004737385626261433, "rollout": 0.014893454189101856}
{"event": "optimizer_step", "step": 8640, "regime": "periodic", "loss": 0.013951652372876804, "one": 0.004792780304948488, "rollout": 0.011611977902551491}
{"event": "optimizer_step", "step": 8660, "regime": "periodic", "loss": 0.012196530898412068, "one": 0.0036155079724267125, "rollout": 0.010353995487093925}
{"event": "optimizer_step", "step": 8680, "regime": "periodic", "loss": 0.013572528026998043, "one": 0.004053516235823432, "rollout": 0.012378037131081024}
{"event": "optimizer_step", "step": 8700, "regime": "periodic", "loss": 0.01455012708902359, "one": 0.004500931051249306, "rollout": 0.013575658512612183}
{"event": "optimizer_step", "step": 8720, "regime": "periodic", "loss": 0.011862254391113918, "one": 0.0033694778103381395, "rollout": 0.010172486770898104}
{"event": "optimizer_step", "step": 8740, "regime": "periodic", "loss": 0.01037636740754048, "one": 0.0025847070307160416, "rollout": 0.008607204693059126}
{"event": "optimizer_step", "step": 8760, "regime": "periodic", "loss": 0.01366310256222884, "one": 0.004183645670612653, "rollout": 0.012267189721266428}
{"event": "optimizer_step", "step": 8780, "regime": "periodic", "loss": 0.01066554244607687, "one": 0.0026408700505271554, "rollout": 0.009119925399621328}
{"event": "optimizer_step", "step": 8800, "regime": "periodic", "loss": 0.011790685976545017, "one": 0.003726919647306204, "rollout": 0.009217193350195885}
{"event": "optimizer_step", "step": 8820, "regime": "periodic", "loss": 0.013793104017774262, "one": 0.00397939863614738, "rollout": 0.01305826660245657}
{"event": "optimizer_step", "step": 8840, "regime": "periodic", "loss": 0.011222380213439465, "one": 0.0031844270415604115, "rollout": 0.009165533507863682}
{"event": "optimizer_step", "step": 8860, "regime": "periodic", "loss": 0.014579140270749727, "one": 0.005019814241677523, "rollout": 0.012492914063235125}
{"event": "optimizer_step", "step": 8880, "regime": "periodic", "loss": 0.011422189883887768, "one": 0.003243271261453629, "rollout": 0.009451447365184626}
{"event": "optimizer_step", "step": 8900, "regime": "periodic", "loss": 0.015114299952983856, "one": 0.002563987858593464, "rollout": 0.019082418332497277}
{"event": "optimizer_step", "step": 8920, "regime": "periodic", "loss": 0.014363217788438002, "one": 0.004581588398044309, "rollout": 0.013017099040249985}
{"event": "optimizer_step", "step": 8940, "regime": "periodic", "loss": 0.012028336214522522, "one": 0.0036509553901851177, "rollout": 0.009900179070731003}
{"event": "optimizer_step", "step": 8960, "regime": "periodic", "loss": 0.013669561594724655, "one": 0.0037817705112198983, "rollout": 0.01326011059184869}
{"event": "optimizer_step", "step": 8980, "regime": "periodic", "loss": 0.010482005154093105, "one": 0.0026791123673319817, "rollout": 0.00863290298730135}
{"event": "optimizer_step", "step": 9000, "regime": "periodic", "loss": 0.01315002329647541, "one": 0.0035801096819341183, "rollout": 0.012526547846694786}
{"event": "optimizer_step", "step": 9020, "regime": "periodic", "loss": 0.01043411468466123, "one": 0.0030748119655375676, "rollout": 0.007642172432194153}
{"event": "optimizer_step", "step": 9040, "regime": "periodic", "loss": 0.010482434804240862, "one": 0.002565823340167602, "rollout": 0.008885007972518604}
{"event": "optimizer_step", "step": 9060, "regime": "periodic", "loss": 0.009645455206433931, "one": 0.0021399216493591666, "rollout": 0.007960829107711712}
{"event": "optimizer_step", "step": 9080, "regime": "periodic", "loss": 0.011454697387913862, "one": 0.003023737963909904, "rollout": 0.010022336306671301}
{"event": "optimizer_step", "step": 9100, "regime": "periodic", "loss": 0.012751579905549686, "one": 0.003479925605158011, "rollout": 0.01188697045048078}
{"event": "optimizer_step", "step": 9120, "regime": "periodic", "loss": 0.01333486040433248, "one": 0.0043239340496559935, "rollout": 0.01132083653161923}
{"event": "optimizer_step", "step": 9140, "regime": "periodic", "loss": 0.011304929542044798, "one": 0.0031761623298128443, "rollout": 0.009338078399499258}
{"event": "optimizer_step", "step": 9160, "regime": "periodic", "loss": 0.010980248761673767, "one": 0.0027540897329648333, "rollout": 0.009554216482987007}
{"event": "optimizer_step", "step": 9180, "regime": "periodic", "loss": 0.011275606850783031, "one": 0.0028247652420153218, "rollout": 0.01007929164916277}
{"event": "optimizer_step", "step": 9200, "regime": "periodic", "loss": 0.012060419345895449, "one": 0.0028331230860203505, "rollout": 0.011741794956227144}
{"event": "optimizer_step", "step": 9220, "regime": "periodic", "loss": 0.012359616967538992, "one": 0.003108625610669454, "rollout": 0.011866593733429909}
{"event": "optimizer_step", "step": 9240, "regime": "periodic", "loss": 0.010856579678754011, "one": 0.0029363839033370214, "rollout": 0.008877342566847801}
{"event": "optimizer_step", "step": 9260, "regime": "periodic", "loss": 0.010631056502461433, "one": 0.002616825047880411, "rollout": 0.009108996950089931}
{"event": "optimizer_step", "step": 9280, "regime": "periodic", "loss": 0.010624514892697334, "one": 0.0026132217220341167, "rollout": 0.009085689360896746}
{"event": "optimizer_step", "step": 9300, "regime": "periodic", "loss": 0.012330030401547749, "one": 0.003031971165910363, "rollout": 0.011943688926597437}
{"event": "optimizer_step", "step": 9320, "regime": "periodic", "loss": 0.01245955005288124, "one": 0.0026525175975014763, "rollout": 0.012996969434122246}
{"event": "optimizer_step", "step": 9340, "regime": "periodic", "loss": 0.0113442853714029, "one": 0.0030153288195530576, "rollout": 0.009797236261268457}
{"event": "optimizer_step", "step": 9360, "regime": "periodic", "loss": 0.011682180377344292, "one": 0.003279190976172685, "rollout": 0.009955851050714651}
{"event": "optimizer_step", "step": 9380, "regime": "periodic", "loss": 0.011929637442032496, "one": 0.0035067686500648656, "rollout": 0.010014985998471579}
{"event": "optimizer_step", "step": 9400, "regime": "periodic", "loss": 0.011987675291796526, "one": 0.0034956816428651414, "rollout": 0.010136588787039122}
{"event": "optimizer_step", "step": 9420, "regime": "periodic", "loss": 0.010687313663462799, "one": 0.0025830738401661315, "rollout": 0.009282844141125679}
{"event": "optimizer_step", "step": 9440, "regime": "periodic", "loss": 0.010052650546034178, "one": 0.002411414791519443, "rollout": 0.008287235784033934}
{"event": "optimizer_step", "step": 9460, "regime": "periodic", "loss": 0.010560338385403156, "one": 0.002810442626165847, "rollout": 0.008508960405985514}
{"event": "optimizer_step", "step": 9480, "regime": "periodic", "loss": 0.012804886636634667, "one": 0.0036313084419816732, "rollout": 0.011638490793605644}
{"event": "optimizer_step", "step": 9500, "regime": "periodic", "loss": 0.010781627769271534, "one": 0.0030004812870174646, "rollout": 0.00853916754325231}
{"event": "optimizer_step", "step": 9520, "regime": "periodic", "loss": 0.020767541291813057, "one": 0.003906790477534135, "rollout": 0.028745641311009727}
{"event": "optimizer_step", "step": 9540, "regime": "periodic", "loss": 0.011280904834469158, "one": 0.00304831067721049, "rollout": 0.009559670152763525}
{"event": "optimizer_step", "step": 9560, "regime": "periodic", "loss": 0.013723669884105522, "one": 0.005250069545581937, "rollout": 0.010108685741821926}
{"event": "optimizer_step", "step": 9580, "regime": "periodic", "loss": 0.011014278357227644, "one": 0.0026081995262453956, "rollout": 0.009959097330768902}
{"event": "optimizer_step", "step": 9600, "regime": "periodic", "loss": 0.00971174860994021, "one": 0.0021417661725232997, "rollout": 0.008114396904905636}
{"event": "optimizer_step", "step": 9620, "regime": "periodic", "loss": 0.0108066126704216, "one": 0.002624020135651032, "rollout": 0.009431504334012668}
{"event": "optimizer_step", "step": 9640, "regime": "periodic", "loss": 0.012412389119466146, "one": 0.0037028830653677387, "rollout": 0.01062403650333484}
{"event": "optimizer_step", "step": 9660, "regime": "periodic", "loss": 0.011857771314680576, "one": 0.0033937557600438595, "rollout": 0.010111670941114426}
{"event": "optimizer_step", "step": 9680, "regime": "periodic", "loss": 0.010181004802385965, "one": 0.002565961331129074, "rollout": 0.008206968506177267}
{"event": "optimizer_step", "step": 9700, "regime": "periodic", "loss": 0.011393322609364986, "one": 0.0028623651402692003, "rollout": 0.010240994083384672}
{"event": "optimizer_step", "step": 9720, "regime": "periodic", "loss": 0.011546002080043156, "one": 0.0036989730627586446, "rollout": 0.008735586889088154}
{"event": "optimizer_step", "step": 9740, "regime": "periodic", "loss": 0.012435409240424633, "one": 0.0035374647316833334, "rollout": 0.011040799940625826}
{"event": "optimizer_step", "step": 9760, "regime": "periodic", "loss": 0.01095676887780428, "one": 0.003356093385567268, "rollout": 0.008181174285709858}
{"event": "optimizer_step", "step": 9780, "regime": "periodic", "loss": 0.011761044772962729, "one": 0.0036659824351469674, "rollout": 0.009284617379307747}
{"event": "optimizer_step", "step": 9800, "regime": "periodic", "loss": 0.011076155118644238, "one": 0.002359923208132386, "rollout": 0.010636565896372}
{"event": "optimizer_step", "step": 9820, "regime": "periodic", "loss": 0.019576884495715298, "one": 0.009293466069114704, "rollout": 0.01414416388918956}
{"event": "optimizer_step", "step": 9840, "regime": "periodic", "loss": 0.011658464247981707, "one": 0.003145683944846193, "rollout": 0.010190373597045738}
{"event": "optimizer_step", "step": 9860, "regime": "periodic", "loss": 0.010902230627834797, "one": 0.0025033492129296064, "rollout": 0.009934266718725363}
{"event": "optimizer_step", "step": 9880, "regime": "periodic", "loss": 0.01032322117437919, "one": 0.0024387366914500794, "rollout": 0.008806798296670118}
{"event": "optimizer_step", "step": 9900, "regime": "periodic", "loss": 0.012217631253103416, "one": 0.004047618790840109, "rollout": 0.009411679736028116}
{"event": "optimizer_step", "step": 9920, "regime": "periodic", "loss": 0.014307461058100065, "one": 0.005557844027255972, "rollout": 0.010683144132296244}
{"event": "optimizer_step", "step": 9940, "regime": "periodic", "loss": 0.009358587053914864, "one": 0.0021240645243475837, "rollout": 0.00738583505153656}
{"event": "optimizer_step", "step": 9960, "regime": "periodic", "loss": 0.009500985654691855, "one": 0.0020343514236931997, "rollout": 0.007893018890172243}
{"event": "optimizer_step", "step": 9980, "regime": "periodic", "loss": 0.010251369327306747, "one": 0.0026155691205834346, "rollout": 0.008218765569229921}
{"event": "optimizer_step", "step": 10000, "regime": "periodic", "loss": 0.011518297096093496, "one": 0.003862714239706596, "rollout": 0.008225426077842712}
{"event": "optimizer_step", "step": 10020, "regime": "periodic", "loss": 0.012601358195145924, "one": 0.003971607967590293, "rollout": 0.010402419293920198}
{"event": "optimizer_step", "step": 10040, "regime": "periodic", "loss": 0.023329982223610084, "one": 0.004753460641950369, "rollout": 0.032584585870305695}
{"event": "optimizer_step", "step": 10060, "regime": "periodic", "loss": 0.012097124941647053, "one": 0.0029552721340830126, "rollout": 0.011613760143518446}
{"event": "optimizer_step", "step": 10080, "regime": "periodic", "loss": 0.010098956214884916, "one": 0.0028389383417864638, "rollout": 0.007411961909383535}
swanlab: 📁 View project at 
https://swanlab.cn/@panxy1019/PaperSpecialistAblationsSingleSeed20260724
swanlab: 🚀 View run DataOnly-periodic-seed1600 at 
https://swanlab.cn/@panxy1019/PaperSpecialistAblationsSingleSeed20260724/runs/ia
gyvets
swanlab: Upload complete: 10045 records
