swanlab: Currently logged in as: panxy1019 to https://api.swanlab.cn. Use 
`swanlab login --relogin` to force relogin
swanlab: Tracking run with swanlab version 0.9.0
swanlab: 💾 Run data saved at 
/root/siton-data-ecd30b0dd03a4b6c86d4ad3b98458111/panxy/particalMOE/paper_experi
ments/runs/specialist_ablations_20260723_v2/hopf/dataonly/seed_1348/swanlog/run-
20260724_000716-1vwlj8ui-e9c967685351-27404
swanlab: 📁 View project at 
https://swanlab.cn/@panxy1019/PaperSpecialistAblations20260723
swanlab: 🚀 View run DataOnly-hopf-seed1348 at 
https://swanlab.cn/@panxy1019/PaperSpecialistAblations20260723/runs/1vwlj8ui
{"event": "optimizer_step", "step": 1, "regime": "hopf", "loss": 1.3651444061348834, "one": 1.3533110997329156, "rollout": 1.3533110997329156}
{"event": "optimizer_step", "step": 20, "regime": "hopf", "loss": 1.7849304496000211, "one": 1.77321863360703, "rollout": 1.77321863360703}
{"event": "optimizer_step", "step": 40, "regime": "hopf", "loss": 0.12399846812089284, "one": 0.11206482350826265, "rollout": 0.11206482350826265}
{"event": "optimizer_step", "step": 60, "regime": "hopf", "loss": 0.6643893762181202, "one": 0.6524808279549081, "rollout": 0.6524808279549081}
{"event": "optimizer_step", "step": 80, "regime": "hopf", "loss": 0.6210524862011274, "one": 0.6091151051223278, "rollout": 0.6091151051223278}
{"event": "optimizer_step", "step": 100, "regime": "hopf", "loss": 0.04666001349687576, "one": 0.03468848392367363, "rollout": 0.03468848392367363}
{"event": "optimizer_step", "step": 120, "regime": "hopf", "loss": 1.365938904384772, "one": 1.3540697414427996, "rollout": 1.3540697414427996}
{"event": "optimizer_step", "step": 140, "regime": "hopf", "loss": 0.024579164572060108, "one": 0.01235326713261505, "rollout": 0.01235326713261505}
{"event": "optimizer_step", "step": 160, "regime": "hopf", "loss": 4.724579560880859, "one": 4.7126286604131264, "rollout": 4.7126286604131264}
{"event": "optimizer_step", "step": 180, "regime": "hopf", "loss": 0.032329617689053215, "one": 0.02046638820320368, "rollout": 0.02046638820320368}
{"event": "optimizer_step", "step": 200, "regime": "hopf", "loss": 0.041292651245991394, "one": 0.02929309258858363, "rollout": 0.02929309258858363}
{"event": "optimizer_step", "step": 220, "regime": "hopf", "loss": 0.05691866825024287, "one": 0.04493906100591024, "rollout": 0.04493906100591024}
{"event": "optimizer_step", "step": 240, "regime": "hopf", "loss": 0.019414984931548435, "one": 0.007596470881253481, "rollout": 0.007596470881253481}
{"event": "optimizer_step", "step": 260, "regime": "hopf", "loss": 0.024468428144852318, "one": 0.012613943467537563, "rollout": 0.012613943467537563}
{"event": "optimizer_step", "step": 280, "regime": "hopf", "loss": 4.530504295602441, "one": 4.518661103521785, "rollout": 4.518661103521785}
{"event": "optimizer_step", "step": 300, "regime": "hopf", "loss": 1.447253857428829, "one": 1.435298976333191, "rollout": 1.435298976333191}
{"event": "optimizer_step", "step": 320, "regime": "hopf", "loss": 0.03857389837503433, "one": 0.02660885018606981, "rollout": 0.02660885018606981}
{"event": "optimizer_step", "step": 340, "regime": "hopf", "loss": 0.05042824397484462, "one": 0.03842983317251007, "rollout": 0.03842983317251007}
{"event": "optimizer_step", "step": 360, "regime": "hopf", "loss": 0.04375660171111425, "one": 0.0317621435970068, "rollout": 0.0317621435970068}
{"event": "optimizer_step", "step": 380, "regime": "hopf", "loss": 0.30537910386919975, "one": 0.2934579538802306, "rollout": 0.2934579538802306}
{"event": "optimizer_step", "step": 400, "regime": "hopf", "loss": 0.9004064084341129, "one": 0.8885290243973335, "rollout": 0.8885290243973335}
{"event": "optimizer_step", "step": 420, "regime": "hopf", "loss": 0.05036226660013199, "one": 0.0384329662968715, "rollout": 0.0384329662968715}
{"event": "optimizer_step", "step": 440, "regime": "hopf", "loss": 0.42309288928906125, "one": 0.41119113005697727, "rollout": 0.41119113005697727}
{"event": "optimizer_step", "step": 460, "regime": "hopf", "loss": 0.13713683063785237, "one": 0.1250136538098256, "rollout": 0.1250136538098256}
{"event": "optimizer_step", "step": 480, "regime": "hopf", "loss": 0.02296547715862592, "one": 0.010913301104058823, "rollout": 0.010913301104058823}
{"event": "optimizer_step", "step": 500, "regime": "hopf", "loss": 0.024640460809071858, "one": 0.012553470830122631, "rollout": 0.012553470830122631}
{"event": "optimizer_step", "step": 520, "regime": "hopf", "loss": 2.0939002720018225, "one": 2.0817810728525123, "rollout": 2.0817810728525123}
{"event": "optimizer_step", "step": 540, "regime": "hopf", "loss": 0.05225909998019536, "one": 0.04018496489152312, "rollout": 0.04018496489152312}
{"event": "optimizer_step", "step": 560, "regime": "hopf", "loss": 0.020512084166208904, "one": 0.008252556435763836, "rollout": 0.008252556435763836}
{"event": "optimizer_step", "step": 580, "regime": "hopf", "loss": 0.9969767158230145, "one": 0.9849717364025612, "rollout": 0.9849717364025612}
{"event": "optimizer_step", "step": 600, "regime": "hopf", "loss": 4.2452003707488375, "one": 4.2329434726076824, "rollout": 4.2329434726076824}
{"event": "optimizer_step", "step": 620, "regime": "hopf", "loss": 0.03354949069519838, "one": 0.02138691612829765, "rollout": 0.02138691612829765}
{"event": "optimizer_step", "step": 640, "regime": "hopf", "loss": 0.042610199501117066, "one": 0.03058376085634033, "rollout": 0.03058376085634033}
{"event": "optimizer_step", "step": 660, "regime": "hopf", "loss": 0.0700624535481135, "one": 0.057935673743486404, "rollout": 0.057935673743486404}
{"event": "optimizer_step", "step": 680, "regime": "hopf", "loss": 0.26295471688111627, "one": 0.2511173468083144, "rollout": 0.2511173468083144}
{"event": "optimizer_step", "step": 700, "regime": "hopf", "loss": 0.060236821571985885, "one": 0.04816133187462886, "rollout": 0.04816133187462886}
{"event": "optimizer_step", "step": 720, "regime": "hopf", "loss": 5.212390700355172, "one": 5.200490252735714, "rollout": 5.200490252735714}
{"event": "optimizer_step", "step": 740, "regime": "hopf", "loss": 5.1078060294191046, "one": 5.095583830804874, "rollout": 5.095583830804874}
{"event": "optimizer_step", "step": 760, "regime": "hopf", "loss": 1.0251468351731696, "one": 1.0125456851286192, "rollout": 1.0125456851286192}
{"event": "optimizer_step", "step": 780, "regime": "hopf", "loss": 32.43652130663395, "one": 32.42396294139326, "rollout": 32.42396294139326}
{"event": "optimizer_step", "step": 800, "regime": "hopf", "loss": 0.045798265685637794, "one": 0.032685221483310066, "rollout": 0.032685221483310066}
{"event": "optimizer_step", "step": 820, "regime": "hopf", "loss": 0.9715415593236685, "one": 0.9585329191759229, "rollout": 0.9585329191759229}
{"event": "optimizer_step", "step": 840, "regime": "hopf", "loss": 4.906120343754689, "one": 4.893499127744386, "rollout": 4.893499127744386}
{"event": "optimizer_step", "step": 860, "regime": "hopf", "loss": 0.019852136572202046, "one": 0.007143892968694368, "rollout": 0.007143892968694368}
{"event": "optimizer_step", "step": 880, "regime": "hopf", "loss": 2.174264115591844, "one": 2.1608194758494697, "rollout": 2.1608194758494697}
{"event": "optimizer_step", "step": 900, "regime": "hopf", "loss": 0.07135930222769578, "one": 0.0590574963328739, "rollout": 0.0590574963328739}
{"event": "optimizer_step", "step": 920, "regime": "hopf", "loss": 0.028308441241582237, "one": 0.015154319504896801, "rollout": 0.015154319504896801}
{"event": "optimizer_step", "step": 940, "regime": "hopf", "loss": 1.939129326492548, "one": 1.9266731000194948, "rollout": 1.9266731000194948}
{"event": "optimizer_step", "step": 960, "regime": "hopf", "loss": 0.04960137108961741, "one": 0.03679437407602867, "rollout": 0.03679437407602867}
{"event": "optimizer_step", "step": 980, "regime": "hopf", "loss": 0.11717247652510802, "one": 0.10475618268052736, "rollout": 0.10475618268052736}
{"event": "optimizer_step", "step": 1000, "regime": "hopf", "loss": 12.88291115562121, "one": 12.870627332478762, "rollout": 12.870627332478762}
{"event": "optimizer_step", "step": 1020, "regime": "hopf", "loss": 0.030503594006101295, "one": 0.01779082122569283, "rollout": 0.01779082122569283}
{"event": "optimizer_step", "step": 1040, "regime": "hopf", "loss": 0.022667857818305492, "one": 0.010376258287578821, "rollout": 0.010376258287578821}
{"event": "optimizer_step", "step": 1060, "regime": "hopf", "loss": 0.3217791809389988, "one": 0.30946683076520765, "rollout": 0.30946683076520765}
{"event": "optimizer_step", "step": 1080, "regime": "hopf", "loss": 0.42166968683401745, "one": 0.40954193170182407, "rollout": 0.40954193170182407}
{"event": "optimizer_step", "step": 1100, "regime": "hopf", "loss": 0.016449720288316406, "one": 0.0042876373045146465, "rollout": 0.0042876373045146465}
{"event": "optimizer_step", "step": 1120, "regime": "hopf", "loss": 0.3104950673878193, "one": 0.2982821862678975, "rollout": 0.2982821862678975}
{"event": "optimizer_step", "step": 1140, "regime": "hopf", "loss": 2.0339006930589676, "one": 2.021956931178768, "rollout": 2.021956931178768}
{"event": "optimizer_step", "step": 1160, "regime": "hopf", "loss": 0.7435047325367728, "one": 0.731597603065893, "rollout": 0.731597603065893}
{"event": "optimizer_step", "step": 1180, "regime": "hopf", "loss": 0.1307246337334315, "one": 0.11845854421456656, "rollout": 0.11845854421456656}
{"event": "optimizer_step", "step": 1200, "regime": "hopf", "loss": 1.0910391993820665, "one": 1.0790861283118525, "rollout": 1.0790861283118525}
{"event": "optimizer_step", "step": 1220, "regime": "hopf", "loss": 2.526910699903965, "one": 2.515026797850927, "rollout": 2.515026797850927}
{"event": "optimizer_step", "step": 1240, "regime": "hopf", "loss": 0.02959684965511163, "one": 0.01758068272223075, "rollout": 0.01758068272223075}
{"event": "optimizer_step", "step": 1260, "regime": "hopf", "loss": 0.018108171721299488, "one": 0.006106762991597255, "rollout": 0.006106762991597255}
{"event": "optimizer_step", "step": 1280, "regime": "hopf", "loss": 0.04727534266809622, "one": 0.03519790433347225, "rollout": 0.03519790433347225}
{"event": "optimizer_step", "step": 1300, "regime": "hopf", "loss": 0.8791671718160311, "one": 0.8672777324294051, "rollout": 0.8672777324294051}
{"event": "optimizer_step", "step": 1320, "regime": "hopf", "loss": 0.02489191790421804, "one": 0.012686734398206076, "rollout": 0.012686734398206076}
{"event": "optimizer_step", "step": 1340, "regime": "hopf", "loss": 0.017484216019511223, "one": 0.005562583915889263, "rollout": 0.005562583915889263}
{"event": "optimizer_step", "step": 1360, "regime": "hopf", "loss": 0.019900904347499214, "one": 0.007968312012962997, "rollout": 0.007968312012962997}
{"event": "optimizer_step", "step": 1380, "regime": "hopf", "loss": 0.02532416768372059, "one": 0.013392516101400057, "rollout": 0.013392516101400057}
{"event": "optimizer_step", "step": 1400, "regime": "hopf", "loss": 0.10115065549810728, "one": 0.08913779258728027, "rollout": 0.08913779258728027}
{"event": "optimizer_step", "step": 1420, "regime": "hopf", "loss": 0.013907259951035181, "one": 0.0020423490010822816, "rollout": 0.0020423490010822816}
{"event": "optimizer_step", "step": 1440, "regime": "hopf", "loss": 0.015165746212005615, "one": 0.0031544828477005167, "rollout": 0.0031544828477005167}
{"event": "optimizer_step", "step": 1460, "regime": "hopf", "loss": 0.08972320395211379, "one": 0.07754049558813374, "rollout": 0.07754049558813374}
{"event": "optimizer_step", "step": 1480, "regime": "hopf", "loss": 8.624262520422539, "one": 8.612177608845135, "rollout": 8.612177608845135}
{"event": "optimizer_step", "step": 1500, "regime": "hopf", "loss": 0.0156100457534194, "one": 0.003606608059878151, "rollout": 0.003606608059878151}
{"event": "optimizer_step", "step": 1520, "regime": "hopf", "loss": 0.015362689271569252, "one": 0.0031658646961053214, "rollout": 0.0031658646961053214}
{"event": "optimizer_step", "step": 1540, "regime": "hopf", "loss": 0.04658460027227799, "one": 0.03443421085830778, "rollout": 0.03443421085830778}
{"event": "optimizer_step", "step": 1560, "regime": "hopf", "loss": 0.06647863580534856, "one": 0.054251990669096514, "rollout": 0.054251990669096514}
{"event": "optimizer_step", "step": 1580, "regime": "hopf", "loss": 0.016688838601112366, "one": 0.00437082932330668, "rollout": 0.00437082932330668}
{"event": "optimizer_step", "step": 1600, "regime": "hopf", "loss": 0.9624049666648109, "one": 0.9501140794406335, "rollout": 0.9501140794406335}
{"event": "optimizer_step", "step": 1620, "regime": "hopf", "loss": 0.03233735418568055, "one": 0.02019272727193311, "rollout": 0.02019272727193311}
{"event": "optimizer_step", "step": 1640, "regime": "hopf", "loss": 0.028050540015101436, "one": 0.015896966215223074, "rollout": 0.015896966215223074}
{"event": "optimizer_step", "step": 1660, "regime": "hopf", "loss": 0.593619334201018, "one": 0.5815334999933839, "rollout": 0.5815334999933839}
{"event": "optimizer_step", "step": 1680, "regime": "hopf", "loss": 0.04052791744470596, "one": 0.02842898084782064, "rollout": 0.02842898084782064}
{"event": "optimizer_step", "step": 1700, "regime": "hopf", "loss": 3.413706094337006, "one": 3.401576984906569, "rollout": 3.401576984906569}
{"event": "optimizer_step", "step": 1720, "regime": "hopf", "loss": 0.017102573377390705, "one": 0.005099539606211086, "rollout": 0.005099539606211086}
{"event": "optimizer_step", "step": 1740, "regime": "hopf", "loss": 0.5569590823724866, "one": 0.5449041248454402, "rollout": 0.5449041248454402}
{"event": "optimizer_step", "step": 1760, "regime": "hopf", "loss": 0.03213526029139757, "one": 0.019984168349765238, "rollout": 0.019984168349765238}
{"event": "optimizer_step", "step": 1780, "regime": "hopf", "loss": 0.013511945803960163, "one": 0.0015820280726378162, "rollout": 0.0015820280726378162}
{"event": "optimizer_step", "step": 1800, "regime": "hopf", "loss": 0.015150466002523899, "one": 0.003203621134161949, "rollout": 0.003203621134161949}
{"event": "optimizer_step", "step": 1820, "regime": "hopf", "loss": 0.2922220528125763, "one": 0.2802242437998454, "rollout": 0.2802242437998454}
{"event": "optimizer_step", "step": 1840, "regime": "hopf", "loss": 0.09334729922314484, "one": 0.08148116455413401, "rollout": 0.08148116455413401}
{"event": "optimizer_step", "step": 1860, "regime": "hopf", "loss": 0.05623916288216908, "one": 0.04434765316545963, "rollout": 0.04434765316545963}
{"event": "optimizer_step", "step": 1880, "regime": "hopf", "loss": 0.34240494916836417, "one": 0.33060258999466896, "rollout": 0.33060258999466896}
{"event": "optimizer_step", "step": 1900, "regime": "hopf", "loss": 0.11127123609185219, "one": 0.0993178238471349, "rollout": 0.0993178238471349}
{"event": "optimizer_step", "step": 1920, "regime": "hopf", "loss": 0.05583001052339871, "one": 0.043973068396250405, "rollout": 0.043973068396250405}
{"event": "optimizer_step", "step": 1940, "regime": "hopf", "loss": 0.024874279585977394, "one": 0.013042336601453522, "rollout": 0.013042336601453522}
{"event": "optimizer_step", "step": 1960, "regime": "hopf", "loss": 0.05025454548497995, "one": 0.038445666121939816, "rollout": 0.038445666121939816}
{"event": "optimizer_step", "step": 1980, "regime": "hopf", "loss": 0.017265912145376205, "one": 0.005470222871129712, "rollout": 0.005470222871129712}
{"event": "optimizer_step", "step": 2000, "regime": "hopf", "loss": 0.023149372388919193, "one": 0.011314058676362038, "rollout": 0.011314058676362038}
{"event": "optimizer_step", "step": 2020, "regime": "hopf", "loss": 0.018933958063522976, "one": 0.0036559550402065115, "rollout": 0.007727382859836022}
{"event": "optimizer_step", "step": 2040, "regime": "hopf", "loss": 0.14979330947001776, "one": 0.07246913140018782, "rollout": 0.14556262269616127}
{"event": "optimizer_step", "step": 2060, "regime": "hopf", "loss": 0.018194311608870823, "one": 0.0030698615591973066, "rollout": 0.007266559948523839}
{"event": "optimizer_step", "step": 2080, "regime": "hopf", "loss": 0.11419127757350604, "one": 0.05582383721290777, "rollout": 0.1036032805374513}
{"event": "optimizer_step", "step": 2100, "regime": "hopf", "loss": 0.024439164126912754, "one": 0.006666555845489104, "rollout": 0.013199730155368647}
{"event": "optimizer_step", "step": 2120, "regime": "hopf", "loss": 0.09429594315588474, "one": 0.05285974017654856, "rollout": 0.06566532794386148}
{"event": "optimizer_step", "step": 2140, "regime": "hopf", "loss": 0.16191213888426623, "one": 0.07330680017669995, "rollout": 0.17068557751675448}
{"event": "optimizer_step", "step": 2160, "regime": "hopf", "loss": 0.8984393744419019, "one": 0.5561444859486073, "rollout": 0.7342973279301077}
{"event": "optimizer_step", "step": 2180, "regime": "hopf", "loss": 0.0370698111752669, "one": 0.012730028325070936, "rollout": 0.027894258809586365}
{"event": "optimizer_step", "step": 2200, "regime": "hopf", "loss": 0.020097286129991215, "one": 0.004347185914715131, "rollout": 0.008742445769409338}
{"event": "optimizer_step", "step": 2220, "regime": "hopf", "loss": 2.452678415924311, "one": 1.5653935672404864, "rollout": 1.9455874152481556}
{"event": "optimizer_step", "step": 2240, "regime": "hopf", "loss": 0.015855434040228527, "one": 0.002165334648452699, "rollout": 0.004257910884916782}
{"event": "optimizer_step", "step": 2260, "regime": "hopf", "loss": 0.019816259232660137, "one": 0.0043687782405565185, "rollout": 0.008130715694278479}
{"event": "optimizer_step", "step": 2280, "regime": "hopf", "loss": 0.034575941041111946, "one": 0.011993080144748092, "rollout": 0.023761139484122396}
{"event": "optimizer_step", "step": 2300, "regime": "hopf", "loss": 0.02585535123944283, "one": 0.007168078872685631, "rollout": 0.015388703982656201}
{"event": "optimizer_step", "step": 2320, "regime": "hopf", "loss": 0.20269269744555157, "one": 0.11682302411645651, "rollout": 0.16444598324596882}
{"event": "optimizer_step", "step": 2340, "regime": "hopf", "loss": 1.2624748622377715, "one": 0.7673068332175413, "rollout": 1.0743109953279297}
{"event": "optimizer_step", "step": 2360, "regime": "hopf", "loss": 1.1705583855509758, "one": 0.6991652784248192, "rollout": 1.0214312660197418}
{"event": "optimizer_step", "step": 2380, "regime": "hopf", "loss": 0.07443209365010263, "one": 0.03853668365627527, "rollout": 0.05371085119744142}
{"event": "optimizer_step", "step": 2400, "regime": "hopf", "loss": 0.014846884955962501, "one": 0.001558054587803781, "rollout": 0.003398977452889085}
{"event": "optimizer_step", "step": 2420, "regime": "hopf", "loss": 0.036968616768717766, "one": 0.01377564575523138, "rollout": 0.02532603032886982}
{"event": "optimizer_step", "step": 2440, "regime": "hopf", "loss": 0.013718735426664352, "one": 0.0009004837872150043, "rollout": 0.0022316758210460344}
{"event": "optimizer_step", "step": 2460, "regime": "hopf", "loss": 0.04078262485563755, "one": 0.01755408849567175, "rollout": 0.02542624964068333}
{"event": "optimizer_step", "step": 2480, "regime": "hopf", "loss": 0.014033840658764042, "one": 0.0012434377858880907, "rollout": 0.0024174834640386202}
{"event": "optimizer_step", "step": 2500, "regime": "hopf", "loss": 0.054485864005982876, "one": 0.02561881473714796, "rollout": 0.03808991186087951}
{"event": "optimizer_step", "step": 2520, "regime": "hopf", "loss": 0.016787313545743622, "one": 0.0027180475493272147, "rollout": 0.0051773857946197195}
