swanlab: Currently logged in as: panxy1019 to https://api.swanlab.cn. Use 
`swanlab login --relogin` to force relogin
swanlab: Tracking run with swanlab version 0.9.0
swanlab: 💾 Run data saved at 
/root/siton-data-ecd30b0dd03a4b6c86d4ad3b98458111/panxy/particalMOE/paper_experi
ments/runs/specialist_ablations_20260723_v2/hopf/dataonly/seed_1248/swanlog/run-
20260723_235302-21l75d4g-e9c967685351-25783
swanlab: 📁 View project at 
https://swanlab.cn/@panxy1019/PaperSpecialistAblations20260723
swanlab: 🚀 View run DataOnly-hopf-seed1248 at 
https://swanlab.cn/@panxy1019/PaperSpecialistAblations20260723/runs/21l75d4g
{"event": "optimizer_step", "step": 1, "regime": "hopf", "loss": 0.021410190810759865, "one": 0.009609936581303675, "rollout": 0.009609936581303675}
{"event": "optimizer_step", "step": 20, "regime": "hopf", "loss": 1.2211565921703975, "one": 1.2094251071102917, "rollout": 1.2094251071102917}
{"event": "optimizer_step", "step": 40, "regime": "hopf", "loss": 4.236610163624088, "one": 4.224731877135734, "rollout": 4.224731877135734}
{"event": "optimizer_step", "step": 60, "regime": "hopf", "loss": 0.7084004289160172, "one": 0.6965444746116797, "rollout": 0.6965444746116797}
{"event": "optimizer_step", "step": 80, "regime": "hopf", "loss": 0.13901836052536964, "one": 0.1269128763427337, "rollout": 0.1269128763427337}
{"event": "optimizer_step", "step": 100, "regime": "hopf", "loss": 0.28888576353589696, "one": 0.27682773376970243, "rollout": 0.27682773376970243}
{"event": "optimizer_step", "step": 120, "regime": "hopf", "loss": 0.1687715332955122, "one": 0.15683791538079578, "rollout": 0.15683791538079578}
{"event": "optimizer_step", "step": 140, "regime": "hopf", "loss": 0.8845375462745627, "one": 0.8726521839077274, "rollout": 0.8726521839077274}
{"event": "optimizer_step", "step": 160, "regime": "hopf", "loss": 0.7436721585690975, "one": 0.7316150357946754, "rollout": 0.7316150357946754}
{"event": "optimizer_step", "step": 180, "regime": "hopf", "loss": 0.025612195022404197, "one": 0.013602806565662226, "rollout": 0.013602806565662226}
{"event": "optimizer_step", "step": 200, "regime": "hopf", "loss": 0.1682425799469153, "one": 0.15598051125804582, "rollout": 0.15598051125804582}
{"event": "optimizer_step", "step": 220, "regime": "hopf", "loss": 5.131223857402802, "one": 5.1193568495412665, "rollout": 5.1193568495412665}
{"event": "optimizer_step", "step": 240, "regime": "hopf", "loss": 0.054605803762873016, "one": 0.04216411213080088, "rollout": 0.04216411213080088}
{"event": "optimizer_step", "step": 260, "regime": "hopf", "loss": 0.02212377016743024, "one": 0.010288639304538567, "rollout": 0.010288639304538567}
{"event": "optimizer_step", "step": 280, "regime": "hopf", "loss": 0.1548525852461656, "one": 0.1429804563522339, "rollout": 0.1429804563522339}
{"event": "optimizer_step", "step": 300, "regime": "hopf", "loss": 0.03168385103344917, "one": 0.01974653669943412, "rollout": 0.01974653669943412}
{"event": "optimizer_step", "step": 320, "regime": "hopf", "loss": 0.13820864570637545, "one": 0.12621498107910156, "rollout": 0.12621498107910156}
{"event": "optimizer_step", "step": 340, "regime": "hopf", "loss": 1.1494634598493576, "one": 1.1373654777805011, "rollout": 1.1373654777805011}
{"event": "optimizer_step", "step": 360, "regime": "hopf", "loss": 0.09830367689331372, "one": 0.0863529263685147, "rollout": 0.0863529263685147}
{"event": "optimizer_step", "step": 380, "regime": "hopf", "loss": 0.2473722274104754, "one": 0.2354686101898551, "rollout": 0.2354686101898551}
{"event": "optimizer_step", "step": 400, "regime": "hopf", "loss": 0.07813389599323273, "one": 0.06628882590060434, "rollout": 0.06628882590060434}
{"event": "optimizer_step", "step": 420, "regime": "hopf", "loss": 0.01810046285390854, "one": 0.0063121469380954896, "rollout": 0.0063121469380954896}
{"event": "optimizer_step", "step": 440, "regime": "hopf", "loss": 0.06679200753569603, "one": 0.05498768979062636, "rollout": 0.05498768979062636}
{"event": "optimizer_step", "step": 460, "regime": "hopf", "loss": 0.3635517687847217, "one": 0.3516785940155387, "rollout": 0.3516785940155387}
{"event": "optimizer_step", "step": 480, "regime": "hopf", "loss": 0.0457273293286562, "one": 0.033856221164266266, "rollout": 0.033856221164266266}
{"event": "optimizer_step", "step": 500, "regime": "hopf", "loss": 0.2548620452483495, "one": 0.2430309645521144, "rollout": 0.2430309645521144}
{"event": "optimizer_step", "step": 520, "regime": "hopf", "loss": 2.9916568311552205, "one": 2.97987752687186, "rollout": 2.97987752687186}
{"event": "optimizer_step", "step": 540, "regime": "hopf", "loss": 1.0599638807276885, "one": 1.0482195590933165, "rollout": 1.0482195590933165}
{"event": "optimizer_step", "step": 560, "regime": "hopf", "loss": 2.19170998968184, "one": 2.179936596813301, "rollout": 2.179936596813301}
{"event": "optimizer_step", "step": 580, "regime": "hopf", "loss": 1.3686940086384614, "one": 1.356989764298002, "rollout": 1.356989764298002}
{"event": "optimizer_step", "step": 600, "regime": "hopf", "loss": 0.1684557485083739, "one": 0.1565905852864186, "rollout": 0.1565905852864186}
{"event": "optimizer_step", "step": 620, "regime": "hopf", "loss": 0.031845085943738624, "one": 0.020101644409199555, "rollout": 0.020101644409199555}
{"event": "optimizer_step", "step": 640, "regime": "hopf", "loss": 0.4824508509288231, "one": 0.47068481271465623, "rollout": 0.47068481271465623}
{"event": "optimizer_step", "step": 660, "regime": "hopf", "loss": 0.05359868208567301, "one": 0.04185393049071232, "rollout": 0.04185393049071232}
{"event": "optimizer_step", "step": 680, "regime": "hopf", "loss": 0.03178493678569794, "one": 0.020022845516602196, "rollout": 0.020022845516602196}
{"event": "optimizer_step", "step": 700, "regime": "hopf", "loss": 0.02352805249392986, "one": 0.01170920425405105, "rollout": 0.01170920425405105}
{"event": "optimizer_step", "step": 720, "regime": "hopf", "loss": 3.8359280358999968, "one": 3.824061456679677, "rollout": 3.824061456679677}
{"event": "optimizer_step", "step": 740, "regime": "hopf", "loss": 0.06792118772864342, "one": 0.05619821107635896, "rollout": 0.05619821107635896}
{"event": "optimizer_step", "step": 760, "regime": "hopf", "loss": 0.1668179544309775, "one": 0.15508388976256055, "rollout": 0.15508388976256055}
{"event": "optimizer_step", "step": 780, "regime": "hopf", "loss": 0.7261668896923462, "one": 0.7144311023876071, "rollout": 0.7144311023876071}
{"event": "optimizer_step", "step": 800, "regime": "hopf", "loss": 0.2343040059010188, "one": 0.22252562021215758, "rollout": 0.22252562021215758}
{"event": "optimizer_step", "step": 820, "regime": "hopf", "loss": 1.7220419608056545, "one": 1.7103338095669947, "rollout": 1.7103338095669947}
{"event": "optimizer_step", "step": 840, "regime": "hopf", "loss": 0.9676813644667466, "one": 0.955953462049365, "rollout": 0.955953462049365}
{"event": "optimizer_step", "step": 860, "regime": "hopf", "loss": 0.042380506793657936, "one": 0.03066962957382202, "rollout": 0.03066962957382202}
{"event": "optimizer_step", "step": 880, "regime": "hopf", "loss": 0.05778450767199198, "one": 0.04600438941270112, "rollout": 0.04600438941270112}
{"event": "optimizer_step", "step": 900, "regime": "hopf", "loss": 0.03682224079966545, "one": 0.025054702380051218, "rollout": 0.025054702380051218}
{"event": "optimizer_step", "step": 920, "regime": "hopf", "loss": 1.2784402860949438, "one": 1.266696625078718, "rollout": 1.266696625078718}
{"event": "optimizer_step", "step": 940, "regime": "hopf", "loss": 0.03046752760807673, "one": 0.018682789367934067, "rollout": 0.018682789367934067}
{"event": "optimizer_step", "step": 960, "regime": "hopf", "loss": 1.4290945939719675, "one": 1.4172787236360211, "rollout": 1.4172787236360211}
{"event": "optimizer_step", "step": 980, "regime": "hopf", "loss": 0.03860362091412147, "one": 0.026834494511907298, "rollout": 0.026834494511907298}
{"event": "optimizer_step", "step": 1000, "regime": "hopf", "loss": 0.07871932536363602, "one": 0.0669811957826217, "rollout": 0.0669811957826217}
{"event": "optimizer_step", "step": 1020, "regime": "hopf", "loss": 0.020652392879128456, "one": 0.008877638416985672, "rollout": 0.008877638416985672}
{"event": "optimizer_step", "step": 1040, "regime": "hopf", "loss": 0.05410116910934448, "one": 0.04228754015639424, "rollout": 0.04228754015639424}
{"event": "optimizer_step", "step": 1060, "regime": "hopf", "loss": 0.046884333714842796, "one": 0.035141589740912124, "rollout": 0.035141589740912124}
{"event": "optimizer_step", "step": 1080, "regime": "hopf", "loss": 6.923018962144852, "one": 6.911264377335708, "rollout": 6.911264377335708}
{"event": "optimizer_step", "step": 1100, "regime": "hopf", "loss": 0.4670719588175416, "one": 0.45527940088262164, "rollout": 0.45527940088262164}
{"event": "optimizer_step", "step": 1120, "regime": "hopf", "loss": 0.022892958795030914, "one": 0.011057212483137846, "rollout": 0.011057212483137846}
{"event": "optimizer_step", "step": 1140, "regime": "hopf", "loss": 1.3123270214224854, "one": 1.3005093162258465, "rollout": 1.3005093162258465}
{"event": "optimizer_step", "step": 1160, "regime": "hopf", "loss": 0.020533677811423935, "one": 0.008705464657396078, "rollout": 0.008705464657396078}
{"event": "optimizer_step", "step": 1180, "regime": "hopf", "loss": 0.0763403760890166, "one": 0.06427268280337255, "rollout": 0.06427268280337255}
{"event": "optimizer_step", "step": 1200, "regime": "hopf", "loss": 0.12595702024797598, "one": 0.11392998912682137, "rollout": 0.11392998912682137}
{"event": "optimizer_step", "step": 1220, "regime": "hopf", "loss": 1.2610050700604916, "one": 1.249135852791369, "rollout": 1.249135852791369}
{"event": "optimizer_step", "step": 1240, "regime": "hopf", "loss": 0.018268626183271408, "one": 0.006167704161877434, "rollout": 0.006167704161877434}
{"event": "optimizer_step", "step": 1260, "regime": "hopf", "loss": 0.1971311947951714, "one": 0.18502507638186216, "rollout": 0.18502507638186216}
{"event": "optimizer_step", "step": 1280, "regime": "hopf", "loss": 0.19593686796724794, "one": 0.18379621246519187, "rollout": 0.18379621246519187}
{"event": "optimizer_step", "step": 1300, "regime": "hopf", "loss": 5.342306537864109, "one": 5.329734152105326, "rollout": 5.329734152105326}
{"event": "optimizer_step", "step": 1320, "regime": "hopf", "loss": 0.017727625866731007, "one": 0.0057923927282293635, "rollout": 0.0057923927282293635}
{"event": "optimizer_step", "step": 1340, "regime": "hopf", "loss": 0.06261155102401972, "one": 0.05061775376088917, "rollout": 0.05061775376088917}
{"event": "optimizer_step", "step": 1360, "regime": "hopf", "loss": 0.41993765781323117, "one": 0.408014735362182, "rollout": 0.408014735362182}
{"event": "optimizer_step", "step": 1380, "regime": "hopf", "loss": 0.0363197922706604, "one": 0.02448819655304154, "rollout": 0.02448819655304154}
{"event": "optimizer_step", "step": 1400, "regime": "hopf", "loss": 0.02817850063244502, "one": 0.016335522135098774, "rollout": 0.016335522135098774}
{"event": "optimizer_step", "step": 1420, "regime": "hopf", "loss": 0.1978668204198281, "one": 0.1860581375658512, "rollout": 0.1860581375658512}
{"event": "optimizer_step", "step": 1440, "regime": "hopf", "loss": 0.044959865200022854, "one": 0.03311087400652468, "rollout": 0.03311087400652468}
{"event": "optimizer_step", "step": 1460, "regime": "hopf", "loss": 0.15947712833682698, "one": 0.14755289955064654, "rollout": 0.14755289955064654}
{"event": "optimizer_step", "step": 1480, "regime": "hopf", "loss": 0.7396371761957804, "one": 0.7277978733181953, "rollout": 0.7277978733181953}
{"event": "optimizer_step", "step": 1500, "regime": "hopf", "loss": 0.014012210691968601, "one": 0.0022386577135572834, "rollout": 0.0022386577135572834}
{"event": "optimizer_step", "step": 1520, "regime": "hopf", "loss": 0.12529717416812977, "one": 0.11341440557346989, "rollout": 0.11341440557346989}
{"event": "optimizer_step", "step": 1540, "regime": "hopf", "loss": 0.06093216439088186, "one": 0.04904496972449124, "rollout": 0.04904496972449124}
{"event": "optimizer_step", "step": 1560, "regime": "hopf", "loss": 3.898000631170968, "one": 3.886157860668997, "rollout": 3.886157860668997}
{"event": "optimizer_step", "step": 1580, "regime": "hopf", "loss": 0.01499225354442994, "one": 0.0031919114214057727, "rollout": 0.0031919114214057727}
{"event": "optimizer_step", "step": 1600, "regime": "hopf", "loss": 0.040020730036000415, "one": 0.028209782283132277, "rollout": 0.028209782283132277}
{"event": "optimizer_step", "step": 1620, "regime": "hopf", "loss": 4.645125155026713, "one": 4.633291132748127, "rollout": 4.633291132748127}
{"event": "optimizer_step", "step": 1640, "regime": "hopf", "loss": 0.04506269407769044, "one": 0.033244957526524864, "rollout": 0.033244957526524864}
{"event": "optimizer_step", "step": 1660, "regime": "hopf", "loss": 0.025982309132814407, "one": 0.014179117977619171, "rollout": 0.014179117977619171}
{"event": "optimizer_step", "step": 1680, "regime": "hopf", "loss": 0.017777221898237865, "one": 0.006040519646679361, "rollout": 0.006040519646679361}
{"event": "optimizer_step", "step": 1700, "regime": "hopf", "loss": 0.24593512807041407, "one": 0.2342064492404461, "rollout": 0.2342064492404461}
{"event": "optimizer_step", "step": 1720, "regime": "hopf", "loss": 0.04570657356331746, "one": 0.03393292217515409, "rollout": 0.03393292217515409}
{"event": "optimizer_step", "step": 1740, "regime": "hopf", "loss": 0.08500473573803902, "one": 0.07325247876966993, "rollout": 0.07325247876966993}
{"event": "optimizer_step", "step": 1760, "regime": "hopf", "loss": 0.02017446979880333, "one": 0.00838993520786365, "rollout": 0.00838993520786365}
{"event": "optimizer_step", "step": 1780, "regime": "hopf", "loss": 0.049532857413093254, "one": 0.03774085778665418, "rollout": 0.03774085778665418}
{"event": "optimizer_step", "step": 1800, "regime": "hopf", "loss": 0.017152834683656693, "one": 0.005431945668533445, "rollout": 0.005431945668533445}
{"event": "optimizer_step", "step": 1820, "regime": "hopf", "loss": 4.476301134874423, "one": 4.46453372235798, "rollout": 4.46453372235798}
{"event": "optimizer_step", "step": 1840, "regime": "hopf", "loss": 0.14591505999366441, "one": 0.13402302159617346, "rollout": 0.13402302159617346}
{"event": "optimizer_step", "step": 1860, "regime": "hopf", "loss": 0.0505150913571318, "one": 0.0387858710406969, "rollout": 0.0387858710406969}
{"event": "optimizer_step", "step": 1880, "regime": "hopf", "loss": 0.06301582356293997, "one": 0.051246784627437585, "rollout": 0.051246784627437585}
{"event": "optimizer_step", "step": 1900, "regime": "hopf", "loss": 0.018730736958483856, "one": 0.006935774115845561, "rollout": 0.006935774115845561}
{"event": "optimizer_step", "step": 1920, "regime": "hopf", "loss": 0.017547101403276127, "one": 0.005803044730176528, "rollout": 0.005803044730176528}
{"event": "optimizer_step", "step": 1940, "regime": "hopf", "loss": 0.0373462550342083, "one": 0.025593765856077273, "rollout": 0.025593765856077273}
{"event": "optimizer_step", "step": 1960, "regime": "hopf", "loss": 0.01668815966695547, "one": 0.004968026963373025, "rollout": 0.004968026963373025}
{"event": "optimizer_step", "step": 1980, "regime": "hopf", "loss": 0.14502964665492377, "one": 0.13329723201847324, "rollout": 0.13329723201847324}
{"event": "optimizer_step", "step": 2000, "regime": "hopf", "loss": 0.02786099103589853, "one": 0.01609385230888923, "rollout": 0.01609385230888923}
{"event": "optimizer_step", "step": 2020, "regime": "hopf", "loss": 0.18676325989266235, "one": 0.08088473323732615, "rollout": 0.2091364519049724}
{"event": "optimizer_step", "step": 2040, "regime": "hopf", "loss": 0.030416598543524742, "one": 0.011398745545496544, "rollout": 0.01607751396174232}
{"event": "optimizer_step", "step": 2060, "regime": "hopf", "loss": 0.19194217522939044, "one": 0.1025990160803, "rollout": 0.17239579744637012}
{"event": "optimizer_step", "step": 2080, "regime": "hopf", "loss": 0.09910746415456136, "one": 0.04555464256554842, "rollout": 0.09287886321544647}
{"event": "optimizer_step", "step": 2100, "regime": "hopf", "loss": 0.01534617537011703, "one": 0.0017935173721828808, "rollout": 0.003946021238031487}
{"event": "optimizer_step", "step": 2120, "regime": "hopf", "loss": 1.622940219938755, "one": 1.0131927655311301, "rollout": 1.328908852301538}
{"event": "optimizer_step", "step": 2140, "regime": "hopf", "loss": 3.8224732143183546, "one": 2.267987328891953, "rollout": 3.4283515388766928}
{"event": "optimizer_step", "step": 2160, "regime": "hopf", "loss": 0.82088761155804, "one": 0.5036788584354023, "rollout": 0.6787938863659899}
{"event": "optimizer_step", "step": 2180, "regime": "hopf", "loss": 1.1409448956449828, "one": 0.7412622980773449, "rollout": 0.8616849867006143}
{"event": "optimizer_step", "step": 2200, "regime": "hopf", "loss": 0.6932784418265026, "one": 0.4290228739070396, "rollout": 0.5611502747051419}
{"event": "optimizer_step", "step": 2220, "regime": "hopf", "loss": 0.018301415567596756, "one": 0.0031596564173620814, "rollout": 0.0075013844956022995}
{"event": "optimizer_step", "step": 2240, "regime": "hopf", "loss": 0.0257261140892903, "one": 0.006700044497847557, "rollout": 0.016165071943153937}
{"event": "optimizer_step", "step": 2260, "regime": "hopf", "loss": 4.558736615503827, "one": 2.9159871202039844, "rollout": 3.6243638242594898}
{"event": "optimizer_step", "step": 2280, "regime": "hopf", "loss": 1.2936232089996338, "one": 0.7490274657805761, "rollout": 1.1840317249298096}
{"event": "optimizer_step", "step": 2300, "regime": "hopf", "loss": 0.04881227823595206, "one": 0.017926588596310467, "rollout": 0.042552158779775105}
{"event": "optimizer_step", "step": 2320, "regime": "hopf", "loss": 0.1833396026243766, "one": 0.02728751573401193, "rollout": 0.3206131771827737}
{"event": "optimizer_step", "step": 2340, "regime": "hopf", "loss": 0.07348539711286625, "one": 0.04226532498917853, "rollout": 0.04329062280400346}
{"event": "optimizer_step", "step": 2360, "regime": "hopf", "loss": 0.031812463576594986, "one": 0.010125922660032908, "rollout": 0.02212306143095096}
{"event": "optimizer_step", "step": 2380, "regime": "hopf", "loss": 0.019878700996438663, "one": 0.0041374476471294965, "rollout": 0.00895299556820343}
{"event": "optimizer_step", "step": 2400, "regime": "hopf", "loss": 0.19669915239016214, "one": 0.10252509266138077, "rollout": 0.18321500470240912}
{"event": "optimizer_step", "step": 2420, "regime": "hopf", "loss": 0.019715360055367153, "one": 0.004362603106225531, "rollout": 0.00786843616515398}
{"event": "optimizer_step", "step": 2440, "regime": "hopf", "loss": 0.42901754193007946, "one": 0.19670428324025124, "rollout": 0.4901131660832713}
{"event": "optimizer_step", "step": 2460, "regime": "hopf", "loss": 0.026508196567495666, "one": 0.007918693435688812, "rollout": 0.015153173202027876}
{"event": "optimizer_step", "step": 2480, "regime": "hopf", "loss": 0.01514936052262783, "one": 0.0017205084053178628, "rollout": 0.003364778899898132}
{"event": "optimizer_step", "step": 2500, "regime": "hopf", "loss": 0.014505147002637386, "one": 0.0015325290927042565, "rollout": 0.002620771895938863}
{"event": "optimizer_step", "step": 2520, "regime": "hopf", "loss": 0.013693230226635933, "one": 0.0009575962370339159, "rollout": 0.0021093728913304704}
{"event": "optimizer_step", "step": 2540, "regime": "hopf", "loss": 0.116427356377244, "one": 0.06207495958854754, "rollout": 0.09470457397401333}
{"event": "optimizer_step", "step": 2560, "regime": "hopf", "loss": 0.01858184145142635, "one": 0.004079373010123769, "rollout": 0.006075577189524969}
{"event": "optimizer_step", "step": 2580, "regime": "hopf", "loss": 0.025775071854392685, "one": 0.007245619470874468, "rollout": 0.014858260285109282}
{"event": "optimizer_step", "step": 2600, "regime": "hopf", "loss": 0.10741571212808292, "one": 0.045108475644762315, "rollout": 0.11221426321814458}
{"event": "optimizer_step", "step": 2620, "regime": "hopf", "loss": 0.16219783263901869, "one": 0.09929863852448761, "rollout": 0.11365836191301544}
{"event": "optimizer_step", "step": 2640, "regime": "hopf", "loss": 0.09502835975339016, "one": 0.03832138457801193, "rollout": 0.09985199997512002}
{"event": "optimizer_step", "step": 2660, "regime": "hopf", "loss": 0.048377033323049545, "one": 0.02167087746784091, "rollout": 0.03322399888808529}
{"event": "optimizer_step", "step": 2680, "regime": "hopf", "loss": 0.020858353935182095, "one": 0.005150198470801115, "rollout": 0.008804613258689642}
{"event": "optimizer_step", "step": 2700, "regime": "hopf", "loss": 0.027010998999079067, "one": 0.007365774537902325, "rollout": 0.017479437131745122}
{"event": "optimizer_step", "step": 2720, "regime": "hopf", "loss": 0.017984830774366856, "one": 0.0031536802028616267, "rollout": 0.006846950117809077}
{"event": "optimizer_step", "step": 2740, "regime": "hopf", "loss": 0.8887268006801605, "one": 0.5795303829169521, "rollout": 0.6610164841016134}
{"event": "optimizer_step", "step": 2760, "regime": "hopf", "loss": 0.918953240228196, "one": 0.4738516889434929, "rollout": 0.962865348206833}
{"event": "optimizer_step", "step": 2780, "regime": "hopf", "loss": 0.028919823467731476, "one": 0.009052223176695406, "rollout": 0.017975456857432924}
{"event": "optimizer_step", "step": 2800, "regime": "hopf", "loss": 0.2063862020149827, "one": 0.0953521797588716, "rollout": 0.22056257522975406}
{"event": "optimizer_step", "step": 2820, "regime": "hopf", "loss": 0.08875090721994638, "one": 0.04343895020429045, "rollout": 0.07461038835269089}
{"event": "optimizer_step", "step": 2840, "regime": "hopf", "loss": 0.016165906563401222, "one": 0.0023264521344875297, "rollout": 0.004640369598443309}
{"event": "optimizer_step", "step": 2860, "regime": "hopf", "loss": 0.019548257502416767, "one": 0.004610656236764044, "rollout": 0.007135045093794664}
{"event": "optimizer_step", "step": 2880, "regime": "hopf", "loss": 0.023762034873167675, "one": 0.0064475333007673425, "rollout": 0.012320322915911674}
{"event": "optimizer_step", "step": 2900, "regime": "hopf", "loss": 0.054726485162973404, "one": 0.021853602297293644, "rollout": 0.04691177982992182}
{"event": "optimizer_step", "step": 2920, "regime": "hopf", "loss": 0.1086604380980134, "one": 0.054188582968587674, "rollout": 0.09488113822105029}
{"event": "optimizer_step", "step": 2940, "regime": "hopf", "loss": 0.08358996144185464, "one": 0.04582079144893214, "rollout": 0.05782404157798737}
{"event": "optimizer_step", "step": 2960, "regime": "hopf", "loss": 0.03150878846645355, "one": 0.009336126269772649, "rollout": 0.02319727993259827}
{"event": "optimizer_step", "step": 2980, "regime": "hopf", "loss": 0.02602497643480698, "one": 0.008100938439990083, "rollout": 0.013723820991193255}
{"event": "optimizer_step", "step": 3000, "regime": "hopf", "loss": 0.04886304711302122, "one": 0.021023171624013532, "rollout": 0.03579006421690186}
{"event": "optimizer_step", "step": 3020, "regime": "hopf", "loss": 0.4933820276831587, "one": 0.30962185696019634, "rollout": 0.3822804615483619}
{"event": "optimizer_step", "step": 3040, "regime": "hopf", "loss": 0.019834840359787144, "one": 0.0048941608595972266, "rollout": 0.0070927782605091725}
{"event": "optimizer_step", "step": 3060, "regime": "hopf", "loss": 0.11507847687850396, "one": 0.04793412300447623, "rollout": 0.12312841042876244}
{"event": "optimizer_step", "step": 3080, "regime": "hopf", "loss": 0.017857211641967297, "one": 0.0033514082509403425, "rollout": 0.006162587242821852}
{"event": "optimizer_step", "step": 3100, "regime": "hopf", "loss": 0.013608334275583424, "one": 0.0010674815178693582, "rollout": 0.0017257974444267652}
{"event": "optimizer_step", "step": 3120, "regime": "hopf", "loss": 0.022637348622083664, "one": 0.006094130493390064, "rollout": 0.01071168315441658}
{"event": "optimizer_step", "step": 3140, "regime": "hopf", "loss": 0.02273211566110452, "one": 0.00618092382986409, "rollout": 0.010692673968151212}
{"event": "optimizer_step", "step": 3160, "regime": "hopf", "loss": 0.04680425270150105, "one": 0.019651739896895982, "rollout": 0.03420898038893939}
{"event": "optimizer_step", "step": 3180, "regime": "hopf", "loss": 0.20070006822546324, "one": 0.1312230235586564, "rollout": 0.12824366412435967}
{"event": "optimizer_step", "step": 3200, "regime": "hopf", "loss": 0.14702269000311693, "one": 0.06898956326767802, "rollout": 0.14734175552924472}
{"event": "optimizer_step", "step": 3220, "regime": "hopf", "loss": 0.01558317927022775, "one": 0.001924247325708469, "rollout": 0.004256407575060924}
{"event": "optimizer_step", "step": 3240, "regime": "hopf", "loss": 1.900254984696706, "one": 1.2396533240874608, "rollout": 1.441908597946167}
{"event": "optimizer_step", "step": 3260, "regime": "hopf", "loss": 0.03806621395051479, "one": 0.015119465000073735, "rollout": 0.024913297694486875}
{"event": "optimizer_step", "step": 3280, "regime": "hopf", "loss": 2.3267583878089986, "one": 1.0086606927216053, "rollout": 2.903045113043239}
{"event": "optimizer_step", "step": 3300, "regime": "hopf", "loss": 0.06374608911573887, "one": 0.02361880048799018, "rollout": 0.06313948441917697}
{"event": "optimizer_step", "step": 3320, "regime": "hopf", "loss": 0.01334041419128577, "one": 0.0008578012057114393, "rollout": 0.0016199638679002724}
{"event": "optimizer_step", "step": 3340, "regime": "hopf", "loss": 0.19217534021784863, "one": 0.11407361373615763, "rollout": 0.14748400659300387}
{"event": "optimizer_step", "step": 3360, "regime": "hopf", "loss": 0.019251214961210888, "one": 0.004008923307992518, "rollout": 0.007731097983196378}
{"event": "optimizer_step", "step": 3380, "regime": "hopf", "loss": 0.013373843083779018, "one": 0.000937701998433719, "rollout": 0.0015659981872886417}
{"event": "optimizer_step", "step": 3400, "regime": "hopf", "loss": 0.15129737214495736, "one": 0.09645964255711685, "rollout": 0.09576017370757958}
{"event": "optimizer_step", "step": 3420, "regime": "hopf", "loss": 0.012921455005804699, "one": 0.0005951141259477784, "rollout": 0.0011856665563148756}
{"event": "optimizer_step", "step": 3440, "regime": "hopf", "loss": 0.01554001619418462, "one": 0.001754289531769852, "rollout": 0.004586638727535804}
{"event": "optimizer_step", "step": 3460, "regime": "hopf", "loss": 0.0479187419017156, "one": 0.0189046625358363, "rollout": 0.0383848628650109}
{"event": "optimizer_step", "step": 3480, "regime": "hopf", "loss": 0.2700727119420966, "one": 0.18255718145519495, "rollout": 0.16826485733812052}
{"event": "optimizer_step", "step": 3500, "regime": "hopf", "loss": 0.012479516056676705, "one": 0.00036362867588953424, "rollout": 0.0007942738011479378}
{"event": "optimizer_step", "step": 3520, "regime": "hopf", "loss": 0.02609984762966633, "one": 0.006501251453300938, "rollout": 0.017459561815485358}
{"event": "optimizer_step", "step": 3540, "regime": "hopf", "loss": 0.03978431752572457, "one": 0.01791641814634204, "rollout": 0.02237888778715084}
{"event": "optimizer_step", "step": 3560, "regime": "hopf", "loss": 0.4893099035446843, "one": 0.19974360952619463, "rollout": 0.6173442226524155}
{"event": "optimizer_step", "step": 3580, "regime": "hopf", "loss": 0.6076797218993306, "one": 0.3129557870755283, "rollout": 0.6288737358214954}
{"event": "optimizer_step", "step": 3600, "regime": "hopf", "loss": 0.02912865641216437, "one": 0.011534326787417134, "rollout": 0.01306624124602725}
{"event": "optimizer_step", "step": 3620, "regime": "hopf", "loss": 0.20657974543670812, "one": 0.1192907160584582, "rollout": 0.1679525223832267}
{"event": "optimizer_step", "step": 3640, "regime": "hopf", "loss": 0.01989660443117221, "one": 0.004140449532618126, "rollout": 0.008987795561552048}
{"event": "optimizer_step", "step": 3660, "regime": "hopf", "loss": 0.1211019791662693, "one": 0.06618330961403747, "rollout": 0.09600583122422297}
{"event": "optimizer_step", "step": 3680, "regime": "hopf", "loss": 0.043822843270997204, "one": 0.01685584072644512, "rollout": 0.03391112689860165}
{"event": "optimizer_step", "step": 3700, "regime": "hopf", "loss": 0.016806813577810924, "one": 0.002990160573972389, "rollout": 0.004622636401715378}
{"event": "optimizer_step", "step": 3720, "regime": "hopf", "loss": 0.014198624218503634, "one": 0.0012450012921666107, "rollout": 0.0026663748625045023}
{"event": "optimizer_step", "step": 3740, "regime": "hopf", "loss": 0.02388482168316841, "one": 0.004911469218010704, "rollout": 0.016129398873696726}
{"event": "optimizer_step", "step": 3760, "regime": "hopf", "loss": 0.017921307434638344, "one": 0.0038162624308218556, "rollout": 0.005256183523063859}
{"event": "optimizer_step", "step": 3780, "regime": "hopf", "loss": 0.013218142402668793, "one": 0.0007217209786176682, "rollout": 0.0017059838476901255}
{"event": "optimizer_step", "step": 3800, "regime": "hopf", "loss": 0.013724009195963543, "one": 0.0011323182843625546, "rollout": 0.0019464932847768068}
{"event": "optimizer_step", "step": 3820, "regime": "hopf", "loss": 0.02076671396692594, "one": 0.003454747376963496, "rollout": 0.012465017382055521}
{"event": "optimizer_step", "step": 3840, "regime": "hopf", "loss": 0.015171797014772892, "one": 0.001799220102839172, "rollout": 0.0036538855250303945}
{"event": "optimizer_step", "step": 3860, "regime": "hopf", "loss": 0.015372577433784802, "one": 0.0019279808814947805, "rollout": 0.0038241851919641094}
{"event": "optimizer_step", "step": 3880, "regime": "hopf", "loss": 0.014372022201617561, "one": 0.0015363491256721316, "rollout": 0.0024591926097248993}
{"event": "optimizer_step", "step": 3900, "regime": "hopf", "loss": 0.015393107508619625, "one": 0.0019145965731392303, "rollout": 0.003911921521648765}
{"event": "optimizer_step", "step": 3920, "regime": "hopf", "loss": 0.08633154599616924, "one": 0.044444482560114316, "rollout": 0.06698242163596055}
{"event": "optimizer_step", "step": 3940, "regime": "hopf", "loss": 0.15232735127210617, "one": 0.0890605622359241, "rollout": 0.11459147064791371}
{"event": "optimizer_step", "step": 3960, "regime": "hopf", "loss": 0.04948600598921379, "one": 0.024226890736220714, "rollout": 0.03010594561540832}
{"event": "optimizer_step", "step": 3980, "regime": "hopf", "loss": 0.013713838532567024, "one": 0.0008727927731039624, "rollout": 0.0025209494245549044}
{"event": "optimizer_step", "step": 4000, "regime": "hopf", "loss": 0.0580942112331589, "one": 0.02626089893844134, "rollout": 0.04470601340290158}
{"event": "optimizer_step", "step": 4020, "regime": "hopf", "loss": 0.015706059212485947, "one": 0.0011964636505581439, "rollout": 0.006180809112265706}
{"event": "optimizer_step", "step": 4040, "regime": "hopf", "loss": 0.014267492418487869, "one": 0.0009090316210252544, "rollout": 0.0036506967153400183}
{"event": "optimizer_step", "step": 4060, "regime": "hopf", "loss": 0.02065723855048418, "one": 0.004345408660204461, "rollout": 0.01021671916047732}
{"event": "optimizer_step", "step": 4080, "regime": "hopf", "loss": 0.02013266986856858, "one": 0.003075570605384807, "rollout": 0.011841188961019117}
{"event": "optimizer_step", "step": 4100, "regime": "hopf", "loss": 0.17126130964607, "one": 0.06376973527949303, "rollout": 0.2128147630331417}
{"event": "optimizer_step", "step": 4120, "regime": "hopf", "loss": 0.017981895556052528, "one": 0.0026434656416919706, "rollout": 0.008026880289738378}
{"event": "optimizer_step", "step": 4140, "regime": "hopf", "loss": 0.01643989235162735, "one": 0.0030171721785639725, "rollout": 0.0037091806686172886}
{"event": "optimizer_step", "step": 4160, "regime": "hopf", "loss": 0.025312475549678005, "one": 0.00763841896938781, "rollout": 0.01323353157689174}
{"event": "optimizer_step", "step": 4180, "regime": "hopf", "loss": 0.012916696878770985, "one": 0.00036235877875393874, "rollout": 0.0018881698682283363}
{"event": "optimizer_step", "step": 4200, "regime": "hopf", "loss": 0.012884680802623432, "one": 0.00041224218148272485, "rollout": 0.0017005467088893056}
{"event": "optimizer_step", "step": 4220, "regime": "hopf", "loss": 0.028973604552447796, "one": 0.003540526619569088, "rollout": 0.030504726300326485}
{"event": "optimizer_step", "step": 4240, "regime": "hopf", "loss": 0.014708417157332104, "one": 0.0010244017951966575, "rollout": 0.00424968955727915}
{"event": "optimizer_step", "step": 4260, "regime": "hopf", "loss": 0.02241438813507557, "one": 0.0036318977751458683, "rollout": 0.015669981793810926}
{"event": "optimizer_step", "step": 4280, "regime": "hopf", "loss": 0.012241229725380737, "one": 0.0002045624545038057, "rollout": 0.0007631943444721402}
{"event": "optimizer_step", "step": 4300, "regime": "hopf", "loss": 0.012391637389858566, "one": 0.00022317742696031928, "rollout": 0.0010394871739360194}
{"event": "optimizer_step", "step": 4320, "regime": "hopf", "loss": 0.03683946157495181, "one": 0.011397549882531166, "rollout": 0.030347963174184166}
{"event": "optimizer_step", "step": 4340, "regime": "hopf", "loss": 0.29063620790839195, "one": 0.12525124477300173, "rollout": 0.3414569625941416}
{"event": "optimizer_step", "step": 4360, "regime": "hopf", "loss": 0.012508565559983253, "one": 0.00032110183383338153, "rollout": 0.0010326352591315906}
{"event": "optimizer_step", "step": 4380, "regime": "hopf", "loss": 0.013468372014661629, "one": 0.0006910470159103472, "rollout": 0.002396515492970745}
{"event": "optimizer_step", "step": 4400, "regime": "hopf", "loss": 0.01813681920369466, "one": 0.002625995082780719, "rollout": 0.008426790630134443}
{"event": "optimizer_step", "step": 4420, "regime": "hopf", "loss": 0.01987262660016616, "one": 0.0032784238380069537, "rollout": 0.010827198547000686}
{"event": "optimizer_step", "step": 4440, "regime": "hopf", "loss": 0.04496818967163563, "one": 0.016357945627532903, "rollout": 0.037510825864349805}
{"event": "optimizer_step", "step": 4460, "regime": "hopf", "loss": 0.013294083687166372, "one": 0.0006913409645979603, "rollout": 0.0019821833120658994}
{"event": "optimizer_step", "step": 4480, "regime": "hopf", "loss": 0.012894225617249809, "one": 0.000408606594040369, "rollout": 0.0017372972409551344}
{"event": "optimizer_step", "step": 4500, "regime": "hopf", "loss": 0.043178256290654346, "one": 0.018554622520847868, "rollout": 0.028710263354393344}
{"event": "optimizer_step", "step": 4520, "regime": "hopf", "loss": 0.01796027272939682, "one": 0.0027922006071700403, "rollout": 0.007734714386363824}
{"event": "optimizer_step", "step": 4540, "regime": "hopf", "loss": 0.014895889287193619, "one": 0.001352367039847498, "rollout": 0.004011035431176424}
{"event": "optimizer_step", "step": 4560, "regime": "hopf", "loss": 0.017910314723849297, "one": 0.0020923175810215375, "rollout": 0.009078760864213109}
{"event": "optimizer_step", "step": 4580, "regime": "hopf", "loss": 0.05226394161581993, "one": 0.02063105596850316, "rollout": 0.044195894772807755}
{"event": "optimizer_step", "step": 4600, "regime": "hopf", "loss": 0.0504142406086127, "one": 0.014494243388374645, "rollout": 0.053711800525585815}
{"event": "optimizer_step", "step": 4620, "regime": "hopf", "loss": 0.026419925192991894, "one": 0.008487496214608353, "rollout": 0.013498091449340185}
{"event": "optimizer_step", "step": 4640, "regime": "hopf", "loss": 0.016449714700380962, "one": 0.001927117593974496, "rollout": 0.00614104214279602}
{"event": "optimizer_step", "step": 4660, "regime": "hopf", "loss": 0.014074850206573803, "one": 0.0012206648631642263, "rollout": 0.0025067634414881468}
{"event": "optimizer_step", "step": 4680, "regime": "hopf", "loss": 0.06299852797140677, "one": 0.020182201638817787, "rollout": 0.06910460585883507}
{"event": "optimizer_step", "step": 4700, "regime": "hopf", "loss": 0.018460972234606743, "one": 0.0031289319740608335, "rollout": 0.008089527410144607}
{"event": "optimizer_step", "step": 4720, "regime": "hopf", "loss": 0.03924450961252054, "one": 0.008531923008073742, "rollout": 0.042189312943567835}
{"event": "optimizer_step", "step": 4740, "regime": "hopf", "loss": 0.015599714281658333, "one": 0.0016246868375067909, "rollout": 0.005023024665812651}
{"event": "optimizer_step", "step": 4760, "regime": "hopf", "loss": 0.02178857910136382, "one": 0.004464014520635828, "rollout": 0.012472052282343308}
{"event": "optimizer_step", "step": 4780, "regime": "hopf", "loss": 0.012561164175470669, "one": 0.0003874819764556984, "rollout": 0.00106896167077745}
{"event": "optimizer_step", "step": 4800, "regime": "hopf", "loss": 0.043221225341161094, "one": 0.01281855160292859, "rollout": 0.04152854601852596}
{"event": "optimizer_step", "step": 4820, "regime": "hopf", "loss": 0.01425223456074794, "one": 0.0011286279089593638, "rollout": 0.0030958710315947733}
{"event": "optimizer_step", "step": 4840, "regime": "hopf", "loss": 0.025566183341046173, "one": 0.004843399122667809, "rollout": 0.020038241171278063}
{"event": "optimizer_step", "step": 4860, "regime": "hopf", "loss": 0.013743490912020206, "one": 0.0007846963320237895, "rollout": 0.0027072415687143803}
{"event": "optimizer_step", "step": 4880, "regime": "hopf", "loss": 0.01467126018057267, "one": 0.0014861450496634159, "rollout": 0.0033081030317892632}
{"event": "optimizer_step", "step": 4900, "regime": "hopf", "loss": 0.0355849073578914, "one": 0.009653483284637332, "rollout": 0.03139713313430548}
{"event": "optimizer_step", "step": 4920, "regime": "hopf", "loss": 0.013596918433904648, "one": 0.0007692901563132182, "rollout": 0.0025452966995847723}
{"event": "optimizer_step", "step": 4940, "regime": "hopf", "loss": 0.020044910411039986, "one": 0.0033880566964702057, "rollout": 0.010906571250719328}
{"event": "optimizer_step", "step": 4960, "regime": "hopf", "loss": 0.05554120646168788, "one": 0.024177988413915347, "rollout": 0.043695047264918685}
{"event": "optimizer_step", "step": 4980, "regime": "hopf", "loss": 0.4469004441052676, "one": 0.05949160576953242, "rollout": 0.8348873743865017}
{"event": "optimizer_step", "step": 5000, "regime": "hopf", "loss": 0.012489997160931427, "one": 0.00035731345997191966, "rollout": 0.0009530359917941192}
{"event": "optimizer_step", "step": 5020, "regime": "hopf", "loss": 0.0315570260087649, "one": 0.005678561496703575, "rollout": 0.03154396296789249}
{"event": "optimizer_step", "step": 5040, "regime": "hopf", "loss": 0.013204938421646752, "one": 0.0004244042017186681, "rollout": 0.0022910814732313156}
{"event": "optimizer_step", "step": 5060, "regime": "hopf", "loss": 0.01223651971668005, "one": 0.00020830790405549732, "rollout": 0.0007061572687234728}
{"event": "optimizer_step", "step": 5080, "regime": "hopf", "loss": 0.018608877745767437, "one": 0.0013361267338041216, "rollout": 0.012323485764985282}
{"event": "optimizer_step", "step": 5100, "regime": "hopf", "loss": 0.02108339002976815, "one": 0.0034659628193670264, "rollout": 0.013050152764966091}
{"event": "optimizer_step", "step": 5120, "regime": "hopf", "loss": 0.015968071296811104, "one": 0.002256315856357105, "rollout": 0.004488771490287036}
{"event": "optimizer_step", "step": 5140, "regime": "hopf", "loss": 0.012582928563157719, "one": 0.00027279457329617196, "rollout": 0.0013567849916095534}
{"event": "optimizer_step", "step": 5160, "regime": "hopf", "loss": 0.013358016187946003, "one": 0.0007081394772588586, "rollout": 0.0020597826805897057}
{"event": "optimizer_step", "step": 5180, "regime": "hopf", "loss": 0.014774544164538383, "one": 0.0013447879076314468, "rollout": 0.003820967278443277}
{"event": "optimizer_step", "step": 5200, "regime": "hopf", "loss": 0.015673016508420307, "one": 0.001578532683197409, "rollout": 0.0053379179832215105}
{"event": "optimizer_step", "step": 5220, "regime": "hopf", "loss": 0.10501176398247479, "one": 0.014182533079292625, "rollout": 0.17578244742859775}
{"event": "optimizer_step", "step": 5240, "regime": "hopf", "loss": 0.014106481336057186, "one": 0.0010917680338025093, "rollout": 0.002934945611438404}
{"event": "optimizer_step", "step": 5260, "regime": "hopf", "loss": 0.017313027443985142, "one": 0.0018987987399062454, "rollout": 0.00824662538555761}
{"event": "optimizer_step", "step": 5280, "regime": "hopf", "loss": 0.014530638232827187, "one": 0.0012108619945744672, "rollout": 0.003512540463513384}
{"event": "optimizer_step", "step": 5300, "regime": "hopf", "loss": 0.020689851914842926, "one": 0.005543926517323902, "rollout": 0.007595896100004515}
{"event": "optimizer_step", "step": 5320, "regime": "hopf", "loss": 0.030688381443421047, "one": 0.010833236141479574, "rollout": 0.01807619270402938}
{"event": "optimizer_step", "step": 5340, "regime": "hopf", "loss": 0.016565694163242977, "one": 0.0022672304961209493, "rollout": 0.00576221583954369}
{"event": "optimizer_step", "step": 5360, "regime": "hopf", "loss": 0.012450438613692917, "one": 0.00028360894066281617, "rollout": 0.0010412500511544447}
{"event": "optimizer_step", "step": 5380, "regime": "hopf", "loss": 0.012318610524137817, "one": 0.00023512239082871625, "rollout": 0.0008311835505689184}
{"event": "optimizer_step", "step": 5400, "regime": "hopf", "loss": 0.01936894686271747, "one": 0.002484486423782073, "rollout": 0.01147002742315332}
{"event": "optimizer_step", "step": 5420, "regime": "hopf", "loss": 0.015745278758307297, "one": 0.0015118504719187815, "rollout": 0.005560860348244508}
{"event": "optimizer_step", "step": 5440, "regime": "hopf", "loss": 0.013368932840724785, "one": 0.0004925501707475632, "rollout": 0.0026203513455887633}
{"event": "optimizer_step", "step": 5460, "regime": "hopf", "loss": 0.012967325436572235, "one": 0.0004691994739308332, "rollout": 0.0017568023370889325}
{"event": "optimizer_step", "step": 5480, "regime": "hopf", "loss": 0.014039282066126663, "one": 0.0012321321992203593, "rollout": 0.0024582138867117465}
{"event": "optimizer_step", "step": 5500, "regime": "hopf", "loss": 0.04306694306433201, "one": 0.013159591277750831, "rollout": 0.040350002256066844}
{"event": "optimizer_step", "step": 5520, "regime": "hopf", "loss": 0.01884233361730973, "one": 0.003500473346017922, "rollout": 0.00806106786088397}
{"event": "optimizer_step", "step": 5540, "regime": "hopf", "loss": 0.02172638134409984, "one": 0.004259691685244131, "rollout": 0.01265336728344361}
{"event": "optimizer_step", "step": 5560, "regime": "hopf", "loss": 0.013831717583040398, "one": 0.0008502023993059993, "rollout": 0.002739722297216455}
{"event": "optimizer_step", "step": 5580, "regime": "hopf", "loss": 0.013479518393675487, "one": 0.0009484051649148264, "rollout": 0.0018736115501572686}
{"event": "optimizer_step", "step": 5600, "regime": "hopf", "loss": 0.01382085277388493, "one": 0.0013872610094646611, "rollout": 0.0015351249021477997}
{"event": "optimizer_step", "step": 5620, "regime": "hopf", "loss": 0.0373585969209671, "one": 0.011480338716258606, "rollout": 0.031461299397051334}
{"event": "optimizer_step", "step": 5640, "regime": "hopf", "loss": 0.05620588672657808, "one": 0.027220035359884303, "rollout": 0.03840031959892561}
{"event": "optimizer_step", "step": 5660, "regime": "hopf", "loss": 0.012525577408572037, "one": 0.00039151034434325993, "rollout": 0.0009822062565945089}
{"event": "optimizer_step", "step": 5680, "regime": "hopf", "loss": 0.019139147053162255, "one": 0.0028519134696883457, "rollout": 0.010174924042075872}
{"event": "optimizer_step", "step": 5700, "regime": "hopf", "loss": 0.01836891441295544, "one": 0.003867932769935578, "rollout": 0.006227183776597181}
{"event": "optimizer_step", "step": 5720, "regime": "hopf", "loss": 0.01716934299717347, "one": 0.003187631373293698, "rollout": 0.005027407062395166}
{"event": "optimizer_step", "step": 5740, "regime": "hopf", "loss": 0.014634849814077217, "one": 0.0011649737183082227, "rollout": 0.003932767004395525}
{"event": "optimizer_step", "step": 5760, "regime": "hopf", "loss": 0.01423153467476368, "one": 0.000998386909486726, "rollout": 0.003416594738761584}
{"event": "optimizer_step", "step": 5780, "regime": "hopf", "loss": 0.014934855202833809, "one": 0.0016147660207934678, "rollout": 0.003462460512916247}
{"event": "optimizer_step", "step": 5800, "regime": "hopf", "loss": 0.04221317047874133, "one": 0.01849624968599528, "rollout": 0.026666272315196693}
{"event": "optimizer_step", "step": 5820, "regime": "hopf", "loss": 0.012820691180725891, "one": 0.0005365145868078495, "rollout": 0.0012905554225047429}
{"event": "optimizer_step", "step": 5840, "regime": "hopf", "loss": 0.02751160661379496, "one": 0.008691485195110243, "rollout": 0.015852836581567924}
{"event": "optimizer_step", "step": 5860, "regime": "hopf", "loss": 0.013158603881796203, "one": 0.0005022984478273429, "rollout": 0.0021236555961271124}
{"event": "optimizer_step", "step": 5880, "regime": "hopf", "loss": 0.03317895842095216, "one": 0.005025327574306479, "rollout": 0.03652554587461054}
{"event": "optimizer_step", "step": 5900, "regime": "hopf", "loss": 0.012853655653695267, "one": 0.0005293339151345814, "rollout": 0.0013787997886538506}
{"event": "optimizer_step", "step": 5920, "regime": "hopf", "loss": 0.016697753531237442, "one": 0.0020739957108162344, "rollout": 0.006448759969013433}
{"event": "optimizer_step", "step": 5940, "regime": "hopf", "loss": 0.012732207775115967, "one": 0.0004289763601263985, "rollout": 0.0012896468397229908}
{"event": "optimizer_step", "step": 5960, "regime": "hopf", "loss": 0.019512902945280075, "one": 0.004768162703840062, "rollout": 0.0066869846389939385}
{"event": "optimizer_step", "step": 5980, "regime": "hopf", "loss": 0.2780914759884278, "one": 0.05857098929118365, "rollout": 0.46174153936832835}
{"event": "optimizer_step", "step": 6000, "regime": "hopf", "loss": 0.03580767009407282, "one": 0.01421323261456564, "rollout": 0.021871788892894983}
{"event": "optimizer_step", "step": 6020, "regime": "hopf", "loss": 0.015379965926210087, "one": 0.001267290722656374, "rollout": 0.005363088644420107}
{"event": "optimizer_step", "step": 6040, "regime": "hopf", "loss": 0.013776153946916263, "one": 0.0004215307029274603, "rollout": 0.0036312519417454796}
{"event": "optimizer_step", "step": 6060, "regime": "hopf", "loss": 0.18050757702440023, "one": 0.014215866904123686, "rollout": 0.34351016918662935}
{"event": "optimizer_step", "step": 6080, "regime": "hopf", "loss": 0.01351725279043118, "one": 0.000619992264546454, "rollout": 0.0026877332323541245}
{"event": "optimizer_step", "step": 6100, "regime": "hopf", "loss": 0.04548202517131964, "one": 0.007612139112704123, "rollout": 0.058176433512320117}
{"event": "optimizer_step", "step": 6120, "regime": "hopf", "loss": 0.030420076102018356, "one": 0.005659349844790994, "rollout": 0.02886465253929297}
{"event": "optimizer_step", "step": 6140, "regime": "hopf", "loss": 0.020917571149766445, "one": 0.0037445559088761606, "rollout": 0.01219264860264957}
{"event": "optimizer_step", "step": 6160, "regime": "hopf", "loss": 0.014194769163926443, "one": 0.0004484470264287666, "rollout": 0.00449085693495969}
{"event": "optimizer_step", "step": 6180, "regime": "hopf", "loss": 0.01378827231625716, "one": 0.00039731732006960857, "rollout": 0.003736750940637042}
{"event": "optimizer_step", "step": 6200, "regime": "hopf", "loss": 0.012874293451507889, "one": 0.00025323228328488767, "rollout": 0.0020132820354774594}
{"event": "optimizer_step", "step": 6220, "regime": "hopf", "loss": 0.13783796348919472, "one": 0.03569764087054257, "rollout": 0.20089635505185774}
{"event": "optimizer_step", "step": 6240, "regime": "hopf", "loss": 0.03168144542723894, "one": 0.010247872502077371, "rollout": 0.0216048012371175}
{"event": "optimizer_step", "step": 6260, "regime": "hopf", "loss": 0.019179060123860836, "one": 0.0023633465946962437, "rollout": 0.011344664070444804}
{"event": "optimizer_step", "step": 6280, "regime": "hopf", "loss": 0.012895062255362667, "one": 0.0003434194562335809, "rollout": 0.0019043860180924335}
{"event": "optimizer_step", "step": 6300, "regime": "hopf", "loss": 0.017389448980490368, "one": 0.0015763747699869175, "rollout": 0.009163013038535913}
{"event": "optimizer_step", "step": 6320, "regime": "hopf", "loss": 0.013980873549977936, "one": 0.0005416486722727617, "rollout": 0.003845957961554329}
{"event": "optimizer_step", "step": 6340, "regime": "hopf", "loss": 0.012490275626381237, "one": 0.00017301790406539416, "rollout": 0.0013616137439385056}
{"event": "optimizer_step", "step": 6360, "regime": "hopf", "loss": 0.019222556923826534, "one": 0.0018780010868795216, "rollout": 0.012462680228054522}
{"event": "optimizer_step", "step": 6380, "regime": "hopf", "loss": 0.015148429820934929, "one": 0.0014219982307016228, "rollout": 0.004537293163593858}
{"event": "optimizer_step", "step": 6400, "regime": "hopf", "loss": 0.013599046505987644, "one": 0.0005241055017298398, "rollout": 0.003038293546220909}
{"event": "optimizer_step", "step": 6420, "regime": "hopf", "loss": 0.012837530734638372, "one": 0.0002835535027164345, "rollout": 0.0019001929128232102}
{"event": "optimizer_step", "step": 6440, "regime": "hopf", "loss": 0.013321290723979473, "one": 0.0006313761502193908, "rollout": 0.0021686552402873835}
{"event": "optimizer_step", "step": 6460, "regime": "hopf", "loss": 0.01713490951806307, "one": 0.0009571791257864485, "rollout": 0.00995474906327824}
{"event": "optimizer_step", "step": 6480, "regime": "hopf", "loss": 0.02567449460426966, "one": 0.002933382143964991, "rollout": 0.024586738242457308}
{"event": "optimizer_step", "step": 6500, "regime": "hopf", "loss": 0.03279701837648948, "one": 0.00858277726608018, "rollout": 0.027807370604326326}
{"event": "optimizer_step", "step": 6520, "regime": "hopf", "loss": 0.017517566060026486, "one": 0.002018184789145986, "rollout": 0.008422182096789282}
{"event": "optimizer_step", "step": 6540, "regime": "hopf", "loss": 0.019671237406631313, "one": 0.0026485581571857133, "rollout": 0.011765922148091098}
{"event": "optimizer_step", "step": 6560, "regime": "hopf", "loss": 0.021808506920933723, "one": 0.001794222742319107, "rollout": 0.01838416097840915}
{"event": "optimizer_step", "step": 6580, "regime": "hopf", "loss": 0.013254561461508274, "one": 0.0007912163370444129, "rollout": 0.001720629263824473}
{"event": "optimizer_step", "step": 6600, "regime": "hopf", "loss": 0.014281108975410461, "one": 0.0010768474797563006, "rollout": 0.0033536477324863276}
{"event": "optimizer_step", "step": 6620, "regime": "hopf", "loss": 0.03589875468363365, "one": 0.005936948116868734, "rollout": 0.04050876460193346}
{"event": "optimizer_step", "step": 6640, "regime": "hopf", "loss": 0.10925910032043855, "one": 0.043017695240754016, "rollout": 0.12122611061204225}
{"event": "optimizer_step", "step": 6660, "regime": "hopf", "loss": 0.020443796490629516, "one": 0.003578564215179843, "rollout": 0.011344912578351797}
{"event": "optimizer_step", "step": 6680, "regime": "hopf", "loss": 0.012651413058241209, "one": 0.0004196298444488396, "rollout": 0.0012146778559933107}
{"event": "optimizer_step", "step": 6700, "regime": "hopf", "loss": 0.018205551120142143, "one": 0.0011732632216687002, "rollout": 0.011796170962043107}
{"event": "optimizer_step", "step": 6720, "regime": "hopf", "loss": 0.017799487027029198, "one": 0.0029168370723103485, "rollout": 0.007048396471266944}
{"event": "optimizer_step", "step": 6740, "regime": "hopf", "loss": 0.013850605425735317, "one": 0.000907971860821514, "rollout": 0.0027781932149082427}
{"event": "optimizer_step", "step": 6760, "regime": "hopf", "loss": 0.03229968311885993, "one": 0.004904078824135164, "rollout": 0.03479740652255714}
{"event": "optimizer_step", "step": 6780, "regime": "hopf", "loss": 0.015182097132007279, "one": 0.002051989868050441, "rollout": 0.003165564228159686}
{"event": "optimizer_step", "step": 6800, "regime": "hopf", "loss": 0.013628720305860043, "one": 0.0006594940447636569, "rollout": 0.002751660921300451}
{"event": "optimizer_step", "step": 6820, "regime": "hopf", "loss": 0.023706288697818916, "one": 0.005206139981358622, "rollout": 0.015057039369518558}
{"event": "optimizer_step", "step": 6840, "regime": "hopf", "loss": 0.012197891250252724, "one": 0.00015902763213186216, "rollout": 0.0007964203056568901}
{"event": "optimizer_step", "step": 6860, "regime": "hopf", "loss": 0.013530833336214224, "one": 0.0004464340260407577, "rollout": 0.0030269086516151824}
{"event": "optimizer_step", "step": 6880, "regime": "hopf", "loss": 0.03829187651475271, "one": 0.007300579609970252, "rollout": 0.042860696713129684}
{"event": "optimizer_step", "step": 6900, "regime": "hopf", "loss": 0.013576740088562172, "one": 0.0009531492202465112, "rollout": 0.0021081107358137765}
{"event": "optimizer_step", "step": 6920, "regime": "hopf", "loss": 0.024906239782770474, "one": 0.002044273171729098, "rollout": 0.024735244999950133}
{"event": "optimizer_step", "step": 6940, "regime": "hopf", "loss": 0.016888211170832317, "one": 0.002224590639040495, "rollout": 0.006533706095069647}
{"event": "optimizer_step", "step": 6960, "regime": "hopf", "loss": 0.01761914137750864, "one": 0.0014895901549607515, "rollout": 0.009647362710287174}
{"event": "optimizer_step", "step": 6980, "regime": "hopf", "loss": 0.012508477394779522, "one": 0.0002792526065604761, "rollout": 0.0011484840845999618}
{"event": "optimizer_step", "step": 7000, "regime": "hopf", "loss": 0.022694175131618977, "one": 0.003047987515553056, "rollout": 0.017408633759866156}
{"event": "optimizer_step", "step": 7020, "regime": "hopf", "loss": 0.017525724756220974, "one": 0.0018894561411192021, "rollout": 0.008565371856093407}
{"event": "optimizer_step", "step": 7040, "regime": "hopf", "loss": 0.012707434905072056, "one": 0.0002478298896069949, "rollout": 0.001686594138542811}
{"event": "optimizer_step", "step": 7060, "regime": "hopf", "loss": 0.012656811003883679, "one": 0.0003430202583937595, "rollout": 0.0013687408645637333}
{"event": "optimizer_step", "step": 7080, "regime": "hopf", "loss": 0.024671480370064575, "one": 0.003567482073170443, "rollout": 0.020882762347658474}
{"event": "optimizer_step", "step": 7100, "regime": "hopf", "loss": 0.039630406225721046, "one": 0.016724806181931246, "rollout": 0.024913482988874115}
{"event": "optimizer_step", "step": 7120, "regime": "hopf", "loss": 0.037664758041501045, "one": 0.004240167249614994, "rollout": 0.04825494531542063}
{"event": "optimizer_step", "step": 7140, "regime": "hopf", "loss": 0.014142665080726147, "one": 0.0012667907503782772, "rollout": 0.0025701981018452593}
{"event": "optimizer_step", "step": 7160, "regime": "hopf", "loss": 0.017091295061012108, "one": 0.003058931301590443, "rollout": 0.0051231092074885964}
{"event": "optimizer_step", "step": 7180, "regime": "hopf", "loss": 0.027778751216828823, "one": 0.0074801305891014636, "rollout": 0.01908795162065265}
{"event": "optimizer_step", "step": 7200, "regime": "hopf", "loss": 0.01379425823688507, "one": 0.0008181608670080702, "rollout": 0.002783343739186724}
{"event": "optimizer_step", "step": 7220, "regime": "hopf", "loss": 0.040148174700637654, "one": 0.01406988260957102, "rollout": 0.031924356473609805}
{"event": "optimizer_step", "step": 7240, "regime": "hopf", "loss": 0.06948736092696588, "one": 0.017103672570859395, "rollout": 0.09041181517144045}
{"event": "optimizer_step", "step": 7260, "regime": "hopf", "loss": 0.03139297508945067, "one": 0.0036735669709742074, "rollout": 0.03558172184663514}
{"event": "optimizer_step", "step": 7280, "regime": "hopf", "loss": 0.012767895124852657, "one": 0.0002926398204484334, "rollout": 0.0017086592464086912}
{"event": "optimizer_step", "step": 7300, "regime": "hopf", "loss": 0.014272141270339489, "one": 0.0009938130582061906, "rollout": 0.0035291133681312203}
{"event": "optimizer_step", "step": 7320, "regime": "hopf", "loss": 0.012682134285569191, "one": 0.00030207506157845876, "rollout": 0.00154190956770132}
{"event": "optimizer_step", "step": 7340, "regime": "hopf", "loss": 0.013220534659922123, "one": 0.0007417772673458481, "rollout": 0.0016699870854305725}
{"event": "optimizer_step", "step": 7360, "regime": "hopf", "loss": 0.01698645018041134, "one": 0.0013986050810975332, "rollout": 0.008537456005190808}
{"event": "optimizer_step", "step": 7380, "regime": "hopf", "loss": 0.012578466596702736, "one": 0.0004439614155368569, "rollout": 0.0009785963823863615}
{"event": "optimizer_step", "step": 7400, "regime": "hopf", "loss": 0.01389481717099746, "one": 0.0003431575702658544, "rollout": 0.004104624502360821}
{"event": "optimizer_step", "step": 7420, "regime": "hopf", "loss": 0.012695343544085823, "one": 0.00034468364901840687, "rollout": 0.0014472215358788767}
{"event": "optimizer_step", "step": 7440, "regime": "hopf", "loss": 0.012240426304439705, "one": 0.0002090036626517152, "rollout": 0.0007791417107606928}
{"event": "optimizer_step", "step": 7460, "regime": "hopf", "loss": 0.012187784537672997, "one": 0.00018701176062071073, "rollout": 0.0007124445110093802}
{"event": "optimizer_step", "step": 7480, "regime": "hopf", "loss": 0.014007779769599438, "one": 0.0010718362997674074, "rollout": 0.002734074369072914}
{"event": "optimizer_step", "step": 7500, "regime": "hopf", "loss": 0.01789709987739722, "one": 0.0018976216815644875, "rollout": 0.00957064392666022}
{"event": "optimizer_step", "step": 7520, "regime": "hopf", "loss": 0.013858254688481491, "one": 0.000641149003058672, "rollout": 0.0033043934575592475}
{"event": "optimizer_step", "step": 7540, "regime": "hopf", "loss": 0.01362943525115649, "one": 0.0009511391253909096, "rollout": 0.0021596045892996094}
{"event": "optimizer_step", "step": 7560, "regime": "hopf", "loss": 0.019687808739642303, "one": 0.0030666417248236635, "rollout": 0.010807796226193506}
{"event": "optimizer_step", "step": 7580, "regime": "hopf", "loss": 0.01458891915778319, "one": 0.0008750740477504829, "rollout": 0.004497730192573121}
{"event": "optimizer_step", "step": 7600, "regime": "hopf", "loss": 0.013365395988027254, "one": 0.0004645452305946189, "rollout": 0.002613705243372048}
{"event": "optimizer_step", "step": 7620, "regime": "hopf", "loss": 0.012616593390703201, "one": 0.00027766231020602084, "rollout": 0.0014401910011656582}
{"event": "optimizer_step", "step": 7640, "regime": "hopf", "loss": 0.014965400720636051, "one": 0.0016888587560970336, "rollout": 0.0034462331677787006}
{"event": "optimizer_step", "step": 7660, "regime": "hopf", "loss": 0.014104381203651428, "one": 0.0007914451028530797, "rollout": 0.003521448311706384}
{"event": "optimizer_step", "step": 7680, "regime": "hopf", "loss": 0.019863366459806762, "one": 0.0032276213702668124, "rollout": 0.0108847806986887}
{"event": "optimizer_step", "step": 7700, "regime": "hopf", "loss": 0.013084208592772484, "one": 0.0004237494188904141, "rollout": 0.0021418288039664426}
{"event": "optimizer_step", "step": 7720, "regime": "hopf", "loss": 0.012191706026593845, "one": 0.00011667161258325602, "rollout": 0.0008683533524163067}
{"event": "optimizer_step", "step": 7740, "regime": "hopf", "loss": 0.01685426104813814, "one": 0.0025633868547932557, "rollout": 0.0057852401708563175}
{"event": "optimizer_step", "step": 7760, "regime": "hopf", "loss": 0.012796661506096523, "one": 0.00043272625286287325, "rollout": 0.001394771117096146}
{"event": "optimizer_step", "step": 7780, "regime": "hopf", "loss": 0.013613726012408733, "one": 0.0005310751099993164, "rollout": 0.003049705507388959}
{"event": "optimizer_step", "step": 7800, "regime": "hopf", "loss": 0.02900424196074406, "one": 0.004534718735764423, "rollout": 0.028119930066168308}
{"event": "optimizer_step", "step": 7820, "regime": "hopf", "loss": 0.015676035235325497, "one": 0.0006125401147680046, "rollout": 0.007423877628752962}
{"event": "optimizer_step", "step": 7840, "regime": "hopf", "loss": 0.012110200400153795, "one": 0.00010102629797377934, "rollout": 0.0007368853936592737}
{"event": "optimizer_step", "step": 7860, "regime": "hopf", "loss": 0.013195032564302288, "one": 0.00048725044083160657, "rollout": 0.002175103387950609}
{"event": "optimizer_step", "step": 7880, "regime": "hopf", "loss": 0.01652039432277282, "one": 0.0022518837358802553, "rollout": 0.005714120420937737}
{"event": "optimizer_step", "step": 7900, "regime": "hopf", "loss": 0.01662698294967413, "one": 0.00187523461257418, "rollout": 0.006730187839517991}
{"event": "optimizer_step", "step": 7920, "regime": "hopf", "loss": 0.014043733167151611, "one": 0.0008923963371974727, "rollout": 0.003256822625796}
{"event": "optimizer_step", "step": 7940, "regime": "hopf", "loss": 0.01359438772002856, "one": 0.00042039816131970537, "rollout": 0.0032492871396243572}
{"event": "optimizer_step", "step": 7960, "regime": "hopf", "loss": 0.01712722207109133, "one": 0.0021952959747674563, "rollout": 0.0072052173006037865}
{"event": "optimizer_step", "step": 7980, "regime": "hopf", "loss": 0.012631969836850963, "one": 0.0002365736630357181, "rollout": 0.001538701355457306}
{"event": "optimizer_step", "step": 8000, "regime": "hopf", "loss": 0.01546251370261113, "one": 0.0021507617226840616, "rollout": 0.0034251402927717818}
swanlab: 📁 View project at 
https://swanlab.cn/@panxy1019/PaperSpecialistAblations20260723
swanlab: 🚀 View run DataOnly-hopf-seed1248 at 
https://swanlab.cn/@panxy1019/PaperSpecialistAblations20260723/runs/21l75d4g
swanlab: Upload complete: 4095 records
