swanlab: Currently logged in as: panxy1019 to https://api.swanlab.cn. Use 
`swanlab login --relogin` to force relogin
swanlab: Tracking run with swanlab version 0.9.0
swanlab: 💾 Run data saved at 
/root/swanlog/run-20260730_231824-9u8on0er-e9c967685351-120278
swanlab: 📁 View project at 
https://swanlab.cn/@panxy1019/CenteredSquare_Hopf_KDA_PR_FNN_ROM
swanlab: 🚀 View run B1_Deep_FNN_H3_seed1248 at 
https://swanlab.cn/@panxy1019/CenteredSquare_Hopf_KDA_PR_FNN_ROM/runs/9u8on0er
swanlab: 📁 View project at 
https://swanlab.cn/@panxy1019/CenteredSquare_Hopf_KDA_PR_FNN_ROM
swanlab: 🚀 View run B1_Deep_FNN_H3_seed1248 at 
https://swanlab.cn/@panxy1019/CenteredSquare_Hopf_KDA_PR_FNN_ROM/runs/9u8on0er
swanlab: Upload complete: 11720 records
swanlab: Currently logged in as: panxy1019 to https://api.swanlab.cn. Use 
`swanlab login --relogin` to force relogin
swanlab: Tracking run with swanlab version 0.9.0
swanlab: 💾 Run data saved at 
/root/swanlog/run-20260731_002458-fpl54518-e9c967685351-122895
swanlab: 📁 View project at 
https://swanlab.cn/@panxy1019/CenteredSquare_Hopf_KDA_PR_FNN_ROM
swanlab: 🚀 View run B2_KDA_PR_FNN_ROM_radial_off_seed1248 at 
https://swanlab.cn/@panxy1019/CenteredSquare_Hopf_KDA_PR_FNN_ROM/runs/fpl54518
swanlab: 📁 View project at 
https://swanlab.cn/@panxy1019/CenteredSquare_Hopf_KDA_PR_FNN_ROM
swanlab: 🚀 View run B2_KDA_PR_FNN_ROM_radial_off_seed1248 at 
https://swanlab.cn/@panxy1019/CenteredSquare_Hopf_KDA_PR_FNN_ROM/runs/fpl54518
swanlab: Upload complete: 15746 records
swanlab: Currently logged in as: panxy1019 to https://api.swanlab.cn. Use 
`swanlab login --relogin` to force relogin
swanlab: Tracking run with swanlab version 0.9.0
swanlab: 💾 Run data saved at 
/root/swanlog/run-20260731_015927-g3dfm6lc-e9c967685351-131706
swanlab: 📁 View project at 
https://swanlab.cn/@panxy1019/CenteredSquare_Hopf_KDA_PR_FNN_ROM
swanlab: 🚀 View run B3_KDA_PR_FNN_ROM_radial_on_seed1248 at 
https://swanlab.cn/@panxy1019/CenteredSquare_Hopf_KDA_PR_FNN_ROM/runs/g3dfm6lc
swanlab: 📁 View project at 
https://swanlab.cn/@panxy1019/CenteredSquare_Hopf_KDA_PR_FNN_ROM
swanlab: 🚀 View run B3_KDA_PR_FNN_ROM_radial_on_seed1248 at 
https://swanlab.cn/@panxy1019/CenteredSquare_Hopf_KDA_PR_FNN_ROM/runs/g3dfm6lc
swanlab: Upload complete: 15962 records
