{
  "status": "PASS",
  "legacy_cases": 17,
  "new_cases": 17,
  "total_cases": 34,
  "total_snapshots": 4800,
  "split_case_counts": {
    "train": 29,
    "validation": 2,
    "heldout": 3
  },
  "new_labels": [
    "Re_45p500000",
    "Re_45p800000",
    "Re_46p100000",
    "Re_46p300000",
    "Re_46p500000",
    "Re_46p700000",
    "Re_46p900000",
    "Re_47p200000",
    "Re_47p400000",
    "Re_47p600000",
    "Re_47p800000",
    "Re_48p000000",
    "Re_48p300000",
    "Re_48p700000",
    "Re_49p300000",
    "Re_49p600000",
    "Re_50p000000"
  ],
  "legacy_labels": [
    "Re_47p081355",
    "Re_47p722947",
    "Re_48p368688",
    "Re_49p022357",
    "Re_49p687640",
    "Re_50p368054",
    "Re_51p066785",
    "Re_51p786450",
    "Re_52p528767",
    "Re_53p294175",
    "Re_54p081508",
    "Re_54p887950",
    "Re_55p709610",
    "Re_56p543246",
    "Re_57p389970",
    "Re_58p262636",
    "Re_59p201432"
  ]
}
[      0.5s] mean hopf 1/29 Re_45p500000
[      0.8s] mean hopf 2/29 Re_45p800000
[      1.1s] mean hopf 3/29 Re_46p100000
[      1.3s] mean hopf 4/29 Re_46p300000
[      1.6s] mean hopf 5/29 Re_46p500000
[      1.9s] mean hopf 6/29 Re_46p900000
[      2.5s] mean hopf 7/29 Re_47p200000
[      3.2s] mean hopf 8/29 Re_47p400000
[      3.9s] mean hopf 9/29 Re_47p600000
[      4.6s] mean hopf 10/29 Re_47p722947
[      5.2s] mean hopf 11/29 Re_47p800000
[      5.9s] mean hopf 12/29 Re_48p000000
[      6.6s] mean hopf 13/29 Re_48p300000
[      7.2s] mean hopf 14/29 Re_48p368688
[      7.9s] mean hopf 15/29 Re_48p700000
[      8.6s] mean hopf 16/29 Re_49p300000
[      9.3s] mean hopf 17/29 Re_49p600000
[      9.9s] mean hopf 18/29 Re_49p687640
[     10.6s] mean hopf 19/29 Re_50p000000
[     11.3s] mean hopf 20/29 Re_50p368054
[     11.9s] mean hopf 21/29 Re_51p066785
[     12.6s] mean hopf 22/29 Re_52p528767
[     13.3s] mean hopf 23/29 Re_53p294175
[     14.0s] mean hopf 24/29 Re_54p081508
[     14.6s] mean hopf 25/29 Re_54p887950
[     15.3s] mean hopf 26/29 Re_55p709610
[     16.0s] mean hopf 27/29 Re_57p389970
[     16.6s] mean hopf 28/29 Re_58p262636
[     17.3s] mean hopf 29/29 Re_59p201432
[     17.3s] hopf/velocity randomized range n=4092, features=194736, work_rank=112
[     44.1s] hopf/velocity power 1/2
[     96.4s] hopf/velocity power 2/2
[    183.9s] hopf/pressure randomized range n=4092, features=97368, work_rank=112
[    198.5s] hopf/pressure power 1/2
[    226.9s] hopf/pressure power 2/2
[    274.7s] project hopf/velocity 1/34 Re_45p500000 train
[    276.6s] project hopf/velocity 2/34 Re_45p800000 train
[    278.7s] project hopf/velocity 3/34 Re_46p100000 train
[    280.9s] project hopf/velocity 4/34 Re_46p300000 train
[    283.0s] project hopf/velocity 5/34 Re_46p500000 train
[    285.1s] project hopf/velocity 6/34 Re_46p700000 validation
[    287.2s] project hopf/velocity 7/34 Re_46p900000 train
[    290.2s] project hopf/velocity 8/34 Re_47p081355 heldout
[    292.5s] project hopf/velocity 9/34 Re_47p200000 train
[    294.7s] project hopf/velocity 10/34 Re_47p400000 train
[    297.1s] project hopf/velocity 11/34 Re_47p600000 train
[    299.8s] project hopf/velocity 12/34 Re_47p722947 train
[    302.3s] project hopf/velocity 13/34 Re_47p800000 train
[    304.7s] project hopf/velocity 14/34 Re_48p000000 train
[    307.3s] project hopf/velocity 15/34 Re_48p300000 train
[    310.3s] project hopf/velocity 16/34 Re_48p368688 train
[    312.7s] project hopf/velocity 17/34 Re_48p700000 train
[    315.6s] project hopf/velocity 18/34 Re_49p022357 heldout
[    318.0s] project hopf/velocity 19/34 Re_49p300000 train
[    320.6s] project hopf/velocity 20/34 Re_49p600000 train
[    323.4s] project hopf/velocity 21/34 Re_49p687640 train
[    325.8s] project hopf/velocity 22/34 Re_50p000000 train
[    328.6s] project hopf/velocity 23/34 Re_50p368054 train
[    331.3s] project hopf/velocity 24/34 Re_51p066785 train
[    334.2s] project hopf/velocity 25/34 Re_51p786450 heldout
[    336.9s] project hopf/velocity 26/34 Re_52p528767 train
[    339.6s] project hopf/velocity 27/34 Re_53p294175 train
[    342.4s] project hopf/velocity 28/34 Re_54p081508 train
[    345.2s] project hopf/velocity 29/34 Re_54p887950 train
[    348.1s] project hopf/velocity 30/34 Re_55p709610 train
[    350.9s] project hopf/velocity 31/34 Re_56p543246 validation
[    353.8s] project hopf/velocity 32/34 Re_57p389970 train
[    356.6s] project hopf/velocity 33/34 Re_58p262636 train
[    359.4s] project hopf/velocity 34/34 Re_59p201432 train
[    360.4s] project hopf/pressure 1/34 Re_45p500000 train
[    361.5s] project hopf/pressure 2/34 Re_45p800000 train
[    362.6s] project hopf/pressure 3/34 Re_46p100000 train
[    363.6s] project hopf/pressure 4/34 Re_46p300000 train
[    364.8s] project hopf/pressure 5/34 Re_46p500000 train
[    365.9s] project hopf/pressure 6/34 Re_46p700000 validation
[    367.0s] project hopf/pressure 7/34 Re_46p900000 train
[    368.5s] project hopf/pressure 8/34 Re_47p081355 heldout
[    369.8s] project hopf/pressure 9/34 Re_47p200000 train
[    371.2s] project hopf/pressure 10/34 Re_47p400000 train
[    372.5s] project hopf/pressure 11/34 Re_47p600000 train
[    373.9s] project hopf/pressure 12/34 Re_47p722947 train
[    375.3s] project hopf/pressure 13/34 Re_47p800000 train
[    376.5s] project hopf/pressure 14/34 Re_48p000000 train
[    377.9s] project hopf/pressure 15/34 Re_48p300000 train
[    379.5s] project hopf/pressure 16/34 Re_48p368688 train
[    380.8s] project hopf/pressure 17/34 Re_48p700000 train
[    382.4s] project hopf/pressure 18/34 Re_49p022357 heldout
[    383.8s] project hopf/pressure 19/34 Re_49p300000 train
[    385.0s] project hopf/pressure 20/34 Re_49p600000 train
[    386.6s] project hopf/pressure 21/34 Re_49p687640 train
[    387.8s] project hopf/pressure 22/34 Re_50p000000 train
[    389.3s] project hopf/pressure 23/34 Re_50p368054 train
[    390.8s] project hopf/pressure 24/34 Re_51p066785 train
[    392.4s] project hopf/pressure 25/34 Re_51p786450 heldout
[    394.1s] project hopf/pressure 26/34 Re_52p528767 train
[    395.7s] project hopf/pressure 27/34 Re_53p294175 train
[    397.2s] project hopf/pressure 28/34 Re_54p081508 train
[    398.8s] project hopf/pressure 29/34 Re_54p887950 train
[    400.4s] project hopf/pressure 30/34 Re_55p709610 train
[    402.0s] project hopf/pressure 31/34 Re_56p543246 validation
[    403.5s] project hopf/pressure 32/34 Re_57p389970 train
[    405.1s] project hopf/pressure 33/34 Re_58p262636 train
[    406.7s] project hopf/pressure 34/34 Re_59p201432 train
[    418.0s] completed hopf: /cephfs/shared/V17_HopfExpanded34_POD_20260721/artifacts/hopf
Traceback (most recent call last):
  File "/cephfs/shared/V17_HopfExpanded34_POD_20260721/code/verify_hopf_expanded_pod.py", line 111, in <module>
    main()
  File "/cephfs/shared/V17_HopfExpanded34_POD_20260721/code/verify_hopf_expanded_pod.py", line 68, in main
    fit_labels = set(np.asarray(archive["train_Re_labels"]).astype(str))
                                ~~~~~~~^^^^^^^^^^^^^^^^^^^
  File "/root/miniconda3/envs/pt_env/lib/python3.11/site-packages/numpy/lib/_npyio_impl.py", line 243, in __getitem__
    raise KeyError(f"{key} is not a file in the archive") from None
KeyError: 'train_Re_labels is not a file in the archive'
