{"event": "split_start", "experiment": "VanillaFNN_periodic_seed1600", "test_label": "Re_70p314635", "test_Re": 70.31463623046875, "holdout_labels": ["Re_70p314635", "Re_100p352251", "Re_149p059229", "Re_189p862278"], "train_re_count": 53, "test_re_count": 4, "kept_train_samples": 8380, "dense_train_samples_before_time_sparsity": 8380, "compression_ratio_vs_dense_train": 1.0}
swanlab: Currently logged in as: panxy1019 to https://api.swanlab.cn. Use 
`swanlab login --relogin` to force relogin
swanlab: Tracking run with swanlab version 0.9.0
swanlab: 💾 Run data saved at 
/root/siton-data-ecd30b0dd03a4b6c86d4ad3b98458111/panxy/particalMOE/paper_experi
ments/runs/specialist_vanilla_recovery_v1_20260724/retries/periodic_v3/periodic/
vanilla-fnn/training/swanlog/run-20260724_080848-iuhxd22m-e9c967685351-39752
swanlab: 📁 View project at 
https://swanlab.cn/@panxy1019/PaperSpecialistAblationsSingleSeed20260724
swanlab: 🚀 View run Vanilla-FNN-periodic-seed1600 at 
https://swanlab.cn/@panxy1019/PaperSpecialistAblationsSingleSeed20260724/runs/iu
hxd22m
swanlab: Error happened while training
swanlab: 📁 View project at 
https://swanlab.cn/@panxy1019/PaperSpecialistAblationsSingleSeed20260724
swanlab: 🚀 View run Vanilla-FNN-periodic-seed1600 at 
https://swanlab.cn/@panxy1019/PaperSpecialistAblationsSingleSeed20260724/runs/iu
hxd22m
swanlab: Upload complete: 30 records
Traceback (most recent call last):
  File "/root/siton-data-ecd30b0dd03a4b6c86d4ad3b98458111/panxy/particalMOE/paper_experiments/code/run_vanilla_fnn_moe.py", line 519, in <module>
    raise SystemExit(main())
                     ^^^^^^
  File "/root/siton-data-ecd30b0dd03a4b6c86d4ad3b98458111/panxy/particalMOE/paper_experiments/code/run_vanilla_fnn_moe.py", line 512, in main
    trainer.main()
  File "/root/siton-data-ecd30b0dd03a4b6c86d4ad3b98458111/panxy/particalMOE/periodic_specialist_r32/code/train_periodic_moe.py", line 6532, in main
    train_one_split(
  File "/root/siton-data-ecd30b0dd03a4b6c86d4ad3b98458111/panxy/particalMOE/periodic_specialist_r32/code/train_periodic_moe.py", line 5421, in train_one_split
    restore_rng_state(resume["rng"])
  File "/root/siton-data-ecd30b0dd03a4b6c86d4ad3b98458111/panxy/particalMOE/paper_experiments/code/run_vanilla_fnn_moe.py", line 202, in compatible_restore
    original(normalized)
  File "/root/siton-data-ecd30b0dd03a4b6c86d4ad3b98458111/panxy/particalMOE/periodic_specialist_r32/code/train_periodic_moe.py", line 387, in restore_rng_state
    torch.set_rng_state(state["torch"])
  File "/root/miniconda3/envs/pt_env/lib/python3.11/site-packages/torch/random.py", line 36, in set_rng_state
    default_generator.set_state(new_state)
TypeError: RNG state must be a torch.ByteTensor
