/root/siton-data-ecd30b0dd03a4b6c86d4ad3b98458111/panxy/particalMOE/CTDM_GALERKIN_ROM_R32_20260730/code/analyze_ctdm_checkpoint.py:284: UserWarning: Converting a tensor with requires_grad=True to a scalar may lead to unexpected behavior.
Consider using tensor.detach() first. (Triggered internally at /__w/pytorch/pytorch/torch/csrc/autograd/generated/python_variable_methods.cpp:822.)
  curve[str(index)] = float(torch.mean(eu + ep))
{
  "schema_version": 1,
  "split": "validation",
  "variant": "b1",
  "model_name": "B1_Deep_FNN_H3",
  "checkpoint": "/root/siton-data-ecd30b0dd03a4b6c86d4ad3b98458111/panxy/particalMOE/CTDM_GALERKIN_ROM_R32_20260730/multi_seed/B1_Deep_FNN_H3_seed3248/best_validation.pt",
  "checkpoint_sha256": "3c3355f1dddca772949897796a021627254c34531ff80d76cf601adc59291c77",
  "checkpoint_step": 6800,
  "seed": 3248,
  "main_warmup_length": 3,
  "main": {
    "aggregate": {
      "Eu": 0.0002648589215823449,
      "Ep": 0.00087589246686548,
      "Ea": 0.04126911796629429,
      "Eb": 0.12130222469568253,
      "terminal_Eu": 0.0005255889846011996,
      "terminal_Ep": 0.0014465932617895305,
      "worst_window_joint": 0.0018295388435944915,
      "pressure_drift": 0.0052892062813043594,
      "finite_fraction_min": 1.0,
      "divergent_windows": 0,
      "available_re_count": 2,
      "requested_re_count": 2
    },
    "by_re": [
      {
        "Re": 46.7,
        "warmup_length": 3,
        "windows": 3,
        "available": true,
        "Eu": 0.0002051766641670838,
        "Ep": 0.0009817632380872965,
        "Ea": 0.03810759261250496,
        "Eb": 0.10279291868209839,
        "terminal_Eu": 0.0003196852048859,
        "terminal_Ep": 0.0010036261519417167,
        "worst_window_joint": 0.0012086003553122282,
        "pressure_drift": 0.005622836761176586,
        "finite_fraction": 1.0,
        "divergent_windows": 0,
        "max_norm_ratio": 1.0046316385269165,
        "joint_K1": 0.001544516533613205,
        "joint_K4": 0.0008922164561226964,
        "joint_K8": 0.0008341578068211675,
        "joint_K16": 0.0010934490710496902,
        "joint_K32": 0.001240184297785163,
        "joint_K56": 0.0013233113568276167
      },
      {
        "Re": 56.543246,
        "warmup_length": 3,
        "windows": 16,
        "available": true,
        "Eu": 0.00032454117899760604,
        "Ep": 0.0007700216956436634,
        "Ea": 0.04443064332008362,
        "Eb": 0.13981153070926666,
        "terminal_Eu": 0.0007314927643164992,
        "terminal_Ep": 0.0018895603716373444,
        "worst_window_joint": 0.0018295388435944915,
        "pressure_drift": 0.004955575801432133,
        "finite_fraction": 1.0,
        "divergent_windows": 0,
        "max_norm_ratio": 1.0018922090530396,
        "joint_K1": 0.0005622808821499348,
        "joint_K4": 0.00043949513928964734,
        "joint_K8": 0.0004264416638761759,
        "joint_K16": 0.0005378372734412551,
        "joint_K32": 0.0010359433945268393,
        "joint_K56": 0.0026210532523691654
      }
    ]
  },
  "capacity_warmup_diagnostics": {},
  "timestep_consistency": [
    {
      "Re": 46.7,
      "coarse_substeps": 1,
      "fine_substeps": 2,
      "C_u": 5.5743264965713024e-05,
      "C_p": 0.00018604486831463873,
      "C_S": NaN,
      "windows": 3
    },
    {
      "Re": 46.7,
      "coarse_substeps": 2,
      "fine_substeps": 4,
      "C_u": 4.7771609388291836e-05,
      "C_p": 0.00015153254207689315,
      "C_S": NaN,
      "windows": 3
    },
    {
      "Re": 56.543246,
      "coarse_substeps": 1,
      "fine_substeps": 2,
      "C_u": 0.0005508721806108952,
      "C_p": 0.0022812767419964075,
      "C_S": NaN,
      "windows": 4
    },
    {
      "Re": 56.543246,
      "coarse_substeps": 2,
      "fine_substeps": 4,
      "C_u": 0.00019148201681673527,
      "C_p": 0.0008453945047222078,
      "C_S": NaN,
      "windows": 4
    }
  ],
  "memory_diagnostics": [],
  "elapsed_seconds": 8.311513246968389,
  "training_performance": {
    "elapsed_seconds": 4638.004606817383,
    "optimizer_steps": 8000,
    "steps_per_minute": 103.49278206719545,
    "peak_gpu_memory_gb": 0.23898983001708984
  },
  "gate_manifest": null
}
/root/siton-data-ecd30b0dd03a4b6c86d4ad3b98458111/panxy/particalMOE/CTDM_GALERKIN_ROM_R32_20260730/code/analyze_ctdm_checkpoint.py:284: UserWarning: Converting a tensor with requires_grad=True to a scalar may lead to unexpected behavior.
Consider using tensor.detach() first. (Triggered internally at /__w/pytorch/pytorch/torch/csrc/autograd/generated/python_variable_methods.cpp:822.)
  curve[str(index)] = float(torch.mean(eu + ep))
{
  "schema_version": 1,
  "split": "validation",
  "variant": "b2",
  "model_name": "B2_Deep_FNN_current",
  "checkpoint": "/root/siton-data-ecd30b0dd03a4b6c86d4ad3b98458111/panxy/particalMOE/CTDM_GALERKIN_ROM_R32_20260730/multi_seed/B2_Deep_FNN_current_seed3248/best_validation.pt",
  "checkpoint_sha256": "1fa73caa0e1c7358581f96d35ab908a2c7c5551ced014c0b789c08b622f839b2",
  "checkpoint_step": 8000,
  "seed": 3248,
  "main_warmup_length": 3,
  "main": {
    "aggregate": {
      "Eu": 0.000581864092964679,
      "Ep": 0.0012509707303252071,
      "Ea": 0.03992107883095741,
      "Eb": 0.10506398230791092,
      "terminal_Eu": 0.0011002616229234263,
      "terminal_Ep": 0.0020160541171208024,
      "worst_window_joint": 0.003102876478806138,
      "pressure_drift": 0.011274757329374552,
      "finite_fraction_min": 1.0,
      "divergent_windows": 0,
      "available_re_count": 2,
      "requested_re_count": 2
    },
    "by_re": [
      {
        "Re": 46.7,
        "warmup_length": 3,
        "windows": 3,
        "available": true,
        "Eu": 0.00025796680711209774,
        "Ep": 0.0008142375736497343,
        "Ea": 0.03161664307117462,
        "Eb": 0.07885728776454926,
        "terminal_Eu": 0.000416330381995067,
        "terminal_Ep": 0.000546520110219717,
        "worst_window_joint": 0.001108976430259645,
        "pressure_drift": 0.006713642738759518,
        "finite_fraction": 1.0,
        "divergent_windows": 0,
        "max_norm_ratio": 1.003848671913147,
        "joint_K1": 0.0027784425765275955,
        "joint_K4": 0.0018296937923878431,
        "joint_K8": 0.0009742318652570248,
        "joint_K16": 0.0005446831928566098,
        "joint_K32": 0.0010162373073399067,
        "joint_K56": 0.0009628505213186145
      },
      {
        "Re": 56.543246,
        "warmup_length": 3,
        "windows": 16,
        "available": true,
        "Eu": 0.0009057613788172603,
        "Ep": 0.00168770388700068,
        "Ea": 0.048225514590740204,
        "Eb": 0.13127067685127258,
        "terminal_Eu": 0.0017841928638517857,
        "terminal_Ep": 0.0034855881240218878,
        "worst_window_joint": 0.003102876478806138,
        "pressure_drift": 0.015835871919989586,
        "finite_fraction": 1.0,
        "divergent_windows": 0,
        "max_norm_ratio": 1.0040106773376465,
        "joint_K1": 0.000690800603479147,
        "joint_K4": 0.0004642514104489237,
        "joint_K8": 0.0006774808280169964,
        "joint_K16": 0.0012953393161296844,
        "joint_K32": 0.0027085330802947283,
        "joint_K56": 0.00526978075504303
      }
    ]
  },
  "capacity_warmup_diagnostics": {},
  "timestep_consistency": [
    {
      "Re": 46.7,
      "coarse_substeps": 1,
      "fine_substeps": 2,
      "C_u": 5.668465746566653e-06,
      "C_p": 2.4924360332079232e-05,
      "C_S": NaN,
      "windows": 3
    },
    {
      "Re": 46.7,
      "coarse_substeps": 2,
      "fine_substeps": 4,
      "C_u": 2.826445324899396e-06,
      "C_p": 1.1252526746829972e-05,
      "C_S": NaN,
      "windows": 3
    },
    {
      "Re": 56.543246,
      "coarse_substeps": 1,
      "fine_substeps": 2,
      "C_u": 0.000361653626896441,
      "C_p": 0.0014814691385254264,
      "C_S": NaN,
      "windows": 4
    },
    {
      "Re": 56.543246,
      "coarse_substeps": 2,
      "fine_substeps": 4,
      "C_u": 7.938049384392798e-05,
      "C_p": 0.00033551969681866467,
      "C_S": NaN,
      "windows": 4
    }
  ],
  "memory_diagnostics": [],
  "elapsed_seconds": 7.368062437046319,
  "training_performance": {
    "elapsed_seconds": 3643.4587464779615,
    "optimizer_steps": 8000,
    "steps_per_minute": 131.7429490491703,
    "peak_gpu_memory_gb": 0.22354602813720703
  },
  "gate_manifest": null
}
/root/siton-data-ecd30b0dd03a4b6c86d4ad3b98458111/panxy/particalMOE/CTDM_GALERKIN_ROM_R32_20260730/code/analyze_ctdm_checkpoint.py:284: UserWarning: Converting a tensor with requires_grad=True to a scalar may lead to unexpected behavior.
Consider using tensor.detach() first. (Triggered internally at /__w/pytorch/pytorch/torch/csrc/autograd/generated/python_variable_methods.cpp:822.)
  curve[str(index)] = float(torch.mean(eu + ep))
{
  "schema_version": 1,
  "split": "validation",
  "variant": "b3",
  "model_name": "B3_Discrete_KDA_FNN",
  "checkpoint": "/root/siton-data-ecd30b0dd03a4b6c86d4ad3b98458111/panxy/particalMOE/CTDM_GALERKIN_ROM_R32_20260730/multi_seed/B3_Discrete_KDA_FNN_seed3248/best_validation.pt",
  "checkpoint_sha256": "9a92182294e371ef1c9d8a1d486e66a3e627026ece5133e90b1b39e8482a4e63",
  "checkpoint_step": 7200,
  "seed": 3248,
  "main_warmup_length": 3,
  "main": {
    "aggregate": {
      "Eu": 0.0007337012357311323,
      "Ep": 0.005389447556808591,
      "Ea": 0.08913560956716537,
      "Eb": 0.15256625041365623,
      "terminal_Eu": 0.0014867229474475607,
      "terminal_Ep": 0.007748668314889073,
      "worst_window_joint": 0.008244946599006653,
      "pressure_drift": 0.05116104893386364,
      "finite_fraction_min": 1.0,
      "divergent_windows": 0,
      "available_re_count": 2,
      "requested_re_count": 2
    },
    "by_re": [
      {
        "Re": 46.7,
        "warmup_length": 3,
        "windows": 3,
        "available": true,
        "Eu": 0.0002673958952073008,
        "Ep": 0.006512287072837353,
        "Ea": 0.06575452536344528,
        "Eb": 0.0918184146285057,
        "terminal_Eu": 0.00040325309964828193,
        "terminal_Ep": 0.007588517386466265,
        "worst_window_joint": 0.006818918976932764,
        "pressure_drift": 0.06534165143966675,
        "finite_fraction": 1.0,
        "divergent_windows": 0,
        "max_norm_ratio": 1.0455995798110962,
        "joint_K1": 0.005990519654005766,
        "joint_K4": 0.0034186323173344135,
        "joint_K8": 0.0017225033370777965,
        "joint_K16": 0.005220714956521988,
        "joint_K32": 0.008873985148966312,
        "joint_K56": 0.007991771213710308
      },
      {
        "Re": 56.543246,
        "warmup_length": 3,
        "windows": 16,
        "available": true,
        "Eu": 0.0012000065762549639,
        "Ep": 0.004266608040779829,
        "Ea": 0.11251669377088547,
        "Eb": 0.21331408619880676,
        "terminal_Eu": 0.0025701927952468395,
        "terminal_Ep": 0.007908819243311882,
        "worst_window_joint": 0.008244946599006653,
        "pressure_drift": 0.03698044642806053,
        "finite_fraction": 1.0,
        "divergent_windows": 0,
        "max_norm_ratio": 0.9997172355651855,
        "joint_K1": 0.0017527645686641335,
        "joint_K4": 0.002429630607366562,
        "joint_K8": 0.0025955629535019398,
        "joint_K16": 0.00340256467461586,
        "joint_K32": 0.005489368923008442,
        "joint_K56": 0.010479012504220009
      }
    ]
  },
  "capacity_warmup_diagnostics": {
    "8": {
      "aggregate": {
        "Eu": 0.0012034846004098654,
        "Ep": 0.004274528939276934,
        "Ea": 0.10771720856428146,
        "Eb": 0.20737195014953613,
        "terminal_Eu": 0.0025888194795697927,
        "terminal_Ep": 0.00804060883820057,
        "worst_window_joint": 0.008247467689216137,
        "pressure_drift": 0.03685355558991432,
        "finite_fraction_min": 1.0,
        "divergent_windows": 0,
        "available_re_count": 1,
        "requested_re_count": 2
      },
      "by_re": [
        {
          "Re": 46.7,
          "warmup_length": 8,
          "windows": 0,
          "available": false,
          "reason": "trajectory too short for warmup plus K56"
        },
        {
          "Re": 56.543246,
          "warmup_length": 8,
          "windows": 16,
          "available": true,
          "Eu": 0.0012034846004098654,
          "Ep": 0.004274528939276934,
          "Ea": 0.10771720856428146,
          "Eb": 0.20737195014953613,
          "terminal_Eu": 0.0025888194795697927,
          "terminal_Ep": 0.00804060883820057,
          "worst_window_joint": 0.008247467689216137,
          "pressure_drift": 0.03685355558991432,
          "finite_fraction": 1.0,
          "divergent_windows": 0,
          "max_norm_ratio": 0.9997167587280273,
          "joint_K1": 0.0017472386825829744,
          "joint_K4": 0.0022907573729753494,
          "joint_K8": 0.002599649829789996,
          "joint_K16": 0.0034672748297452927,
          "joint_K32": 0.005644062999635935,
          "joint_K56": 0.010629428550601006
        }
      ]
    },
    "16": {
      "aggregate": {
        "Eu": 0.0012151176342740655,
        "Ep": 0.004325442016124725,
        "Ea": 0.10436507314443588,
        "Eb": 0.2050667256116867,
        "terminal_Eu": 0.002630332950502634,
        "terminal_Ep": 0.008135765790939331,
        "worst_window_joint": 0.008248469792306423,
        "pressure_drift": 0.03693880885839462,
        "finite_fraction_min": 1.0,
        "divergent_windows": 0,
        "available_re_count": 1,
        "requested_re_count": 2
      },
      "by_re": [
        {
          "Re": 46.7,
          "warmup_length": 16,
          "windows": 0,
          "available": false,
          "reason": "trajectory too short for warmup plus K56"
        },
        {
          "Re": 56.543246,
          "warmup_length": 16,
          "windows": 16,
          "available": true,
          "Eu": 0.0012151176342740655,
          "Ep": 0.004325442016124725,
          "Ea": 0.10436507314443588,
          "Eb": 0.2050667256116867,
          "terminal_Eu": 0.002630332950502634,
          "terminal_Ep": 0.008135765790939331,
          "worst_window_joint": 0.008248469792306423,
          "pressure_drift": 0.03693880885839462,
          "finite_fraction": 1.0,
          "divergent_windows": 0,
          "max_norm_ratio": 0.9997167587280273,
          "joint_K1": 0.001756655634380877,
          "joint_K4": 0.0022436960134655237,
          "joint_K8": 0.0026098527014255524,
          "joint_K16": 0.00349272508174181,
          "joint_K32": 0.0056617893278598785,
          "joint_K56": 0.010766099207103252
        }
      ]
    }
  },
  "timestep_consistency": [
    {
      "Re": 46.7,
      "coarse_substeps": 1,
      "fine_substeps": 2,
      "C_u": 6.031713837728603e-06,
      "C_p": 4.504629396251403e-05,
      "C_S": 0.015501951798796654,
      "windows": 3
    },
    {
      "Re": 46.7,
      "coarse_substeps": 2,
      "fine_substeps": 4,
      "C_u": 3.032037511729868e-06,
      "C_p": 2.13643979805056e-05,
      "C_S": 0.007099471520632505,
      "windows": 3
    },
    {
      "Re": 56.543246,
      "coarse_substeps": 1,
      "fine_substeps": 2,
      "C_u": 0.00016210776811931282,
      "C_p": 0.0007448575343005359,
      "C_S": 0.06770683079957962,
      "windows": 4
    },
    {
      "Re": 56.543246,
      "coarse_substeps": 2,
      "fine_substeps": 4,
      "C_u": 4.456496753846295e-05,
      "C_p": 0.00013382166798692197,
      "C_S": 0.038651734590530396,
      "windows": 4
    }
  ],
  "memory_diagnostics": [
    {
      "Re": 46.7,
      "gamma_mean": 0.07387780398130417,
      "gamma_min": 0.001018864568322897,
      "gamma_max": 1.4994323253631592,
      "timescale_mean": 141.11009216308594,
      "half_life_mean": 97.81006622314453,
      "eta_mean": 0.039190929383039474,
      "eta_min": 0.01607447862625122,
      "eta_max": 0.1042356863617897,
      "memory_frobenius_mean": 3.3051371574401855,
      "memory_max_singular_mean": 3.2974631786346436,
      "memory_effective_rank_mean": 1.455153465270996,
      "delta_error_mean": 1.2008869647979736,
      "warmup_length": 3
    },
    {
      "Re": 56.543246,
      "gamma_mean": 0.19395558536052704,
      "gamma_min": 0.0010055054444819689,
      "gamma_max": 4.187601089477539,
      "timescale_mean": 250.9717254638672,
      "half_life_mean": 173.96034240722656,
      "eta_mean": 0.033477094024419785,
      "eta_min": 0.004150197375565767,
      "eta_max": 0.05447566136717796,
      "memory_frobenius_mean": 4.081908226013184,
      "memory_max_singular_mean": 4.07702112197876,
      "memory_effective_rank_mean": 1.2554826736450195,
      "delta_error_mean": 0.9964900612831116,
      "warmup_length": 3
    },
    {
      "Re": 56.543246,
      "gamma_mean": 0.1963074505329132,
      "gamma_min": 0.0010054101003333926,
      "gamma_max": 4.202131748199463,
      "timescale_mean": 252.43438720703125,
      "half_life_mean": 174.97418212890625,
      "eta_mean": 0.03371422737836838,
      "eta_min": 0.004027368035167456,
      "eta_max": 0.05463617295026779,
      "memory_frobenius_mean": 4.102733612060547,
      "memory_max_singular_mean": 4.097829818725586,
      "memory_effective_rank_mean": 1.2649075984954834,
      "delta_error_mean": 0.9758964776992798,
      "warmup_length": 8
    },
    {
      "Re": 56.543246,
      "gamma_mean": 0.19885976612567902,
      "gamma_min": 0.0010054101003333926,
      "gamma_max": 4.202131748199463,
      "timescale_mean": 253.8702392578125,
      "half_life_mean": 175.9694366455078,
      "eta_mean": 0.033967167139053345,
      "eta_min": 0.004175600595772266,
      "eta_max": 0.05493956059217453,
      "memory_frobenius_mean": 4.120657444000244,
      "memory_max_singular_mean": 4.115050315856934,
      "memory_effective_rank_mean": 1.2850356101989746,
      "delta_error_mean": 0.9474167823791504,
      "warmup_length": 16
    }
  ],
  "elapsed_seconds": 13.840481325052679,
  "training_performance": {
    "elapsed_seconds": 6472.839313622098,
    "optimizer_steps": 8000,
    "steps_per_minute": 74.1560197531614,
    "peak_gpu_memory_gb": 0.2777595520019531
  },
  "gate_manifest": null
}
{
  "schema_version": 1,
  "status": "training_failed",
  "variant": "b4",
  "seed": 3248,
  "exit_code": 1,
  "last_finite_step": 3940,
  "last_horizon": 16,
  "error": "FloatingPointError: nonfinite gradient at step 3958",
  "run_dir": "/root/siton-data-ecd30b0dd03a4b6c86d4ad3b98458111/panxy/particalMOE/CTDM_GALERKIN_ROM_R32_20260730/multi_seed/B4_CTDM_Galerkin_ROM_seed3248",
  "log": "/root/siton-data-ecd30b0dd03a4b6c86d4ad3b98458111/panxy/particalMOE/CTDM_GALERKIN_ROM_R32_20260730/logs/B4_CTDM_Galerkin_ROM_seed3248.log",
  "log_sha256": "f22bba4325c5ba098ea07a6f3315e207402d2a046df61708136c58f0ee7697ce",
  "final_training_checkpoint_present": false,
  "heldout_evaluation_performed": false
}
{
  "schema_version": 1,
  "selection_split": "validation_only",
  "validation_frozen": true,
  "seed1248_screening_candidates": [
    "b1",
    "b2",
    "b3",
    "b4"
  ],
  "three_seed_complete": false,
  "confirmatory_attempts_complete": true,
  "attempted_seeds": {
    "b1": [
      1248,
      2248,
      3248
    ],
    "b2": [
      1248,
      2248,
      3248
    ],
    "b3": [
      1248,
      2248,
      3248
    ],
    "b4": [
      1248,
      2248,
      3248
    ]
  },
  "training_failures": [
    {
      "schema_version": 1,
      "status": "training_failed",
      "variant": "b4",
      "seed": 2248,
      "exit_code": 1,
      "last_finite_step": 1540,
      "last_horizon": 8,
      "error": "FloatingPointError: nonfinite gradient at step 1541",
      "run_dir": "/root/siton-data-ecd30b0dd03a4b6c86d4ad3b98458111/panxy/particalMOE/CTDM_GALERKIN_ROM_R32_20260730/multi_seed/B4_CTDM_Galerkin_ROM_seed2248",
      "log": "/root/siton-data-ecd30b0dd03a4b6c86d4ad3b98458111/panxy/particalMOE/CTDM_GALERKIN_ROM_R32_20260730/logs/remaining_seeds_pipeline_resume.log",
      "log_sha256": "9c0825fa7aa70b6fb992feebbb20771c7da0ec230d8f589665f42e6f74fa19b5",
      "final_training_checkpoint_present": false,
      "heldout_evaluation_performed": false
    },
    {
      "schema_version": 1,
      "status": "training_failed",
      "variant": "b4",
      "seed": 3248,
      "exit_code": 1,
      "last_finite_step": 3940,
      "last_horizon": 16,
      "error": "FloatingPointError: nonfinite gradient at step 3958",
      "run_dir": "/root/siton-data-ecd30b0dd03a4b6c86d4ad3b98458111/panxy/particalMOE/CTDM_GALERKIN_ROM_R32_20260730/multi_seed/B4_CTDM_Galerkin_ROM_seed3248",
      "log": "/root/siton-data-ecd30b0dd03a4b6c86d4ad3b98458111/panxy/particalMOE/CTDM_GALERKIN_ROM_R32_20260730/logs/B4_CTDM_Galerkin_ROM_seed3248.log",
      "log_sha256": "f22bba4325c5ba098ea07a6f3315e207402d2a046df61708136c58f0ee7697ce",
      "final_training_checkpoint_present": false,
      "heldout_evaluation_performed": false
    }
  ],
  "finite_zero_divergence_candidates": [
    "b1",
    "b2",
    "b3",
    "b4"
  ],
  "summary": {
    "b1": {
      "seeds": 3,
      "all_finite_zero_divergence": true,
      "Eu_mean": 0.00023585815506521612,
      "Ep_mean": 0.0007490091472088048,
      "joint_mean": 0.000984867302274021,
      "joint_std": 0.00011215953400690316,
      "worst_window_mean": 0.0017065851716324687,
      "consistency_mean": 0.0007722408857565218
    },
    "b2": {
      "seeds": 3,
      "all_finite_zero_divergence": true,
      "Eu_mean": 0.0006207843640974412,
      "Ep_mean": 0.0012439040777583916,
      "joint_mean": 0.001864688441855833,
      "joint_std": 6.652213677576915e-05,
      "worst_window_mean": 0.0032670057844370604,
      "consistency_mean": 0.0005402307732538247
    },
    "b3": {
      "seeds": 3,
      "all_finite_zero_divergence": true,
      "Eu_mean": 0.0008395812571203957,
      "Ep_mean": 0.005035514943301678,
      "joint_mean": 0.005875096200422074,
      "joint_std": 0.0005464742137824582,
      "worst_window_mean": 0.008573156160612902,
      "consistency_mean": 0.012080997203914498
    },
    "b4": {
      "seeds": 1,
      "all_finite_zero_divergence": true,
      "Eu_mean": 0.0009201936336467043,
      "Ep_mean": 0.004584756447002292,
      "joint_mean": 0.005504950080648996,
      "joint_std": 0.0,
      "worst_window_mean": 0.011234364472329617,
      "consistency_mean": 0.003464048265110857
    }
  },
  "preregistered_gates": {
    "B4_vs_B3_prediction_gate": false,
    "B4_timestep_consistency_better_than_B3": true,
    "B4_memory_nondegenerate": true
  },
  "test_access_authorized": false,
  "authorized_checkpoint_sha256s": [],
  "frozen_checkpoints": [
    {
      "source": "/root/siton-data-ecd30b0dd03a4b6c86d4ad3b98458111/panxy/particalMOE/Hopf/migrated_h4_expanded/final_evaluation/20260722_h4_expanded_final/HopfExpanded34_H4_NormalFormRadial_r32/final.pt",
      "frozen": "/root/siton-data-ecd30b0dd03a4b6c86d4ad3b98458111/panxy/particalMOE/CTDM_GALERKIN_ROM_R32_20260730/validation_freeze/HopfExpanded34_H4_NormalFormRadial_r32_final.pt",
      "sha256": "02148741ed8bc9fbec88709f69b10492e263514b2edcee76652485b399962235",
      "bytes": 383345403
    },
    {
      "source": "/root/siton-data-ecd30b0dd03a4b6c86d4ad3b98458111/panxy/particalMOE/CTDM_GALERKIN_ROM_R32_20260730/multi_seed/B2_Deep_FNN_current_seed3248/best_validation.pt",
      "frozen": "/root/siton-data-ecd30b0dd03a4b6c86d4ad3b98458111/panxy/particalMOE/CTDM_GALERKIN_ROM_R32_20260730/validation_freeze/B2_Deep_FNN_current_seed3248_best_validation.pt",
      "sha256": "1fa73caa0e1c7358581f96d35ab908a2c7c5551ced014c0b789c08b622f839b2",
      "bytes": 23903171
    },
    {
      "source": "/root/siton-data-ecd30b0dd03a4b6c86d4ad3b98458111/panxy/particalMOE/CTDM_GALERKIN_ROM_R32_20260730/single_seed/B1_Deep_FNN_H3_seed1248/best_validation.pt",
      "frozen": "/root/siton-data-ecd30b0dd03a4b6c86d4ad3b98458111/panxy/particalMOE/CTDM_GALERKIN_ROM_R32_20260730/validation_freeze/B1_Deep_FNN_H3_seed1248_best_validation.pt",
      "sha256": "2d370c90b50cd76bc4fc222e9fd4e4cca8dac11272928bba66054af8ea09c649",
      "bytes": 28640259
    },
    {
      "source": "/root/siton-data-ecd30b0dd03a4b6c86d4ad3b98458111/panxy/particalMOE/CTDM_GALERKIN_ROM_R32_20260730/multi_seed/B1_Deep_FNN_H3_seed3248/best_validation.pt",
      "frozen": "/root/siton-data-ecd30b0dd03a4b6c86d4ad3b98458111/panxy/particalMOE/CTDM_GALERKIN_ROM_R32_20260730/validation_freeze/B1_Deep_FNN_H3_seed3248_best_validation.pt",
      "sha256": "3c3355f1dddca772949897796a021627254c34531ff80d76cf601adc59291c77",
      "bytes": 28637763
    },
    {
      "source": "/root/siton-data-ecd30b0dd03a4b6c86d4ad3b98458111/panxy/particalMOE/CTDM_GALERKIN_ROM_R32_20260730/multi_seed/B3_Discrete_KDA_FNN_seed2248/best_validation.pt",
      "frozen": "/root/siton-data-ecd30b0dd03a4b6c86d4ad3b98458111/panxy/particalMOE/CTDM_GALERKIN_ROM_R32_20260730/validation_freeze/B3_Discrete_KDA_FNN_seed2248_best_validation.pt",
      "sha256": "4500560c496633c8e0d2669ef27a4f0ed84fbdcad7eebc1cc22719cbcf0b9758",
      "bytes": 26985043
    },
    {
      "source": "/root/siton-data-ecd30b0dd03a4b6c86d4ad3b98458111/panxy/particalMOE/CTDM_GALERKIN_ROM_R32_20260730/single_seed/B2_Deep_FNN_current_seed1248/best_validation.pt",
      "frozen": "/root/siton-data-ecd30b0dd03a4b6c86d4ad3b98458111/panxy/particalMOE/CTDM_GALERKIN_ROM_R32_20260730/validation_freeze/B2_Deep_FNN_current_seed1248_best_validation.pt",
      "sha256": "797a96bce4774d881c3f4890f3bf37c64fc01a4e3576f44150c7d99823abf3d5",
      "bytes": 23903171
    },
    {
      "source": "/root/siton-data-ecd30b0dd03a4b6c86d4ad3b98458111/panxy/particalMOE/CTDM_GALERKIN_ROM_R32_20260730/multi_seed/B2_Deep_FNN_current_seed2248/best_validation.pt",
      "frozen": "/root/siton-data-ecd30b0dd03a4b6c86d4ad3b98458111/panxy/particalMOE/CTDM_GALERKIN_ROM_R32_20260730/validation_freeze/B2_Deep_FNN_current_seed2248_best_validation.pt",
      "sha256": "9a0c4c40dbd56e12d9516ecd718f26408fa9aa2ebc2529a9b779f2e6d3d85408",
      "bytes": 23903235
    },
    {
      "source": "/root/siton-data-ecd30b0dd03a4b6c86d4ad3b98458111/panxy/particalMOE/CTDM_GALERKIN_ROM_R32_20260730/multi_seed/B3_Discrete_KDA_FNN_seed3248/best_validation.pt",
      "frozen": "/root/siton-data-ecd30b0dd03a4b6c86d4ad3b98458111/panxy/particalMOE/CTDM_GALERKIN_ROM_R32_20260730/validation_freeze/B3_Discrete_KDA_FNN_seed3248_best_validation.pt",
      "sha256": "9a92182294e371ef1c9d8a1d486e66a3e627026ece5133e90b1b39e8482a4e63",
      "bytes": 26983763
    },
    {
      "source": "/root/siton-data-ecd30b0dd03a4b6c86d4ad3b98458111/panxy/particalMOE/CTDM_GALERKIN_ROM_R32_20260730/single_seed/B4_CTDM_Galerkin_ROM_seed1248/best_validation.pt",
      "frozen": "/root/siton-data-ecd30b0dd03a4b6c86d4ad3b98458111/panxy/particalMOE/CTDM_GALERKIN_ROM_R32_20260730/validation_freeze/B4_CTDM_Galerkin_ROM_seed1248_best_validation.pt",
      "sha256": "bb64bd0939def0caecbcc2db56dd4b7f00f748967aa1545a5170a11bfd6b35ec",
      "bytes": 26986259
    },
    {
      "source": "/root/siton-data-ecd30b0dd03a4b6c86d4ad3b98458111/panxy/particalMOE/CTDM_GALERKIN_ROM_R32_20260730/single_seed/B3_Discrete_KDA_FNN_seed1248/best_validation.pt",
      "frozen": "/root/siton-data-ecd30b0dd03a4b6c86d4ad3b98458111/panxy/particalMOE/CTDM_GALERKIN_ROM_R32_20260730/validation_freeze/B3_Discrete_KDA_FNN_seed1248_best_validation.pt",
      "sha256": "d6bc653e192380da0b4c0889f81b7ebc2df1b80cd7b7b70cc7429d588344334e",
      "bytes": 26986259
    },
    {
      "source": "/root/siton-data-ecd30b0dd03a4b6c86d4ad3b98458111/panxy/particalMOE/CTDM_GALERKIN_ROM_R32_20260730/multi_seed/B1_Deep_FNN_H3_seed2248/best_validation.pt",
      "frozen": "/root/siton-data-ecd30b0dd03a4b6c86d4ad3b98458111/panxy/particalMOE/CTDM_GALERKIN_ROM_R32_20260730/validation_freeze/B1_Deep_FNN_H3_seed2248_best_validation.pt",
      "sha256": "fd2df63278e99f47d81ac6c380d0451caf17f43f2a2fb5320b9fc23d4ec2214f",
      "bytes": 28638595
    }
  ]
}
Validation gate denied held-out access; no test tensor was opened.
{
  "schema_version": 1,
  "python": "3.11.15 (main, Jun 11 2026, 15:20:16) [GCC 14.3.0]",
  "python_executable": "/root/miniconda3/envs/pt_env/bin/python",
  "platform": "Linux-5.10.0-216.0.0.115.oe2203sp4.x86_64-x86_64-with-glibc2.35",
  "hostname": "e9c967685351",
  "numpy": "2.4.4",
  "torch": "2.13.0+cu126",
  "swanlab": "0.9.0",
  "cuda_runtime": "12.6",
  "cudnn": 91002,
  "cuda_available": true,
  "gpu": "NVIDIA GeForce RTX 4090",
  "gpu_count": 1,
  "nvidia_smi": "NVIDIA GeForce RTX 4090, 595.71.05, 24564 MiB",
  "git_commit": null,
  "working_directory": "/root"
}
