{"event": "split_start", "experiment": "VanillaFNN_periodic_seed1600", "test_label": "Re_70p314635", "test_Re": 70.31463623046875, "holdout_labels": ["Re_70p314635", "Re_100p352251", "Re_149p059229", "Re_189p862278"], "train_re_count": 53, "test_re_count": 4, "kept_train_samples": 8380, "dense_train_samples_before_time_sparsity": 8380, "compression_ratio_vs_dense_train": 1.0}
swanlab: Currently logged in as: panxy1019 to https://api.swanlab.cn. Use 
`swanlab login --relogin` to force relogin
swanlab: Tracking run with swanlab version 0.9.0
swanlab: 💾 Run data saved at 
/root/siton-data-ecd30b0dd03a4b6c86d4ad3b98458111/panxy/particalMOE/paper_experi
ments/runs/specialist_vanilla_recovery_v1_20260724/retries/periodic_v4/periodic/
vanilla-fnn/training/swanlog/run-20260724_081843-v50cmli8-e9c967685351-40902
swanlab: 📁 View project at 
https://swanlab.cn/@panxy1019/PaperSpecialistAblationsSingleSeed20260724
swanlab: 🚀 View run Vanilla-FNN-periodic-seed1600 at 
https://swanlab.cn/@panxy1019/PaperSpecialistAblationsSingleSeed20260724/runs/v5
0cmli8
{"event": "resume_loaded", "epoch": 10}
{"event": "epoch_eval", "experiment": "VanillaFNN_periodic_seed1600", "test_label": "Re_70p314635", "epoch": 15, "train_loss": 0.9029261235034827, "val_score": 0.3039425952360034, "val_rhs_relative_l2": 0.20320670306682587, "val_alpha_relative_l2": 0.09302406758069992, "val_pressure_relative_l2": 0.02203378453850746, "scheduled_sampling": 1.0, "rollout_steps": 4}
{"event": "epoch_eval", "experiment": "VanillaFNN_periodic_seed1600", "test_label": "Re_70p314635", "epoch": 20, "train_loss": 0.8566213286284244, "val_score": 0.29162977570667864, "val_rhs_relative_l2": 0.19082370400428772, "val_alpha_relative_l2": 0.09404252469539642, "val_pressure_relative_l2": 0.019324420019984245, "scheduled_sampling": 1.0, "rollout_steps": 4}
{"event": "epoch_eval", "experiment": "VanillaFNN_periodic_seed1600", "test_label": "Re_70p314635", "epoch": 25, "train_loss": 0.8283956032810789, "val_score": 0.2943489377386868, "val_rhs_relative_l2": 0.19502322375774384, "val_alpha_relative_l2": 0.0930110439658165, "val_pressure_relative_l2": 0.018041914328932762, "scheduled_sampling": 1.0, "rollout_steps": 4}
{"event": "epoch_eval", "experiment": "VanillaFNN_periodic_seed1600", "test_label": "Re_70p314635", "epoch": 30, "train_loss": 0.832310514016585, "val_score": 0.2970868871547282, "val_rhs_relative_l2": 0.19364768266677856, "val_alpha_relative_l2": 0.09323112666606903, "val_pressure_relative_l2": 0.02916593663394451, "scheduled_sampling": 1.0, "rollout_steps": 4}
{"event": "epoch_eval", "experiment": "VanillaFNN_periodic_seed1600", "test_label": "Re_70p314635", "epoch": 35, "train_loss": 0.7916567253343987, "val_score": 0.29299326837062833, "val_rhs_relative_l2": 0.194021075963974, "val_alpha_relative_l2": 0.09248759597539902, "val_pressure_relative_l2": 0.01852741837501526, "scheduled_sampling": 1.0, "rollout_steps": 4}
{"event": "epoch_eval", "experiment": "VanillaFNN_periodic_seed1600", "test_label": "Re_70p314635", "epoch": 40, "train_loss": 0.8022791093046014, "val_score": 0.29408639343455434, "val_rhs_relative_l2": 0.19620351493358612, "val_alpha_relative_l2": 0.0920763611793518, "val_pressure_relative_l2": 0.016590049490332603, "scheduled_sampling": 1.0, "rollout_steps": 4}
{"event": "epoch_eval", "experiment": "VanillaFNN_periodic_seed1600", "test_label": "Re_70p314635", "epoch": 45, "train_loss": 0.8619425603837678, "val_score": 0.2987033873796463, "val_rhs_relative_l2": 0.19527935981750488, "val_alpha_relative_l2": 0.09416370838880539, "val_pressure_relative_l2": 0.026458054780960083, "scheduled_sampling": 1.0, "rollout_steps": 4}
{"event": "epoch_eval", "experiment": "VanillaFNN_periodic_seed1600", "test_label": "Re_70p314635", "epoch": 50, "train_loss": 0.8136706406419928, "val_score": 0.301352281589061, "val_rhs_relative_l2": 0.19959312677383423, "val_alpha_relative_l2": 0.093403659760952, "val_pressure_relative_l2": 0.023872843012213707, "scheduled_sampling": 1.0, "rollout_steps": 4}
{"event": "epoch_eval", "experiment": "VanillaFNN_periodic_seed1600", "test_label": "Re_70p314635", "epoch": 55, "train_loss": 0.7835378104990179, "val_score": 0.2935382035560906, "val_rhs_relative_l2": 0.19449901580810547, "val_alpha_relative_l2": 0.09287788718938828, "val_pressure_relative_l2": 0.017603715881705284, "scheduled_sampling": 1.0, "rollout_steps": 4}
{"event": "epoch_eval", "experiment": "VanillaFNN_periodic_seed1600", "test_label": "Re_70p314635", "epoch": 60, "train_loss": 0.7872239405458624, "val_score": 0.27346119517460465, "val_rhs_relative_l2": 0.173058420419693, "val_alpha_relative_l2": 0.09481576085090637, "val_pressure_relative_l2": 0.01596289686858654, "scheduled_sampling": 1.0, "rollout_steps": 4}
{"event": "epoch_eval", "experiment": "VanillaFNN_periodic_seed1600", "test_label": "Re_70p314635", "epoch": 65, "train_loss": 0.773306283083829, "val_score": 0.29710213001817465, "val_rhs_relative_l2": 0.19766798615455627, "val_alpha_relative_l2": 0.09265682101249695, "val_pressure_relative_l2": 0.019363779574632645, "scheduled_sampling": 1.0, "rollout_steps": 8}
{"event": "epoch_eval", "experiment": "VanillaFNN_periodic_seed1600", "test_label": "Re_70p314635", "epoch": 70, "train_loss": 0.7553579157049005, "val_score": 0.2889137311838567, "val_rhs_relative_l2": 0.18965624272823334, "val_alpha_relative_l2": 0.09339836984872818, "val_pressure_relative_l2": 0.016740338876843452, "scheduled_sampling": 1.0, "rollout_steps": 8}
{"event": "epoch_eval", "experiment": "VanillaFNN_periodic_seed1600", "test_label": "Re_70p314635", "epoch": 75, "train_loss": 0.7494189811475349, "val_score": 0.29223503498360515, "val_rhs_relative_l2": 0.19421686232089996, "val_alpha_relative_l2": 0.0923454761505127, "val_pressure_relative_l2": 0.016207704320549965, "scheduled_sampling": 1.0, "rollout_steps": 8}
{"event": "epoch_eval", "experiment": "VanillaFNN_periodic_seed1600", "test_label": "Re_70p314635", "epoch": 80, "train_loss": 0.7609620708407778, "val_score": 0.29776386097073554, "val_rhs_relative_l2": 0.20207081735134125, "val_alpha_relative_l2": 0.09130643308162689, "val_pressure_relative_l2": 0.012533172965049744, "scheduled_sampling": 1.0, "rollout_steps": 8}
{"event": "epoch_eval", "experiment": "VanillaFNN_periodic_seed1600", "test_label": "Re_70p314635", "epoch": 85, "train_loss": 0.7501746434153933, "val_score": 0.2873577209189534, "val_rhs_relative_l2": 0.19074085354804993, "val_alpha_relative_l2": 0.09277458488941193, "val_pressure_relative_l2": 0.01097794994711876, "scheduled_sampling": 1.0, "rollout_steps": 8}
{"event": "epoch_eval", "experiment": "VanillaFNN_periodic_seed1600", "test_label": "Re_70p314635", "epoch": 90, "train_loss": 0.7416266040368513, "val_score": 0.2881261442322284, "val_rhs_relative_l2": 0.191013365983963, "val_alpha_relative_l2": 0.09291784465312958, "val_pressure_relative_l2": 0.01198552455753088, "scheduled_sampling": 1.0, "rollout_steps": 8}
{"event": "epoch_eval", "experiment": "VanillaFNN_periodic_seed1600", "test_label": "Re_70p314635", "epoch": 95, "train_loss": 0.7381704178723422, "val_score": 0.2908739781938493, "val_rhs_relative_l2": 0.19310589134693146, "val_alpha_relative_l2": 0.09240204840898514, "val_pressure_relative_l2": 0.015331538394093513, "scheduled_sampling": 1.0, "rollout_steps": 8}
{"event": "epoch_eval", "experiment": "VanillaFNN_periodic_seed1600", "test_label": "Re_70p314635", "epoch": 100, "train_loss": 0.7356182083939061, "val_score": 0.2884228592272848, "val_rhs_relative_l2": 0.19356103241443634, "val_alpha_relative_l2": 0.09204509109258652, "val_pressure_relative_l2": 0.008047816343605518, "scheduled_sampling": 1.0, "rollout_steps": 8}
{"event": "epoch_eval", "experiment": "VanillaFNN_periodic_seed1600", "test_label": "Re_70p314635", "epoch": 105, "train_loss": 0.7386498993093317, "val_score": 0.2863208741880953, "val_rhs_relative_l2": 0.19059579074382782, "val_alpha_relative_l2": 0.09259793162345886, "val_pressure_relative_l2": 0.008934719488024712, "scheduled_sampling": 1.0, "rollout_steps": 8}
{"event": "epoch_eval", "experiment": "VanillaFNN_periodic_seed1600", "test_label": "Re_70p314635", "epoch": 110, "train_loss": 0.7302130207870946, "val_score": 0.2871292516356334, "val_rhs_relative_l2": 0.19274893403053284, "val_alpha_relative_l2": 0.09207621216773987, "val_pressure_relative_l2": 0.006583158392459154, "scheduled_sampling": 1.0, "rollout_steps": 8}
{"event": "epoch_eval", "experiment": "VanillaFNN_periodic_seed1600", "test_label": "Re_70p314635", "epoch": 115, "train_loss": 0.7299207358649282, "val_score": 0.29264554879628124, "val_rhs_relative_l2": 0.19799382984638214, "val_alpha_relative_l2": 0.09168945252895355, "val_pressure_relative_l2": 0.008463618345558643, "scheduled_sampling": 1.0, "rollout_steps": 8}
{"event": "epoch_eval", "experiment": "VanillaFNN_periodic_seed1600", "test_label": "Re_70p314635", "epoch": 120, "train_loss": 0.7255708159822406, "val_score": 0.2884679690934718, "val_rhs_relative_l2": 0.19364327192306519, "val_alpha_relative_l2": 0.092070572078228, "val_pressure_relative_l2": 0.007868928834795952, "scheduled_sampling": 1.0, "rollout_steps": 8}
{"event": "epoch_eval", "experiment": "VanillaFNN_periodic_seed1600", "test_label": "Re_70p314635", "epoch": 125, "train_loss": 0.7264075098615704, "val_score": 0.28655478823930025, "val_rhs_relative_l2": 0.19186793267726898, "val_alpha_relative_l2": 0.09239622950553894, "val_pressure_relative_l2": 0.0065446458756923676, "scheduled_sampling": 1.0, "rollout_steps": 12}
{"event": "epoch_eval", "experiment": "VanillaFNN_periodic_seed1600", "test_label": "Re_70p314635", "epoch": 130, "train_loss": 0.7310281865524523, "val_score": 0.2863264719489962, "val_rhs_relative_l2": 0.1897360384464264, "val_alpha_relative_l2": 0.09275918453931808, "val_pressure_relative_l2": 0.0109464256092906, "scheduled_sampling": 1.0, "rollout_steps": 12}
{"event": "epoch_eval", "experiment": "VanillaFNN_periodic_seed1600", "test_label": "Re_70p314635", "epoch": 135, "train_loss": 0.7252114993153196, "val_score": 0.2869865532265976, "val_rhs_relative_l2": 0.1931406706571579, "val_alpha_relative_l2": 0.09170439839363098, "val_pressure_relative_l2": 0.006118526216596365, "scheduled_sampling": 1.0, "rollout_steps": 12}
{"event": "epoch_eval", "experiment": "VanillaFNN_periodic_seed1600", "test_label": "Re_70p314635", "epoch": 140, "train_loss": 0.7191049059232076, "val_score": 0.285777061060071, "val_rhs_relative_l2": 0.1919061690568924, "val_alpha_relative_l2": 0.0919058546423912, "val_pressure_relative_l2": 0.005614392459392548, "scheduled_sampling": 1.0, "rollout_steps": 12}
{"event": "epoch_eval", "experiment": "VanillaFNN_periodic_seed1600", "test_label": "Re_70p314635", "epoch": 145, "train_loss": 0.7221403121948242, "val_score": 0.2865302103105932, "val_rhs_relative_l2": 0.19245150685310364, "val_alpha_relative_l2": 0.09220146387815475, "val_pressure_relative_l2": 0.005363541655242443, "scheduled_sampling": 1.0, "rollout_steps": 12}
{"event": "epoch_eval", "experiment": "VanillaFNN_periodic_seed1600", "test_label": "Re_70p314635", "epoch": 150, "train_loss": 0.7195818677093043, "val_score": 0.28529968617949636, "val_rhs_relative_l2": 0.19137318432331085, "val_alpha_relative_l2": 0.09203153103590012, "val_pressure_relative_l2": 0.005414202343672514, "scheduled_sampling": 1.0, "rollout_steps": 12}
{"event": "epoch_eval", "experiment": "VanillaFNN_periodic_seed1600", "test_label": "Re_70p314635", "epoch": 155, "train_loss": 0.71547701142051, "val_score": 0.2856637205462903, "val_rhs_relative_l2": 0.19231677055358887, "val_alpha_relative_l2": 0.0919378250837326, "val_pressure_relative_l2": 0.004026071168482304, "scheduled_sampling": 1.0, "rollout_steps": 12}
{"event": "epoch_eval", "experiment": "VanillaFNN_periodic_seed1600", "test_label": "Re_70p314635", "epoch": 160, "train_loss": 0.7143502000606421, "val_score": 0.2847188592888415, "val_rhs_relative_l2": 0.19125570356845856, "val_alpha_relative_l2": 0.0920843854546547, "val_pressure_relative_l2": 0.003939343616366386, "scheduled_sampling": 1.0, "rollout_steps": 12}
{"event": "epoch_eval", "experiment": "VanillaFNN_periodic_seed1600", "test_label": "Re_70p314635", "epoch": 165, "train_loss": 0.7165178349523833, "val_score": 0.28515464460942896, "val_rhs_relative_l2": 0.19110186398029327, "val_alpha_relative_l2": 0.09230365604162216, "val_pressure_relative_l2": 0.004997498821467161, "scheduled_sampling": 1.0, "rollout_steps": 12}
{"event": "epoch_eval", "experiment": "VanillaFNN_periodic_seed1600", "test_label": "Re_70p314635", "epoch": 170, "train_loss": 0.7154603492129933, "val_score": 0.28468237777706235, "val_rhs_relative_l2": 0.19126513600349426, "val_alpha_relative_l2": 0.09202101081609726, "val_pressure_relative_l2": 0.0039892313070595264, "scheduled_sampling": 1.0, "rollout_steps": 12}
{"event": "epoch_eval", "experiment": "VanillaFNN_periodic_seed1600", "test_label": "Re_70p314635", "epoch": 175, "train_loss": 0.7148314714431763, "val_score": 0.2856368989334442, "val_rhs_relative_l2": 0.19247320294380188, "val_alpha_relative_l2": 0.09190630167722702, "val_pressure_relative_l2": 0.0035925551783293486, "scheduled_sampling": 1.0, "rollout_steps": 12}
{"event": "epoch_eval", "experiment": "VanillaFNN_periodic_seed1600", "test_label": "Re_70p314635", "epoch": 180, "train_loss": 0.716084973378615, "val_score": 0.2840689563890919, "val_rhs_relative_l2": 0.19065852463245392, "val_alpha_relative_l2": 0.09217126667499542, "val_pressure_relative_l2": 0.003540471661835909, "scheduled_sampling": 1.0, "rollout_steps": 12}
swanlab: 📁 View project at 
https://swanlab.cn/@panxy1019/PaperSpecialistAblationsSingleSeed20260724
swanlab: 🚀 View run Vanilla-FNN-periodic-seed1600 at 
https://swanlab.cn/@panxy1019/PaperSpecialistAblationsSingleSeed20260724/runs/v5
0cmli8
swanlab: Upload complete: 30675 records
{"scheme": "v16_attractor_moe_rom_re20_200_closed_loop_rk4", "experiment_name": "VanillaFNN_periodic_seed1600", "metrics_json": "/root/siton-data-ecd30b0dd03a4b6c86d4ad3b98458111/panxy/particalMOE/paper_experiments/runs/specialist_vanilla_recovery_v1_20260724/retries/periodic_v4/periodic/vanilla-fnn/training/VanillaFNN_periodic_seed1600_metrics.json", "summary_md": "/root/siton-data-ecd30b0dd03a4b6c86d4ad3b98458111/panxy/particalMOE/paper_experiments/runs/specialist_vanilla_recovery_v1_20260724/retries/periodic_v4/periodic/vanilla-fnn/training/VanillaFNN_periodic_seed1600_summary.md", "runtime_seconds": 23180.304965496063, "test_Re": [70.31463623046875, 100.35224914550781, 149.05923461914062, 189.86227416992188]}
Wrote /root/siton-data-ecd30b0dd03a4b6c86d4ad3b98458111/panxy/particalMOE/paper_experiments/runs/specialist_vanilla_recovery_v1_20260724/retries/periodic_v4/periodic/vanilla-fnn/training/VanillaFNN_periodic_seed1600_metrics.json
Wrote /root/siton-data-ecd30b0dd03a4b6c86d4ad3b98458111/panxy/particalMOE/paper_experiments/runs/specialist_vanilla_recovery_v1_20260724/retries/periodic_v4/periodic/vanilla-fnn/training/VanillaFNN_periodic_seed1600_summary.md
