[
  {
    "regime": "H",
    "method": "proposed",
    "K": 24,
    "evaluated_seeds": 2,
    "expected_seeds": 3,
    "reference": "POD reconstructed, not FOM",
    "Eu_percent_window_mean_mean": 0.004013243710078896,
    "Eu_percent_window_mean_sample_std": 0.0023318510593940706,
    "Ep_percent_window_mean_mean": 0.11119535636628863,
    "Ep_percent_window_mean_sample_std": 0.084604018260813,
    "Ejoint_percent_window_mean_mean": 0.11520860007636752,
    "Ejoint_percent_window_mean_sample_std": 0.08693586932020705,
    "warning": "Incomplete/accepted-only seed summary; NOT a three-seed estimate"
  },
  {
    "regime": "H",
    "method": "dense",
    "K": 24,
    "evaluated_seeds": 2,
    "expected_seeds": 3,
    "reference": "POD reconstructed, not FOM",
    "Eu_percent_window_mean_mean": 0.0034753614787538453,
    "Eu_percent_window_mean_sample_std": 0.001534785752419849,
    "Ep_percent_window_mean_mean": 0.15058827170278985,
    "Ep_percent_window_mean_sample_std": 0.1621093265171473,
    "Ejoint_percent_window_mean_mean": 0.1540636331815437,
    "Ejoint_percent_window_mean_sample_std": 0.16364411226956715,
    "warning": "Incomplete/accepted-only seed summary; NOT a three-seed estimate"
  },
  {
    "regime": "H",
    "method": "structured",
    "K": 24,
    "evaluated_seeds": 3,
    "expected_seeds": 3,
    "reference": "POD reconstructed, not FOM",
    "Eu_percent_window_mean_mean": 0.003881440612992027,
    "Eu_percent_window_mean_sample_std": 0.0006419926477554592,
    "Ep_percent_window_mean_mean": 0.12148601481044696,
    "Ep_percent_window_mean_sample_std": 0.04660570215577379,
    "Ejoint_percent_window_mean_mean": 0.125367455423439,
    "Ejoint_percent_window_mean_sample_std": 0.04613765847767584,
    "warning": ""
  },
  {
    "regime": "H",
    "method": "OpInf",
    "K": 24,
    "evaluated_seeds": 1,
    "expected_seeds": 1,
    "reference": "POD reconstructed, not FOM",
    "Eu_percent_window_mean_mean": 0.005851030753203555,
    "Eu_percent_window_mean_sample_std": null,
    "Ep_percent_window_mean_mean": 0.03284708166142486,
    "Ep_percent_window_mean_sample_std": null,
    "Ejoint_percent_window_mean_mean": 0.03869811241462842,
    "Ejoint_percent_window_mean_sample_std": null,
    "warning": ""
  },
  {
    "regime": "P",
    "method": "proposed",
    "K": 24,
    "evaluated_seeds": 3,
    "expected_seeds": 3,
    "reference": "POD reconstructed, not FOM",
    "Eu_percent_window_mean_mean": 0.5730655036738193,
    "Eu_percent_window_mean_sample_std": 0.36375425039790676,
    "Ep_percent_window_mean_mean": 2.3059976870977597,
    "Ep_percent_window_mean_sample_std": 1.3681430681142106,
    "Ejoint_percent_window_mean_mean": 2.8790631907715785,
    "Ejoint_percent_window_mean_sample_std": 1.7269126952530363,
    "warning": ""
  },
  {
    "regime": "P",
    "method": "dense",
    "K": 24,
    "evaluated_seeds": 3,
    "expected_seeds": 3,
    "reference": "POD reconstructed, not FOM",
    "Eu_percent_window_mean_mean": 0.244604933657937,
    "Eu_percent_window_mean_sample_std": 0.032285153417151186,
    "Ep_percent_window_mean_mean": 1.0804885712595016,
    "Ep_percent_window_mean_sample_std": 0.19457117658258058,
    "Ejoint_percent_window_mean_mean": 1.3250935049174386,
    "Ejoint_percent_window_mean_sample_std": 0.22678574511043456,
    "warning": ""
  },
  {
    "regime": "P",
    "method": "structured",
    "K": 24,
    "evaluated_seeds": 3,
    "expected_seeds": 3,
    "reference": "POD reconstructed, not FOM",
    "Eu_percent_window_mean_mean": 0.5177518612621487,
    "Eu_percent_window_mean_sample_std": 0.2666857080473327,
    "Ep_percent_window_mean_mean": 2.3488828101382713,
    "Ep_percent_window_mean_sample_std": 1.1688167801124996,
    "Ejoint_percent_window_mean_mean": 2.8666346714004205,
    "Ejoint_percent_window_mean_sample_std": 1.4342219630336992,
    "warning": ""
  },
  {
    "regime": "P",
    "method": "OpInf",
    "K": 24,
    "evaluated_seeds": 1,
    "expected_seeds": 1,
    "reference": "POD reconstructed, not FOM",
    "Eu_percent_window_mean_mean": 15.867647480337885,
    "Eu_percent_window_mean_sample_std": null,
    "Ep_percent_window_mean_mean": 98.22644818884724,
    "Ep_percent_window_mean_sample_std": null,
    "Ejoint_percent_window_mean_mean": 114.09409566918512,
    "Ejoint_percent_window_mean_sample_std": null,
    "warning": ""
  }
]
