usage: train_periodic_moe.py [-h] [--data-root DATA_ROOT]
                             [--tensor-path TENSOR_PATH]
                             [--pressure-surrogate-path PRESSURE_SURROGATE_PATH]
                             [--pressure-base-mode {static,film_base,regime_aware_rom}]
                             [--regime-rom-root REGIME_ROM_ROOT]
                             [--film-base-hidden FILM_BASE_HIDDEN]
                             [--film-base-scale FILM_BASE_SCALE]
                             [--output-dir OUTPUT_DIR]
                             [--experiment-name EXPERIMENT_NAME] [--r-u R_U]
                             [--r-p R_P]
                             [--test-re-indices TEST_RE_INDICES [TEST_RE_INDICES ...]]
                             [--test-re-values [TEST_RE_VALUES ...]]
                             --validation-re-values VALIDATION_RE_VALUES
                             [VALIDATION_RE_VALUES ...]
                             [--test-re-selection {explicit,uniform,values,regime_default}]
                             [--num-uniform-test-re NUM_UNIFORM_TEST_RE]
                             [--train-time-stride TRAIN_TIME_STRIDE]
                             [--train-time-offset TRAIN_TIME_OFFSET]
                             [--train-re-stride TRAIN_RE_STRIDE]
                             [--train-re-offset TRAIN_RE_OFFSET]
                             [--regime-balanced-sampling]
                             [--experiment-tag EXPERIMENT_TAG]
                             [--phase-harmonics PHASE_HARMONICS]
                             [--hidden-dim HIDDEN_DIM]
                             [--num-blocks NUM_BLOCKS]
                             [--num-experts NUM_EXPERTS]
                             [--num-shared-experts NUM_SHARED_EXPERTS]
                             [--num-regime-groups NUM_REGIME_GROUPS]
                             [--experts-per-group EXPERTS_PER_GROUP]
                             [--group-top-k GROUP_TOP_K]
                             [--group-temperature GROUP_TEMPERATURE]
                             [--group-gate-floor GROUP_GATE_FLOOR]
                             [--top-k TOP_K] [--expert-hidden EXPERT_HIDDEN]
                             [--expert-blocks EXPERT_BLOCKS]
                             [--quadratic-rank QUADRATIC_RANK]
                             [--quadratic-scale QUADRATIC_SCALE]
                             [--dropout DROPOUT] [--temperature TEMPERATURE]
                             [--gate-floor GATE_FLOOR]
                             [--shared-scale SHARED_SCALE]
                             [--routed-scale ROUTED_SCALE] [--epochs EPOCHS]
                             [--batch-size BATCH_SIZE] [--lr LR]
                             [--weight-decay WEIGHT_DECAY]
                             [--patience PATIENCE] [--eval-every EVAL_EVERY]
                             [--checkpoint-every-evals CHECKPOINT_EVERY_EVALS]
                             [--resume-checkpoint RESUME_CHECKPOINT]
                             [--gpu-memory-fraction GPU_MEMORY_FRACTION]
                             [--adaptive-gate-initial-logit ADAPTIVE_GATE_INITIAL_LOGIT]
                             [--early-stop-min-delta EARLY_STOP_MIN_DELTA]
                             [--eval-only-checkpoint EVAL_ONLY_CHECKPOINT]
                             [--rollout-steps ROLLOUT_STEPS]
                             [--train-rollout-steps TRAIN_ROLLOUT_STEPS]
                             [--rollout-batch ROLLOUT_BATCH]
                             [--rollout-every-batches ROLLOUT_EVERY_BATCHES]
                             [--recon-dim RECON_DIM]
                             [--lambda-coeff LAMBDA_COEFF]
                             [--lambda-dyn LAMBDA_DYN]
                             [--lambda-pressure LAMBDA_PRESSURE]
                             [--lambda-recon LAMBDA_RECON]
                             [--lambda-rollout LAMBDA_ROLLOUT]
                             [--lambda-pressure-rollout LAMBDA_PRESSURE_ROLLOUT]
                             [--lambda-consistency LAMBDA_CONSISTENCY]
                             [--lambda-router-balance LAMBDA_ROUTER_BALANCE]
                             [--lambda-router-entropy LAMBDA_ROUTER_ENTROPY]
                             [--lambda-group-balance LAMBDA_GROUP_BALANCE]
                             [--lambda-group-entropy LAMBDA_GROUP_ENTROPY]
                             [--lambda-group-supervision LAMBDA_GROUP_SUPERVISION]
                             [--lambda-router-smooth LAMBDA_ROUTER_SMOOTH]
                             [--lambda-expert-diversity LAMBDA_EXPERT_DIVERSITY]
                             [--lambda-regime-router LAMBDA_REGIME_ROUTER]
                             [--lambda-energy LAMBDA_ENERGY]
                             [--lambda-trajectory-consistency LAMBDA_TRAJECTORY_CONSISTENCY]
                             [--lambda-alpha-rel LAMBDA_ALPHA_REL]
                             [--lambda-rhs-rel LAMBDA_RHS_REL]
                             [--lambda-pressure-rel LAMBDA_PRESSURE_REL]
                             [--hopf-pair HOPF_PAIR]
                             [--hopf-re-min HOPF_RE_MIN]
                             [--hopf-re-max HOPF_RE_MAX]
                             [--hopf-focus-re HOPF_FOCUS_RE]
                             [--hopf-focus-width HOPF_FOCUS_WIDTH]
                             [--lambda-hopf-log-amp LAMBDA_HOPF_LOG_AMP]
                             [--lambda-hopf-energy LAMBDA_HOPF_ENERGY]
                             [--lambda-hopf-overshoot LAMBDA_HOPF_OVERSHOOT]
                             [--hopf-loss-warmup-epochs HOPF_LOSS_WARMUP_EPOCHS]
                             [--hopf-overshoot-ratio HOPF_OVERSHOOT_RATIO]
                             [--hopf-sample-weight HOPF_SAMPLE_WEIGHT]
                             [--hopf-focus-sample-weight HOPF_FOCUS_SAMPLE_WEIGHT]
                             [--hopf-rollout-weight HOPF_ROLLOUT_WEIGHT]
                             [--hopf-diagnostic-horizons HOPF_DIAGNOSTIC_HORIZONS]
                             [--attractor-balanced-sampling]
                             [--attractor-conditioned]
                             [--attractor-adapter-dim ATTRACTOR_ADAPTER_DIM]
                             [--lambda-attractor-ce LAMBDA_ATTRACTOR_CE]
                             [--lambda-steady-rhs LAMBDA_STEADY_RHS]
                             [--lambda-steady-state LAMBDA_STEADY_STATE]
                             [--lambda-attractor-hopf-radius LAMBDA_ATTRACTOR_HOPF_RADIUS]
                             [--lambda-attractor-hopf-overshoot LAMBDA_ATTRACTOR_HOPF_OVERSHOOT]
                             [--lambda-attractor-hopf-onset LAMBDA_ATTRACTOR_HOPF_ONSET]
                             [--v16-1-hopf-floor-quantile V16_1_HOPF_FLOOR_QUANTILE]
                             [--v16-1-loss-warmup-epochs V16_1_LOSS_WARMUP_EPOCHS]
                             [--lambda-v16-1-hopf-growth LAMBDA_V16_1_HOPF_GROWTH]
                             [--lambda-v16-1-hopf-false-growth LAMBDA_V16_1_HOPF_FALSE_GROWTH]
                             [--lambda-v16-1-hopf-floor-rel LAMBDA_V16_1_HOPF_FLOOR_REL]
                             [--lambda-v16-1-steady-p-state LAMBDA_V16_1_STEADY_P_STATE]
                             [--lambda-v16-1-steady-p-mean LAMBDA_V16_1_STEADY_P_MEAN]
                             [--lambda-v16-1-steady-p-delta LAMBDA_V16_1_STEADY_P_DELTA]
                             [--lambda-v16-1-steady-residual-damp LAMBDA_V16_1_STEADY_RESIDUAL_DAMP]
                             [--lambda-v16-1-steady-p-energy LAMBDA_V16_1_STEADY_P_ENERGY]
                             [--lambda-periodic-energy LAMBDA_PERIODIC_ENERGY]
                             [--lambda-periodic-radius LAMBDA_PERIODIC_RADIUS]
                             [--lambda-proto-energy LAMBDA_PROTO_ENERGY]
                             [--lambda-proto-radius LAMBDA_PROTO_RADIUS]
                             [--attractor-r-floor ATTRACTOR_R_FLOOR]
                             [--attractor-onset-threshold ATTRACTOR_ONSET_THRESHOLD]
                             [--pressure-target {closure,state}]
                             [--closure-mode {baseline,residual_scaling,base_scaling,dual_adaptive,adaptive_gate}]
                             [--pressure-input-mode {pressure_only,velocity_only,hybrid}]
                             [--rhs-target {full,residual}]
                             [--pressure-amplitude-weight-power PRESSURE_AMPLITUDE_WEIGHT_POWER]
                             [--pressure-amplitude-weight-max PRESSURE_AMPLITUDE_WEIGHT_MAX]
                             [--rollout-relative-mix ROLLOUT_RELATIVE_MIX]
                             [--relative-floor-frac RELATIVE_FLOOR_FRAC]
                             [--history-len HISTORY_LEN]
                             [--curriculum-steps CURRICULUM_STEPS]
                             [--scheduled-sampling-start SCHEDULED_SAMPLING_START]
                             [--scheduled-sampling-end SCHEDULED_SAMPLING_END]
                             [--scheduled-sampling-warmup-frac SCHEDULED_SAMPLING_WARMUP_FRAC]
                             [--min-epochs MIN_EPOCHS] [--seed SEED]
                             [--integrator {euler,rk4}]
                             [--analysis-bins ANALYSIS_BINS]
                             [--eval-routing-every EVAL_ROUTING_EVERY]
                             [--eval-routing-max-samples EVAL_ROUTING_MAX_SAMPLES]
                             [--skip-expert-error-analysis]
                             [--run-expert-error-analysis]
                             [--swanlab-mode {disabled,online,local,offline}]
                             [--swanlab-project SWANLAB_PROJECT]
                             [--swanlab-workspace SWANLAB_WORKSPACE]
                             [--swanlab-group SWANLAB_GROUP]
                             [--swanlab-run-name SWANLAB_RUN_NAME]
                             [--swanlab-log-dir SWANLAB_LOG_DIR]
                             [--swanlab-required] [--allow-tf32]
                             [--no-allow-tf32] [--device DEVICE]
                             [--print-full-json]
train_periodic_moe.py: error: the following arguments are required: --validation-re-values
