{"event": "split_start", "experiment": "centered_square_periodic_optimized_r28_p26", "test_label": "Re100p500000", "test_Re": 100.5, "holdout_labels": ["Re100p500000", "Re102p000000", "Re120p689655", "Re144p827586"], "train_re_count": 27, "test_re_count": 4, "kept_train_samples": 3321, "dense_train_samples_before_time_sparsity": 3321, "compression_ratio_vs_dense_train": 1.0}
swanlab: Currently logged in as: panxy1019 to https://api.swanlab.cn. Use 
`swanlab login --relogin` to force relogin
swanlab: Tracking run with swanlab version 0.9.0
swanlab: 💾 Run data saved at 
runs/optimized_long_seed1600/swanlog/run-20260728_224639-hw6bwkpk-e9c967685351-1
06987
swanlab: 📁 View project at https://swanlab.cn/@panxy1019/V17SquarePeriodicMOE
swanlab: 🚀 View run CenteredSquare-Periodic-optimized-long-resume at 
https://swanlab.cn/@panxy1019/V17SquarePeriodicMOE/runs/hw6bwkpk
{"event": "resume_loaded", "epoch": 280, "scheduler_t_max_old": 640, "scheduler_t_max_new": 720}
{"event": "epoch_performance", "epoch": 281, "rollout_steps": 12, "rollout_updates": 2, "rollout_batch": 40, "train_seconds": 78.18882395187393, "peak_memory_gib": 5.080387592315674, "amp_mode": "bf16"}
{"event": "epoch_performance", "epoch": 282, "rollout_steps": 12, "rollout_updates": 2, "rollout_batch": 40, "train_seconds": 81.68754014093429, "peak_memory_gib": 5.143246650695801, "amp_mode": "bf16"}
{"event": "epoch_performance", "epoch": 283, "rollout_steps": 12, "rollout_updates": 2, "rollout_batch": 40, "train_seconds": 80.42266795178875, "peak_memory_gib": 5.17866849899292, "amp_mode": "bf16"}
{"event": "epoch_performance", "epoch": 284, "rollout_steps": 12, "rollout_updates": 2, "rollout_batch": 40, "train_seconds": 89.26293668383732, "peak_memory_gib": 5.249512195587158, "amp_mode": "bf16"}
{"event": "epoch_performance", "epoch": 285, "rollout_steps": 12, "rollout_updates": 2, "rollout_batch": 40, "train_seconds": 80.25679607084021, "peak_memory_gib": 5.214090347290039, "amp_mode": "bf16"}
{"event": "epoch_performance", "epoch": 286, "rollout_steps": 12, "rollout_updates": 2, "rollout_batch": 40, "train_seconds": 75.73223937302828, "peak_memory_gib": 5.143246650695801, "amp_mode": "bf16"}
{"event": "epoch_performance", "epoch": 287, "rollout_steps": 12, "rollout_updates": 2, "rollout_batch": 40, "train_seconds": 82.87609896296635, "peak_memory_gib": 5.17866849899292, "amp_mode": "bf16"}
{"event": "epoch_performance", "epoch": 288, "rollout_steps": 12, "rollout_updates": 2, "rollout_batch": 40, "train_seconds": 82.75444693583995, "peak_memory_gib": 5.214090347290039, "amp_mode": "bf16"}
{"event": "epoch_performance", "epoch": 289, "rollout_steps": 12, "rollout_updates": 2, "rollout_batch": 40, "train_seconds": 79.85877387411892, "peak_memory_gib": 5.143246650695801, "amp_mode": "bf16"}
{"event": "epoch_performance", "epoch": 290, "rollout_steps": 12, "rollout_updates": 2, "rollout_batch": 40, "train_seconds": 77.7478551780805, "peak_memory_gib": 5.214090347290039, "amp_mode": "bf16"}
{"event": "epoch_eval", "experiment": "centered_square_periodic_optimized_r28_p26", "test_label": "Re100p500000", "epoch": 290, "train_loss": 0.19447127357125282, "val_score": 1.2286896477919071, "val_rhs_relative_l2": 0.9772648215293884, "val_alpha_relative_l2": 0.2461879998445511, "val_pressure_relative_l2": 0.014962361194193363, "scheduled_sampling": 1.0, "rollout_steps": 12, "epoch_train_seconds": 77.7478551780805, "peak_memory_gib": 5.214090347290039}
{"event": "epoch_performance", "epoch": 291, "rollout_steps": 12, "rollout_updates": 2, "rollout_batch": 40, "train_seconds": 81.41548932017758, "peak_memory_gib": 5.249512195587158, "amp_mode": "bf16"}
{"event": "epoch_performance", "epoch": 292, "rollout_steps": 12, "rollout_updates": 2, "rollout_batch": 40, "train_seconds": 75.46132943360135, "peak_memory_gib": 5.036981105804443, "amp_mode": "bf16"}
{"event": "epoch_performance", "epoch": 293, "rollout_steps": 12, "rollout_updates": 2, "rollout_batch": 40, "train_seconds": 76.78313676919788, "peak_memory_gib": 5.107824802398682, "amp_mode": "bf16"}
{"event": "epoch_performance", "epoch": 294, "rollout_steps": 12, "rollout_updates": 2, "rollout_batch": 40, "train_seconds": 78.61930271191522, "peak_memory_gib": 5.143246650695801, "amp_mode": "bf16"}
{"event": "epoch_performance", "epoch": 295, "rollout_steps": 12, "rollout_updates": 2, "rollout_batch": 40, "train_seconds": 75.42820782307535, "peak_memory_gib": 5.143246650695801, "amp_mode": "bf16"}
{"event": "epoch_performance", "epoch": 296, "rollout_steps": 12, "rollout_updates": 2, "rollout_batch": 40, "train_seconds": 77.06127960421145, "peak_memory_gib": 5.1432414054870605, "amp_mode": "bf16"}
{"event": "epoch_performance", "epoch": 297, "rollout_steps": 12, "rollout_updates": 2, "rollout_batch": 40, "train_seconds": 79.98617647495121, "peak_memory_gib": 5.214090347290039, "amp_mode": "bf16"}
{"event": "epoch_performance", "epoch": 298, "rollout_steps": 12, "rollout_updates": 2, "rollout_batch": 40, "train_seconds": 73.87451073015109, "peak_memory_gib": 5.0724029541015625, "amp_mode": "bf16"}
{"event": "epoch_performance", "epoch": 299, "rollout_steps": 12, "rollout_updates": 2, "rollout_batch": 40, "train_seconds": 79.3439211063087, "peak_memory_gib": 5.17866849899292, "amp_mode": "bf16"}
{"event": "epoch_performance", "epoch": 300, "rollout_steps": 12, "rollout_updates": 2, "rollout_batch": 40, "train_seconds": 76.46298580802977, "peak_memory_gib": 5.143246650695801, "amp_mode": "bf16"}
{"event": "epoch_eval", "experiment": "centered_square_periodic_optimized_r28_p26", "test_label": "Re100p500000", "epoch": 300, "train_loss": 0.21670110896229744, "val_score": 1.2489019161555917, "val_rhs_relative_l2": 0.9993932247161865, "val_alpha_relative_l2": 0.2441757470369339, "val_pressure_relative_l2": 0.015236984007060528, "scheduled_sampling": 1.0, "rollout_steps": 12, "epoch_train_seconds": 76.46298580802977, "peak_memory_gib": 5.143246650695801}
{"event": "epoch_performance", "epoch": 301, "rollout_steps": 12, "rollout_updates": 2, "rollout_batch": 40, "train_seconds": 79.53117126319557, "peak_memory_gib": 5.17866849899292, "amp_mode": "bf16"}
{"event": "epoch_performance", "epoch": 302, "rollout_steps": 12, "rollout_updates": 2, "rollout_batch": 40, "train_seconds": 78.0529050710611, "peak_memory_gib": 5.143246650695801, "amp_mode": "bf16"}
{"event": "epoch_performance", "epoch": 303, "rollout_steps": 12, "rollout_updates": 2, "rollout_batch": 40, "train_seconds": 80.89744991296902, "peak_memory_gib": 5.143246650695801, "amp_mode": "bf16"}
{"event": "epoch_performance", "epoch": 304, "rollout_steps": 12, "rollout_updates": 2, "rollout_batch": 40, "train_seconds": 80.08180574281141, "peak_memory_gib": 5.214090347290039, "amp_mode": "bf16"}
{"event": "epoch_performance", "epoch": 305, "rollout_steps": 12, "rollout_updates": 2, "rollout_batch": 40, "train_seconds": 84.25211370689794, "peak_memory_gib": 5.249512195587158, "amp_mode": "bf16"}
{"event": "epoch_performance", "epoch": 306, "rollout_steps": 12, "rollout_updates": 2, "rollout_batch": 40, "train_seconds": 81.62243370618671, "peak_memory_gib": 5.143246650695801, "amp_mode": "bf16"}
{"event": "epoch_performance", "epoch": 307, "rollout_steps": 12, "rollout_updates": 2, "rollout_batch": 40, "train_seconds": 71.87401255499572, "peak_memory_gib": 5.0724029541015625, "amp_mode": "bf16"}
{"event": "epoch_performance", "epoch": 308, "rollout_steps": 12, "rollout_updates": 2, "rollout_batch": 40, "train_seconds": 78.06428100075573, "peak_memory_gib": 5.214090347290039, "amp_mode": "bf16"}
{"event": "epoch_performance", "epoch": 309, "rollout_steps": 12, "rollout_updates": 2, "rollout_batch": 40, "train_seconds": 79.50158505467698, "peak_memory_gib": 5.107824802398682, "amp_mode": "bf16"}
{"event": "epoch_performance", "epoch": 310, "rollout_steps": 12, "rollout_updates": 2, "rollout_batch": 40, "train_seconds": 77.68738372670487, "peak_memory_gib": 5.214090347290039, "amp_mode": "bf16"}
{"event": "epoch_eval", "experiment": "centered_square_periodic_optimized_r28_p26", "test_label": "Re100p500000", "epoch": 310, "train_loss": 0.19273226708173752, "val_score": 1.236075001442805, "val_rhs_relative_l2": 0.9736596941947937, "val_alpha_relative_l2": 0.2571050524711609, "val_pressure_relative_l2": 0.015172156505286694, "scheduled_sampling": 1.0, "rollout_steps": 12, "epoch_train_seconds": 77.68738372670487, "peak_memory_gib": 5.214090347290039}
{"event": "epoch_performance", "epoch": 311, "rollout_steps": 12, "rollout_updates": 2, "rollout_batch": 40, "train_seconds": 83.16637442121282, "peak_memory_gib": 5.17866849899292, "amp_mode": "bf16"}
{"event": "epoch_performance", "epoch": 312, "rollout_steps": 12, "rollout_updates": 2, "rollout_batch": 40, "train_seconds": 78.58587278192863, "peak_memory_gib": 5.249512195587158, "amp_mode": "bf16"}
{"event": "epoch_performance", "epoch": 313, "rollout_steps": 12, "rollout_updates": 2, "rollout_batch": 40, "train_seconds": 82.65214885724708, "peak_memory_gib": 5.214090347290039, "amp_mode": "bf16"}
{"event": "epoch_performance", "epoch": 314, "rollout_steps": 12, "rollout_updates": 2, "rollout_batch": 40, "train_seconds": 81.03978264611214, "peak_memory_gib": 5.214090347290039, "amp_mode": "bf16"}
{"event": "epoch_performance", "epoch": 315, "rollout_steps": 12, "rollout_updates": 2, "rollout_batch": 40, "train_seconds": 82.33598463516682, "peak_memory_gib": 5.214090347290039, "amp_mode": "bf16"}
{"event": "epoch_performance", "epoch": 316, "rollout_steps": 12, "rollout_updates": 2, "rollout_batch": 40, "train_seconds": 80.89726348035038, "peak_memory_gib": 5.17866849899292, "amp_mode": "bf16"}
{"event": "epoch_performance", "epoch": 317, "rollout_steps": 12, "rollout_updates": 2, "rollout_batch": 40, "train_seconds": 79.52711629681289, "peak_memory_gib": 5.214090347290039, "amp_mode": "bf16"}
{"event": "epoch_performance", "epoch": 318, "rollout_steps": 12, "rollout_updates": 2, "rollout_batch": 40, "train_seconds": 79.37447204021737, "peak_memory_gib": 5.214090347290039, "amp_mode": "bf16"}
{"event": "epoch_performance", "epoch": 319, "rollout_steps": 12, "rollout_updates": 2, "rollout_batch": 40, "train_seconds": 83.81441657291725, "peak_memory_gib": 5.249512195587158, "amp_mode": "bf16"}
{"event": "epoch_performance", "epoch": 320, "rollout_steps": 12, "rollout_updates": 2, "rollout_batch": 40, "train_seconds": 75.08611574722454, "peak_memory_gib": 5.143246650695801, "amp_mode": "bf16"}
{"event": "epoch_eval", "experiment": "centered_square_periodic_optimized_r28_p26", "test_label": "Re100p500000", "epoch": 320, "train_loss": 0.1885707639157772, "val_score": 1.223408209392801, "val_rhs_relative_l2": 0.9822003245353699, "val_alpha_relative_l2": 0.23600523173809052, "val_pressure_relative_l2": 0.014864723198115826, "scheduled_sampling": 1.0, "rollout_steps": 12, "epoch_train_seconds": 75.08611574722454, "peak_memory_gib": 5.143246650695801}
{"event": "epoch_performance", "epoch": 321, "rollout_steps": 12, "rollout_updates": 2, "rollout_batch": 40, "train_seconds": 78.07778444187716, "peak_memory_gib": 5.143246650695801, "amp_mode": "bf16"}
{"event": "epoch_performance", "epoch": 322, "rollout_steps": 12, "rollout_updates": 2, "rollout_batch": 40, "train_seconds": 77.97749135596678, "peak_memory_gib": 5.143246650695801, "amp_mode": "bf16"}
{"event": "epoch_performance", "epoch": 323, "rollout_steps": 12, "rollout_updates": 2, "rollout_batch": 40, "train_seconds": 82.0764659200795, "peak_memory_gib": 5.284934043884277, "amp_mode": "bf16"}
{"event": "epoch_performance", "epoch": 324, "rollout_steps": 12, "rollout_updates": 2, "rollout_batch": 40, "train_seconds": 80.56195768900216, "peak_memory_gib": 5.17866849899292, "amp_mode": "bf16"}
{"event": "epoch_performance", "epoch": 325, "rollout_steps": 12, "rollout_updates": 2, "rollout_batch": 40, "train_seconds": 76.28754603676498, "peak_memory_gib": 5.107824802398682, "amp_mode": "bf16"}
{"event": "epoch_performance", "epoch": 326, "rollout_steps": 12, "rollout_updates": 2, "rollout_batch": 40, "train_seconds": 86.86579435318708, "peak_memory_gib": 5.249512195587158, "amp_mode": "bf16"}
{"event": "epoch_performance", "epoch": 327, "rollout_steps": 12, "rollout_updates": 2, "rollout_batch": 40, "train_seconds": 78.01019327202812, "peak_memory_gib": 5.0724029541015625, "amp_mode": "bf16"}
{"event": "epoch_performance", "epoch": 328, "rollout_steps": 12, "rollout_updates": 2, "rollout_batch": 40, "train_seconds": 75.0879140170291, "peak_memory_gib": 5.143246650695801, "amp_mode": "bf16"}
{"event": "epoch_performance", "epoch": 329, "rollout_steps": 12, "rollout_updates": 2, "rollout_batch": 40, "train_seconds": 72.05444518383592, "peak_memory_gib": 5.107824802398682, "amp_mode": "bf16"}
{"event": "epoch_performance", "epoch": 330, "rollout_steps": 12, "rollout_updates": 2, "rollout_batch": 40, "train_seconds": 82.50420462386683, "peak_memory_gib": 5.249512195587158, "amp_mode": "bf16"}
{"event": "epoch_eval", "experiment": "centered_square_periodic_optimized_r28_p26", "test_label": "Re100p500000", "epoch": 330, "train_loss": 0.18555352836847305, "val_score": 1.2241759705822914, "val_rhs_relative_l2": 0.977868378162384, "val_alpha_relative_l2": 0.24135252833366394, "val_pressure_relative_l2": 0.014157325960695744, "scheduled_sampling": 1.0, "rollout_steps": 12, "epoch_train_seconds": 82.50420462386683, "peak_memory_gib": 5.249512195587158}
{"event": "epoch_performance", "epoch": 331, "rollout_steps": 12, "rollout_updates": 2, "rollout_batch": 40, "train_seconds": 79.32565435580909, "peak_memory_gib": 5.0724029541015625, "amp_mode": "bf16"}
{"event": "epoch_performance", "epoch": 332, "rollout_steps": 12, "rollout_updates": 2, "rollout_batch": 40, "train_seconds": 76.08441203506663, "peak_memory_gib": 5.214090347290039, "amp_mode": "bf16"}
{"event": "epoch_performance", "epoch": 333, "rollout_steps": 12, "rollout_updates": 2, "rollout_batch": 40, "train_seconds": 79.34197366889566, "peak_memory_gib": 5.143246650695801, "amp_mode": "bf16"}
{"event": "epoch_performance", "epoch": 334, "rollout_steps": 12, "rollout_updates": 2, "rollout_batch": 40, "train_seconds": 77.55185119295493, "peak_memory_gib": 5.143246650695801, "amp_mode": "bf16"}
{"event": "epoch_performance", "epoch": 335, "rollout_steps": 12, "rollout_updates": 2, "rollout_batch": 40, "train_seconds": 79.0944394399412, "peak_memory_gib": 5.214090347290039, "amp_mode": "bf16"}
{"event": "epoch_performance", "epoch": 336, "rollout_steps": 12, "rollout_updates": 2, "rollout_batch": 40, "train_seconds": 85.06054555112496, "peak_memory_gib": 5.284934043884277, "amp_mode": "bf16"}
{"event": "epoch_performance", "epoch": 337, "rollout_steps": 12, "rollout_updates": 2, "rollout_batch": 40, "train_seconds": 80.3572841710411, "peak_memory_gib": 5.214090347290039, "amp_mode": "bf16"}
{"event": "epoch_performance", "epoch": 338, "rollout_steps": 12, "rollout_updates": 2, "rollout_batch": 40, "train_seconds": 77.52642690623179, "peak_memory_gib": 5.143246650695801, "amp_mode": "bf16"}
{"event": "epoch_performance", "epoch": 339, "rollout_steps": 12, "rollout_updates": 2, "rollout_batch": 40, "train_seconds": 76.50397550594062, "peak_memory_gib": 5.143246650695801, "amp_mode": "bf16"}
{"event": "epoch_performance", "epoch": 340, "rollout_steps": 12, "rollout_updates": 2, "rollout_batch": 40, "train_seconds": 80.33578184526414, "peak_memory_gib": 5.214090347290039, "amp_mode": "bf16"}
{"event": "epoch_eval", "experiment": "centered_square_periodic_optimized_r28_p26", "test_label": "Re100p500000", "epoch": 340, "train_loss": 0.19451719895005226, "val_score": 1.2271338537335397, "val_rhs_relative_l2": 0.9914762377738953, "val_alpha_relative_l2": 0.22944004833698273, "val_pressure_relative_l2": 0.01776447892189026, "scheduled_sampling": 1.0, "rollout_steps": 12, "epoch_train_seconds": 80.33578184526414, "peak_memory_gib": 5.214090347290039}
{"event": "epoch_performance", "epoch": 341, "rollout_steps": 12, "rollout_updates": 2, "rollout_batch": 40, "train_seconds": 79.14379248209298, "peak_memory_gib": 5.143246650695801, "amp_mode": "bf16"}
{"event": "epoch_performance", "epoch": 342, "rollout_steps": 12, "rollout_updates": 2, "rollout_batch": 40, "train_seconds": 79.13147422205657, "peak_memory_gib": 5.17866849899292, "amp_mode": "bf16"}
{"event": "epoch_performance", "epoch": 343, "rollout_steps": 12, "rollout_updates": 2, "rollout_batch": 40, "train_seconds": 80.8072639410384, "peak_memory_gib": 5.214090347290039, "amp_mode": "bf16"}
{"event": "epoch_performance", "epoch": 344, "rollout_steps": 12, "rollout_updates": 2, "rollout_batch": 40, "train_seconds": 85.10196978366002, "peak_memory_gib": 5.284934043884277, "amp_mode": "bf16"}
{"event": "epoch_performance", "epoch": 345, "rollout_steps": 12, "rollout_updates": 2, "rollout_batch": 40, "train_seconds": 76.19142230087891, "peak_memory_gib": 5.143246650695801, "amp_mode": "bf16"}
{"event": "epoch_performance", "epoch": 346, "rollout_steps": 12, "rollout_updates": 2, "rollout_batch": 40, "train_seconds": 77.84930272120982, "peak_memory_gib": 5.17866849899292, "amp_mode": "bf16"}
{"event": "epoch_performance", "epoch": 347, "rollout_steps": 12, "rollout_updates": 2, "rollout_batch": 40, "train_seconds": 80.79838267434388, "peak_memory_gib": 5.249512195587158, "amp_mode": "bf16"}
{"event": "epoch_performance", "epoch": 348, "rollout_steps": 12, "rollout_updates": 2, "rollout_batch": 40, "train_seconds": 80.77248901175335, "peak_memory_gib": 5.249512195587158, "amp_mode": "bf16"}
{"event": "epoch_performance", "epoch": 349, "rollout_steps": 12, "rollout_updates": 2, "rollout_batch": 40, "train_seconds": 76.2208972517401, "peak_memory_gib": 5.0724029541015625, "amp_mode": "bf16"}
{"event": "epoch_performance", "epoch": 350, "rollout_steps": 12, "rollout_updates": 2, "rollout_batch": 40, "train_seconds": 76.51138958102092, "peak_memory_gib": 5.17866849899292, "amp_mode": "bf16"}
{"event": "epoch_eval", "experiment": "centered_square_periodic_optimized_r28_p26", "test_label": "Re100p500000", "epoch": 350, "train_loss": 0.1855715736746788, "val_score": 1.21801718743518, "val_rhs_relative_l2": 0.9788913130760193, "val_alpha_relative_l2": 0.23434220254421234, "val_pressure_relative_l2": 0.013667633756995201, "scheduled_sampling": 1.0, "rollout_steps": 12, "epoch_train_seconds": 76.51138958102092, "peak_memory_gib": 5.17866849899292}
{"event": "epoch_performance", "epoch": 351, "rollout_steps": 12, "rollout_updates": 2, "rollout_batch": 40, "train_seconds": 80.76427782932296, "peak_memory_gib": 5.1786699295043945, "amp_mode": "bf16"}
{"event": "epoch_performance", "epoch": 352, "rollout_steps": 12, "rollout_updates": 2, "rollout_batch": 40, "train_seconds": 84.05959597183391, "peak_memory_gib": 5.249512195587158, "amp_mode": "bf16"}
{"event": "epoch_performance", "epoch": 353, "rollout_steps": 12, "rollout_updates": 2, "rollout_batch": 40, "train_seconds": 81.84579722117633, "peak_memory_gib": 5.214090347290039, "amp_mode": "bf16"}
{"event": "epoch_performance", "epoch": 354, "rollout_steps": 12, "rollout_updates": 2, "rollout_batch": 40, "train_seconds": 74.98335204320028, "peak_memory_gib": 5.143246650695801, "amp_mode": "bf16"}
{"event": "epoch_performance", "epoch": 355, "rollout_steps": 12, "rollout_updates": 2, "rollout_batch": 40, "train_seconds": 77.75117920897901, "peak_memory_gib": 5.107824802398682, "amp_mode": "bf16"}
{"event": "epoch_performance", "epoch": 356, "rollout_steps": 12, "rollout_updates": 2, "rollout_batch": 40, "train_seconds": 77.7210314120166, "peak_memory_gib": 5.17866849899292, "amp_mode": "bf16"}
{"event": "epoch_performance", "epoch": 357, "rollout_steps": 12, "rollout_updates": 2, "rollout_batch": 40, "train_seconds": 81.74425624962896, "peak_memory_gib": 5.17866849899292, "amp_mode": "bf16"}
{"event": "epoch_performance", "epoch": 358, "rollout_steps": 12, "rollout_updates": 2, "rollout_batch": 40, "train_seconds": 77.49302662024274, "peak_memory_gib": 5.214090347290039, "amp_mode": "bf16"}
{"event": "epoch_performance", "epoch": 359, "rollout_steps": 12, "rollout_updates": 2, "rollout_batch": 40, "train_seconds": 80.79343644017354, "peak_memory_gib": 5.17866849899292, "amp_mode": "bf16"}
{"event": "epoch_performance", "epoch": 360, "rollout_steps": 12, "rollout_updates": 2, "rollout_batch": 40, "train_seconds": 80.70136599009857, "peak_memory_gib": 5.249512195587158, "amp_mode": "bf16"}
{"event": "epoch_eval", "experiment": "centered_square_periodic_optimized_r28_p26", "test_label": "Re100p500000", "epoch": 360, "train_loss": 0.1832730919122696, "val_score": 1.2209792505949735, "val_rhs_relative_l2": 0.9743659496307373, "val_alpha_relative_l2": 0.24147477746009827, "val_pressure_relative_l2": 0.014681495726108551, "scheduled_sampling": 1.0, "rollout_steps": 12, "epoch_train_seconds": 80.70136599009857, "peak_memory_gib": 5.249512195587158}
{"event": "epoch_performance", "epoch": 361, "rollout_steps": 12, "rollout_updates": 2, "rollout_batch": 40, "train_seconds": 83.77678758976981, "peak_memory_gib": 5.249512195587158, "amp_mode": "bf16"}
{"event": "epoch_performance", "epoch": 362, "rollout_steps": 12, "rollout_updates": 2, "rollout_batch": 40, "train_seconds": 83.46436586230993, "peak_memory_gib": 5.214090347290039, "amp_mode": "bf16"}
{"event": "epoch_performance", "epoch": 363, "rollout_steps": 12, "rollout_updates": 2, "rollout_batch": 40, "train_seconds": 83.8274763263762, "peak_memory_gib": 5.249512195587158, "amp_mode": "bf16"}
{"event": "epoch_performance", "epoch": 364, "rollout_steps": 12, "rollout_updates": 2, "rollout_batch": 40, "train_seconds": 79.07834970299155, "peak_memory_gib": 5.143246650695801, "amp_mode": "bf16"}
{"event": "epoch_performance", "epoch": 365, "rollout_steps": 12, "rollout_updates": 2, "rollout_batch": 40, "train_seconds": 81.5183674977161, "peak_memory_gib": 5.214090347290039, "amp_mode": "bf16"}
{"event": "epoch_performance", "epoch": 366, "rollout_steps": 12, "rollout_updates": 2, "rollout_batch": 40, "train_seconds": 76.17401452409104, "peak_memory_gib": 5.214090347290039, "amp_mode": "bf16"}
{"event": "epoch_performance", "epoch": 367, "rollout_steps": 12, "rollout_updates": 2, "rollout_batch": 40, "train_seconds": 74.7740823556669, "peak_memory_gib": 5.143246650695801, "amp_mode": "bf16"}
{"event": "epoch_performance", "epoch": 368, "rollout_steps": 12, "rollout_updates": 2, "rollout_batch": 40, "train_seconds": 77.56082995189354, "peak_memory_gib": 5.17866849899292, "amp_mode": "bf16"}
{"event": "epoch_performance", "epoch": 369, "rollout_steps": 12, "rollout_updates": 2, "rollout_batch": 40, "train_seconds": 77.91958981193602, "peak_memory_gib": 5.249512195587158, "amp_mode": "bf16"}
{"event": "epoch_performance", "epoch": 370, "rollout_steps": 12, "rollout_updates": 2, "rollout_batch": 40, "train_seconds": 76.02024067100137, "peak_memory_gib": 5.0724029541015625, "amp_mode": "bf16"}
{"event": "epoch_eval", "experiment": "centered_square_periodic_optimized_r28_p26", "test_label": "Re100p500000", "epoch": 370, "train_loss": 0.18915701285004616, "val_score": 1.2269749892875552, "val_rhs_relative_l2": 0.9910187721252441, "val_alpha_relative_l2": 0.2308586984872818, "val_pressure_relative_l2": 0.014564339071512222, "scheduled_sampling": 1.0, "rollout_steps": 12, "epoch_train_seconds": 76.02024067100137, "peak_memory_gib": 5.0724029541015625}
{"event": "epoch_performance", "epoch": 371, "rollout_steps": 12, "rollout_updates": 2, "rollout_batch": 40, "train_seconds": 74.60027316678315, "peak_memory_gib": 5.143246650695801, "amp_mode": "bf16"}
{"event": "epoch_performance", "epoch": 372, "rollout_steps": 12, "rollout_updates": 2, "rollout_batch": 40, "train_seconds": 79.35845881141722, "peak_memory_gib": 5.249512195587158, "amp_mode": "bf16"}
{"event": "epoch_performance", "epoch": 373, "rollout_steps": 12, "rollout_updates": 2, "rollout_batch": 40, "train_seconds": 83.40979578811675, "peak_memory_gib": 5.214090347290039, "amp_mode": "bf16"}
{"event": "epoch_performance", "epoch": 374, "rollout_steps": 12, "rollout_updates": 2, "rollout_batch": 40, "train_seconds": 77.33320506801829, "peak_memory_gib": 5.17866849899292, "amp_mode": "bf16"}
{"event": "epoch_performance", "epoch": 375, "rollout_steps": 12, "rollout_updates": 2, "rollout_batch": 40, "train_seconds": 76.26013893121853, "peak_memory_gib": 5.17866849899292, "amp_mode": "bf16"}
{"event": "epoch_performance", "epoch": 376, "rollout_steps": 12, "rollout_updates": 2, "rollout_batch": 40, "train_seconds": 83.57025884278119, "peak_memory_gib": 5.249512195587158, "amp_mode": "bf16"}
{"event": "epoch_performance", "epoch": 377, "rollout_steps": 12, "rollout_updates": 2, "rollout_batch": 40, "train_seconds": 75.99703884869814, "peak_memory_gib": 5.107824802398682, "amp_mode": "bf16"}
{"event": "epoch_performance", "epoch": 378, "rollout_steps": 12, "rollout_updates": 2, "rollout_batch": 40, "train_seconds": 85.1453068992123, "peak_memory_gib": 5.3203558921813965, "amp_mode": "bf16"}
{"event": "epoch_performance", "epoch": 379, "rollout_steps": 12, "rollout_updates": 2, "rollout_batch": 40, "train_seconds": 73.26269076997414, "peak_memory_gib": 5.17866849899292, "amp_mode": "bf16"}
{"event": "epoch_performance", "epoch": 380, "rollout_steps": 12, "rollout_updates": 2, "rollout_batch": 40, "train_seconds": 80.60426324792206, "peak_memory_gib": 5.17866849899292, "amp_mode": "bf16"}
{"event": "epoch_eval", "experiment": "centered_square_periodic_optimized_r28_p26", "test_label": "Re100p500000", "epoch": 380, "train_loss": 0.17560990527272224, "val_score": 1.2196534189395607, "val_rhs_relative_l2": 0.9758124351501465, "val_alpha_relative_l2": 0.23781482875347137, "val_pressure_relative_l2": 0.017217585816979408, "scheduled_sampling": 1.0, "rollout_steps": 12, "epoch_train_seconds": 80.60426324792206, "peak_memory_gib": 5.17866849899292}
{"event": "epoch_performance", "epoch": 381, "rollout_steps": 12, "rollout_updates": 2, "rollout_batch": 40, "train_seconds": 81.26825362676755, "peak_memory_gib": 5.249512195587158, "amp_mode": "bf16"}
{"event": "epoch_performance", "epoch": 382, "rollout_steps": 12, "rollout_updates": 2, "rollout_batch": 40, "train_seconds": 77.51590847689658, "peak_memory_gib": 5.143246650695801, "amp_mode": "bf16"}
{"event": "epoch_performance", "epoch": 383, "rollout_steps": 12, "rollout_updates": 2, "rollout_batch": 40, "train_seconds": 80.81682581501082, "peak_memory_gib": 5.17866849899292, "amp_mode": "bf16"}
{"event": "epoch_performance", "epoch": 384, "rollout_steps": 12, "rollout_updates": 2, "rollout_batch": 40, "train_seconds": 78.0519359158352, "peak_memory_gib": 5.143246650695801, "amp_mode": "bf16"}
{"event": "epoch_performance", "epoch": 385, "rollout_steps": 12, "rollout_updates": 2, "rollout_batch": 40, "train_seconds": 91.45460581919178, "peak_memory_gib": 5.284934043884277, "amp_mode": "bf16"}
{"event": "epoch_performance", "epoch": 386, "rollout_steps": 12, "rollout_updates": 2, "rollout_batch": 40, "train_seconds": 80.97929701209068, "peak_memory_gib": 5.17866849899292, "amp_mode": "bf16"}
{"event": "epoch_performance", "epoch": 387, "rollout_steps": 12, "rollout_updates": 2, "rollout_batch": 40, "train_seconds": 82.36379239801317, "peak_memory_gib": 5.17866849899292, "amp_mode": "bf16"}
{"event": "epoch_performance", "epoch": 388, "rollout_steps": 12, "rollout_updates": 2, "rollout_batch": 40, "train_seconds": 76.15837785322219, "peak_memory_gib": 5.143246650695801, "amp_mode": "bf16"}
{"event": "epoch_performance", "epoch": 389, "rollout_steps": 12, "rollout_updates": 2, "rollout_batch": 40, "train_seconds": 77.67520231800154, "peak_memory_gib": 5.143248081207275, "amp_mode": "bf16"}
{"event": "epoch_performance", "epoch": 390, "rollout_steps": 12, "rollout_updates": 2, "rollout_batch": 40, "train_seconds": 79.73054205998778, "peak_memory_gib": 5.107824802398682, "amp_mode": "bf16"}
{"event": "epoch_eval", "experiment": "centered_square_periodic_optimized_r28_p26", "test_label": "Re100p500000", "epoch": 390, "train_loss": 0.1745542474091053, "val_score": 1.2166232230141758, "val_rhs_relative_l2": 0.979426383972168, "val_alpha_relative_l2": 0.23269808292388916, "val_pressure_relative_l2": 0.012853588908910751, "scheduled_sampling": 1.0, "rollout_steps": 12, "epoch_train_seconds": 79.73054205998778, "peak_memory_gib": 5.107824802398682}
{"event": "epoch_performance", "epoch": 391, "rollout_steps": 12, "rollout_updates": 2, "rollout_batch": 40, "train_seconds": 76.45103947911412, "peak_memory_gib": 5.17866849899292, "amp_mode": "bf16"}
{"event": "epoch_performance", "epoch": 392, "rollout_steps": 12, "rollout_updates": 2, "rollout_batch": 40, "train_seconds": 82.52440385567024, "peak_memory_gib": 5.214090347290039, "amp_mode": "bf16"}
{"event": "epoch_performance", "epoch": 393, "rollout_steps": 12, "rollout_updates": 2, "rollout_batch": 40, "train_seconds": 76.66700587794185, "peak_memory_gib": 5.214090347290039, "amp_mode": "bf16"}
{"event": "epoch_performance", "epoch": 394, "rollout_steps": 12, "rollout_updates": 2, "rollout_batch": 40, "train_seconds": 77.90836164401844, "peak_memory_gib": 5.214090347290039, "amp_mode": "bf16"}
{"event": "epoch_performance", "epoch": 395, "rollout_steps": 12, "rollout_updates": 2, "rollout_batch": 40, "train_seconds": 77.97350199706852, "peak_memory_gib": 5.143246650695801, "amp_mode": "bf16"}
{"event": "epoch_performance", "epoch": 396, "rollout_steps": 12, "rollout_updates": 2, "rollout_batch": 40, "train_seconds": 79.73245799494907, "peak_memory_gib": 5.214090347290039, "amp_mode": "bf16"}
{"event": "epoch_performance", "epoch": 397, "rollout_steps": 12, "rollout_updates": 2, "rollout_batch": 40, "train_seconds": 74.01228767028078, "peak_memory_gib": 5.107824802398682, "amp_mode": "bf16"}
{"event": "epoch_performance", "epoch": 398, "rollout_steps": 12, "rollout_updates": 2, "rollout_batch": 40, "train_seconds": 84.88655134476721, "peak_memory_gib": 5.284934043884277, "amp_mode": "bf16"}
{"event": "epoch_performance", "epoch": 399, "rollout_steps": 12, "rollout_updates": 2, "rollout_batch": 40, "train_seconds": 88.74172451579943, "peak_memory_gib": 5.3203558921813965, "amp_mode": "bf16"}
{"event": "epoch_performance", "epoch": 400, "rollout_steps": 12, "rollout_updates": 2, "rollout_batch": 40, "train_seconds": 82.79263706412166, "peak_memory_gib": 5.284934043884277, "amp_mode": "bf16"}
{"event": "epoch_eval", "experiment": "centered_square_periodic_optimized_r28_p26", "test_label": "Re100p500000", "epoch": 400, "train_loss": 0.17340870201587677, "val_score": 1.222242920799181, "val_rhs_relative_l2": 0.9690130949020386, "val_alpha_relative_l2": 0.24848732352256775, "val_pressure_relative_l2": 0.013550006784498692, "scheduled_sampling": 1.0, "rollout_steps": 12, "epoch_train_seconds": 82.79263706412166, "peak_memory_gib": 5.284934043884277}
{"event": "epoch_performance", "epoch": 401, "rollout_steps": 12, "rollout_updates": 2, "rollout_batch": 40, "train_seconds": 76.92072301497683, "peak_memory_gib": 5.17866849899292, "amp_mode": "bf16"}
{"event": "epoch_performance", "epoch": 402, "rollout_steps": 12, "rollout_updates": 2, "rollout_batch": 40, "train_seconds": 76.53804315906018, "peak_memory_gib": 5.0724029541015625, "amp_mode": "bf16"}
{"event": "epoch_performance", "epoch": 403, "rollout_steps": 12, "rollout_updates": 2, "rollout_batch": 40, "train_seconds": 76.8771536280401, "peak_memory_gib": 5.214090347290039, "amp_mode": "bf16"}
{"event": "epoch_performance", "epoch": 404, "rollout_steps": 12, "rollout_updates": 2, "rollout_batch": 40, "train_seconds": 79.55907951900735, "peak_memory_gib": 5.17866849899292, "amp_mode": "bf16"}
{"event": "epoch_performance", "epoch": 405, "rollout_steps": 12, "rollout_updates": 2, "rollout_batch": 40, "train_seconds": 81.54241091385484, "peak_memory_gib": 5.143246650695801, "amp_mode": "bf16"}
{"event": "epoch_performance", "epoch": 406, "rollout_steps": 12, "rollout_updates": 2, "rollout_batch": 40, "train_seconds": 75.398935967125, "peak_memory_gib": 5.17866849899292, "amp_mode": "bf16"}
{"event": "epoch_performance", "epoch": 407, "rollout_steps": 12, "rollout_updates": 2, "rollout_batch": 40, "train_seconds": 82.55785136017948, "peak_memory_gib": 5.284934043884277, "amp_mode": "bf16"}
{"event": "epoch_performance", "epoch": 408, "rollout_steps": 12, "rollout_updates": 2, "rollout_batch": 40, "train_seconds": 74.7465976299718, "peak_memory_gib": 5.107824802398682, "amp_mode": "bf16"}
{"event": "epoch_performance", "epoch": 409, "rollout_steps": 12, "rollout_updates": 2, "rollout_batch": 40, "train_seconds": 76.22067190427333, "peak_memory_gib": 5.0724029541015625, "amp_mode": "bf16"}
{"event": "epoch_performance", "epoch": 410, "rollout_steps": 12, "rollout_updates": 2, "rollout_batch": 40, "train_seconds": 70.72349896095693, "peak_memory_gib": 5.001559257507324, "amp_mode": "bf16"}
{"event": "epoch_eval", "experiment": "centered_square_periodic_optimized_r28_p26", "test_label": "Re100p500000", "epoch": 410, "train_loss": 0.1750386618077755, "val_score": 1.2172421008814127, "val_rhs_relative_l2": 0.9750837087631226, "val_alpha_relative_l2": 0.23761135339736938, "val_pressure_relative_l2": 0.01299153920263052, "scheduled_sampling": 1.0, "rollout_steps": 12, "epoch_train_seconds": 70.72349896095693, "peak_memory_gib": 5.001559257507324}
{"event": "epoch_performance", "epoch": 411, "rollout_steps": 12, "rollout_updates": 2, "rollout_batch": 40, "train_seconds": 79.26725022075698, "peak_memory_gib": 5.17866849899292, "amp_mode": "bf16"}
{"event": "epoch_performance", "epoch": 412, "rollout_steps": 12, "rollout_updates": 2, "rollout_batch": 40, "train_seconds": 79.78677616035566, "peak_memory_gib": 5.17866849899292, "amp_mode": "bf16"}
{"event": "epoch_performance", "epoch": 413, "rollout_steps": 12, "rollout_updates": 2, "rollout_batch": 40, "train_seconds": 82.39637007564306, "peak_memory_gib": 5.249512195587158, "amp_mode": "bf16"}
{"event": "epoch_performance", "epoch": 414, "rollout_steps": 12, "rollout_updates": 2, "rollout_batch": 40, "train_seconds": 76.34292781399563, "peak_memory_gib": 5.143246650695801, "amp_mode": "bf16"}
{"event": "epoch_performance", "epoch": 415, "rollout_steps": 12, "rollout_updates": 2, "rollout_batch": 40, "train_seconds": 77.32436418300495, "peak_memory_gib": 5.143246650695801, "amp_mode": "bf16"}
{"event": "epoch_performance", "epoch": 416, "rollout_steps": 12, "rollout_updates": 2, "rollout_batch": 40, "train_seconds": 76.89590707421303, "peak_memory_gib": 5.17866849899292, "amp_mode": "bf16"}
{"event": "epoch_performance", "epoch": 417, "rollout_steps": 12, "rollout_updates": 2, "rollout_batch": 40, "train_seconds": 83.59691721200943, "peak_memory_gib": 5.284934043884277, "amp_mode": "bf16"}
{"event": "epoch_performance", "epoch": 418, "rollout_steps": 12, "rollout_updates": 2, "rollout_batch": 40, "train_seconds": 80.22952613607049, "peak_memory_gib": 5.214090347290039, "amp_mode": "bf16"}
{"event": "epoch_performance", "epoch": 419, "rollout_steps": 12, "rollout_updates": 2, "rollout_batch": 40, "train_seconds": 77.41250666091219, "peak_memory_gib": 5.143246650695801, "amp_mode": "bf16"}
{"event": "epoch_performance", "epoch": 420, "rollout_steps": 12, "rollout_updates": 2, "rollout_batch": 40, "train_seconds": 74.5973245431669, "peak_memory_gib": 5.107824802398682, "amp_mode": "bf16"}
{"event": "epoch_eval", "experiment": "centered_square_periodic_optimized_r28_p26", "test_label": "Re100p500000", "epoch": 420, "train_loss": 0.17427761852741241, "val_score": 1.2163439734373243, "val_rhs_relative_l2": 0.9651183485984802, "val_alpha_relative_l2": 0.24666118621826172, "val_pressure_relative_l2": 0.013041253201663494, "scheduled_sampling": 1.0, "rollout_steps": 12, "epoch_train_seconds": 74.5973245431669, "peak_memory_gib": 5.107824802398682}
{"event": "epoch_performance", "epoch": 421, "rollout_steps": 12, "rollout_updates": 2, "rollout_batch": 40, "train_seconds": 77.31830991106108, "peak_memory_gib": 5.17866849899292, "amp_mode": "bf16"}
{"event": "epoch_performance", "epoch": 422, "rollout_steps": 12, "rollout_updates": 2, "rollout_batch": 40, "train_seconds": 74.87423450360075, "peak_memory_gib": 5.143246650695801, "amp_mode": "bf16"}
{"event": "epoch_performance", "epoch": 423, "rollout_steps": 12, "rollout_updates": 2, "rollout_batch": 40, "train_seconds": 78.63803476700559, "peak_memory_gib": 5.17866849899292, "amp_mode": "bf16"}
{"event": "epoch_performance", "epoch": 424, "rollout_steps": 12, "rollout_updates": 2, "rollout_batch": 40, "train_seconds": 77.46614313218743, "peak_memory_gib": 5.143246650695801, "amp_mode": "bf16"}
{"event": "epoch_performance", "epoch": 425, "rollout_steps": 12, "rollout_updates": 2, "rollout_batch": 40, "train_seconds": 76.76627631299198, "peak_memory_gib": 5.214090347290039, "amp_mode": "bf16"}
{"event": "epoch_performance", "epoch": 426, "rollout_steps": 12, "rollout_updates": 2, "rollout_batch": 40, "train_seconds": 74.17552864085883, "peak_memory_gib": 5.0724029541015625, "amp_mode": "bf16"}
{"event": "epoch_performance", "epoch": 427, "rollout_steps": 12, "rollout_updates": 2, "rollout_batch": 40, "train_seconds": 81.577309389133, "peak_memory_gib": 5.249512195587158, "amp_mode": "bf16"}
{"event": "epoch_performance", "epoch": 428, "rollout_steps": 12, "rollout_updates": 2, "rollout_batch": 40, "train_seconds": 83.99970633164048, "peak_memory_gib": 5.249512195587158, "amp_mode": "bf16"}
{"event": "epoch_performance", "epoch": 429, "rollout_steps": 12, "rollout_updates": 2, "rollout_batch": 40, "train_seconds": 76.65885625081137, "peak_memory_gib": 5.17866849899292, "amp_mode": "bf16"}
{"event": "epoch_performance", "epoch": 430, "rollout_steps": 12, "rollout_updates": 2, "rollout_batch": 40, "train_seconds": 83.81123124575242, "peak_memory_gib": 5.249512195587158, "amp_mode": "bf16"}
{"event": "epoch_eval", "experiment": "centered_square_periodic_optimized_r28_p26", "test_label": "Re100p500000", "epoch": 430, "train_loss": 0.167795829474926, "val_score": 1.2162074580788613, "val_rhs_relative_l2": 0.970573365688324, "val_alpha_relative_l2": 0.2405511885881424, "val_pressure_relative_l2": 0.014522582292556763, "scheduled_sampling": 1.0, "rollout_steps": 12, "epoch_train_seconds": 83.81123124575242, "peak_memory_gib": 5.249512195587158}
{"event": "epoch_performance", "epoch": 431, "rollout_steps": 12, "rollout_updates": 2, "rollout_batch": 40, "train_seconds": 76.33018176816404, "peak_memory_gib": 5.107824802398682, "amp_mode": "bf16"}
{"event": "epoch_performance", "epoch": 432, "rollout_steps": 12, "rollout_updates": 2, "rollout_batch": 40, "train_seconds": 79.69815269485116, "peak_memory_gib": 5.143246650695801, "amp_mode": "bf16"}
{"event": "epoch_performance", "epoch": 433, "rollout_steps": 12, "rollout_updates": 2, "rollout_batch": 40, "train_seconds": 75.9558414123021, "peak_memory_gib": 5.143246650695801, "amp_mode": "bf16"}
{"event": "epoch_performance", "epoch": 434, "rollout_steps": 12, "rollout_updates": 2, "rollout_batch": 40, "train_seconds": 80.68717610603198, "peak_memory_gib": 5.17866849899292, "amp_mode": "bf16"}
{"event": "epoch_performance", "epoch": 435, "rollout_steps": 12, "rollout_updates": 2, "rollout_batch": 40, "train_seconds": 81.91631360724568, "peak_memory_gib": 5.17866849899292, "amp_mode": "bf16"}
{"event": "epoch_performance", "epoch": 436, "rollout_steps": 12, "rollout_updates": 2, "rollout_batch": 40, "train_seconds": 83.42416571080685, "peak_memory_gib": 5.284934043884277, "amp_mode": "bf16"}
{"event": "epoch_performance", "epoch": 437, "rollout_steps": 12, "rollout_updates": 2, "rollout_batch": 40, "train_seconds": 77.76291948882863, "peak_memory_gib": 5.249512195587158, "amp_mode": "bf16"}
{"event": "epoch_performance", "epoch": 438, "rollout_steps": 12, "rollout_updates": 2, "rollout_batch": 40, "train_seconds": 77.35663762502372, "peak_memory_gib": 5.214090347290039, "amp_mode": "bf16"}
{"event": "epoch_performance", "epoch": 439, "rollout_steps": 12, "rollout_updates": 2, "rollout_batch": 40, "train_seconds": 77.4973739059642, "peak_memory_gib": 5.17866849899292, "amp_mode": "bf16"}
{"event": "epoch_performance", "epoch": 440, "rollout_steps": 12, "rollout_updates": 2, "rollout_batch": 40, "train_seconds": 74.53056157194078, "peak_memory_gib": 5.17866849899292, "amp_mode": "bf16"}
{"event": "epoch_eval", "experiment": "centered_square_periodic_optimized_r28_p26", "test_label": "Re100p500000", "epoch": 440, "train_loss": 0.1698770672082901, "val_score": 1.2141654602717609, "val_rhs_relative_l2": 0.9704543352127075, "val_alpha_relative_l2": 0.23892946541309357, "val_pressure_relative_l2": 0.0136618847027421, "scheduled_sampling": 1.0, "rollout_steps": 12, "epoch_train_seconds": 74.53056157194078, "peak_memory_gib": 5.17866849899292}
{"event": "epoch_performance", "epoch": 441, "rollout_steps": 16, "rollout_updates": 2, "rollout_batch": 28, "train_seconds": 92.05879693012685, "peak_memory_gib": 5.063423156738281, "amp_mode": "bf16"}
{"event": "epoch_performance", "epoch": 442, "rollout_steps": 16, "rollout_updates": 2, "rollout_batch": 28, "train_seconds": 94.33067891234532, "peak_memory_gib": 5.158028602600098, "amp_mode": "bf16"}
{"event": "epoch_performance", "epoch": 443, "rollout_steps": 16, "rollout_updates": 2, "rollout_batch": 28, "train_seconds": 94.34394355816767, "peak_memory_gib": 5.016120433807373, "amp_mode": "bf16"}
{"event": "epoch_performance", "epoch": 444, "rollout_steps": 16, "rollout_updates": 2, "rollout_batch": 28, "train_seconds": 92.76850002678111, "peak_memory_gib": 5.1107258796691895, "amp_mode": "bf16"}
{"event": "epoch_performance", "epoch": 445, "rollout_steps": 16, "rollout_updates": 2, "rollout_batch": 28, "train_seconds": 81.0458048149012, "peak_memory_gib": 4.968817710876465, "amp_mode": "bf16"}
{"event": "epoch_performance", "epoch": 446, "rollout_steps": 16, "rollout_updates": 2, "rollout_batch": 28, "train_seconds": 88.59709587367252, "peak_memory_gib": 5.016120433807373, "amp_mode": "bf16"}
{"event": "epoch_performance", "epoch": 447, "rollout_steps": 16, "rollout_updates": 2, "rollout_batch": 28, "train_seconds": 88.69874328793958, "peak_memory_gib": 5.016120433807373, "amp_mode": "bf16"}
{"event": "epoch_performance", "epoch": 448, "rollout_steps": 16, "rollout_updates": 2, "rollout_batch": 28, "train_seconds": 84.87127550877631, "peak_memory_gib": 4.968817710876465, "amp_mode": "bf16"}
{"event": "epoch_performance", "epoch": 449, "rollout_steps": 16, "rollout_updates": 2, "rollout_batch": 28, "train_seconds": 82.63442609133199, "peak_memory_gib": 4.921514987945557, "amp_mode": "bf16"}
{"event": "epoch_performance", "epoch": 450, "rollout_steps": 16, "rollout_updates": 2, "rollout_batch": 28, "train_seconds": 86.77196441683918, "peak_memory_gib": 4.968817710876465, "amp_mode": "bf16"}
{"event": "epoch_eval", "experiment": "centered_square_periodic_optimized_r28_p26", "test_label": "Re100p500000", "epoch": 450, "train_loss": 0.18037953227758408, "val_score": 1.2216494277585297, "val_rhs_relative_l2": 0.9662699103355408, "val_alpha_relative_l2": 0.2505057752132416, "val_pressure_relative_l2": 0.013924977742135525, "scheduled_sampling": 1.0, "rollout_steps": 16, "epoch_train_seconds": 86.77196441683918, "peak_memory_gib": 4.968817710876465}
{"event": "epoch_performance", "epoch": 451, "rollout_steps": 16, "rollout_updates": 2, "rollout_batch": 28, "train_seconds": 86.88796417089179, "peak_memory_gib": 4.968817710876465, "amp_mode": "bf16"}
{"event": "epoch_performance", "epoch": 452, "rollout_steps": 16, "rollout_updates": 2, "rollout_batch": 28, "train_seconds": 93.30722767626867, "peak_memory_gib": 5.1107258796691895, "amp_mode": "bf16"}
{"event": "epoch_performance", "epoch": 453, "rollout_steps": 16, "rollout_updates": 2, "rollout_batch": 28, "train_seconds": 95.08769500395283, "peak_memory_gib": 5.016120433807373, "amp_mode": "bf16"}
{"event": "epoch_performance", "epoch": 454, "rollout_steps": 16, "rollout_updates": 2, "rollout_batch": 28, "train_seconds": 91.43086443794891, "peak_memory_gib": 5.063423156738281, "amp_mode": "bf16"}
{"event": "epoch_performance", "epoch": 455, "rollout_steps": 16, "rollout_updates": 2, "rollout_batch": 28, "train_seconds": 100.58831634512171, "peak_memory_gib": 5.205331325531006, "amp_mode": "bf16"}
{"event": "epoch_performance", "epoch": 456, "rollout_steps": 16, "rollout_updates": 2, "rollout_batch": 28, "train_seconds": 87.45557322818786, "peak_memory_gib": 4.968817710876465, "amp_mode": "bf16"}
{"event": "epoch_performance", "epoch": 457, "rollout_steps": 16, "rollout_updates": 2, "rollout_batch": 28, "train_seconds": 98.75482698809355, "peak_memory_gib": 5.158028602600098, "amp_mode": "bf16"}
{"event": "epoch_performance", "epoch": 458, "rollout_steps": 16, "rollout_updates": 2, "rollout_batch": 28, "train_seconds": 93.30878254491836, "peak_memory_gib": 5.1107258796691895, "amp_mode": "bf16"}
{"event": "epoch_performance", "epoch": 459, "rollout_steps": 16, "rollout_updates": 2, "rollout_batch": 28, "train_seconds": 87.31308129103854, "peak_memory_gib": 4.968817710876465, "amp_mode": "bf16"}
{"event": "epoch_performance", "epoch": 460, "rollout_steps": 16, "rollout_updates": 2, "rollout_batch": 28, "train_seconds": 94.82329155411571, "peak_memory_gib": 5.158028602600098, "amp_mode": "bf16"}
{"event": "epoch_eval", "experiment": "centered_square_periodic_optimized_r28_p26", "test_label": "Re100p500000", "epoch": 460, "train_loss": 0.16756299883127213, "val_score": 1.2157785831484944, "val_rhs_relative_l2": 0.9766340851783752, "val_alpha_relative_l2": 0.23426537215709686, "val_pressure_relative_l2": 0.013940359465777874, "scheduled_sampling": 1.0, "rollout_steps": 16, "epoch_train_seconds": 94.82329155411571, "peak_memory_gib": 5.158028602600098}
{"event": "epoch_performance", "epoch": 461, "rollout_steps": 16, "rollout_updates": 2, "rollout_batch": 28, "train_seconds": 89.30320988874882, "peak_memory_gib": 5.063423156738281, "amp_mode": "bf16"}
{"event": "epoch_performance", "epoch": 462, "rollout_steps": 16, "rollout_updates": 2, "rollout_batch": 28, "train_seconds": 87.50192484492436, "peak_memory_gib": 5.063423156738281, "amp_mode": "bf16"}
{"event": "epoch_performance", "epoch": 463, "rollout_steps": 16, "rollout_updates": 2, "rollout_batch": 28, "train_seconds": 100.40060655400157, "peak_memory_gib": 5.158028602600098, "amp_mode": "bf16"}
{"event": "epoch_performance", "epoch": 464, "rollout_steps": 16, "rollout_updates": 2, "rollout_batch": 28, "train_seconds": 91.0695603149943, "peak_memory_gib": 5.1107258796691895, "amp_mode": "bf16"}
{"event": "epoch_performance", "epoch": 465, "rollout_steps": 16, "rollout_updates": 2, "rollout_batch": 28, "train_seconds": 98.53016762295738, "peak_memory_gib": 5.1107258796691895, "amp_mode": "bf16"}
{"event": "epoch_performance", "epoch": 466, "rollout_steps": 16, "rollout_updates": 2, "rollout_batch": 28, "train_seconds": 89.50459651602432, "peak_memory_gib": 4.968817710876465, "amp_mode": "bf16"}
{"event": "epoch_performance", "epoch": 467, "rollout_steps": 16, "rollout_updates": 2, "rollout_batch": 28, "train_seconds": 91.17902314430103, "peak_memory_gib": 5.063423156738281, "amp_mode": "bf16"}
{"event": "epoch_performance", "epoch": 468, "rollout_steps": 16, "rollout_updates": 2, "rollout_batch": 28, "train_seconds": 91.00769310304895, "peak_memory_gib": 5.063423156738281, "amp_mode": "bf16"}
{"event": "epoch_performance", "epoch": 469, "rollout_steps": 16, "rollout_updates": 2, "rollout_batch": 28, "train_seconds": 85.2886023116298, "peak_memory_gib": 4.874212265014648, "amp_mode": "bf16"}
{"event": "epoch_performance", "epoch": 470, "rollout_steps": 16, "rollout_updates": 2, "rollout_batch": 28, "train_seconds": 89.32672313414514, "peak_memory_gib": 5.063423156738281, "amp_mode": "bf16"}
{"event": "epoch_eval", "experiment": "centered_square_periodic_optimized_r28_p26", "test_label": "Re100p500000", "epoch": 470, "train_loss": 0.16447584331035614, "val_score": 1.2172899053432047, "val_rhs_relative_l2": 0.9821755290031433, "val_alpha_relative_l2": 0.23016837239265442, "val_pressure_relative_l2": 0.014131439849734306, "scheduled_sampling": 1.0, "rollout_steps": 16, "epoch_train_seconds": 89.32672313414514, "peak_memory_gib": 5.063423156738281}
{"event": "epoch_performance", "epoch": 471, "rollout_steps": 16, "rollout_updates": 2, "rollout_batch": 28, "train_seconds": 90.6952590085566, "peak_memory_gib": 5.016120433807373, "amp_mode": "bf16"}
{"event": "epoch_performance", "epoch": 472, "rollout_steps": 16, "rollout_updates": 2, "rollout_batch": 28, "train_seconds": 96.93199615506455, "peak_memory_gib": 5.063423156738281, "amp_mode": "bf16"}
{"event": "epoch_performance", "epoch": 473, "rollout_steps": 16, "rollout_updates": 2, "rollout_batch": 28, "train_seconds": 91.26371119217947, "peak_memory_gib": 5.016120433807373, "amp_mode": "bf16"}
{"event": "epoch_performance", "epoch": 474, "rollout_steps": 16, "rollout_updates": 2, "rollout_batch": 28, "train_seconds": 91.29197668237612, "peak_memory_gib": 5.016120433807373, "amp_mode": "bf16"}
{"event": "epoch_performance", "epoch": 475, "rollout_steps": 16, "rollout_updates": 2, "rollout_batch": 28, "train_seconds": 93.11227252334356, "peak_memory_gib": 5.063423156738281, "amp_mode": "bf16"}
{"event": "epoch_performance", "epoch": 476, "rollout_steps": 16, "rollout_updates": 2, "rollout_batch": 28, "train_seconds": 85.54147087968886, "peak_memory_gib": 4.921514987945557, "amp_mode": "bf16"}
{"event": "epoch_performance", "epoch": 477, "rollout_steps": 16, "rollout_updates": 2, "rollout_batch": 28, "train_seconds": 89.3621252020821, "peak_memory_gib": 5.063423156738281, "amp_mode": "bf16"}
{"event": "epoch_performance", "epoch": 478, "rollout_steps": 16, "rollout_updates": 2, "rollout_batch": 28, "train_seconds": 87.11232186295092, "peak_memory_gib": 5.063423156738281, "amp_mode": "bf16"}
{"event": "epoch_performance", "epoch": 479, "rollout_steps": 16, "rollout_updates": 2, "rollout_batch": 28, "train_seconds": 90.95958956470713, "peak_memory_gib": 4.968817710876465, "amp_mode": "bf16"}
{"event": "epoch_performance", "epoch": 480, "rollout_steps": 16, "rollout_updates": 2, "rollout_batch": 28, "train_seconds": 91.76414053421468, "peak_memory_gib": 5.158028602600098, "amp_mode": "bf16"}
{"event": "epoch_eval", "experiment": "centered_square_periodic_optimized_r28_p26", "test_label": "Re100p500000", "epoch": 480, "train_loss": 0.16569019109010696, "val_score": 1.2148132051806897, "val_rhs_relative_l2": 0.9749820828437805, "val_alpha_relative_l2": 0.235037699341774, "val_pressure_relative_l2": 0.013695494271814823, "scheduled_sampling": 1.0, "rollout_steps": 16, "epoch_train_seconds": 91.76414053421468, "peak_memory_gib": 5.158028602600098}
{"event": "epoch_performance", "epoch": 481, "rollout_steps": 16, "rollout_updates": 2, "rollout_batch": 28, "train_seconds": 89.35566811589524, "peak_memory_gib": 5.063423156738281, "amp_mode": "bf16"}
{"event": "epoch_performance", "epoch": 482, "rollout_steps": 16, "rollout_updates": 2, "rollout_batch": 28, "train_seconds": 91.26760688377544, "peak_memory_gib": 5.1107258796691895, "amp_mode": "bf16"}
{"event": "epoch_performance", "epoch": 483, "rollout_steps": 16, "rollout_updates": 2, "rollout_batch": 28, "train_seconds": 94.98178141424432, "peak_memory_gib": 5.063423156738281, "amp_mode": "bf16"}
{"event": "epoch_performance", "epoch": 484, "rollout_steps": 16, "rollout_updates": 2, "rollout_batch": 28, "train_seconds": 91.57943403860554, "peak_memory_gib": 4.968817710876465, "amp_mode": "bf16"}
{"event": "epoch_performance", "epoch": 485, "rollout_steps": 16, "rollout_updates": 2, "rollout_batch": 28, "train_seconds": 87.45300347730517, "peak_memory_gib": 4.874212265014648, "amp_mode": "bf16"}
{"event": "epoch_performance", "epoch": 486, "rollout_steps": 16, "rollout_updates": 2, "rollout_batch": 28, "train_seconds": 85.4777650507167, "peak_memory_gib": 5.063423156738281, "amp_mode": "bf16"}
{"event": "epoch_performance", "epoch": 487, "rollout_steps": 16, "rollout_updates": 2, "rollout_batch": 28, "train_seconds": 99.16469932580367, "peak_memory_gib": 5.158028602600098, "amp_mode": "bf16"}
{"event": "epoch_performance", "epoch": 488, "rollout_steps": 16, "rollout_updates": 2, "rollout_batch": 28, "train_seconds": 88.05636618891731, "peak_memory_gib": 5.063423156738281, "amp_mode": "bf16"}
{"event": "epoch_performance", "epoch": 489, "rollout_steps": 16, "rollout_updates": 2, "rollout_batch": 28, "train_seconds": 87.73451259406283, "peak_memory_gib": 5.016120433807373, "amp_mode": "bf16"}
{"event": "epoch_performance", "epoch": 490, "rollout_steps": 16, "rollout_updates": 2, "rollout_batch": 28, "train_seconds": 89.6990031930618, "peak_memory_gib": 5.016120433807373, "amp_mode": "bf16"}
{"event": "epoch_eval", "experiment": "centered_square_periodic_optimized_r28_p26", "test_label": "Re100p500000", "epoch": 490, "train_loss": 0.16762767359614372, "val_score": 1.211521476600319, "val_rhs_relative_l2": 0.9690418839454651, "val_alpha_relative_l2": 0.2374955266714096, "val_pressure_relative_l2": 0.014240188524127007, "scheduled_sampling": 1.0, "rollout_steps": 16, "epoch_train_seconds": 89.6990031930618, "peak_memory_gib": 5.016120433807373}
{"event": "epoch_performance", "epoch": 491, "rollout_steps": 16, "rollout_updates": 2, "rollout_batch": 28, "train_seconds": 85.59668529825285, "peak_memory_gib": 4.874212265014648, "amp_mode": "bf16"}
{"event": "epoch_performance", "epoch": 492, "rollout_steps": 16, "rollout_updates": 2, "rollout_batch": 28, "train_seconds": 99.27001778176054, "peak_memory_gib": 5.158028602600098, "amp_mode": "bf16"}
{"event": "epoch_performance", "epoch": 493, "rollout_steps": 16, "rollout_updates": 2, "rollout_batch": 28, "train_seconds": 91.09235619800165, "peak_memory_gib": 5.016120433807373, "amp_mode": "bf16"}
{"event": "epoch_performance", "epoch": 494, "rollout_steps": 16, "rollout_updates": 2, "rollout_batch": 28, "train_seconds": 97.08731355890632, "peak_memory_gib": 5.1107258796691895, "amp_mode": "bf16"}
{"event": "epoch_performance", "epoch": 495, "rollout_steps": 16, "rollout_updates": 2, "rollout_batch": 28, "train_seconds": 101.02212476823479, "peak_memory_gib": 5.205331325531006, "amp_mode": "bf16"}
{"event": "epoch_performance", "epoch": 496, "rollout_steps": 16, "rollout_updates": 2, "rollout_batch": 28, "train_seconds": 100.96312770573422, "peak_memory_gib": 5.1107258796691895, "amp_mode": "bf16"}
{"event": "epoch_performance", "epoch": 497, "rollout_steps": 16, "rollout_updates": 2, "rollout_batch": 28, "train_seconds": 91.89930935902521, "peak_memory_gib": 5.016120433807373, "amp_mode": "bf16"}
{"event": "epoch_performance", "epoch": 498, "rollout_steps": 16, "rollout_updates": 2, "rollout_batch": 28, "train_seconds": 91.52742999885231, "peak_memory_gib": 5.016120433807373, "amp_mode": "bf16"}
{"event": "epoch_performance", "epoch": 499, "rollout_steps": 16, "rollout_updates": 2, "rollout_batch": 28, "train_seconds": 91.64287337521091, "peak_memory_gib": 4.921514987945557, "amp_mode": "bf16"}
{"event": "epoch_performance", "epoch": 500, "rollout_steps": 16, "rollout_updates": 2, "rollout_batch": 28, "train_seconds": 93.52168624429032, "peak_memory_gib": 5.1107258796691895, "amp_mode": "bf16"}
{"event": "epoch_eval", "experiment": "centered_square_periodic_optimized_r28_p26", "test_label": "Re100p500000", "epoch": 500, "train_loss": 0.16235683113336563, "val_score": 1.213590323459357, "val_rhs_relative_l2": 0.975239634513855, "val_alpha_relative_l2": 0.23365648090839386, "val_pressure_relative_l2": 0.013412022963166237, "scheduled_sampling": 1.0, "rollout_steps": 16, "epoch_train_seconds": 93.52168624429032, "peak_memory_gib": 5.1107258796691895}
{"event": "epoch_performance", "epoch": 501, "rollout_steps": 16, "rollout_updates": 2, "rollout_batch": 28, "train_seconds": 86.27180030103773, "peak_memory_gib": 5.016120433807373, "amp_mode": "bf16"}
{"event": "epoch_performance", "epoch": 502, "rollout_steps": 16, "rollout_updates": 2, "rollout_batch": 28, "train_seconds": 105.02561845490709, "peak_memory_gib": 5.252634048461914, "amp_mode": "bf16"}
{"event": "epoch_performance", "epoch": 503, "rollout_steps": 16, "rollout_updates": 2, "rollout_batch": 28, "train_seconds": 93.1795214950107, "peak_memory_gib": 5.158028602600098, "amp_mode": "bf16"}
{"event": "epoch_performance", "epoch": 504, "rollout_steps": 16, "rollout_updates": 2, "rollout_batch": 28, "train_seconds": 83.40033036004752, "peak_memory_gib": 4.921514987945557, "amp_mode": "bf16"}
{"event": "epoch_performance", "epoch": 505, "rollout_steps": 16, "rollout_updates": 2, "rollout_batch": 28, "train_seconds": 92.5921240746975, "peak_memory_gib": 5.063423156738281, "amp_mode": "bf16"}
{"event": "epoch_performance", "epoch": 506, "rollout_steps": 16, "rollout_updates": 2, "rollout_batch": 28, "train_seconds": 90.96148563269526, "peak_memory_gib": 5.063423156738281, "amp_mode": "bf16"}
{"event": "epoch_performance", "epoch": 507, "rollout_steps": 16, "rollout_updates": 2, "rollout_batch": 28, "train_seconds": 100.00875965692103, "peak_memory_gib": 5.205331325531006, "amp_mode": "bf16"}
{"event": "epoch_performance", "epoch": 508, "rollout_steps": 16, "rollout_updates": 2, "rollout_batch": 28, "train_seconds": 89.08131508575752, "peak_memory_gib": 5.016120433807373, "amp_mode": "bf16"}
{"event": "epoch_performance", "epoch": 509, "rollout_steps": 16, "rollout_updates": 2, "rollout_batch": 28, "train_seconds": 95.10347305890173, "peak_memory_gib": 5.063423156738281, "amp_mode": "bf16"}
{"event": "epoch_performance", "epoch": 510, "rollout_steps": 16, "rollout_updates": 2, "rollout_batch": 28, "train_seconds": 87.31150165200233, "peak_memory_gib": 5.016120433807373, "amp_mode": "bf16"}
{"event": "epoch_eval", "experiment": "centered_square_periodic_optimized_r28_p26", "test_label": "Re100p500000", "epoch": 510, "train_loss": 0.16066930815577507, "val_score": 1.2139175989665092, "val_rhs_relative_l2": 0.9764861464500427, "val_alpha_relative_l2": 0.2325311303138733, "val_pressure_relative_l2": 0.014000920578837395, "scheduled_sampling": 1.0, "rollout_steps": 16, "epoch_train_seconds": 87.31150165200233, "peak_memory_gib": 5.016120433807373}
{"event": "epoch_performance", "epoch": 511, "rollout_steps": 16, "rollout_updates": 2, "rollout_batch": 28, "train_seconds": 95.07694609090686, "peak_memory_gib": 5.1107258796691895, "amp_mode": "bf16"}
{"event": "epoch_performance", "epoch": 512, "rollout_steps": 16, "rollout_updates": 2, "rollout_batch": 28, "train_seconds": 89.54891472589225, "peak_memory_gib": 5.063423156738281, "amp_mode": "bf16"}
{"event": "epoch_performance", "epoch": 513, "rollout_steps": 16, "rollout_updates": 2, "rollout_batch": 28, "train_seconds": 85.81109470687807, "peak_memory_gib": 4.968817710876465, "amp_mode": "bf16"}
{"event": "epoch_performance", "epoch": 514, "rollout_steps": 16, "rollout_updates": 2, "rollout_batch": 28, "train_seconds": 87.82812314387411, "peak_memory_gib": 5.016120433807373, "amp_mode": "bf16"}
{"event": "epoch_performance", "epoch": 515, "rollout_steps": 16, "rollout_updates": 2, "rollout_batch": 28, "train_seconds": 83.22504957066849, "peak_memory_gib": 4.874212265014648, "amp_mode": "bf16"}
{"event": "epoch_performance", "epoch": 516, "rollout_steps": 16, "rollout_updates": 2, "rollout_batch": 28, "train_seconds": 87.45847697695717, "peak_memory_gib": 5.016120433807373, "amp_mode": "bf16"}
{"event": "epoch_performance", "epoch": 517, "rollout_steps": 16, "rollout_updates": 2, "rollout_batch": 28, "train_seconds": 89.04316411772743, "peak_memory_gib": 5.016120433807373, "amp_mode": "bf16"}
{"event": "epoch_performance", "epoch": 518, "rollout_steps": 16, "rollout_updates": 2, "rollout_batch": 28, "train_seconds": 89.28823418170214, "peak_memory_gib": 5.063423156738281, "amp_mode": "bf16"}
{"event": "epoch_performance", "epoch": 519, "rollout_steps": 16, "rollout_updates": 2, "rollout_batch": 28, "train_seconds": 94.69151597423479, "peak_memory_gib": 5.158028602600098, "amp_mode": "bf16"}
{"event": "epoch_performance", "epoch": 520, "rollout_steps": 16, "rollout_updates": 2, "rollout_batch": 28, "train_seconds": 92.6972770318389, "peak_memory_gib": 5.016120433807373, "amp_mode": "bf16"}
{"event": "epoch_eval", "experiment": "centered_square_periodic_optimized_r28_p26", "test_label": "Re100p500000", "epoch": 520, "train_loss": 0.16376358270645142, "val_score": 1.2144041573628783, "val_rhs_relative_l2": 0.9720513224601746, "val_alpha_relative_l2": 0.2376188039779663, "val_pressure_relative_l2": 0.01352580264210701, "scheduled_sampling": 1.0, "rollout_steps": 16, "epoch_train_seconds": 92.6972770318389, "peak_memory_gib": 5.016120433807373}
{"event": "epoch_performance", "epoch": 521, "rollout_steps": 16, "rollout_updates": 2, "rollout_batch": 28, "train_seconds": 89.51764315972105, "peak_memory_gib": 5.016120433807373, "amp_mode": "bf16"}
{"event": "epoch_performance", "epoch": 522, "rollout_steps": 16, "rollout_updates": 2, "rollout_batch": 28, "train_seconds": 94.49641505489126, "peak_memory_gib": 5.063423156738281, "amp_mode": "bf16"}
{"event": "epoch_performance", "epoch": 523, "rollout_steps": 16, "rollout_updates": 2, "rollout_batch": 28, "train_seconds": 100.82574769388884, "peak_memory_gib": 5.158028602600098, "amp_mode": "bf16"}
{"event": "epoch_performance", "epoch": 524, "rollout_steps": 16, "rollout_updates": 2, "rollout_batch": 28, "train_seconds": 95.24508041096851, "peak_memory_gib": 5.1107258796691895, "amp_mode": "bf16"}
{"event": "epoch_performance", "epoch": 525, "rollout_steps": 16, "rollout_updates": 2, "rollout_batch": 28, "train_seconds": 87.65459726657718, "peak_memory_gib": 5.016120433807373, "amp_mode": "bf16"}
{"event": "epoch_performance", "epoch": 526, "rollout_steps": 16, "rollout_updates": 2, "rollout_batch": 28, "train_seconds": 92.99034547107294, "peak_memory_gib": 5.063423156738281, "amp_mode": "bf16"}
{"event": "epoch_performance", "epoch": 527, "rollout_steps": 16, "rollout_updates": 2, "rollout_batch": 28, "train_seconds": 87.53718640608713, "peak_memory_gib": 4.968817710876465, "amp_mode": "bf16"}
{"event": "epoch_performance", "epoch": 528, "rollout_steps": 16, "rollout_updates": 2, "rollout_batch": 28, "train_seconds": 93.16286739520729, "peak_memory_gib": 5.063423156738281, "amp_mode": "bf16"}
{"event": "epoch_performance", "epoch": 529, "rollout_steps": 16, "rollout_updates": 2, "rollout_batch": 28, "train_seconds": 97.04596585175022, "peak_memory_gib": 5.158028602600098, "amp_mode": "bf16"}
{"event": "epoch_performance", "epoch": 530, "rollout_steps": 16, "rollout_updates": 2, "rollout_batch": 28, "train_seconds": 90.80409349314868, "peak_memory_gib": 4.968817710876465, "amp_mode": "bf16"}
{"event": "epoch_eval", "experiment": "centered_square_periodic_optimized_r28_p26", "test_label": "Re100p500000", "epoch": 530, "train_loss": 0.1619262956082821, "val_score": 1.2134066821541638, "val_rhs_relative_l2": 0.9716048836708069, "val_alpha_relative_l2": 0.23703786730766296, "val_pressure_relative_l2": 0.013611231930553913, "scheduled_sampling": 1.0, "rollout_steps": 16, "epoch_train_seconds": 90.80409349314868, "peak_memory_gib": 4.968817710876465}
{"event": "epoch_performance", "epoch": 531, "rollout_steps": 16, "rollout_updates": 2, "rollout_batch": 28, "train_seconds": 91.32788609806448, "peak_memory_gib": 5.063423156738281, "amp_mode": "bf16"}
{"event": "epoch_performance", "epoch": 532, "rollout_steps": 16, "rollout_updates": 2, "rollout_batch": 28, "train_seconds": 89.42623206460848, "peak_memory_gib": 4.968817710876465, "amp_mode": "bf16"}
{"event": "epoch_performance", "epoch": 533, "rollout_steps": 16, "rollout_updates": 2, "rollout_batch": 28, "train_seconds": 98.80984602030367, "peak_memory_gib": 5.158028602600098, "amp_mode": "bf16"}
{"event": "epoch_performance", "epoch": 534, "rollout_steps": 16, "rollout_updates": 2, "rollout_batch": 28, "train_seconds": 83.91068818373606, "peak_memory_gib": 4.921514987945557, "amp_mode": "bf16"}
{"event": "epoch_performance", "epoch": 535, "rollout_steps": 16, "rollout_updates": 2, "rollout_batch": 28, "train_seconds": 89.4987943652086, "peak_memory_gib": 4.968817710876465, "amp_mode": "bf16"}
{"event": "epoch_performance", "epoch": 536, "rollout_steps": 16, "rollout_updates": 2, "rollout_batch": 28, "train_seconds": 100.62310705613345, "peak_memory_gib": 5.1107258796691895, "amp_mode": "bf16"}
{"event": "epoch_performance", "epoch": 537, "rollout_steps": 16, "rollout_updates": 2, "rollout_batch": 28, "train_seconds": 87.43546080309898, "peak_memory_gib": 5.016120433807373, "amp_mode": "bf16"}
{"event": "epoch_performance", "epoch": 538, "rollout_steps": 16, "rollout_updates": 2, "rollout_batch": 28, "train_seconds": 91.3045612173155, "peak_memory_gib": 4.968817710876465, "amp_mode": "bf16"}
{"event": "epoch_performance", "epoch": 539, "rollout_steps": 16, "rollout_updates": 2, "rollout_batch": 28, "train_seconds": 89.51445895805955, "peak_memory_gib": 5.063423156738281, "amp_mode": "bf16"}
{"event": "epoch_performance", "epoch": 540, "rollout_steps": 16, "rollout_updates": 2, "rollout_batch": 28, "train_seconds": 100.6603396940045, "peak_memory_gib": 5.205331325531006, "amp_mode": "bf16"}
{"event": "epoch_eval", "experiment": "centered_square_periodic_optimized_r28_p26", "test_label": "Re100p500000", "epoch": 540, "train_loss": 0.15775639936327934, "val_score": 1.2131525580305607, "val_rhs_relative_l2": 0.9698278903961182, "val_alpha_relative_l2": 0.2383558303117752, "val_pressure_relative_l2": 0.014196678064763546, "scheduled_sampling": 1.0, "rollout_steps": 16, "epoch_train_seconds": 100.6603396940045, "peak_memory_gib": 5.205331325531006}
{"event": "epoch_performance", "epoch": 541, "rollout_steps": 16, "rollout_updates": 2, "rollout_batch": 28, "train_seconds": 94.99288363289088, "peak_memory_gib": 5.1107258796691895, "amp_mode": "bf16"}
{"event": "epoch_performance", "epoch": 542, "rollout_steps": 16, "rollout_updates": 2, "rollout_batch": 28, "train_seconds": 85.85787038924173, "peak_memory_gib": 5.016120433807373, "amp_mode": "bf16"}
{"event": "epoch_performance", "epoch": 543, "rollout_steps": 16, "rollout_updates": 2, "rollout_batch": 28, "train_seconds": 93.13405832694843, "peak_memory_gib": 4.968817710876465, "amp_mode": "bf16"}
{"event": "epoch_performance", "epoch": 544, "rollout_steps": 16, "rollout_updates": 2, "rollout_batch": 28, "train_seconds": 92.87108070589602, "peak_memory_gib": 5.016120433807373, "amp_mode": "bf16"}
{"event": "epoch_performance", "epoch": 545, "rollout_steps": 16, "rollout_updates": 2, "rollout_batch": 28, "train_seconds": 89.25445001712069, "peak_memory_gib": 4.968817710876465, "amp_mode": "bf16"}
{"event": "epoch_performance", "epoch": 546, "rollout_steps": 16, "rollout_updates": 2, "rollout_batch": 28, "train_seconds": 92.88886362873018, "peak_memory_gib": 5.063423156738281, "amp_mode": "bf16"}
{"event": "epoch_performance", "epoch": 547, "rollout_steps": 16, "rollout_updates": 2, "rollout_batch": 28, "train_seconds": 92.81959731504321, "peak_memory_gib": 5.016120433807373, "amp_mode": "bf16"}
{"event": "epoch_performance", "epoch": 548, "rollout_steps": 16, "rollout_updates": 2, "rollout_batch": 28, "train_seconds": 98.61073729395866, "peak_memory_gib": 5.158028602600098, "amp_mode": "bf16"}
{"event": "epoch_performance", "epoch": 549, "rollout_steps": 16, "rollout_updates": 2, "rollout_batch": 28, "train_seconds": 89.08395221922547, "peak_memory_gib": 5.063423156738281, "amp_mode": "bf16"}
{"event": "epoch_performance", "epoch": 550, "rollout_steps": 16, "rollout_updates": 2, "rollout_batch": 28, "train_seconds": 89.40651439270005, "peak_memory_gib": 4.968817710876465, "amp_mode": "bf16"}
{"event": "epoch_eval", "experiment": "centered_square_periodic_optimized_r28_p26", "test_label": "Re100p500000", "epoch": 550, "train_loss": 0.15781357511878014, "val_score": 1.2131494763307273, "val_rhs_relative_l2": 0.9731622338294983, "val_alpha_relative_l2": 0.2353358268737793, "val_pressure_relative_l2": 0.013289758935570717, "scheduled_sampling": 1.0, "rollout_steps": 16, "epoch_train_seconds": 89.40651439270005, "peak_memory_gib": 4.968817710876465}
{"event": "epoch_performance", "epoch": 551, "rollout_steps": 16, "rollout_updates": 2, "rollout_batch": 28, "train_seconds": 94.70088558178395, "peak_memory_gib": 5.063423156738281, "amp_mode": "bf16"}
{"event": "epoch_performance", "epoch": 552, "rollout_steps": 16, "rollout_updates": 2, "rollout_batch": 28, "train_seconds": 92.87201530626044, "peak_memory_gib": 5.063423156738281, "amp_mode": "bf16"}
{"event": "epoch_performance", "epoch": 553, "rollout_steps": 16, "rollout_updates": 2, "rollout_batch": 28, "train_seconds": 91.20270368270576, "peak_memory_gib": 5.016120433807373, "amp_mode": "bf16"}
{"event": "epoch_performance", "epoch": 554, "rollout_steps": 16, "rollout_updates": 2, "rollout_batch": 28, "train_seconds": 79.24003076693043, "peak_memory_gib": 4.82690954208374, "amp_mode": "bf16"}
{"event": "epoch_performance", "epoch": 555, "rollout_steps": 16, "rollout_updates": 2, "rollout_batch": 28, "train_seconds": 98.54483043588698, "peak_memory_gib": 5.205331325531006, "amp_mode": "bf16"}
{"event": "epoch_performance", "epoch": 556, "rollout_steps": 16, "rollout_updates": 2, "rollout_batch": 28, "train_seconds": 89.31111255288124, "peak_memory_gib": 5.063423156738281, "amp_mode": "bf16"}
{"event": "epoch_performance", "epoch": 557, "rollout_steps": 16, "rollout_updates": 2, "rollout_batch": 28, "train_seconds": 92.71553011098877, "peak_memory_gib": 5.063423156738281, "amp_mode": "bf16"}
{"event": "epoch_performance", "epoch": 558, "rollout_steps": 16, "rollout_updates": 2, "rollout_batch": 28, "train_seconds": 85.60704231215641, "peak_memory_gib": 5.016120433807373, "amp_mode": "bf16"}
{"event": "epoch_performance", "epoch": 559, "rollout_steps": 16, "rollout_updates": 2, "rollout_batch": 28, "train_seconds": 86.74059611838311, "peak_memory_gib": 5.016120433807373, "amp_mode": "bf16"}
{"event": "epoch_performance", "epoch": 560, "rollout_steps": 16, "rollout_updates": 2, "rollout_batch": 28, "train_seconds": 91.17978983419016, "peak_memory_gib": 5.063423156738281, "amp_mode": "bf16"}
{"event": "epoch_eval", "experiment": "centered_square_periodic_optimized_r28_p26", "test_label": "Re100p500000", "epoch": 560, "train_loss": 0.15688401833176613, "val_score": 1.2147361598908901, "val_rhs_relative_l2": 0.978895902633667, "val_alpha_relative_l2": 0.23110871016979218, "val_pressure_relative_l2": 0.01351870596408844, "scheduled_sampling": 1.0, "rollout_steps": 16, "epoch_train_seconds": 91.17978983419016, "peak_memory_gib": 5.063423156738281}
{"event": "epoch_performance", "epoch": 561, "rollout_steps": 16, "rollout_updates": 2, "rollout_batch": 28, "train_seconds": 96.74008389981464, "peak_memory_gib": 5.1107258796691895, "amp_mode": "bf16"}
{"event": "epoch_performance", "epoch": 562, "rollout_steps": 16, "rollout_updates": 2, "rollout_batch": 28, "train_seconds": 86.00065422803164, "peak_memory_gib": 5.016120433807373, "amp_mode": "bf16"}
{"event": "epoch_performance", "epoch": 563, "rollout_steps": 16, "rollout_updates": 2, "rollout_batch": 28, "train_seconds": 87.32397770695388, "peak_memory_gib": 5.1107258796691895, "amp_mode": "bf16"}
{"event": "epoch_performance", "epoch": 564, "rollout_steps": 16, "rollout_updates": 2, "rollout_batch": 28, "train_seconds": 85.41960902698338, "peak_memory_gib": 4.968817710876465, "amp_mode": "bf16"}
{"event": "epoch_performance", "epoch": 565, "rollout_steps": 16, "rollout_updates": 2, "rollout_batch": 28, "train_seconds": 99.12701182998717, "peak_memory_gib": 5.158028602600098, "amp_mode": "bf16"}
{"event": "epoch_performance", "epoch": 566, "rollout_steps": 16, "rollout_updates": 2, "rollout_batch": 28, "train_seconds": 92.94128892896697, "peak_memory_gib": 5.063423156738281, "amp_mode": "bf16"}
{"event": "epoch_performance", "epoch": 567, "rollout_steps": 16, "rollout_updates": 2, "rollout_batch": 28, "train_seconds": 87.57162593398243, "peak_memory_gib": 4.968817710876465, "amp_mode": "bf16"}
{"event": "epoch_performance", "epoch": 568, "rollout_steps": 16, "rollout_updates": 2, "rollout_batch": 28, "train_seconds": 95.16782378405333, "peak_memory_gib": 5.1107258796691895, "amp_mode": "bf16"}
{"event": "epoch_performance", "epoch": 569, "rollout_steps": 16, "rollout_updates": 2, "rollout_batch": 28, "train_seconds": 100.68120440701023, "peak_memory_gib": 5.063423156738281, "amp_mode": "bf16"}
{"event": "epoch_performance", "epoch": 570, "rollout_steps": 16, "rollout_updates": 2, "rollout_batch": 28, "train_seconds": 91.76334787672386, "peak_memory_gib": 5.016120433807373, "amp_mode": "bf16"}
{"event": "epoch_eval", "experiment": "centered_square_periodic_optimized_r28_p26", "test_label": "Re100p500000", "epoch": 570, "train_loss": 0.15572061762213707, "val_score": 1.2137729056645186, "val_rhs_relative_l2": 0.975007176399231, "val_alpha_relative_l2": 0.23415467143058777, "val_pressure_relative_l2": 0.013174450956285, "scheduled_sampling": 1.0, "rollout_steps": 16, "epoch_train_seconds": 91.76334787672386, "peak_memory_gib": 5.016120433807373}
{"event": "epoch_performance", "epoch": 571, "rollout_steps": 16, "rollout_updates": 2, "rollout_batch": 28, "train_seconds": 92.90119806677103, "peak_memory_gib": 5.063423156738281, "amp_mode": "bf16"}
{"event": "epoch_performance", "epoch": 572, "rollout_steps": 16, "rollout_updates": 2, "rollout_batch": 28, "train_seconds": 91.04198451107368, "peak_memory_gib": 5.016120433807373, "amp_mode": "bf16"}
{"event": "epoch_performance", "epoch": 573, "rollout_steps": 16, "rollout_updates": 2, "rollout_batch": 28, "train_seconds": 90.93367739301175, "peak_memory_gib": 5.016120433807373, "amp_mode": "bf16"}
{"event": "epoch_performance", "epoch": 574, "rollout_steps": 16, "rollout_updates": 2, "rollout_batch": 28, "train_seconds": 94.53250850783661, "peak_memory_gib": 5.063423156738281, "amp_mode": "bf16"}
{"event": "epoch_performance", "epoch": 575, "rollout_steps": 16, "rollout_updates": 2, "rollout_batch": 28, "train_seconds": 81.7234164159745, "peak_memory_gib": 4.874212265014648, "amp_mode": "bf16"}
{"event": "epoch_performance", "epoch": 576, "rollout_steps": 16, "rollout_updates": 2, "rollout_batch": 28, "train_seconds": 85.64229709422216, "peak_memory_gib": 4.968817710876465, "amp_mode": "bf16"}
{"event": "epoch_performance", "epoch": 577, "rollout_steps": 16, "rollout_updates": 2, "rollout_batch": 28, "train_seconds": 92.86701558576897, "peak_memory_gib": 5.158028602600098, "amp_mode": "bf16"}
{"event": "epoch_performance", "epoch": 578, "rollout_steps": 16, "rollout_updates": 2, "rollout_batch": 28, "train_seconds": 93.07365856599063, "peak_memory_gib": 5.158028602600098, "amp_mode": "bf16"}
{"event": "epoch_performance", "epoch": 579, "rollout_steps": 16, "rollout_updates": 2, "rollout_batch": 28, "train_seconds": 88.89961186097935, "peak_memory_gib": 4.968817710876465, "amp_mode": "bf16"}
{"event": "epoch_performance", "epoch": 580, "rollout_steps": 16, "rollout_updates": 2, "rollout_batch": 28, "train_seconds": 89.50149280810729, "peak_memory_gib": 5.016120433807373, "amp_mode": "bf16"}
{"event": "epoch_eval", "experiment": "centered_square_periodic_optimized_r28_p26", "test_label": "Re100p500000", "epoch": 580, "train_loss": 0.15975434705615044, "val_score": 1.2145573144312949, "val_rhs_relative_l2": 0.9804124236106873, "val_alpha_relative_l2": 0.2294173240661621, "val_pressure_relative_l2": 0.01350733358412981, "scheduled_sampling": 1.0, "rollout_steps": 16, "epoch_train_seconds": 89.50149280810729, "peak_memory_gib": 5.016120433807373}
{"event": "epoch_performance", "epoch": 581, "rollout_steps": 16, "rollout_updates": 2, "rollout_batch": 28, "train_seconds": 92.66676127538085, "peak_memory_gib": 5.1107258796691895, "amp_mode": "bf16"}
{"event": "epoch_performance", "epoch": 582, "rollout_steps": 16, "rollout_updates": 2, "rollout_batch": 28, "train_seconds": 89.04686543205753, "peak_memory_gib": 4.968817710876465, "amp_mode": "bf16"}
{"event": "epoch_performance", "epoch": 583, "rollout_steps": 16, "rollout_updates": 2, "rollout_batch": 28, "train_seconds": 93.08793129073456, "peak_memory_gib": 5.1107258796691895, "amp_mode": "bf16"}
{"event": "epoch_performance", "epoch": 584, "rollout_steps": 16, "rollout_updates": 2, "rollout_batch": 28, "train_seconds": 89.26606421684846, "peak_memory_gib": 5.063423156738281, "amp_mode": "bf16"}
{"event": "epoch_performance", "epoch": 585, "rollout_steps": 16, "rollout_updates": 2, "rollout_batch": 28, "train_seconds": 98.502398238983, "peak_memory_gib": 5.158028602600098, "amp_mode": "bf16"}
{"event": "epoch_performance", "epoch": 586, "rollout_steps": 16, "rollout_updates": 2, "rollout_batch": 28, "train_seconds": 92.97647346789017, "peak_memory_gib": 4.921514987945557, "amp_mode": "bf16"}
{"event": "epoch_performance", "epoch": 587, "rollout_steps": 16, "rollout_updates": 2, "rollout_batch": 28, "train_seconds": 97.03577519766986, "peak_memory_gib": 5.205331325531006, "amp_mode": "bf16"}
{"event": "epoch_performance", "epoch": 588, "rollout_steps": 16, "rollout_updates": 2, "rollout_batch": 28, "train_seconds": 90.52105710515752, "peak_memory_gib": 5.063423156738281, "amp_mode": "bf16"}
{"event": "epoch_performance", "epoch": 589, "rollout_steps": 16, "rollout_updates": 2, "rollout_batch": 28, "train_seconds": 96.65726344799623, "peak_memory_gib": 5.158028602600098, "amp_mode": "bf16"}
{"event": "epoch_performance", "epoch": 590, "rollout_steps": 16, "rollout_updates": 2, "rollout_batch": 28, "train_seconds": 89.34140096791089, "peak_memory_gib": 4.968817710876465, "amp_mode": "bf16"}
{"event": "epoch_eval", "experiment": "centered_square_periodic_optimized_r28_p26", "test_label": "Re100p500000", "epoch": 590, "train_loss": 0.15839571505784988, "val_score": 1.2120044036768376, "val_rhs_relative_l2": 0.9761713147163391, "val_alpha_relative_l2": 0.23119357228279114, "val_pressure_relative_l2": 0.013255761936306953, "scheduled_sampling": 1.0, "rollout_steps": 16, "epoch_train_seconds": 89.34140096791089, "peak_memory_gib": 4.968817710876465}
{"event": "epoch_performance", "epoch": 591, "rollout_steps": 16, "rollout_updates": 2, "rollout_batch": 28, "train_seconds": 93.01742636505514, "peak_memory_gib": 5.1107258796691895, "amp_mode": "bf16"}
{"event": "epoch_performance", "epoch": 592, "rollout_steps": 16, "rollout_updates": 2, "rollout_batch": 28, "train_seconds": 93.05217362614349, "peak_memory_gib": 5.063423156738281, "amp_mode": "bf16"}
{"event": "epoch_performance", "epoch": 593, "rollout_steps": 16, "rollout_updates": 2, "rollout_batch": 28, "train_seconds": 93.07688892493024, "peak_memory_gib": 5.158028602600098, "amp_mode": "bf16"}
{"event": "epoch_performance", "epoch": 594, "rollout_steps": 16, "rollout_updates": 2, "rollout_batch": 28, "train_seconds": 83.69438727386296, "peak_memory_gib": 4.968817710876465, "amp_mode": "bf16"}
{"event": "epoch_performance", "epoch": 595, "rollout_steps": 16, "rollout_updates": 2, "rollout_batch": 28, "train_seconds": 91.19136918196455, "peak_memory_gib": 5.1107258796691895, "amp_mode": "bf16"}
{"event": "epoch_performance", "epoch": 596, "rollout_steps": 16, "rollout_updates": 2, "rollout_batch": 28, "train_seconds": 85.683245992288, "peak_memory_gib": 4.968817710876465, "amp_mode": "bf16"}
{"event": "epoch_performance", "epoch": 597, "rollout_steps": 16, "rollout_updates": 2, "rollout_batch": 28, "train_seconds": 89.46446650288999, "peak_memory_gib": 5.063423156738281, "amp_mode": "bf16"}
{"event": "epoch_performance", "epoch": 598, "rollout_steps": 16, "rollout_updates": 2, "rollout_batch": 28, "train_seconds": 83.721392350737, "peak_memory_gib": 4.874212265014648, "amp_mode": "bf16"}
{"event": "epoch_performance", "epoch": 599, "rollout_steps": 16, "rollout_updates": 2, "rollout_batch": 28, "train_seconds": 96.830484372098, "peak_memory_gib": 5.1107258796691895, "amp_mode": "bf16"}
{"event": "epoch_performance", "epoch": 600, "rollout_steps": 16, "rollout_updates": 2, "rollout_batch": 28, "train_seconds": 91.63580428529531, "peak_memory_gib": 5.063423156738281, "amp_mode": "bf16"}
{"event": "epoch_eval", "experiment": "centered_square_periodic_optimized_r28_p26", "test_label": "Re100p500000", "epoch": 600, "train_loss": 0.15931281074881554, "val_score": 1.2133458971977233, "val_rhs_relative_l2": 0.9738812446594238, "val_alpha_relative_l2": 0.23478367924690247, "val_pressure_relative_l2": 0.0133742094039917, "scheduled_sampling": 1.0, "rollout_steps": 16, "epoch_train_seconds": 91.63580428529531, "peak_memory_gib": 5.063423156738281}
{"event": "epoch_performance", "epoch": 601, "rollout_steps": 16, "rollout_updates": 2, "rollout_batch": 28, "train_seconds": 91.0868939482607, "peak_memory_gib": 4.968817710876465, "amp_mode": "bf16"}
{"event": "epoch_performance", "epoch": 602, "rollout_steps": 16, "rollout_updates": 2, "rollout_batch": 28, "train_seconds": 97.07397653209046, "peak_memory_gib": 5.1107258796691895, "amp_mode": "bf16"}
{"event": "epoch_performance", "epoch": 603, "rollout_steps": 16, "rollout_updates": 2, "rollout_batch": 28, "train_seconds": 89.18527764966711, "peak_memory_gib": 4.968817710876465, "amp_mode": "bf16"}
{"event": "epoch_performance", "epoch": 604, "rollout_steps": 16, "rollout_updates": 2, "rollout_batch": 28, "train_seconds": 93.41352766891941, "peak_memory_gib": 5.158028602600098, "amp_mode": "bf16"}
{"event": "epoch_performance", "epoch": 605, "rollout_steps": 16, "rollout_updates": 2, "rollout_batch": 28, "train_seconds": 87.53110848832875, "peak_memory_gib": 4.921514987945557, "amp_mode": "bf16"}
{"event": "epoch_performance", "epoch": 606, "rollout_steps": 16, "rollout_updates": 2, "rollout_batch": 28, "train_seconds": 94.82948406133801, "peak_memory_gib": 5.1107258796691895, "amp_mode": "bf16"}
{"event": "epoch_performance", "epoch": 607, "rollout_steps": 16, "rollout_updates": 2, "rollout_batch": 28, "train_seconds": 91.1643811520189, "peak_memory_gib": 5.016120433807373, "amp_mode": "bf16"}
{"event": "epoch_performance", "epoch": 608, "rollout_steps": 16, "rollout_updates": 2, "rollout_batch": 28, "train_seconds": 102.28405098570511, "peak_memory_gib": 5.158028602600098, "amp_mode": "bf16"}
{"event": "epoch_performance", "epoch": 609, "rollout_steps": 16, "rollout_updates": 2, "rollout_batch": 28, "train_seconds": 91.15108289709315, "peak_memory_gib": 5.1107258796691895, "amp_mode": "bf16"}
{"event": "epoch_performance", "epoch": 610, "rollout_steps": 16, "rollout_updates": 2, "rollout_batch": 28, "train_seconds": 84.90033022500575, "peak_memory_gib": 4.968817710876465, "amp_mode": "bf16"}
{"event": "epoch_eval", "experiment": "centered_square_periodic_optimized_r28_p26", "test_label": "Re100p500000", "epoch": 610, "train_loss": 0.1597246192395687, "val_score": 1.2129993292503058, "val_rhs_relative_l2": 0.9755047559738159, "val_alpha_relative_l2": 0.23277156054973602, "val_pressure_relative_l2": 0.013494322076439857, "scheduled_sampling": 1.0, "rollout_steps": 16, "epoch_train_seconds": 84.90033022500575, "peak_memory_gib": 4.968817710876465}
{"event": "epoch_performance", "epoch": 611, "rollout_steps": 16, "rollout_updates": 2, "rollout_batch": 28, "train_seconds": 90.56392143014818, "peak_memory_gib": 5.063423156738281, "amp_mode": "bf16"}
{"event": "epoch_performance", "epoch": 612, "rollout_steps": 16, "rollout_updates": 2, "rollout_batch": 28, "train_seconds": 85.03774605877697, "peak_memory_gib": 4.921514987945557, "amp_mode": "bf16"}
{"event": "epoch_performance", "epoch": 613, "rollout_steps": 16, "rollout_updates": 2, "rollout_batch": 28, "train_seconds": 98.19059062562883, "peak_memory_gib": 5.158028602600098, "amp_mode": "bf16"}
{"event": "epoch_performance", "epoch": 614, "rollout_steps": 16, "rollout_updates": 2, "rollout_batch": 28, "train_seconds": 92.43502768361941, "peak_memory_gib": 5.1107258796691895, "amp_mode": "bf16"}
{"event": "epoch_performance", "epoch": 615, "rollout_steps": 16, "rollout_updates": 2, "rollout_batch": 28, "train_seconds": 88.49592716386542, "peak_memory_gib": 5.063423156738281, "amp_mode": "bf16"}
{"event": "epoch_performance", "epoch": 616, "rollout_steps": 16, "rollout_updates": 2, "rollout_batch": 28, "train_seconds": 97.89312012912706, "peak_memory_gib": 5.158028602600098, "amp_mode": "bf16"}
{"event": "epoch_performance", "epoch": 617, "rollout_steps": 16, "rollout_updates": 2, "rollout_batch": 28, "train_seconds": 94.1755976616405, "peak_memory_gib": 5.016120433807373, "amp_mode": "bf16"}
{"event": "epoch_performance", "epoch": 618, "rollout_steps": 16, "rollout_updates": 2, "rollout_batch": 28, "train_seconds": 96.15375412395224, "peak_memory_gib": 5.205331325531006, "amp_mode": "bf16"}
{"event": "epoch_performance", "epoch": 619, "rollout_steps": 16, "rollout_updates": 2, "rollout_batch": 28, "train_seconds": 94.22325015580282, "peak_memory_gib": 5.158028602600098, "amp_mode": "bf16"}
{"event": "epoch_performance", "epoch": 620, "rollout_steps": 16, "rollout_updates": 2, "rollout_batch": 28, "train_seconds": 96.24955483432859, "peak_memory_gib": 5.158028602600098, "amp_mode": "bf16"}
{"event": "epoch_eval", "experiment": "centered_square_periodic_optimized_r28_p26", "test_label": "Re100p500000", "epoch": 620, "train_loss": 0.15496765077114105, "val_score": 1.2124040705151855, "val_rhs_relative_l2": 0.9753338694572449, "val_alpha_relative_l2": 0.2322104573249817, "val_pressure_relative_l2": 0.013884982094168663, "scheduled_sampling": 1.0, "rollout_steps": 16, "epoch_train_seconds": 96.24955483432859, "peak_memory_gib": 5.158028602600098}
{"event": "epoch_performance", "epoch": 621, "rollout_steps": 16, "rollout_updates": 2, "rollout_batch": 28, "train_seconds": 95.98481873283163, "peak_memory_gib": 5.1107258796691895, "amp_mode": "bf16"}
{"event": "epoch_performance", "epoch": 622, "rollout_steps": 16, "rollout_updates": 2, "rollout_batch": 28, "train_seconds": 88.84361560083926, "peak_memory_gib": 5.063423156738281, "amp_mode": "bf16"}
{"event": "epoch_performance", "epoch": 623, "rollout_steps": 16, "rollout_updates": 2, "rollout_batch": 28, "train_seconds": 83.04618385294452, "peak_memory_gib": 4.921514987945557, "amp_mode": "bf16"}
{"event": "epoch_performance", "epoch": 624, "rollout_steps": 16, "rollout_updates": 2, "rollout_batch": 28, "train_seconds": 88.53670348459855, "peak_memory_gib": 4.921514987945557, "amp_mode": "bf16"}
{"event": "epoch_performance", "epoch": 625, "rollout_steps": 16, "rollout_updates": 2, "rollout_batch": 28, "train_seconds": 88.26114706508815, "peak_memory_gib": 4.921514987945557, "amp_mode": "bf16"}
{"event": "epoch_performance", "epoch": 626, "rollout_steps": 16, "rollout_updates": 2, "rollout_batch": 28, "train_seconds": 90.52203190606087, "peak_memory_gib": 5.016120433807373, "amp_mode": "bf16"}
{"event": "epoch_performance", "epoch": 627, "rollout_steps": 16, "rollout_updates": 2, "rollout_batch": 28, "train_seconds": 92.17332419287413, "peak_memory_gib": 4.968817710876465, "amp_mode": "bf16"}
{"event": "epoch_performance", "epoch": 628, "rollout_steps": 16, "rollout_updates": 2, "rollout_batch": 28, "train_seconds": 95.82370156887919, "peak_memory_gib": 5.1107258796691895, "amp_mode": "bf16"}
{"event": "epoch_performance", "epoch": 629, "rollout_steps": 16, "rollout_updates": 2, "rollout_batch": 28, "train_seconds": 88.2202129792422, "peak_memory_gib": 5.158028602600098, "amp_mode": "bf16"}
{"event": "epoch_performance", "epoch": 630, "rollout_steps": 16, "rollout_updates": 2, "rollout_batch": 28, "train_seconds": 86.53928781906143, "peak_memory_gib": 4.968817710876465, "amp_mode": "bf16"}
{"event": "epoch_eval", "experiment": "centered_square_periodic_optimized_r28_p26", "test_label": "Re100p500000", "epoch": 630, "train_loss": 0.16123420745134354, "val_score": 1.2124668734613806, "val_rhs_relative_l2": 0.976081371307373, "val_alpha_relative_l2": 0.23177963495254517, "val_pressure_relative_l2": 0.013159620575606823, "scheduled_sampling": 1.0, "rollout_steps": 16, "epoch_train_seconds": 86.53928781906143, "peak_memory_gib": 4.968817710876465}
{"event": "epoch_performance", "epoch": 631, "rollout_steps": 16, "rollout_updates": 2, "rollout_batch": 28, "train_seconds": 85.77170208608732, "peak_memory_gib": 4.968817710876465, "amp_mode": "bf16"}
{"event": "epoch_performance", "epoch": 632, "rollout_steps": 16, "rollout_updates": 2, "rollout_batch": 28, "train_seconds": 79.71277608117089, "peak_memory_gib": 4.779606819152832, "amp_mode": "bf16"}
{"event": "epoch_performance", "epoch": 633, "rollout_steps": 16, "rollout_updates": 2, "rollout_batch": 28, "train_seconds": 94.92283763410524, "peak_memory_gib": 5.016120433807373, "amp_mode": "bf16"}
{"event": "epoch_performance", "epoch": 634, "rollout_steps": 16, "rollout_updates": 2, "rollout_batch": 28, "train_seconds": 89.55958095518872, "peak_memory_gib": 5.016120433807373, "amp_mode": "bf16"}
{"event": "epoch_performance", "epoch": 635, "rollout_steps": 16, "rollout_updates": 2, "rollout_batch": 28, "train_seconds": 91.38700392283499, "peak_memory_gib": 5.016120433807373, "amp_mode": "bf16"}
{"event": "epoch_performance", "epoch": 636, "rollout_steps": 16, "rollout_updates": 2, "rollout_batch": 28, "train_seconds": 95.46617108210921, "peak_memory_gib": 5.063423156738281, "amp_mode": "bf16"}
{"event": "epoch_performance", "epoch": 637, "rollout_steps": 16, "rollout_updates": 2, "rollout_batch": 28, "train_seconds": 93.36213550297543, "peak_memory_gib": 5.1107258796691895, "amp_mode": "bf16"}
{"event": "epoch_performance", "epoch": 638, "rollout_steps": 16, "rollout_updates": 2, "rollout_batch": 28, "train_seconds": 96.95414398610592, "peak_memory_gib": 5.1107258796691895, "amp_mode": "bf16"}
{"event": "epoch_performance", "epoch": 639, "rollout_steps": 16, "rollout_updates": 2, "rollout_batch": 28, "train_seconds": 89.28900557616726, "peak_memory_gib": 4.968817710876465, "amp_mode": "bf16"}
{"event": "epoch_performance", "epoch": 640, "rollout_steps": 16, "rollout_updates": 2, "rollout_batch": 28, "train_seconds": 96.8695665569976, "peak_memory_gib": 5.158028602600098, "amp_mode": "bf16"}
{"event": "epoch_eval", "experiment": "centered_square_periodic_optimized_r28_p26", "test_label": "Re100p500000", "epoch": 640, "train_loss": 0.15712638199329376, "val_score": 1.212269574450329, "val_rhs_relative_l2": 0.9758045673370361, "val_alpha_relative_l2": 0.23194068670272827, "val_pressure_relative_l2": 0.01292662974447012, "scheduled_sampling": 1.0, "rollout_steps": 16, "epoch_train_seconds": 96.8695665569976, "peak_memory_gib": 5.158028602600098}
{"event": "epoch_performance", "epoch": 641, "rollout_steps": 16, "rollout_updates": 2, "rollout_batch": 28, "train_seconds": 89.41154467593879, "peak_memory_gib": 5.016120433807373, "amp_mode": "bf16"}
{"event": "epoch_performance", "epoch": 642, "rollout_steps": 16, "rollout_updates": 2, "rollout_batch": 28, "train_seconds": 89.53709613298997, "peak_memory_gib": 4.968817710876465, "amp_mode": "bf16"}
{"event": "epoch_performance", "epoch": 643, "rollout_steps": 16, "rollout_updates": 2, "rollout_batch": 28, "train_seconds": 85.94551093271002, "peak_memory_gib": 4.921514987945557, "amp_mode": "bf16"}
{"event": "epoch_performance", "epoch": 644, "rollout_steps": 16, "rollout_updates": 2, "rollout_batch": 28, "train_seconds": 93.43502525100484, "peak_memory_gib": 5.063423156738281, "amp_mode": "bf16"}
{"event": "epoch_performance", "epoch": 645, "rollout_steps": 16, "rollout_updates": 2, "rollout_batch": 28, "train_seconds": 93.29933413816616, "peak_memory_gib": 5.016120433807373, "amp_mode": "bf16"}
{"event": "epoch_performance", "epoch": 646, "rollout_steps": 16, "rollout_updates": 2, "rollout_batch": 28, "train_seconds": 91.86833165213466, "peak_memory_gib": 5.063423156738281, "amp_mode": "bf16"}
{"event": "epoch_performance", "epoch": 647, "rollout_steps": 16, "rollout_updates": 2, "rollout_batch": 28, "train_seconds": 95.37831372208893, "peak_memory_gib": 5.158028602600098, "amp_mode": "bf16"}
{"event": "epoch_performance", "epoch": 648, "rollout_steps": 16, "rollout_updates": 2, "rollout_batch": 28, "train_seconds": 93.34033044800162, "peak_memory_gib": 5.016120433807373, "amp_mode": "bf16"}
{"event": "epoch_performance", "epoch": 649, "rollout_steps": 16, "rollout_updates": 2, "rollout_batch": 28, "train_seconds": 91.80148169398308, "peak_memory_gib": 5.016120433807373, "amp_mode": "bf16"}
{"event": "epoch_performance", "epoch": 650, "rollout_steps": 16, "rollout_updates": 2, "rollout_batch": 28, "train_seconds": 95.72616279916838, "peak_memory_gib": 5.158028602600098, "amp_mode": "bf16"}
{"event": "epoch_eval", "experiment": "centered_square_periodic_optimized_r28_p26", "test_label": "Re100p500000", "epoch": 650, "train_loss": 0.1563403643667698, "val_score": 1.2125251593068243, "val_rhs_relative_l2": 0.975779116153717, "val_alpha_relative_l2": 0.2321137934923172, "val_pressure_relative_l2": 0.013234999030828476, "scheduled_sampling": 1.0, "rollout_steps": 16, "epoch_train_seconds": 95.72616279916838, "peak_memory_gib": 5.158028602600098}
{"event": "epoch_performance", "epoch": 651, "rollout_steps": 16, "rollout_updates": 2, "rollout_batch": 28, "train_seconds": 91.55931810615584, "peak_memory_gib": 5.016120433807373, "amp_mode": "bf16"}
{"event": "epoch_performance", "epoch": 652, "rollout_steps": 16, "rollout_updates": 2, "rollout_batch": 28, "train_seconds": 98.77352889394388, "peak_memory_gib": 5.158028602600098, "amp_mode": "bf16"}
{"event": "epoch_performance", "epoch": 653, "rollout_steps": 16, "rollout_updates": 2, "rollout_batch": 28, "train_seconds": 95.07445976184681, "peak_memory_gib": 5.063423156738281, "amp_mode": "bf16"}
{"event": "epoch_performance", "epoch": 654, "rollout_steps": 16, "rollout_updates": 2, "rollout_batch": 28, "train_seconds": 89.26995653798804, "peak_memory_gib": 4.921514987945557, "amp_mode": "bf16"}
{"event": "epoch_performance", "epoch": 655, "rollout_steps": 16, "rollout_updates": 2, "rollout_batch": 28, "train_seconds": 90.84222238976508, "peak_memory_gib": 5.1107258796691895, "amp_mode": "bf16"}
{"event": "epoch_performance", "epoch": 656, "rollout_steps": 16, "rollout_updates": 2, "rollout_batch": 28, "train_seconds": 96.60669891396537, "peak_memory_gib": 5.1107258796691895, "amp_mode": "bf16"}
{"event": "epoch_performance", "epoch": 657, "rollout_steps": 16, "rollout_updates": 2, "rollout_batch": 28, "train_seconds": 91.56912979716435, "peak_memory_gib": 5.1107258796691895, "amp_mode": "bf16"}
{"event": "epoch_performance", "epoch": 658, "rollout_steps": 16, "rollout_updates": 2, "rollout_batch": 28, "train_seconds": 89.31940365489572, "peak_memory_gib": 4.921514987945557, "amp_mode": "bf16"}
{"event": "epoch_performance", "epoch": 659, "rollout_steps": 16, "rollout_updates": 2, "rollout_batch": 28, "train_seconds": 85.49170407094061, "peak_memory_gib": 4.921514987945557, "amp_mode": "bf16"}
{"event": "epoch_performance", "epoch": 660, "rollout_steps": 16, "rollout_updates": 2, "rollout_batch": 28, "train_seconds": 85.6274265088141, "peak_memory_gib": 4.968817710876465, "amp_mode": "bf16"}
{"event": "epoch_eval", "experiment": "centered_square_periodic_optimized_r28_p26", "test_label": "Re100p500000", "epoch": 660, "train_loss": 0.1548415757715702, "val_score": 1.2123254840727895, "val_rhs_relative_l2": 0.9757466912269592, "val_alpha_relative_l2": 0.23200464248657227, "val_pressure_relative_l2": 0.013069001026451588, "scheduled_sampling": 1.0, "rollout_steps": 16, "epoch_train_seconds": 85.6274265088141, "peak_memory_gib": 4.968817710876465}
{"event": "epoch_performance", "epoch": 661, "rollout_steps": 16, "rollout_updates": 2, "rollout_batch": 28, "train_seconds": 89.25555319385603, "peak_memory_gib": 5.063423156738281, "amp_mode": "bf16"}
{"event": "epoch_performance", "epoch": 662, "rollout_steps": 16, "rollout_updates": 2, "rollout_batch": 28, "train_seconds": 83.16616775514558, "peak_memory_gib": 5.063423156738281, "amp_mode": "bf16"}
{"event": "epoch_performance", "epoch": 663, "rollout_steps": 16, "rollout_updates": 2, "rollout_batch": 28, "train_seconds": 85.50093718897551, "peak_memory_gib": 5.016120433807373, "amp_mode": "bf16"}
{"event": "epoch_performance", "epoch": 664, "rollout_steps": 16, "rollout_updates": 2, "rollout_batch": 28, "train_seconds": 95.00909889582545, "peak_memory_gib": 5.063423156738281, "amp_mode": "bf16"}
{"event": "epoch_performance", "epoch": 665, "rollout_steps": 16, "rollout_updates": 2, "rollout_batch": 28, "train_seconds": 89.56335766566917, "peak_memory_gib": 4.968817710876465, "amp_mode": "bf16"}
{"event": "epoch_performance", "epoch": 666, "rollout_steps": 16, "rollout_updates": 2, "rollout_batch": 28, "train_seconds": 95.22317072702572, "peak_memory_gib": 5.016120433807373, "amp_mode": "bf16"}
{"event": "epoch_performance", "epoch": 667, "rollout_steps": 16, "rollout_updates": 2, "rollout_batch": 28, "train_seconds": 91.381780535914, "peak_memory_gib": 5.063423156738281, "amp_mode": "bf16"}
{"event": "epoch_performance", "epoch": 668, "rollout_steps": 16, "rollout_updates": 2, "rollout_batch": 28, "train_seconds": 91.43374292599037, "peak_memory_gib": 5.158028602600098, "amp_mode": "bf16"}
{"event": "epoch_performance", "epoch": 669, "rollout_steps": 16, "rollout_updates": 2, "rollout_batch": 28, "train_seconds": 87.63079387973994, "peak_memory_gib": 5.063423156738281, "amp_mode": "bf16"}
{"event": "epoch_performance", "epoch": 670, "rollout_steps": 16, "rollout_updates": 2, "rollout_batch": 28, "train_seconds": 94.4135581352748, "peak_memory_gib": 5.1107258796691895, "amp_mode": "bf16"}
{"event": "epoch_eval", "experiment": "centered_square_periodic_optimized_r28_p26", "test_label": "Re100p500000", "epoch": 670, "train_loss": 0.1501597724854946, "val_score": 1.2120791169349103, "val_rhs_relative_l2": 0.9764046669006348, "val_alpha_relative_l2": 0.2310768961906433, "val_pressure_relative_l2": 0.01313586812466383, "scheduled_sampling": 1.0, "rollout_steps": 16, "epoch_train_seconds": 94.4135581352748, "peak_memory_gib": 5.1107258796691895}
swanlab: 📁 View project at https://swanlab.cn/@panxy1019/V17SquarePeriodicMOE
swanlab: 🚀 View run CenteredSquare-Periodic-optimized-long-resume at 
https://swanlab.cn/@panxy1019/V17SquarePeriodicMOE/runs/hw6bwkpk
swanlab: Upload complete: 44997 records
{"scheme": "v16_attractor_moe_rom_re20_200_closed_loop_rk4", "experiment_name": "centered_square_periodic_optimized_r28_p26", "metrics_json": "runs/optimized_long_seed1600/centered_square_periodic_optimized_r28_p26_metrics.json", "summary_md": "runs/optimized_long_seed1600/centered_square_periodic_optimized_r28_p26_summary.md", "runtime_seconds": 34403.21989822388, "test_Re": [100.5, 102.0, 120.68965148925781, 144.8275909423828]}
Wrote runs/optimized_long_seed1600/centered_square_periodic_optimized_r28_p26_metrics.json
Wrote runs/optimized_long_seed1600/centered_square_periodic_optimized_r28_p26_summary.md
