2026-08-27 21:40:07.704 | ERROR    | swanlab.sdk.internal.pkg.safe:block:101 - 
Error executing 'on_run_initialized' in callback 'SwanLabLocalCallbacker': 
dispatcher:65 -> on_run_initialized:353 -> ImportError: Please install swanboard
to use 'local' mode: pip install 'swanlab[dashboard]'
swanlab: Tracking run with swanlab version 0.9.7
swanlab: 💾 Run data saved at 
/root/siton-data-ecd30b0dd03a4b6c86d4ad3b98458111/panxy/particalMOE/centeredsqua
re_kda_cdm_rom_20260827/swanlog/run-20260827_214007-9h940a7s
swanlab: 🌟 Run `swanlab watch 
/root/siton-data-ecd30b0dd03a4b6c86d4ad3b98458111/panxy/particalMOE/centeredsqua
re_kda_cdm_rom_20260827/swanlog` to view SwanLab Experiment Dashboard
swanlab: 🌟 Run `swanlab watch 
/root/siton-data-ecd30b0dd03a4b6c86d4ad3b98458111/panxy/particalMOE/centeredsqua
re_kda_cdm_rom_20260827/swanlog` to view SwanLab Experiment Dashboard
{
  "aggregate": {
    "name": "M2_rates_0.01_0.05_ridge_10",
    "kind": 2,
    "stable_6_of_6": true,
    "J500_mean": 0.17864012452034428,
    "J500_median": 0.18956671686972998,
    "J500_max": 0.27968580517288855
  },
  "train_fit": 0.013983107435243744,
  "heldout_loaded": false
}
