swanlab: Currently logged in as: panxy1019 to https://api.swanlab.cn. Use 
`swanlab login --relogin` to force relogin
swanlab: Tracking run with swanlab version 0.9.0
swanlab: 💾 Run data saved at 
formal_E2_re_only_top1/swanlog/run-20260722_201600-iojalakv
swanlab: 📁 View project at 
https://swanlab.cn/@panxy1019/V17_TrajectoryLevel_Hierarchical_MoE
swanlab: 🚀 View run E2_trajectory_top1_seed31002 at 
https://swanlab.cn/@panxy1019/V17_TrajectoryLevel_Hierarchical_MoE/runs/iojalakv
{"event": "evaluation", "experiment": "E2", "step": 1, "loss": 1.2789307832717896, "accuracy": 0.6, "balanced_accuracy": 0.3333333333333333, "macro_f1": 0.24999999999999997, "confusion_matrix": [[0, 0, 2], [0, 0, 2], [0, 0, 6]], "illegal_S_P_top2_count": 3}
{"event": "evaluation", "experiment": "E2", "step": 100, "loss": 1.0478785037994385, "accuracy": 0.6, "balanced_accuracy": 0.3333333333333333, "macro_f1": 0.2857142857142857, "confusion_matrix": [[0, 2, 0], [0, 0, 2], [0, 0, 6]], "illegal_S_P_top2_count": 3}
{"event": "evaluation", "experiment": "E2", "step": 200, "loss": 0.898341953754425, "accuracy": 0.8, "balanced_accuracy": 0.6666666666666666, "macro_f1": 0.5555555555555555, "confusion_matrix": [[0, 2, 0], [0, 2, 0], [0, 0, 6]], "illegal_S_P_top2_count": 4}
{"event": "evaluation", "experiment": "E2", "step": 300, "loss": 0.7946018576622009, "accuracy": 0.8, "balanced_accuracy": 0.6666666666666666, "macro_f1": 0.5555555555555555, "confusion_matrix": [[0, 2, 0], [0, 2, 0], [0, 0, 6]], "illegal_S_P_top2_count": 5}
{"event": "evaluation", "experiment": "E2", "step": 400, "loss": 0.7249249219894409, "accuracy": 0.8, "balanced_accuracy": 0.7777777777777778, "macro_f1": 0.7474747474747474, "confusion_matrix": [[1, 1, 0], [0, 2, 0], [0, 1, 5]], "illegal_S_P_top2_count": 0}
{"event": "evaluation", "experiment": "E2", "step": 500, "loss": 0.704386830329895, "accuracy": 0.9, "balanced_accuracy": 0.9444444444444445, "macro_f1": 0.903030303030303, "confusion_matrix": [[2, 0, 0], [0, 2, 0], [0, 1, 5]], "illegal_S_P_top2_count": 0}
{"event": "evaluation", "experiment": "E2", "step": 600, "loss": 0.6642954349517822, "accuracy": 0.8, "balanced_accuracy": 0.7777777777777778, "macro_f1": 0.7363636363636363, "confusion_matrix": [[2, 0, 0], [1, 1, 0], [0, 1, 5]], "illegal_S_P_top2_count": 0}
{"event": "evaluation", "experiment": "E2", "step": 700, "loss": 0.6586713790893555, "accuracy": 0.9, "balanced_accuracy": 0.9444444444444445, "macro_f1": 0.903030303030303, "confusion_matrix": [[2, 0, 0], [0, 2, 0], [0, 1, 5]], "illegal_S_P_top2_count": 0}
{"event": "evaluation", "experiment": "E2", "step": 800, "loss": 0.5831802487373352, "accuracy": 0.8, "balanced_accuracy": 0.7777777777777778, "macro_f1": 0.7363636363636363, "confusion_matrix": [[2, 0, 0], [1, 1, 0], [0, 1, 5]], "illegal_S_P_top2_count": 0}
{"event": "evaluation", "experiment": "E2", "step": 900, "loss": 0.6231504082679749, "accuracy": 0.8, "balanced_accuracy": 0.7777777777777778, "macro_f1": 0.7363636363636363, "confusion_matrix": [[2, 0, 0], [1, 1, 0], [0, 1, 5]], "illegal_S_P_top2_count": 0}
{"event": "evaluation", "experiment": "E2", "step": 1000, "loss": 0.5701863169670105, "accuracy": 0.8, "balanced_accuracy": 0.7777777777777778, "macro_f1": 0.7363636363636363, "confusion_matrix": [[2, 0, 0], [1, 1, 0], [0, 1, 5]], "illegal_S_P_top2_count": 0}
{"event": "evaluation", "experiment": "E2", "step": 1100, "loss": 0.5500035285949707, "accuracy": 0.8, "balanced_accuracy": 0.7777777777777778, "macro_f1": 0.7363636363636363, "confusion_matrix": [[2, 0, 0], [1, 1, 0], [0, 1, 5]], "illegal_S_P_top2_count": 0}
{"event": "evaluation", "experiment": "E2", "step": 1200, "loss": 0.5476818680763245, "accuracy": 0.9, "balanced_accuracy": 0.9444444444444445, "macro_f1": 0.903030303030303, "confusion_matrix": [[2, 0, 0], [0, 2, 0], [0, 1, 5]], "illegal_S_P_top2_count": 0}
{"event": "evaluation", "experiment": "E2", "step": 1300, "loss": 0.4848381280899048, "accuracy": 0.8, "balanced_accuracy": 0.7777777777777778, "macro_f1": 0.7363636363636363, "confusion_matrix": [[2, 0, 0], [1, 1, 0], [0, 1, 5]], "illegal_S_P_top2_count": 0}
{"event": "evaluation", "experiment": "E2", "step": 1400, "loss": 0.5074667930603027, "accuracy": 0.9, "balanced_accuracy": 0.9444444444444445, "macro_f1": 0.903030303030303, "confusion_matrix": [[2, 0, 0], [0, 2, 0], [0, 1, 5]], "illegal_S_P_top2_count": 0}
{"event": "evaluation", "experiment": "E2", "step": 1500, "loss": 0.4862774610519409, "accuracy": 0.9, "balanced_accuracy": 0.9444444444444445, "macro_f1": 0.903030303030303, "confusion_matrix": [[2, 0, 0], [0, 2, 0], [0, 1, 5]], "illegal_S_P_top2_count": 0}
{"event": "evaluation", "experiment": "E2", "step": 1600, "loss": 0.4972226619720459, "accuracy": 0.9, "balanced_accuracy": 0.9444444444444445, "macro_f1": 0.903030303030303, "confusion_matrix": [[2, 0, 0], [0, 2, 0], [0, 1, 5]], "illegal_S_P_top2_count": 0}
{"event": "evaluation", "experiment": "E2", "step": 1700, "loss": 0.4721376299858093, "accuracy": 0.9, "balanced_accuracy": 0.9444444444444445, "macro_f1": 0.903030303030303, "confusion_matrix": [[2, 0, 0], [0, 2, 0], [0, 1, 5]], "illegal_S_P_top2_count": 0}
{"event": "evaluation", "experiment": "E2", "step": 1800, "loss": 0.4280259311199188, "accuracy": 0.9, "balanced_accuracy": 0.9444444444444445, "macro_f1": 0.903030303030303, "confusion_matrix": [[2, 0, 0], [0, 2, 0], [0, 1, 5]], "illegal_S_P_top2_count": 0}
{"event": "evaluation", "experiment": "E2", "step": 1900, "loss": 0.41587185859680176, "accuracy": 0.9, "balanced_accuracy": 0.9444444444444445, "macro_f1": 0.903030303030303, "confusion_matrix": [[2, 0, 0], [0, 2, 0], [0, 1, 5]], "illegal_S_P_top2_count": 0}
{"event": "evaluation", "experiment": "E2", "step": 2000, "loss": 0.415960431098938, "accuracy": 0.9, "balanced_accuracy": 0.9444444444444445, "macro_f1": 0.903030303030303, "confusion_matrix": [[2, 0, 0], [0, 2, 0], [0, 1, 5]], "illegal_S_P_top2_count": 0}
{"event": "evaluation", "experiment": "E2", "step": 2100, "loss": 0.4111579656600952, "accuracy": 0.9, "balanced_accuracy": 0.9444444444444445, "macro_f1": 0.903030303030303, "confusion_matrix": [[2, 0, 0], [0, 2, 0], [0, 1, 5]], "illegal_S_P_top2_count": 0}
{"event": "evaluation", "experiment": "E2", "step": 2200, "loss": 0.3888781666755676, "accuracy": 0.9, "balanced_accuracy": 0.9444444444444445, "macro_f1": 0.903030303030303, "confusion_matrix": [[2, 0, 0], [0, 2, 0], [0, 1, 5]], "illegal_S_P_top2_count": 0}
{"event": "evaluation", "experiment": "E2", "step": 2300, "loss": 0.40276503562927246, "accuracy": 0.9, "balanced_accuracy": 0.9444444444444445, "macro_f1": 0.903030303030303, "confusion_matrix": [[2, 0, 0], [0, 2, 0], [0, 1, 5]], "illegal_S_P_top2_count": 0}
{"event": "evaluation", "experiment": "E2", "step": 2400, "loss": 0.3752390444278717, "accuracy": 0.9, "balanced_accuracy": 0.9444444444444445, "macro_f1": 0.903030303030303, "confusion_matrix": [[2, 0, 0], [0, 2, 0], [0, 1, 5]], "illegal_S_P_top2_count": 0}
{"event": "evaluation", "experiment": "E2", "step": 2500, "loss": 0.36082231998443604, "accuracy": 0.9, "balanced_accuracy": 0.9444444444444445, "macro_f1": 0.903030303030303, "confusion_matrix": [[2, 0, 0], [0, 2, 0], [0, 1, 5]], "illegal_S_P_top2_count": 0}
{"event": "evaluation", "experiment": "E2", "step": 2600, "loss": 0.3481403589248657, "accuracy": 1.0, "balanced_accuracy": 1.0, "macro_f1": 1.0, "confusion_matrix": [[2, 0, 0], [0, 2, 0], [0, 0, 6]], "illegal_S_P_top2_count": 0}
{"event": "evaluation", "experiment": "E2", "step": 2700, "loss": 0.36022529006004333, "accuracy": 1.0, "balanced_accuracy": 1.0, "macro_f1": 1.0, "confusion_matrix": [[2, 0, 0], [0, 2, 0], [0, 0, 6]], "illegal_S_P_top2_count": 0}
{"event": "evaluation", "experiment": "E2", "step": 2800, "loss": 0.35798919200897217, "accuracy": 1.0, "balanced_accuracy": 1.0, "macro_f1": 1.0, "confusion_matrix": [[2, 0, 0], [0, 2, 0], [0, 0, 6]], "illegal_S_P_top2_count": 0}
{"event": "evaluation", "experiment": "E2", "step": 2900, "loss": 0.3161771595478058, "accuracy": 1.0, "balanced_accuracy": 1.0, "macro_f1": 1.0, "confusion_matrix": [[2, 0, 0], [0, 2, 0], [0, 0, 6]], "illegal_S_P_top2_count": 0}
{"event": "evaluation", "experiment": "E2", "step": 3000, "loss": 0.3334643542766571, "accuracy": 1.0, "balanced_accuracy": 1.0, "macro_f1": 1.0, "confusion_matrix": [[2, 0, 0], [0, 2, 0], [0, 0, 6]], "illegal_S_P_top2_count": 0}
{"event": "evaluation", "experiment": "E2", "step": 3100, "loss": 0.28747034072875977, "accuracy": 1.0, "balanced_accuracy": 1.0, "macro_f1": 1.0, "confusion_matrix": [[2, 0, 0], [0, 2, 0], [0, 0, 6]], "illegal_S_P_top2_count": 0}
{"event": "evaluation", "experiment": "E2", "step": 3200, "loss": 0.3093940317630768, "accuracy": 1.0, "balanced_accuracy": 1.0, "macro_f1": 1.0, "confusion_matrix": [[2, 0, 0], [0, 2, 0], [0, 0, 6]], "illegal_S_P_top2_count": 0}
{"event": "evaluation", "experiment": "E2", "step": 3300, "loss": 0.3090986907482147, "accuracy": 1.0, "balanced_accuracy": 1.0, "macro_f1": 1.0, "confusion_matrix": [[2, 0, 0], [0, 2, 0], [0, 0, 6]], "illegal_S_P_top2_count": 0}
{"event": "evaluation", "experiment": "E2", "step": 3400, "loss": 0.30134648084640503, "accuracy": 1.0, "balanced_accuracy": 1.0, "macro_f1": 1.0, "confusion_matrix": [[2, 0, 0], [0, 2, 0], [0, 0, 6]], "illegal_S_P_top2_count": 0}
{"event": "evaluation", "experiment": "E2", "step": 3500, "loss": 0.3117181658744812, "accuracy": 1.0, "balanced_accuracy": 1.0, "macro_f1": 1.0, "confusion_matrix": [[2, 0, 0], [0, 2, 0], [0, 0, 6]], "illegal_S_P_top2_count": 0}
{"event": "evaluation", "experiment": "E2", "step": 3600, "loss": 0.286617636680603, "accuracy": 1.0, "balanced_accuracy": 1.0, "macro_f1": 1.0, "confusion_matrix": [[2, 0, 0], [0, 2, 0], [0, 0, 6]], "illegal_S_P_top2_count": 0}
{"event": "evaluation", "experiment": "E2", "step": 3700, "loss": 0.31663450598716736, "accuracy": 1.0, "balanced_accuracy": 1.0, "macro_f1": 1.0, "confusion_matrix": [[2, 0, 0], [0, 2, 0], [0, 0, 6]], "illegal_S_P_top2_count": 0}
{"event": "evaluation", "experiment": "E2", "step": 3800, "loss": 0.2909896969795227, "accuracy": 1.0, "balanced_accuracy": 1.0, "macro_f1": 1.0, "confusion_matrix": [[2, 0, 0], [0, 2, 0], [0, 0, 6]], "illegal_S_P_top2_count": 0}
{"event": "evaluation", "experiment": "E2", "step": 3900, "loss": 0.2974131405353546, "accuracy": 1.0, "balanced_accuracy": 1.0, "macro_f1": 1.0, "confusion_matrix": [[2, 0, 0], [0, 2, 0], [0, 0, 6]], "illegal_S_P_top2_count": 0}
{"event": "evaluation", "experiment": "E2", "step": 4000, "loss": 0.3130877912044525, "accuracy": 1.0, "balanced_accuracy": 1.0, "macro_f1": 1.0, "confusion_matrix": [[2, 0, 0], [0, 2, 0], [0, 0, 6]], "illegal_S_P_top2_count": 0}
{"event": "evaluation", "experiment": "E2", "step": 4100, "loss": 0.28059080243110657, "accuracy": 1.0, "balanced_accuracy": 1.0, "macro_f1": 1.0, "confusion_matrix": [[2, 0, 0], [0, 2, 0], [0, 0, 6]], "illegal_S_P_top2_count": 0}
{"event": "evaluation", "experiment": "E2", "step": 4200, "loss": 0.250405490398407, "accuracy": 1.0, "balanced_accuracy": 1.0, "macro_f1": 1.0, "confusion_matrix": [[2, 0, 0], [0, 2, 0], [0, 0, 6]], "illegal_S_P_top2_count": 0}
{"event": "evaluation", "experiment": "E2", "step": 4300, "loss": 0.2468910664319992, "accuracy": 1.0, "balanced_accuracy": 1.0, "macro_f1": 1.0, "confusion_matrix": [[2, 0, 0], [0, 2, 0], [0, 0, 6]], "illegal_S_P_top2_count": 0}
{"event": "evaluation", "experiment": "E2", "step": 4400, "loss": 0.29186177253723145, "accuracy": 1.0, "balanced_accuracy": 1.0, "macro_f1": 1.0, "confusion_matrix": [[2, 0, 0], [0, 2, 0], [0, 0, 6]], "illegal_S_P_top2_count": 0}
{"event": "evaluation", "experiment": "E2", "step": 4500, "loss": 0.26118168234825134, "accuracy": 1.0, "balanced_accuracy": 1.0, "macro_f1": 1.0, "confusion_matrix": [[2, 0, 0], [0, 2, 0], [0, 0, 6]], "illegal_S_P_top2_count": 0}
{"event": "evaluation", "experiment": "E2", "step": 4600, "loss": 0.27037757635116577, "accuracy": 1.0, "balanced_accuracy": 1.0, "macro_f1": 1.0, "confusion_matrix": [[2, 0, 0], [0, 2, 0], [0, 0, 6]], "illegal_S_P_top2_count": 0}
{"event": "evaluation", "experiment": "E2", "step": 4700, "loss": 0.23851162195205688, "accuracy": 1.0, "balanced_accuracy": 1.0, "macro_f1": 1.0, "confusion_matrix": [[2, 0, 0], [0, 2, 0], [0, 0, 6]], "illegal_S_P_top2_count": 0}
{"event": "evaluation", "experiment": "E2", "step": 4800, "loss": 0.2763269245624542, "accuracy": 1.0, "balanced_accuracy": 1.0, "macro_f1": 1.0, "confusion_matrix": [[2, 0, 0], [0, 2, 0], [0, 0, 6]], "illegal_S_P_top2_count": 0}
{"event": "evaluation", "experiment": "E2", "step": 4900, "loss": 0.24381233751773834, "accuracy": 1.0, "balanced_accuracy": 1.0, "macro_f1": 1.0, "confusion_matrix": [[2, 0, 0], [0, 2, 0], [0, 0, 6]], "illegal_S_P_top2_count": 0}
{"event": "evaluation", "experiment": "E2", "step": 5000, "loss": 0.24786391854286194, "accuracy": 1.0, "balanced_accuracy": 1.0, "macro_f1": 1.0, "confusion_matrix": [[2, 0, 0], [0, 2, 0], [0, 0, 6]], "illegal_S_P_top2_count": 0}
{"event": "evaluation", "experiment": "E2", "step": 5100, "loss": 0.23031948506832123, "accuracy": 1.0, "balanced_accuracy": 1.0, "macro_f1": 1.0, "confusion_matrix": [[2, 0, 0], [0, 2, 0], [0, 0, 6]], "illegal_S_P_top2_count": 0}
{"event": "evaluation", "experiment": "E2", "step": 5200, "loss": 0.2633263170719147, "accuracy": 1.0, "balanced_accuracy": 1.0, "macro_f1": 1.0, "confusion_matrix": [[2, 0, 0], [0, 2, 0], [0, 0, 6]], "illegal_S_P_top2_count": 0}
{"event": "evaluation", "experiment": "E2", "step": 5300, "loss": 0.23708997666835785, "accuracy": 1.0, "balanced_accuracy": 1.0, "macro_f1": 1.0, "confusion_matrix": [[2, 0, 0], [0, 2, 0], [0, 0, 6]], "illegal_S_P_top2_count": 0}
{"event": "evaluation", "experiment": "E2", "step": 5400, "loss": 0.21669958531856537, "accuracy": 1.0, "balanced_accuracy": 1.0, "macro_f1": 1.0, "confusion_matrix": [[2, 0, 0], [0, 2, 0], [0, 0, 6]], "illegal_S_P_top2_count": 0}
{"event": "evaluation", "experiment": "E2", "step": 5500, "loss": 0.22803457081317902, "accuracy": 1.0, "balanced_accuracy": 1.0, "macro_f1": 1.0, "confusion_matrix": [[2, 0, 0], [0, 2, 0], [0, 0, 6]], "illegal_S_P_top2_count": 0}
{"event": "evaluation", "experiment": "E2", "step": 5600, "loss": 0.2189638614654541, "accuracy": 1.0, "balanced_accuracy": 1.0, "macro_f1": 1.0, "confusion_matrix": [[2, 0, 0], [0, 2, 0], [0, 0, 6]], "illegal_S_P_top2_count": 0}
{"event": "evaluation", "experiment": "E2", "step": 5700, "loss": 0.22381508350372314, "accuracy": 1.0, "balanced_accuracy": 1.0, "macro_f1": 1.0, "confusion_matrix": [[2, 0, 0], [0, 2, 0], [0, 0, 6]], "illegal_S_P_top2_count": 0}
{"event": "evaluation", "experiment": "E2", "step": 5800, "loss": 0.239050030708313, "accuracy": 1.0, "balanced_accuracy": 1.0, "macro_f1": 1.0, "confusion_matrix": [[2, 0, 0], [0, 2, 0], [0, 0, 6]], "illegal_S_P_top2_count": 0}
{"event": "evaluation", "experiment": "E2", "step": 5900, "loss": 0.2260807454586029, "accuracy": 1.0, "balanced_accuracy": 1.0, "macro_f1": 1.0, "confusion_matrix": [[2, 0, 0], [0, 2, 0], [0, 0, 6]], "illegal_S_P_top2_count": 0}
{"event": "evaluation", "experiment": "E2", "step": 6000, "loss": 0.2613023817539215, "accuracy": 1.0, "balanced_accuracy": 1.0, "macro_f1": 1.0, "confusion_matrix": [[2, 0, 0], [0, 2, 0], [0, 0, 6]], "illegal_S_P_top2_count": 0}
{"event": "evaluation", "experiment": "E2", "step": 6100, "loss": 0.1974690556526184, "accuracy": 1.0, "balanced_accuracy": 1.0, "macro_f1": 1.0, "confusion_matrix": [[2, 0, 0], [0, 2, 0], [0, 0, 6]], "illegal_S_P_top2_count": 0}
{"event": "evaluation", "experiment": "E2", "step": 6200, "loss": 0.2693530023097992, "accuracy": 1.0, "balanced_accuracy": 1.0, "macro_f1": 1.0, "confusion_matrix": [[2, 0, 0], [0, 2, 0], [0, 0, 6]], "illegal_S_P_top2_count": 0}
{"event": "evaluation", "experiment": "E2", "step": 6300, "loss": 0.18606604635715485, "accuracy": 1.0, "balanced_accuracy": 1.0, "macro_f1": 1.0, "confusion_matrix": [[2, 0, 0], [0, 2, 0], [0, 0, 6]], "illegal_S_P_top2_count": 0}
{"event": "evaluation", "experiment": "E2", "step": 6400, "loss": 0.23982274532318115, "accuracy": 1.0, "balanced_accuracy": 1.0, "macro_f1": 1.0, "confusion_matrix": [[2, 0, 0], [0, 2, 0], [0, 0, 6]], "illegal_S_P_top2_count": 0}
{"event": "evaluation", "experiment": "E2", "step": 6500, "loss": 0.2215021848678589, "accuracy": 1.0, "balanced_accuracy": 1.0, "macro_f1": 1.0, "confusion_matrix": [[2, 0, 0], [0, 2, 0], [0, 0, 6]], "illegal_S_P_top2_count": 0}
{"event": "evaluation", "experiment": "E2", "step": 6600, "loss": 0.24680344760417938, "accuracy": 1.0, "balanced_accuracy": 1.0, "macro_f1": 1.0, "confusion_matrix": [[2, 0, 0], [0, 2, 0], [0, 0, 6]], "illegal_S_P_top2_count": 0}
{"event": "evaluation", "experiment": "E2", "step": 6700, "loss": 0.22055894136428833, "accuracy": 1.0, "balanced_accuracy": 1.0, "macro_f1": 1.0, "confusion_matrix": [[2, 0, 0], [0, 2, 0], [0, 0, 6]], "illegal_S_P_top2_count": 0}
{"event": "evaluation", "experiment": "E2", "step": 6800, "loss": 0.19033068418502808, "accuracy": 1.0, "balanced_accuracy": 1.0, "macro_f1": 1.0, "confusion_matrix": [[2, 0, 0], [0, 2, 0], [0, 0, 6]], "illegal_S_P_top2_count": 0}
{"event": "evaluation", "experiment": "E2", "step": 6900, "loss": 0.2308148592710495, "accuracy": 1.0, "balanced_accuracy": 1.0, "macro_f1": 1.0, "confusion_matrix": [[2, 0, 0], [0, 2, 0], [0, 0, 6]], "illegal_S_P_top2_count": 0}
{"event": "evaluation", "experiment": "E2", "step": 7000, "loss": 0.19747859239578247, "accuracy": 1.0, "balanced_accuracy": 1.0, "macro_f1": 1.0, "confusion_matrix": [[2, 0, 0], [0, 2, 0], [0, 0, 6]], "illegal_S_P_top2_count": 0}
{"event": "evaluation", "experiment": "E2", "step": 7100, "loss": 0.1903732717037201, "accuracy": 1.0, "balanced_accuracy": 1.0, "macro_f1": 1.0, "confusion_matrix": [[2, 0, 0], [0, 2, 0], [0, 0, 6]], "illegal_S_P_top2_count": 0}
{"event": "evaluation", "experiment": "E2", "step": 7200, "loss": 0.22813673317432404, "accuracy": 1.0, "balanced_accuracy": 1.0, "macro_f1": 1.0, "confusion_matrix": [[2, 0, 0], [0, 2, 0], [0, 0, 6]], "illegal_S_P_top2_count": 0}
{"event": "evaluation", "experiment": "E2", "step": 7300, "loss": 0.20658834278583527, "accuracy": 1.0, "balanced_accuracy": 1.0, "macro_f1": 1.0, "confusion_matrix": [[2, 0, 0], [0, 2, 0], [0, 0, 6]], "illegal_S_P_top2_count": 0}
{"event": "evaluation", "experiment": "E2", "step": 7400, "loss": 0.24511170387268066, "accuracy": 1.0, "balanced_accuracy": 1.0, "macro_f1": 1.0, "confusion_matrix": [[2, 0, 0], [0, 2, 0], [0, 0, 6]], "illegal_S_P_top2_count": 0}
{"event": "evaluation", "experiment": "E2", "step": 7500, "loss": 0.2353263944387436, "accuracy": 1.0, "balanced_accuracy": 1.0, "macro_f1": 1.0, "confusion_matrix": [[2, 0, 0], [0, 2, 0], [0, 0, 6]], "illegal_S_P_top2_count": 0}
{"event": "evaluation", "experiment": "E2", "step": 7600, "loss": 0.24057666957378387, "accuracy": 1.0, "balanced_accuracy": 1.0, "macro_f1": 1.0, "confusion_matrix": [[2, 0, 0], [0, 2, 0], [0, 0, 6]], "illegal_S_P_top2_count": 0}
{"event": "evaluation", "experiment": "E2", "step": 7700, "loss": 0.21514548361301422, "accuracy": 1.0, "balanced_accuracy": 1.0, "macro_f1": 1.0, "confusion_matrix": [[2, 0, 0], [0, 2, 0], [0, 0, 6]], "illegal_S_P_top2_count": 0}
{"event": "evaluation", "experiment": "E2", "step": 7800, "loss": 0.20177428424358368, "accuracy": 1.0, "balanced_accuracy": 1.0, "macro_f1": 1.0, "confusion_matrix": [[2, 0, 0], [0, 2, 0], [0, 0, 6]], "illegal_S_P_top2_count": 0}
{"event": "evaluation", "experiment": "E2", "step": 7900, "loss": 0.20242254436016083, "accuracy": 1.0, "balanced_accuracy": 1.0, "macro_f1": 1.0, "confusion_matrix": [[2, 0, 0], [0, 2, 0], [0, 0, 6]], "illegal_S_P_top2_count": 0}
{"event": "evaluation", "experiment": "E2", "step": 8000, "loss": 0.22011201083660126, "accuracy": 1.0, "balanced_accuracy": 1.0, "macro_f1": 1.0, "confusion_matrix": [[2, 0, 0], [0, 2, 0], [0, 0, 6]], "illegal_S_P_top2_count": 0}
swanlab: 📁 View project at 
https://swanlab.cn/@panxy1019/V17_TrajectoryLevel_Hierarchical_MoE
swanlab: 🚀 View run E2_trajectory_top1_seed31002 at 
https://swanlab.cn/@panxy1019/V17_TrajectoryLevel_Hierarchical_MoE/runs/iojalakv
swanlab: Upload complete: 611 records
