swanlab: Currently logged in as: panxy1019 to https://api.swanlab.cn. Use 
`swanlab login --relogin` to force relogin
swanlab: Tracking run with swanlab version 0.9.0
swanlab: 💾 Run data saved at 
formal_E3_re_physical_top1/swanlog/run-20260722_201602-btxch0lj
swanlab: 📁 View project at 
https://swanlab.cn/@panxy1019/V17_TrajectoryLevel_Hierarchical_MoE
swanlab: 🚀 View run E3_trajectory_top1_seed31003 at 
https://swanlab.cn/@panxy1019/V17_TrajectoryLevel_Hierarchical_MoE/runs/btxch0lj
{"event": "evaluation", "experiment": "E3", "step": 1, "loss": 1.1833879947662354, "accuracy": 0.2, "balanced_accuracy": 0.3333333333333333, "macro_f1": 0.11111111111111112, "confusion_matrix": [[0, 2, 0], [0, 2, 0], [0, 6, 0]], "illegal_S_P_top2_count": 0}
{"event": "evaluation", "experiment": "E3", "step": 100, "loss": 0.4500596225261688, "accuracy": 0.8, "balanced_accuracy": 0.7777777777777778, "macro_f1": 0.7363636363636363, "confusion_matrix": [[2, 0, 0], [1, 1, 0], [0, 1, 5]], "illegal_S_P_top2_count": 4}
{"event": "evaluation", "experiment": "E3", "step": 200, "loss": 0.19132091104984283, "accuracy": 0.9, "balanced_accuracy": 0.8333333333333334, "macro_f1": 0.8222222222222223, "confusion_matrix": [[2, 0, 0], [1, 1, 0], [0, 0, 6]], "illegal_S_P_top2_count": 4}
{"event": "evaluation", "experiment": "E3", "step": 300, "loss": 0.14278236031532288, "accuracy": 0.9, "balanced_accuracy": 0.8333333333333334, "macro_f1": 0.8222222222222223, "confusion_matrix": [[2, 0, 0], [1, 1, 0], [0, 0, 6]], "illegal_S_P_top2_count": 3}
{"event": "evaluation", "experiment": "E3", "step": 400, "loss": 0.12967783212661743, "accuracy": 1.0, "balanced_accuracy": 1.0, "macro_f1": 1.0, "confusion_matrix": [[2, 0, 0], [0, 2, 0], [0, 0, 6]], "illegal_S_P_top2_count": 3}
{"event": "evaluation", "experiment": "E3", "step": 500, "loss": 0.1113685593008995, "accuracy": 1.0, "balanced_accuracy": 1.0, "macro_f1": 1.0, "confusion_matrix": [[2, 0, 0], [0, 2, 0], [0, 0, 6]], "illegal_S_P_top2_count": 3}
{"event": "evaluation", "experiment": "E3", "step": 600, "loss": 0.08246790617704391, "accuracy": 1.0, "balanced_accuracy": 1.0, "macro_f1": 1.0, "confusion_matrix": [[2, 0, 0], [0, 2, 0], [0, 0, 6]], "illegal_S_P_top2_count": 3}
{"event": "evaluation", "experiment": "E3", "step": 700, "loss": 0.11137812584638596, "accuracy": 1.0, "balanced_accuracy": 1.0, "macro_f1": 1.0, "confusion_matrix": [[2, 0, 0], [0, 2, 0], [0, 0, 6]], "illegal_S_P_top2_count": 3}
{"event": "evaluation", "experiment": "E3", "step": 800, "loss": 0.13061334192752838, "accuracy": 1.0, "balanced_accuracy": 1.0, "macro_f1": 1.0, "confusion_matrix": [[2, 0, 0], [0, 2, 0], [0, 0, 6]], "illegal_S_P_top2_count": 3}
{"event": "evaluation", "experiment": "E3", "step": 900, "loss": 0.0789400115609169, "accuracy": 1.0, "balanced_accuracy": 1.0, "macro_f1": 1.0, "confusion_matrix": [[2, 0, 0], [0, 2, 0], [0, 0, 6]], "illegal_S_P_top2_count": 3}
{"event": "evaluation", "experiment": "E3", "step": 1000, "loss": 0.09700425714254379, "accuracy": 1.0, "balanced_accuracy": 1.0, "macro_f1": 1.0, "confusion_matrix": [[2, 0, 0], [0, 2, 0], [0, 0, 6]], "illegal_S_P_top2_count": 3}
{"event": "evaluation", "experiment": "E3", "step": 1100, "loss": 0.14429597556591034, "accuracy": 1.0, "balanced_accuracy": 1.0, "macro_f1": 1.0, "confusion_matrix": [[2, 0, 0], [0, 2, 0], [0, 0, 6]], "illegal_S_P_top2_count": 4}
{"event": "evaluation", "experiment": "E3", "step": 1200, "loss": 0.1102333664894104, "accuracy": 1.0, "balanced_accuracy": 1.0, "macro_f1": 1.0, "confusion_matrix": [[2, 0, 0], [0, 2, 0], [0, 0, 6]], "illegal_S_P_top2_count": 4}
{"event": "evaluation", "experiment": "E3", "step": 1300, "loss": 0.09581071883440018, "accuracy": 1.0, "balanced_accuracy": 1.0, "macro_f1": 1.0, "confusion_matrix": [[2, 0, 0], [0, 2, 0], [0, 0, 6]], "illegal_S_P_top2_count": 5}
{"event": "evaluation", "experiment": "E3", "step": 1400, "loss": 0.09632381051778793, "accuracy": 1.0, "balanced_accuracy": 1.0, "macro_f1": 1.0, "confusion_matrix": [[2, 0, 0], [0, 2, 0], [0, 0, 6]], "illegal_S_P_top2_count": 5}
{"event": "evaluation", "experiment": "E3", "step": 1500, "loss": 0.09616357088088989, "accuracy": 1.0, "balanced_accuracy": 1.0, "macro_f1": 1.0, "confusion_matrix": [[2, 0, 0], [0, 2, 0], [0, 0, 6]], "illegal_S_P_top2_count": 5}
{"event": "evaluation", "experiment": "E3", "step": 1600, "loss": 0.10642560571432114, "accuracy": 1.0, "balanced_accuracy": 1.0, "macro_f1": 1.0, "confusion_matrix": [[2, 0, 0], [0, 2, 0], [0, 0, 6]], "illegal_S_P_top2_count": 5}
{"event": "evaluation", "experiment": "E3", "step": 1700, "loss": 0.12794703245162964, "accuracy": 1.0, "balanced_accuracy": 1.0, "macro_f1": 1.0, "confusion_matrix": [[2, 0, 0], [0, 2, 0], [0, 0, 6]], "illegal_S_P_top2_count": 5}
{"event": "evaluation", "experiment": "E3", "step": 1800, "loss": 0.08224254101514816, "accuracy": 1.0, "balanced_accuracy": 1.0, "macro_f1": 1.0, "confusion_matrix": [[2, 0, 0], [0, 2, 0], [0, 0, 6]], "illegal_S_P_top2_count": 5}
{"event": "evaluation", "experiment": "E3", "step": 1900, "loss": 0.06894256919622421, "accuracy": 1.0, "balanced_accuracy": 1.0, "macro_f1": 1.0, "confusion_matrix": [[2, 0, 0], [0, 2, 0], [0, 0, 6]], "illegal_S_P_top2_count": 5}
{"event": "evaluation", "experiment": "E3", "step": 2000, "loss": 0.10995691269636154, "accuracy": 1.0, "balanced_accuracy": 1.0, "macro_f1": 1.0, "confusion_matrix": [[2, 0, 0], [0, 2, 0], [0, 0, 6]], "illegal_S_P_top2_count": 5}
{"event": "evaluation", "experiment": "E3", "step": 2100, "loss": 0.06682105362415314, "accuracy": 1.0, "balanced_accuracy": 1.0, "macro_f1": 1.0, "confusion_matrix": [[2, 0, 0], [0, 2, 0], [0, 0, 6]], "illegal_S_P_top2_count": 5}
{"event": "evaluation", "experiment": "E3", "step": 2200, "loss": 0.10616768896579742, "accuracy": 1.0, "balanced_accuracy": 1.0, "macro_f1": 1.0, "confusion_matrix": [[2, 0, 0], [0, 2, 0], [0, 0, 6]], "illegal_S_P_top2_count": 5}
{"event": "evaluation", "experiment": "E3", "step": 2300, "loss": 0.09524664282798767, "accuracy": 1.0, "balanced_accuracy": 1.0, "macro_f1": 1.0, "confusion_matrix": [[2, 0, 0], [0, 2, 0], [0, 0, 6]], "illegal_S_P_top2_count": 5}
{"event": "evaluation", "experiment": "E3", "step": 2400, "loss": 0.09719107300043106, "accuracy": 1.0, "balanced_accuracy": 1.0, "macro_f1": 1.0, "confusion_matrix": [[2, 0, 0], [0, 2, 0], [0, 0, 6]], "illegal_S_P_top2_count": 5}
{"event": "evaluation", "experiment": "E3", "step": 2500, "loss": 0.12422516942024231, "accuracy": 1.0, "balanced_accuracy": 1.0, "macro_f1": 1.0, "confusion_matrix": [[2, 0, 0], [0, 2, 0], [0, 0, 6]], "illegal_S_P_top2_count": 5}
{"event": "evaluation", "experiment": "E3", "step": 2600, "loss": 0.08058973401784897, "accuracy": 1.0, "balanced_accuracy": 1.0, "macro_f1": 1.0, "confusion_matrix": [[2, 0, 0], [0, 2, 0], [0, 0, 6]], "illegal_S_P_top2_count": 5}
{"event": "evaluation", "experiment": "E3", "step": 2700, "loss": 0.07878333330154419, "accuracy": 1.0, "balanced_accuracy": 1.0, "macro_f1": 1.0, "confusion_matrix": [[2, 0, 0], [0, 2, 0], [0, 0, 6]], "illegal_S_P_top2_count": 5}
{"event": "evaluation", "experiment": "E3", "step": 2800, "loss": 0.07954279333353043, "accuracy": 1.0, "balanced_accuracy": 1.0, "macro_f1": 1.0, "confusion_matrix": [[2, 0, 0], [0, 2, 0], [0, 0, 6]], "illegal_S_P_top2_count": 5}
{"event": "evaluation", "experiment": "E3", "step": 2900, "loss": 0.08784931898117065, "accuracy": 1.0, "balanced_accuracy": 1.0, "macro_f1": 1.0, "confusion_matrix": [[2, 0, 0], [0, 2, 0], [0, 0, 6]], "illegal_S_P_top2_count": 5}
{"event": "evaluation", "experiment": "E3", "step": 3000, "loss": 0.05863244831562042, "accuracy": 1.0, "balanced_accuracy": 1.0, "macro_f1": 1.0, "confusion_matrix": [[2, 0, 0], [0, 2, 0], [0, 0, 6]], "illegal_S_P_top2_count": 5}
{"event": "evaluation", "experiment": "E3", "step": 3100, "loss": 0.11551433801651001, "accuracy": 1.0, "balanced_accuracy": 1.0, "macro_f1": 1.0, "confusion_matrix": [[2, 0, 0], [0, 2, 0], [0, 0, 6]], "illegal_S_P_top2_count": 5}
{"event": "evaluation", "experiment": "E3", "step": 3200, "loss": 0.11920244246721268, "accuracy": 1.0, "balanced_accuracy": 1.0, "macro_f1": 1.0, "confusion_matrix": [[2, 0, 0], [0, 2, 0], [0, 0, 6]], "illegal_S_P_top2_count": 5}
{"event": "evaluation", "experiment": "E3", "step": 3300, "loss": 0.08977721631526947, "accuracy": 1.0, "balanced_accuracy": 1.0, "macro_f1": 1.0, "confusion_matrix": [[2, 0, 0], [0, 2, 0], [0, 0, 6]], "illegal_S_P_top2_count": 5}
{"event": "evaluation", "experiment": "E3", "step": 3400, "loss": 0.13425874710083008, "accuracy": 1.0, "balanced_accuracy": 1.0, "macro_f1": 1.0, "confusion_matrix": [[2, 0, 0], [0, 2, 0], [0, 0, 6]], "illegal_S_P_top2_count": 5}
{"event": "evaluation", "experiment": "E3", "step": 3500, "loss": 0.07415653765201569, "accuracy": 1.0, "balanced_accuracy": 1.0, "macro_f1": 1.0, "confusion_matrix": [[2, 0, 0], [0, 2, 0], [0, 0, 6]], "illegal_S_P_top2_count": 6}
{"event": "evaluation", "experiment": "E3", "step": 3600, "loss": 0.10365063697099686, "accuracy": 1.0, "balanced_accuracy": 1.0, "macro_f1": 1.0, "confusion_matrix": [[2, 0, 0], [0, 2, 0], [0, 0, 6]], "illegal_S_P_top2_count": 6}
{"event": "evaluation", "experiment": "E3", "step": 3700, "loss": 0.07496144622564316, "accuracy": 1.0, "balanced_accuracy": 1.0, "macro_f1": 1.0, "confusion_matrix": [[2, 0, 0], [0, 2, 0], [0, 0, 6]], "illegal_S_P_top2_count": 6}
{"event": "evaluation", "experiment": "E3", "step": 3800, "loss": 0.10387296974658966, "accuracy": 1.0, "balanced_accuracy": 1.0, "macro_f1": 1.0, "confusion_matrix": [[2, 0, 0], [0, 2, 0], [0, 0, 6]], "illegal_S_P_top2_count": 6}
{"event": "evaluation", "experiment": "E3", "step": 3900, "loss": 0.06852337718009949, "accuracy": 1.0, "balanced_accuracy": 1.0, "macro_f1": 1.0, "confusion_matrix": [[2, 0, 0], [0, 2, 0], [0, 0, 6]], "illegal_S_P_top2_count": 6}
{"event": "evaluation", "experiment": "E3", "step": 4000, "loss": 0.08253017067909241, "accuracy": 1.0, "balanced_accuracy": 1.0, "macro_f1": 1.0, "confusion_matrix": [[2, 0, 0], [0, 2, 0], [0, 0, 6]], "illegal_S_P_top2_count": 6}
{"event": "evaluation", "experiment": "E3", "step": 4100, "loss": 0.11485110223293304, "accuracy": 1.0, "balanced_accuracy": 1.0, "macro_f1": 1.0, "confusion_matrix": [[2, 0, 0], [0, 2, 0], [0, 0, 6]], "illegal_S_P_top2_count": 6}
{"event": "evaluation", "experiment": "E3", "step": 4200, "loss": 0.07745131105184555, "accuracy": 1.0, "balanced_accuracy": 1.0, "macro_f1": 1.0, "confusion_matrix": [[2, 0, 0], [0, 2, 0], [0, 0, 6]], "illegal_S_P_top2_count": 6}
{"event": "evaluation", "experiment": "E3", "step": 4300, "loss": 0.09833766520023346, "accuracy": 1.0, "balanced_accuracy": 1.0, "macro_f1": 1.0, "confusion_matrix": [[2, 0, 0], [0, 2, 0], [0, 0, 6]], "illegal_S_P_top2_count": 6}
{"event": "evaluation", "experiment": "E3", "step": 4400, "loss": 0.04644503444433212, "accuracy": 1.0, "balanced_accuracy": 1.0, "macro_f1": 1.0, "confusion_matrix": [[2, 0, 0], [0, 2, 0], [0, 0, 6]], "illegal_S_P_top2_count": 6}
{"event": "evaluation", "experiment": "E3", "step": 4500, "loss": 0.08534514158964157, "accuracy": 1.0, "balanced_accuracy": 1.0, "macro_f1": 1.0, "confusion_matrix": [[2, 0, 0], [0, 2, 0], [0, 0, 6]], "illegal_S_P_top2_count": 6}
{"event": "evaluation", "experiment": "E3", "step": 4600, "loss": 0.11031460762023926, "accuracy": 1.0, "balanced_accuracy": 1.0, "macro_f1": 1.0, "confusion_matrix": [[2, 0, 0], [0, 2, 0], [0, 0, 6]], "illegal_S_P_top2_count": 6}
{"event": "evaluation", "experiment": "E3", "step": 4700, "loss": 0.07641243189573288, "accuracy": 1.0, "balanced_accuracy": 1.0, "macro_f1": 1.0, "confusion_matrix": [[2, 0, 0], [0, 2, 0], [0, 0, 6]], "illegal_S_P_top2_count": 6}
{"event": "evaluation", "experiment": "E3", "step": 4800, "loss": 0.12421482056379318, "accuracy": 1.0, "balanced_accuracy": 1.0, "macro_f1": 1.0, "confusion_matrix": [[2, 0, 0], [0, 2, 0], [0, 0, 6]], "illegal_S_P_top2_count": 6}
{"event": "evaluation", "experiment": "E3", "step": 4900, "loss": 0.08294261991977692, "accuracy": 1.0, "balanced_accuracy": 1.0, "macro_f1": 1.0, "confusion_matrix": [[2, 0, 0], [0, 2, 0], [0, 0, 6]], "illegal_S_P_top2_count": 6}
{"event": "evaluation", "experiment": "E3", "step": 5000, "loss": 0.06452280282974243, "accuracy": 1.0, "balanced_accuracy": 1.0, "macro_f1": 1.0, "confusion_matrix": [[2, 0, 0], [0, 2, 0], [0, 0, 6]], "illegal_S_P_top2_count": 6}
{"event": "evaluation", "experiment": "E3", "step": 5100, "loss": 0.09062627702951431, "accuracy": 1.0, "balanced_accuracy": 1.0, "macro_f1": 1.0, "confusion_matrix": [[2, 0, 0], [0, 2, 0], [0, 0, 6]], "illegal_S_P_top2_count": 6}
{"event": "evaluation", "experiment": "E3", "step": 5200, "loss": 0.04901639372110367, "accuracy": 1.0, "balanced_accuracy": 1.0, "macro_f1": 1.0, "confusion_matrix": [[2, 0, 0], [0, 2, 0], [0, 0, 6]], "illegal_S_P_top2_count": 6}
{"event": "evaluation", "experiment": "E3", "step": 5300, "loss": 0.05726333335042, "accuracy": 1.0, "balanced_accuracy": 1.0, "macro_f1": 1.0, "confusion_matrix": [[2, 0, 0], [0, 2, 0], [0, 0, 6]], "illegal_S_P_top2_count": 6}
{"event": "evaluation", "experiment": "E3", "step": 5400, "loss": 0.09803590923547745, "accuracy": 1.0, "balanced_accuracy": 1.0, "macro_f1": 1.0, "confusion_matrix": [[2, 0, 0], [0, 2, 0], [0, 0, 6]], "illegal_S_P_top2_count": 6}
{"event": "evaluation", "experiment": "E3", "step": 5500, "loss": 0.029136115685105324, "accuracy": 1.0, "balanced_accuracy": 1.0, "macro_f1": 1.0, "confusion_matrix": [[2, 0, 0], [0, 2, 0], [0, 0, 6]], "illegal_S_P_top2_count": 6}
{"event": "evaluation", "experiment": "E3", "step": 5600, "loss": 0.12298145890235901, "accuracy": 1.0, "balanced_accuracy": 1.0, "macro_f1": 1.0, "confusion_matrix": [[2, 0, 0], [0, 2, 0], [0, 0, 6]], "illegal_S_P_top2_count": 6}
{"event": "evaluation", "experiment": "E3", "step": 5700, "loss": 0.057425398379564285, "accuracy": 1.0, "balanced_accuracy": 1.0, "macro_f1": 1.0, "confusion_matrix": [[2, 0, 0], [0, 2, 0], [0, 0, 6]], "illegal_S_P_top2_count": 6}
{"event": "evaluation", "experiment": "E3", "step": 5800, "loss": 0.10998955368995667, "accuracy": 1.0, "balanced_accuracy": 1.0, "macro_f1": 1.0, "confusion_matrix": [[2, 0, 0], [0, 2, 0], [0, 0, 6]], "illegal_S_P_top2_count": 6}
{"event": "evaluation", "experiment": "E3", "step": 5900, "loss": 0.07333734631538391, "accuracy": 1.0, "balanced_accuracy": 1.0, "macro_f1": 1.0, "confusion_matrix": [[2, 0, 0], [0, 2, 0], [0, 0, 6]], "illegal_S_P_top2_count": 6}
{"event": "evaluation", "experiment": "E3", "step": 6000, "loss": 0.09976448863744736, "accuracy": 1.0, "balanced_accuracy": 1.0, "macro_f1": 1.0, "confusion_matrix": [[2, 0, 0], [0, 2, 0], [0, 0, 6]], "illegal_S_P_top2_count": 6}
{"event": "evaluation", "experiment": "E3", "step": 6100, "loss": 0.08976653963327408, "accuracy": 1.0, "balanced_accuracy": 1.0, "macro_f1": 1.0, "confusion_matrix": [[2, 0, 0], [0, 2, 0], [0, 0, 6]], "illegal_S_P_top2_count": 6}
{"event": "evaluation", "experiment": "E3", "step": 6200, "loss": 0.09109087288379669, "accuracy": 1.0, "balanced_accuracy": 1.0, "macro_f1": 1.0, "confusion_matrix": [[2, 0, 0], [0, 2, 0], [0, 0, 6]], "illegal_S_P_top2_count": 6}
{"event": "evaluation", "experiment": "E3", "step": 6300, "loss": 0.06632012128829956, "accuracy": 1.0, "balanced_accuracy": 1.0, "macro_f1": 1.0, "confusion_matrix": [[2, 0, 0], [0, 2, 0], [0, 0, 6]], "illegal_S_P_top2_count": 6}
{"event": "evaluation", "experiment": "E3", "step": 6400, "loss": 0.06893931329250336, "accuracy": 1.0, "balanced_accuracy": 1.0, "macro_f1": 1.0, "confusion_matrix": [[2, 0, 0], [0, 2, 0], [0, 0, 6]], "illegal_S_P_top2_count": 6}
{"event": "evaluation", "experiment": "E3", "step": 6500, "loss": 0.10434790700674057, "accuracy": 1.0, "balanced_accuracy": 1.0, "macro_f1": 1.0, "confusion_matrix": [[2, 0, 0], [0, 2, 0], [0, 0, 6]], "illegal_S_P_top2_count": 6}
{"event": "evaluation", "experiment": "E3", "step": 6600, "loss": 0.05303530767560005, "accuracy": 1.0, "balanced_accuracy": 1.0, "macro_f1": 1.0, "confusion_matrix": [[2, 0, 0], [0, 2, 0], [0, 0, 6]], "illegal_S_P_top2_count": 6}
{"event": "evaluation", "experiment": "E3", "step": 6700, "loss": 0.11844758689403534, "accuracy": 1.0, "balanced_accuracy": 1.0, "macro_f1": 1.0, "confusion_matrix": [[2, 0, 0], [0, 2, 0], [0, 0, 6]], "illegal_S_P_top2_count": 6}
{"event": "evaluation", "experiment": "E3", "step": 6800, "loss": 0.08745864033699036, "accuracy": 1.0, "balanced_accuracy": 1.0, "macro_f1": 1.0, "confusion_matrix": [[2, 0, 0], [0, 2, 0], [0, 0, 6]], "illegal_S_P_top2_count": 6}
{"event": "evaluation", "experiment": "E3", "step": 6900, "loss": 0.07693803310394287, "accuracy": 1.0, "balanced_accuracy": 1.0, "macro_f1": 1.0, "confusion_matrix": [[2, 0, 0], [0, 2, 0], [0, 0, 6]], "illegal_S_P_top2_count": 6}
{"event": "evaluation", "experiment": "E3", "step": 7000, "loss": 0.08001014590263367, "accuracy": 1.0, "balanced_accuracy": 1.0, "macro_f1": 1.0, "confusion_matrix": [[2, 0, 0], [0, 2, 0], [0, 0, 6]], "illegal_S_P_top2_count": 6}
{"event": "evaluation", "experiment": "E3", "step": 7100, "loss": 0.09683724492788315, "accuracy": 1.0, "balanced_accuracy": 1.0, "macro_f1": 1.0, "confusion_matrix": [[2, 0, 0], [0, 2, 0], [0, 0, 6]], "illegal_S_P_top2_count": 6}
{"event": "evaluation", "experiment": "E3", "step": 7200, "loss": 0.09648779034614563, "accuracy": 1.0, "balanced_accuracy": 1.0, "macro_f1": 1.0, "confusion_matrix": [[2, 0, 0], [0, 2, 0], [0, 0, 6]], "illegal_S_P_top2_count": 6}
{"event": "evaluation", "experiment": "E3", "step": 7300, "loss": 0.07291485369205475, "accuracy": 1.0, "balanced_accuracy": 1.0, "macro_f1": 1.0, "confusion_matrix": [[2, 0, 0], [0, 2, 0], [0, 0, 6]], "illegal_S_P_top2_count": 6}
{"event": "evaluation", "experiment": "E3", "step": 7400, "loss": 0.10555576533079147, "accuracy": 1.0, "balanced_accuracy": 1.0, "macro_f1": 1.0, "confusion_matrix": [[2, 0, 0], [0, 2, 0], [0, 0, 6]], "illegal_S_P_top2_count": 6}
{"event": "evaluation", "experiment": "E3", "step": 7500, "loss": 0.0951123759150505, "accuracy": 1.0, "balanced_accuracy": 1.0, "macro_f1": 1.0, "confusion_matrix": [[2, 0, 0], [0, 2, 0], [0, 0, 6]], "illegal_S_P_top2_count": 6}
{"event": "evaluation", "experiment": "E3", "step": 7600, "loss": 0.04869392141699791, "accuracy": 1.0, "balanced_accuracy": 1.0, "macro_f1": 1.0, "confusion_matrix": [[2, 0, 0], [0, 2, 0], [0, 0, 6]], "illegal_S_P_top2_count": 6}
{"event": "evaluation", "experiment": "E3", "step": 7700, "loss": 0.08191673457622528, "accuracy": 1.0, "balanced_accuracy": 1.0, "macro_f1": 1.0, "confusion_matrix": [[2, 0, 0], [0, 2, 0], [0, 0, 6]], "illegal_S_P_top2_count": 6}
{"event": "evaluation", "experiment": "E3", "step": 7800, "loss": 0.09114138782024384, "accuracy": 1.0, "balanced_accuracy": 1.0, "macro_f1": 1.0, "confusion_matrix": [[2, 0, 0], [0, 2, 0], [0, 0, 6]], "illegal_S_P_top2_count": 6}
{"event": "evaluation", "experiment": "E3", "step": 7900, "loss": 0.10105209797620773, "accuracy": 1.0, "balanced_accuracy": 1.0, "macro_f1": 1.0, "confusion_matrix": [[2, 0, 0], [0, 2, 0], [0, 0, 6]], "illegal_S_P_top2_count": 6}
{"event": "evaluation", "experiment": "E3", "step": 8000, "loss": 0.057523854076862335, "accuracy": 1.0, "balanced_accuracy": 1.0, "macro_f1": 1.0, "confusion_matrix": [[2, 0, 0], [0, 2, 0], [0, 0, 6]], "illegal_S_P_top2_count": 6}
swanlab: 📁 View project at 
https://swanlab.cn/@panxy1019/V17_TrajectoryLevel_Hierarchical_MoE
swanlab: 🚀 View run E3_trajectory_top1_seed31003 at 
https://swanlab.cn/@panxy1019/V17_TrajectoryLevel_Hierarchical_MoE/runs/btxch0lj
swanlab: Upload complete: 611 records
