Traceback (most recent call last):
  File "/root/siton-data-ecd30b0dd03a4b6c86d4ad3b98458111/panxy/particalMOE/experiments/external_rnn_fno_20260923/code/fno_gate.py", line 74, in <module>
    if __name__=='__main__':main()
                            ^^^^^^
  File "/root/siton-data-ecd30b0dd03a4b6c86d4ad3b98458111/panxy/particalMOE/experiments/external_rnn_fno_20260923/code/fno_gate.py", line 46, in main
    z=np.load(path);ids=np.unique(np.linspace(0,len(z['times'])-1,17,dtype=int));u=z['u'][ids].astype(float);v=z['v'][ids].astype(float);p=z['p'][ids].astype(float)
      ^^^^^^^^^^^^^
  File "/root/siton-data-ecd30b0dd03a4b6c86d4ad3b98458111/panxy/particalMOE/.runtime/pt_env/lib/python3.11/site-packages/numpy/lib/_npyio_impl.py", line 471, in load
    ret = NpzFile(fid, own_fid=own_fid, allow_pickle=allow_pickle,
          ^^^^^^^^^^^^^^^^^^^^^^^^^^^^^^^^^^^^^^^^^^^^^^^^^^^^^^^^
  File "/root/siton-data-ecd30b0dd03a4b6c86d4ad3b98458111/panxy/particalMOE/.runtime/pt_env/lib/python3.11/site-packages/numpy/lib/_npyio_impl.py", line 197, in __init__
    _zip = zipfile_factory(fid)
           ^^^^^^^^^^^^^^^^^^^^
  File "/root/siton-data-ecd30b0dd03a4b6c86d4ad3b98458111/panxy/particalMOE/.runtime/pt_env/lib/python3.11/site-packages/numpy/lib/_npyio_impl.py", line 112, in zipfile_factory
    return zipfile.ZipFile(file, *args, **kwargs)
           ^^^^^^^^^^^^^^^^^^^^^^^^^^^^^^^^^^^^^^
  File "/root/siton-data-ecd30b0dd03a4b6c86d4ad3b98458111/panxy/particalMOE/.runtime/pt_env/lib/python3.11/zipfile.py", line 1329, in __init__
    self._RealGetContents()
  File "/root/siton-data-ecd30b0dd03a4b6c86d4ad3b98458111/panxy/particalMOE/.runtime/pt_env/lib/python3.11/zipfile.py", line 1396, in _RealGetContents
    raise BadZipFile("File is not a zip file")
zipfile.BadZipFile: File is not a zip file
