swanlab: Currently logged in as: panxy1019 to https://api.swanlab.cn. Use 
`swanlab login --relogin` to force relogin
swanlab: Tracking run with swanlab version 0.9.0
swanlab: 💾 Run data saved at 
/root/siton-data-ecd30b0dd03a4b6c86d4ad3b98458111/panxy/particalMOE/paper_experi
ments/runs/specialist_ablations_single_seed_v3_20260724/steady/data-only/trainin
g/swanlog/run-20260724_005503-svonv5yh-e9c967685351-32870
swanlab: 📁 View project at 
https://swanlab.cn/@panxy1019/PaperSpecialistAblationsSingleSeed20260724
swanlab: 🚀 View run DataOnly-steady-seed202607251 at 
https://swanlab.cn/@panxy1019/PaperSpecialistAblationsSingleSeed20260724/runs/sv
onv5yh
{"event": "optimizer_step", "step": 1, "regime": "steady", "loss": 0.38340116043885547, "one": 0.379411851366361, "rollout": 0.379411851366361}
{"event": "optimizer_step", "step": 20, "regime": "steady", "loss": 0.10564796874920526, "one": 0.10155202945073447, "rollout": 0.10155202945073447}
{"event": "optimizer_step", "step": 40, "regime": "steady", "loss": 0.06192858268817266, "one": 0.05770142003893852, "rollout": 0.05770142003893852}
{"event": "optimizer_step", "step": 60, "regime": "steady", "loss": 0.03349025423328082, "one": 0.02941925326983134, "rollout": 0.02941925326983134}
{"event": "optimizer_step", "step": 80, "regime": "steady", "loss": 0.051818824062744774, "one": 0.04767336199680964, "rollout": 0.04767336199680964}
{"event": "optimizer_step", "step": 100, "regime": "steady", "loss": 0.05317247752100229, "one": 0.04909721637765567, "rollout": 0.04909721637765567}
{"event": "optimizer_step", "step": 120, "regime": "steady", "loss": 0.07595334015786648, "one": 0.07185800668473045, "rollout": 0.07185800668473045}
{"event": "optimizer_step", "step": 140, "regime": "steady", "loss": 0.039497010409832, "one": 0.0353523064404726, "rollout": 0.0353523064404726}
{"event": "optimizer_step", "step": 160, "regime": "steady", "loss": 0.02389252527306477, "one": 0.019803623358408608, "rollout": 0.019803623358408608}
{"event": "optimizer_step", "step": 180, "regime": "steady", "loss": 0.02252283568183581, "one": 0.018469472726186115, "rollout": 0.018469472726186115}
{"event": "optimizer_step", "step": 200, "regime": "steady", "loss": 0.10791989291707674, "one": 0.10356068766365449, "rollout": 0.10356068766365449}
{"event": "optimizer_step", "step": 220, "regime": "steady", "loss": 0.07261130151649317, "one": 0.06857367853323618, "rollout": 0.06857367853323618}
{"event": "optimizer_step", "step": 240, "regime": "steady", "loss": 0.015219209405283134, "one": 0.011189522532125313, "rollout": 0.011189522532125313}
{"event": "optimizer_step", "step": 260, "regime": "steady", "loss": 0.06106458852688471, "one": 0.0569699869180719, "rollout": 0.0569699869180719}
{"event": "optimizer_step", "step": 280, "regime": "steady", "loss": 0.027579732394466795, "one": 0.023521534477670986, "rollout": 0.023521534477670986}
{"event": "optimizer_step", "step": 300, "regime": "steady", "loss": 0.022891544736921787, "one": 0.018756533972918987, "rollout": 0.018756533972918987}
{"event": "optimizer_step", "step": 320, "regime": "steady", "loss": 0.012639245639244717, "one": 0.008621518034487963, "rollout": 0.008621518034487963}
{"event": "optimizer_step", "step": 340, "regime": "steady", "loss": 0.028117545259495575, "one": 0.02406330111746987, "rollout": 0.02406330111746987}
{"event": "optimizer_step", "step": 360, "regime": "steady", "loss": 0.011141295079141855, "one": 0.007049021466324726, "rollout": 0.007049021466324726}
{"event": "optimizer_step", "step": 380, "regime": "steady", "loss": 0.03512620677550634, "one": 0.031095173209905624, "rollout": 0.031095173209905624}
{"event": "optimizer_step", "step": 400, "regime": "steady", "loss": 0.039870185156663254, "one": 0.035807339784999684, "rollout": 0.035807339784999684}
{"event": "optimizer_step", "step": 420, "regime": "steady", "loss": 0.006264022241036097, "one": 0.0022521355810264745, "rollout": 0.0022521355810264745}
{"event": "optimizer_step", "step": 440, "regime": "steady", "loss": 0.01710797194391489, "one": 0.013074884191155434, "rollout": 0.013074884191155434}
{"event": "optimizer_step", "step": 460, "regime": "steady", "loss": 0.017118569153050583, "one": 0.013051485642790794, "rollout": 0.013051485642790794}
{"event": "optimizer_step", "step": 480, "regime": "steady", "loss": 0.010975617915391922, "one": 0.006867194548249245, "rollout": 0.006867194548249245}
{"event": "optimizer_step", "step": 500, "regime": "steady", "loss": 0.013758383070429167, "one": 0.009683546920617422, "rollout": 0.009683546920617422}
{"event": "optimizer_step", "step": 520, "regime": "steady", "loss": 0.019356773855785527, "one": 0.015312816637257734, "rollout": 0.015312816637257734}
{"event": "optimizer_step", "step": 540, "regime": "steady", "loss": 0.0333164402594169, "one": 0.02917791592578093, "rollout": 0.02917791592578093}
{"event": "optimizer_step", "step": 560, "regime": "steady", "loss": 0.03745449769000212, "one": 0.03338218231995901, "rollout": 0.03338218231995901}
{"event": "optimizer_step", "step": 580, "regime": "steady", "loss": 0.014850093983113766, "one": 0.010757355640331905, "rollout": 0.010757355640331905}
{"event": "optimizer_step", "step": 600, "regime": "steady", "loss": 0.011933401226997375, "one": 0.007888759098326167, "rollout": 0.007888759098326167}
{"event": "optimizer_step", "step": 620, "regime": "steady", "loss": 0.03334743653734525, "one": 0.029305482904116317, "rollout": 0.029305482904116317}
{"event": "optimizer_step", "step": 640, "regime": "steady", "loss": 0.010643961218496164, "one": 0.006647436413913965, "rollout": 0.006647436413913965}
{"event": "optimizer_step", "step": 660, "regime": "steady", "loss": 0.008206542270878952, "one": 0.004211762376750509, "rollout": 0.004211762376750509}
{"event": "optimizer_step", "step": 680, "regime": "steady", "loss": 0.012411641577879589, "one": 0.008430692677696546, "rollout": 0.008430692677696546}
{"event": "optimizer_step", "step": 700, "regime": "steady", "loss": 0.01178732980042696, "one": 0.007725611484299104, "rollout": 0.007725611484299104}
{"event": "optimizer_step", "step": 720, "regime": "steady", "loss": 0.012761571134130161, "one": 0.008787446344892185, "rollout": 0.008787446344892185}
{"event": "optimizer_step", "step": 740, "regime": "steady", "loss": 0.008537527794639269, "one": 0.004571622315173348, "rollout": 0.004571622315173348}
{"event": "optimizer_step", "step": 760, "regime": "steady", "loss": 0.020286829831699528, "one": 0.016225316561758518, "rollout": 0.016225316561758518}
{"event": "optimizer_step", "step": 780, "regime": "steady", "loss": 0.048797723526755966, "one": 0.04475451873925825, "rollout": 0.04475451873925825}
{"event": "optimizer_step", "step": 800, "regime": "steady", "loss": 0.02200082720567783, "one": 0.017992413757989805, "rollout": 0.017992413757989805}
{"event": "optimizer_step", "step": 820, "regime": "steady", "loss": 0.012789584385852018, "one": 0.008761084483315548, "rollout": 0.008761084483315548}
{"event": "optimizer_step", "step": 840, "regime": "steady", "loss": 0.008873252974202234, "one": 0.004871774464845657, "rollout": 0.004871774464845657}
{"event": "optimizer_step", "step": 860, "regime": "steady", "loss": 0.008907360956072807, "one": 0.00492489958802859, "rollout": 0.00492489958802859}
{"event": "optimizer_step", "step": 880, "regime": "steady", "loss": 0.010354554591079552, "one": 0.006376491471504172, "rollout": 0.006376491471504172}
{"event": "optimizer_step", "step": 900, "regime": "steady", "loss": 0.006276357918977737, "one": 0.0022522765211760998, "rollout": 0.0022522765211760998}
{"event": "optimizer_step", "step": 920, "regime": "steady", "loss": 0.010853811167180538, "one": 0.006872990944733222, "rollout": 0.006872990944733222}
{"event": "optimizer_step", "step": 940, "regime": "steady", "loss": 0.00744267925620079, "one": 0.0034890014212578535, "rollout": 0.0034890014212578535}
{"event": "optimizer_step", "step": 960, "regime": "steady", "loss": 0.01828693225979805, "one": 0.014259175630286336, "rollout": 0.014259175630286336}
{"event": "optimizer_step", "step": 980, "regime": "steady", "loss": 0.012304981239140032, "one": 0.008325266496588787, "rollout": 0.008325266496588787}
{"event": "optimizer_step", "step": 1000, "regime": "steady", "loss": 0.010931287271281082, "one": 0.006949316943064332, "rollout": 0.006949316943064332}
{"event": "optimizer_step", "step": 1020, "regime": "steady", "loss": 0.010884566232562065, "one": 0.006878474572052558, "rollout": 0.006878474572052558}
{"event": "optimizer_step", "step": 1040, "regime": "steady", "loss": 0.010885970667004585, "one": 0.0069150204459826154, "rollout": 0.0069150204459826154}
{"event": "optimizer_step", "step": 1060, "regime": "steady", "loss": 0.009954076415548723, "one": 0.00597340854195257, "rollout": 0.00597340854195257}
{"event": "optimizer_step", "step": 1080, "regime": "steady", "loss": 0.017967864560584225, "one": 0.013952667048821846, "rollout": 0.013952667048821846}
{"event": "optimizer_step", "step": 1100, "regime": "steady", "loss": 0.02051434914271037, "one": 0.01655643821383516, "rollout": 0.01655643821383516}
{"event": "optimizer_step", "step": 1120, "regime": "steady", "loss": 0.009304011861483255, "one": 0.0053153558013339835, "rollout": 0.0053153558013339835}
{"event": "optimizer_step", "step": 1140, "regime": "steady", "loss": 0.011002313035229841, "one": 0.006917547279347976, "rollout": 0.006917547279347976}
{"event": "optimizer_step", "step": 1160, "regime": "steady", "loss": 0.009638309478759766, "one": 0.005688086152076721, "rollout": 0.005688086152076721}
{"event": "optimizer_step", "step": 1180, "regime": "steady", "loss": 0.011582113181551298, "one": 0.007639380094284813, "rollout": 0.007639380094284813}
{"event": "optimizer_step", "step": 1200, "regime": "steady", "loss": 0.06048356958975395, "one": 0.05649041725943486, "rollout": 0.05649041725943486}
{"event": "optimizer_step", "step": 1220, "regime": "steady", "loss": 0.011473051582773527, "one": 0.007480776247878868, "rollout": 0.007480776247878868}
{"event": "optimizer_step", "step": 1240, "regime": "steady", "loss": 0.04779338650405407, "one": 0.04380289061615864, "rollout": 0.04380289061615864}
{"event": "optimizer_step", "step": 1260, "regime": "steady", "loss": 0.03250364524622758, "one": 0.028540249293049175, "rollout": 0.028540249293049175}
{"event": "optimizer_step", "step": 1280, "regime": "steady", "loss": 0.016273772964874905, "one": 0.012298716387401024, "rollout": 0.012298716387401024}
{"event": "optimizer_step", "step": 1300, "regime": "steady", "loss": 0.06996017197767894, "one": 0.06597780886416633, "rollout": 0.06597780886416633}
{"event": "optimizer_step", "step": 1320, "regime": "steady", "loss": 0.03212328193088373, "one": 0.028127059961358704, "rollout": 0.028127059961358704}
{"event": "optimizer_step", "step": 1340, "regime": "steady", "loss": 0.011774649533132711, "one": 0.007775372049460808, "rollout": 0.007775372049460808}
{"event": "optimizer_step", "step": 1360, "regime": "steady", "loss": 0.010463011140624682, "one": 0.006464802194386721, "rollout": 0.006464802194386721}
{"event": "optimizer_step", "step": 1380, "regime": "steady", "loss": 0.012024438319106896, "one": 0.00802778173238039, "rollout": 0.00802778173238039}
{"event": "optimizer_step", "step": 1400, "regime": "steady", "loss": 0.014823830376068752, "one": 0.010837946087121964, "rollout": 0.010837946087121964}
{"event": "optimizer_step", "step": 1420, "regime": "steady", "loss": 0.008391780157883963, "one": 0.00442891800776124, "rollout": 0.00442891800776124}
{"event": "optimizer_step", "step": 1440, "regime": "steady", "loss": 0.009116359055042267, "one": 0.0051281817723065615, "rollout": 0.0051281817723065615}
{"event": "optimizer_step", "step": 1460, "regime": "steady", "loss": 0.012456207536160946, "one": 0.008488793779785434, "rollout": 0.008488793779785434}
{"event": "optimizer_step", "step": 1480, "regime": "steady", "loss": 0.014347479213029146, "one": 0.010383726408084232, "rollout": 0.010383726408084232}
{"event": "optimizer_step", "step": 1500, "regime": "steady", "loss": 0.00926655934502681, "one": 0.005314126145094633, "rollout": 0.005314126145094633}
{"event": "optimizer_step", "step": 1520, "regime": "steady", "loss": 0.009371496737003326, "one": 0.00535823404788971, "rollout": 0.00535823404788971}
{"event": "optimizer_step", "step": 1540, "regime": "steady", "loss": 0.01125333784148097, "one": 0.007283856005718311, "rollout": 0.007283856005718311}
{"event": "optimizer_step", "step": 1560, "regime": "steady", "loss": 0.005470421630889177, "one": 0.001527917532560726, "rollout": 0.001527917532560726}
{"event": "optimizer_step", "step": 1580, "regime": "steady", "loss": 0.008126948028802872, "one": 0.004132875008508563, "rollout": 0.004132875008508563}
{"event": "optimizer_step", "step": 1600, "regime": "steady", "loss": 0.006774903740733862, "one": 0.0028369950596243147, "rollout": 0.0028369950596243147}
{"event": "optimizer_step", "step": 1620, "regime": "steady", "loss": 0.00987488388394316, "one": 0.005938216966266433, "rollout": 0.005938216966266433}
{"event": "optimizer_step", "step": 1640, "regime": "steady", "loss": 0.008937619005640348, "one": 0.005006055502841869, "rollout": 0.005006055502841869}
{"event": "optimizer_step", "step": 1660, "regime": "steady", "loss": 0.007890567959596714, "one": 0.003928939850690464, "rollout": 0.003928939850690464}
{"event": "optimizer_step", "step": 1680, "regime": "steady", "loss": 0.00982190885891517, "one": 0.0058420586089293165, "rollout": 0.0058420586089293165}
{"event": "optimizer_step", "step": 1700, "regime": "steady", "loss": 0.008138285639385382, "one": 0.004150758497416973, "rollout": 0.004150758497416973}
{"event": "optimizer_step", "step": 1720, "regime": "steady", "loss": 0.010211690794676542, "one": 0.006220248683045307, "rollout": 0.006220248683045307}
{"event": "optimizer_step", "step": 1740, "regime": "steady", "loss": 0.007528977158168951, "one": 0.003570768826951583, "rollout": 0.003570768826951583}
{"event": "optimizer_step", "step": 1760, "regime": "steady", "loss": 0.0061893155798316, "one": 0.0022471256864567595, "rollout": 0.0022471256864567595}
{"event": "optimizer_step", "step": 1780, "regime": "steady", "loss": 0.011063473299145699, "one": 0.007084494611869255, "rollout": 0.007084494611869255}
{"event": "optimizer_step", "step": 1800, "regime": "steady", "loss": 0.008079410841067633, "one": 0.004142520483583212, "rollout": 0.004142520483583212}
{"event": "optimizer_step", "step": 1820, "regime": "steady", "loss": 0.05739384004846216, "one": 0.05341820690470437, "rollout": 0.05341820690470437}
{"event": "optimizer_step", "step": 1840, "regime": "steady", "loss": 0.026601174225409824, "one": 0.02262120290348927, "rollout": 0.02262120290348927}
{"event": "optimizer_step", "step": 1860, "regime": "steady", "loss": 0.007042998913675547, "one": 0.003093234185750286, "rollout": 0.003093234185750286}
{"event": "optimizer_step", "step": 1880, "regime": "steady", "loss": 0.00847398458669583, "one": 0.004527962844197949, "rollout": 0.004527962844197949}
{"event": "optimizer_step", "step": 1900, "regime": "steady", "loss": 0.013999996396402519, "one": 0.010013234646370014, "rollout": 0.010013234646370014}
{"event": "optimizer_step", "step": 1920, "regime": "steady", "loss": 0.01179337315261364, "one": 0.007830048368001979, "rollout": 0.007830048368001979}
{"event": "optimizer_step", "step": 1940, "regime": "steady", "loss": 0.008338593101749819, "one": 0.004386023773501317, "rollout": 0.004386023773501317}
{"event": "optimizer_step", "step": 1960, "regime": "steady", "loss": 0.006803679124762614, "one": 0.0028565306371698775, "rollout": 0.0028565306371698775}
{"event": "optimizer_step", "step": 1980, "regime": "steady", "loss": 0.00610686947281162, "one": 0.0021700856741517782, "rollout": 0.0021700856741517782}
{"event": "optimizer_step", "step": 2000, "regime": "steady", "loss": 0.007468911819159985, "one": 0.0035347458130369582, "rollout": 0.0035347458130369582}
{"event": "optimizer_step", "step": 2020, "regime": "steady", "loss": 0.008850783885767063, "one": 0.004902761119107406, "rollout": 0.004902761119107406}
{"event": "optimizer_step", "step": 2040, "regime": "steady", "loss": 0.011398508523901304, "one": 0.007446164459300538, "rollout": 0.007446164459300538}
{"event": "optimizer_step", "step": 2060, "regime": "steady", "loss": 0.006897866725921631, "one": 0.0029628529058148465, "rollout": 0.0029628529058148465}
{"event": "optimizer_step", "step": 2080, "regime": "steady", "loss": 0.00749519607052207, "one": 0.003554382749522726, "rollout": 0.003554382749522726}
{"event": "optimizer_step", "step": 2100, "regime": "steady", "loss": 0.006283257467051347, "one": 0.002334142724672953, "rollout": 0.002334142724672953}
{"event": "optimizer_step", "step": 2120, "regime": "steady", "loss": 0.006002564293642839, "one": 0.0020688750470678014, "rollout": 0.0020688750470678014}
{"event": "optimizer_step", "step": 2140, "regime": "steady", "loss": 0.0059751225635409355, "one": 0.002017339264663557, "rollout": 0.002017339264663557}
{"event": "optimizer_step", "step": 2160, "regime": "steady", "loss": 0.006016205685834089, "one": 0.00209729780908674, "rollout": 0.00209729780908674}
{"event": "optimizer_step", "step": 2180, "regime": "steady", "loss": 0.005427477105210225, "one": 0.0014993591854969661, "rollout": 0.0014993591854969661}
{"event": "optimizer_step", "step": 2200, "regime": "steady", "loss": 0.005022002073625724, "one": 0.0010938277312864861, "rollout": 0.0010938277312864861}
{"event": "optimizer_step", "step": 2220, "regime": "steady", "loss": 0.007471944205462933, "one": 0.003513208357617259, "rollout": 0.003513208357617259}
{"event": "optimizer_step", "step": 2240, "regime": "steady", "loss": 0.008884867032368977, "one": 0.004953546216711402, "rollout": 0.004953546216711402}
{"event": "optimizer_step", "step": 2260, "regime": "steady", "loss": 0.006811218801885843, "one": 0.002891084606138368, "rollout": 0.002891084606138368}
{"event": "optimizer_step", "step": 2280, "regime": "steady", "loss": 0.00938414859895905, "one": 0.005434114020317793, "rollout": 0.005434114020317793}
{"event": "optimizer_step", "step": 2300, "regime": "steady", "loss": 0.28271669646104175, "one": 0.278773739002645, "rollout": 0.278773739002645}
{"event": "optimizer_step", "step": 2320, "regime": "steady", "loss": 0.008102994412183762, "one": 0.004144979330400626, "rollout": 0.004144979330400626}
{"event": "optimizer_step", "step": 2340, "regime": "steady", "loss": 0.007700270973145962, "one": 0.0037400642565141124, "rollout": 0.0037400642565141124}
{"event": "optimizer_step", "step": 2360, "regime": "steady", "loss": 0.006914193586756786, "one": 0.0029833232207844658, "rollout": 0.0029833232207844658}
{"event": "optimizer_step", "step": 2380, "regime": "steady", "loss": 0.006835609829674165, "one": 0.002897805805938939, "rollout": 0.002897805805938939}
{"event": "optimizer_step", "step": 2400, "regime": "steady", "loss": 0.006872589544703562, "one": 0.0029457918523500366, "rollout": 0.0029457918523500366}
{"event": "optimizer_step", "step": 2420, "regime": "steady", "loss": 0.006443841538081567, "one": 0.0024942791399856406, "rollout": 0.0024942791399856406}
{"event": "optimizer_step", "step": 2440, "regime": "steady", "loss": 0.007335931062698364, "one": 0.0034038329031318426, "rollout": 0.0034038329031318426}
{"event": "optimizer_step", "step": 2460, "regime": "steady", "loss": 0.005461041970799367, "one": 0.0015313917538151145, "rollout": 0.0015313917538151145}
{"event": "optimizer_step", "step": 2480, "regime": "steady", "loss": 0.005281666138519843, "one": 0.0013588521008690198, "rollout": 0.0013588521008690198}
{"event": "optimizer_step", "step": 2500, "regime": "steady", "loss": 0.006664198978493612, "one": 0.00271550752222538, "rollout": 0.00271550752222538}
{"event": "optimizer_step", "step": 2520, "regime": "steady", "loss": 0.008613728918135166, "one": 0.004671204059074323, "rollout": 0.004671204059074323}
{"event": "optimizer_step", "step": 2540, "regime": "steady", "loss": 0.0067781670950353146, "one": 0.0028513298214723664, "rollout": 0.0028513298214723664}
{"event": "optimizer_step", "step": 2560, "regime": "steady", "loss": 0.006209461949765682, "one": 0.0022730467996249595, "rollout": 0.0022730467996249595}
{"event": "optimizer_step", "step": 2580, "regime": "steady", "loss": 0.006642509872714679, "one": 0.002719418533767263, "rollout": 0.002719418533767263}
{"event": "optimizer_step", "step": 2600, "regime": "steady", "loss": 0.00860429834574461, "one": 0.0046766214072704315, "rollout": 0.0046766214072704315}
{"event": "optimizer_step", "step": 2620, "regime": "steady", "loss": 0.007214515935629606, "one": 0.0032777472709616027, "rollout": 0.0032777472709616027}
{"event": "optimizer_step", "step": 2640, "regime": "steady", "loss": 0.006727125495672226, "one": 0.0028020453173667192, "rollout": 0.0028020453173667192}
{"event": "optimizer_step", "step": 2660, "regime": "steady", "loss": 0.007047883545358976, "one": 0.0030939856854577856, "rollout": 0.0030939856854577856}
{"event": "optimizer_step", "step": 2680, "regime": "steady", "loss": 0.007410130463540554, "one": 0.0034806156375755868, "rollout": 0.0034806156375755868}
{"event": "optimizer_step", "step": 2700, "regime": "steady", "loss": 0.013095001379648846, "one": 0.009160603008543452, "rollout": 0.009160603008543452}
{"event": "optimizer_step", "step": 2720, "regime": "steady", "loss": 0.014428379324575264, "one": 0.01049346635894229, "rollout": 0.01049346635894229}
{"event": "optimizer_step", "step": 2740, "regime": "steady", "loss": 0.013435736609001953, "one": 0.009505486736694971, "rollout": 0.009505486736694971}
{"event": "optimizer_step", "step": 2760, "regime": "steady", "loss": 0.3843278735876083, "one": 0.26651883870363235, "rollout": 0.25310150533914566}
{"event": "optimizer_step", "step": 2780, "regime": "steady", "loss": 0.13633433232704797, "one": 0.0800029964496692, "rollout": 0.11645476520061493}
{"event": "optimizer_step", "step": 2800, "regime": "steady", "loss": 0.03865393499533335, "one": 0.019130436703562737, "rollout": 0.0346675788362821}
{"event": "optimizer_step", "step": 2820, "regime": "steady", "loss": 0.03823999191323916, "one": 0.01773316226899624, "rollout": 0.03684515878558159}
{"event": "optimizer_step", "step": 2840, "regime": "steady", "loss": 0.03355227907498678, "one": 0.015220075845718384, "rollout": 0.03197338618338108}
{"event": "optimizer_step", "step": 2860, "regime": "steady", "loss": 0.10904697390894094, "one": 0.05965679480383793, "rollout": 0.10099670415123303}
{"event": "optimizer_step", "step": 2880, "regime": "steady", "loss": 0.03325259064634641, "one": 0.018617290848245222, "rollout": 0.02372641675174236}
{"event": "optimizer_step", "step": 2900, "regime": "steady", "loss": 0.017699628757933777, "one": 0.007255065565307936, "rollout": 0.014470499629775684}
{"event": "optimizer_step", "step": 2920, "regime": "steady", "loss": 0.016281523431340855, "one": 0.005707675746331612, "rollout": 0.014780670404434206}
{"event": "optimizer_step", "step": 2940, "regime": "steady", "loss": 0.012375758029520512, "one": 0.004562661362191042, "rollout": 0.008647412372132143}
{"event": "optimizer_step", "step": 2960, "regime": "steady", "loss": 0.013935285620391369, "one": 0.0055653247982263565, "rollout": 0.009867502997318903}
{"event": "optimizer_step", "step": 2980, "regime": "steady", "loss": 0.014192653199036915, "one": 0.005448097207893928, "rollout": 0.010711424984037876}
{"event": "optimizer_step", "step": 3000, "regime": "steady", "loss": 0.009316167794167995, "one": 0.002714104251936078, "rollout": 0.005965118606885275}
{"event": "optimizer_step", "step": 3020, "regime": "steady", "loss": 0.017904237533609074, "one": 0.007309878633047143, "rollout": 0.014827012705306213}
{"event": "optimizer_step", "step": 3040, "regime": "steady", "loss": 0.016308294609189034, "one": 0.00704065818960468, "rollout": 0.011889217421412468}
{"event": "optimizer_step", "step": 3060, "regime": "steady", "loss": 0.010335174078742664, "one": 0.003378502869357665, "rollout": 0.006756847103436787}
{"event": "optimizer_step", "step": 3080, "regime": "steady", "loss": 0.018016858336826164, "one": 0.006639281443009774, "rollout": 0.0165739885220925}
{"event": "optimizer_step", "step": 3100, "regime": "steady", "loss": 0.011593269184231758, "one": 0.004175461052606503, "rollout": 0.007791089204450447}
{"event": "optimizer_step", "step": 3120, "regime": "steady", "loss": 0.013788864016532898, "one": 0.00499111933944126, "rollout": 0.01084350949774186}
{"event": "optimizer_step", "step": 3140, "regime": "steady", "loss": 0.028550110136469208, "one": 0.01597061799839139, "rollout": 0.019235536766548954}
{"event": "optimizer_step", "step": 3160, "regime": "steady", "loss": 0.023554241905609768, "one": 0.01304905132080118, "rollout": 0.014629438829918703}
{"event": "optimizer_step", "step": 3180, "regime": "steady", "loss": 0.01641708302001158, "one": 0.007292615715414286, "rollout": 0.011570349956552187}
{"event": "optimizer_step", "step": 3200, "regime": "steady", "loss": 0.009219406793514887, "one": 0.002795701303208868, "rollout": 0.005570052036394675}
{"event": "optimizer_step", "step": 3220, "regime": "steady", "loss": 0.011419806318978468, "one": 0.004283724624353151, "rollout": 0.007146347469339768}
{"event": "optimizer_step", "step": 3240, "regime": "steady", "loss": 0.011624506674706934, "one": 0.004794583190232515, "rollout": 0.006483004428446292}
{"event": "optimizer_step", "step": 3260, "regime": "steady", "loss": 0.009375172046323616, "one": 0.002958658073718349, "rollout": 0.005552526951457063}
{"event": "optimizer_step", "step": 3280, "regime": "steady", "loss": 0.007496260572224855, "one": 0.0018345848269139724, "rollout": 0.003896394434074561}
{"event": "optimizer_step", "step": 3300, "regime": "steady", "loss": 0.008417900651693344, "one": 0.0024492593171695867, "rollout": 0.004570021294057369}
{"event": "optimizer_step", "step": 3320, "regime": "steady", "loss": 0.012675182893872261, "one": 0.005379035913695891, "rollout": 0.007518981117755175}
{"event": "optimizer_step", "step": 3340, "regime": "steady", "loss": 0.013259299099445343, "one": 0.0051860374708970385, "rollout": 0.009242372121661901}
{"event": "optimizer_step", "step": 3360, "regime": "steady", "loss": 0.010625440316895645, "one": 0.0037859564569468302, "rollout": 0.006501099715630213}
{"event": "optimizer_step", "step": 3380, "regime": "steady", "loss": 0.0075206696055829525, "one": 0.00174640278176715, "rollout": 0.004127805431683859}
{"event": "optimizer_step", "step": 3400, "regime": "steady", "loss": 0.007187193570037682, "one": 0.0016538463920975723, "rollout": 0.003610183872903387}
{"event": "optimizer_step", "step": 3420, "regime": "steady", "loss": 0.0072791279914478455, "one": 0.0018368668776626387, "rollout": 0.003410970792174339}
{"event": "optimizer_step", "step": 3440, "regime": "steady", "loss": 0.00709797628223896, "one": 0.001726720753746728, "rollout": 0.003249433978150288}
{"event": "optimizer_step", "step": 3460, "regime": "steady", "loss": 0.010213780216872692, "one": 0.0036521308744947114, "rollout": 0.005881562829017639}
{"event": "optimizer_step", "step": 3480, "regime": "steady", "loss": 0.008209066931158304, "one": 0.002241562314641972, "rollout": 0.004570516214395562}
{"event": "optimizer_step", "step": 3500, "regime": "steady", "loss": 0.006599390413612127, "one": 0.0014133386236305037, "rollout": 0.0028323909888664884}
{"event": "optimizer_step", "step": 3520, "regime": "steady", "loss": 0.008537853136658669, "one": 0.002797750911364953, "rollout": 0.004069694473097721}
{"event": "optimizer_step", "step": 3540, "regime": "steady", "loss": 0.007627848070114851, "one": 0.001952262284855048, "rollout": 0.0039198496378958225}
{"event": "optimizer_step", "step": 3560, "regime": "steady", "loss": 0.00684854139884313, "one": 0.0013075103051960468, "rollout": 0.00362528123271962}
{"event": "optimizer_step", "step": 3580, "regime": "steady", "loss": 0.006976617655406395, "one": 0.0015786142709354558, "rollout": 0.0033074847112099333}
{"event": "optimizer_step", "step": 3600, "regime": "steady", "loss": 0.0073153759973744546, "one": 0.0018762271308029692, "rollout": 0.003403282569100459}
{"event": "optimizer_step", "step": 3620, "regime": "steady", "loss": 0.006413313870628675, "one": 0.001271466026082635, "rollout": 0.0027445026983817416}
{"event": "optimizer_step", "step": 3640, "regime": "steady", "loss": 0.007863822548339764, "one": 0.002323353372048587, "rollout": 0.0036200155736878514}
{"event": "optimizer_step", "step": 3660, "regime": "steady", "loss": 0.009070452613135178, "one": 0.002899580479909976, "rollout": 0.00502637168392539}
{"event": "optimizer_step", "step": 3680, "regime": "steady", "loss": 0.0072630420327186584, "one": 0.0015441090993893642, "rollout": 0.0040258596030374365}
{"event": "optimizer_step", "step": 3700, "regime": "steady", "loss": 0.010898084224512179, "one": 0.004563361522741616, "rollout": 0.005387101011971633}
{"event": "optimizer_step", "step": 3720, "regime": "steady", "loss": 0.00842748535797, "one": 0.0024367145573099456, "rollout": 0.004624431952834129}
{"event": "optimizer_step", "step": 3740, "regime": "steady", "loss": 0.010596521043529114, "one": 0.0032913975495224195, "rollout": 0.007540605341394742}
{"event": "optimizer_step", "step": 3760, "regime": "steady", "loss": 0.009141523391008377, "one": 0.002662584806481997, "rollout": 0.0057094255462288865}
{"event": "optimizer_step", "step": 3780, "regime": "steady", "loss": 0.007377590673665207, "one": 0.0018048962034905949, "rollout": 0.003700490303648015}
{"event": "optimizer_step", "step": 3800, "regime": "steady", "loss": 0.008064905802408854, "one": 0.0022777859897663193, "rollout": 0.00417772230381767}
{"event": "optimizer_step", "step": 3820, "regime": "steady", "loss": 0.0075064737660189475, "one": 0.0021479967205474773, "rollout": 0.0032154649185637636}
{"event": "optimizer_step", "step": 3840, "regime": "steady", "loss": 0.007207262019316355, "one": 0.0016948471505505345, "rollout": 0.003566725257163246}
{"event": "optimizer_step", "step": 3860, "regime": "steady", "loss": 0.007632730683932701, "one": 0.002180064465695371, "rollout": 0.0034362646595885353}
{"event": "optimizer_step", "step": 3880, "regime": "steady", "loss": 0.008384392596781254, "one": 0.0025215224595740438, "rollout": 0.004348882008343935}
{"event": "optimizer_step", "step": 3900, "regime": "steady", "loss": 0.006262845049301783, "one": 0.0012095395747261741, "rollout": 0.0025410992093384266}
{"event": "optimizer_step", "step": 3920, "regime": "steady", "loss": 0.007076104326794545, "one": 0.0015975004838158688, "rollout": 0.003490023159732421}
{"event": "optimizer_step", "step": 3940, "regime": "steady", "loss": 0.007151408586651087, "one": 0.00178549582293878, "rollout": 0.0032352417862663665}
{"event": "optimizer_step", "step": 3960, "regime": "steady", "loss": 0.006833302477995554, "one": 0.0015447107143700123, "rollout": 0.0030581686490525803}
{"event": "optimizer_step", "step": 3980, "regime": "steady", "loss": 0.007189122649530569, "one": 0.0017094256666799386, "rollout": 0.0034918526265149317}
{"event": "optimizer_step", "step": 4000, "regime": "steady", "loss": 0.008414474936823051, "one": 0.002398413955233991, "rollout": 0.00468139451307555}
{"event": "optimizer_step", "step": 4020, "regime": "steady", "loss": 0.008209592197090387, "one": 0.00225925853010267, "rollout": 0.004541771564011772}
{"event": "optimizer_step", "step": 4040, "regime": "steady", "loss": 0.008633232675492764, "one": 0.0027780525463943677, "rollout": 0.004321991233155131}
{"event": "optimizer_step", "step": 4060, "regime": "steady", "loss": 0.007757284523298344, "one": 0.0018877788291623196, "rollout": 0.004360241660227378}
{"event": "optimizer_step", "step": 4080, "regime": "steady", "loss": 0.005978782195597887, "one": 0.0010148762182022133, "rollout": 0.002345957482854525}
{"event": "optimizer_step", "step": 4100, "regime": "steady", "loss": 0.0071197592963775005, "one": 0.0017403555102646349, "rollout": 0.003269361487279336}
{"event": "optimizer_step", "step": 4120, "regime": "steady", "loss": 0.010299112958212694, "one": 0.0030529539411266646, "rollout": 0.007420117966830731}
{"event": "optimizer_step", "step": 4140, "regime": "steady", "loss": 0.005594133865088224, "one": 0.0007353580052343508, "rollout": 0.002107190666720271}
{"event": "optimizer_step", "step": 4160, "regime": "steady", "loss": 0.007969210545221964, "one": 0.002206320796782772, "rollout": 0.004122306903203328}
{"event": "optimizer_step", "step": 4180, "regime": "steady", "loss": 0.009480806688467663, "one": 0.0032235960631320877, "rollout": 0.005227163744469483}
{"event": "optimizer_step", "step": 4200, "regime": "steady", "loss": 0.006452401789526144, "one": 0.0013393464226586125, "rollout": 0.0026772020307059092}
{"event": "optimizer_step", "step": 4220, "regime": "steady", "loss": 0.006281257451822361, "one": 0.0013025884788172941, "rollout": 0.0023711881755540767}
{"event": "optimizer_step", "step": 4240, "regime": "steady", "loss": 0.007994808567066988, "one": 0.0024489196948707104, "rollout": 0.003645936958491802}
{"event": "optimizer_step", "step": 4260, "regime": "steady", "loss": 0.006871948173890511, "one": 0.001459370580657075, "rollout": 0.0033365911804139614}
{"event": "optimizer_step", "step": 4280, "regime": "steady", "loss": 0.006156422353039185, "one": 0.0011471218895167112, "rollout": 0.0024512908421456814}
{"event": "optimizer_step", "step": 4300, "regime": "steady", "loss": 0.007764681242406368, "one": 0.0023847055854275823, "rollout": 0.003271175470824043}
{"event": "optimizer_step", "step": 4320, "regime": "steady", "loss": 0.00878774809340636, "one": 0.002600625855848193, "rollout": 0.005067264971633753}
{"event": "optimizer_step", "step": 4340, "regime": "steady", "loss": 0.006941199768334627, "one": 0.0018312489070619147, "rollout": 0.0026696946006268263}
{"event": "optimizer_step", "step": 4360, "regime": "steady", "loss": 0.01284438231959939, "one": 0.006223828027335306, "rollout": 0.006033931237955888}
{"event": "optimizer_step", "step": 4380, "regime": "steady", "loss": 0.007756444470336039, "one": 0.002158338359246651, "rollout": 0.003758578483636181}
{"event": "optimizer_step", "step": 4400, "regime": "steady", "loss": 0.007177322326848904, "one": 0.0017169535082454483, "rollout": 0.003451563573131959}
{"event": "optimizer_step", "step": 4420, "regime": "steady", "loss": 0.00621458220606049, "one": 0.0013712797857200107, "rollout": 0.00208207406103611}
{"event": "optimizer_step", "step": 4440, "regime": "steady", "loss": 0.006768358560899895, "one": 0.0015405445786503455, "rollout": 0.0029361260433991747}
{"event": "optimizer_step", "step": 4460, "regime": "steady", "loss": 0.006773623948295912, "one": 0.0015382711038303871, "rollout": 0.002955645594435434}
{"event": "optimizer_step", "step": 4480, "regime": "steady", "loss": 0.007140657088408867, "one": 0.0017389579055209956, "rollout": 0.0033189207315444946}
{"event": "optimizer_step", "step": 4500, "regime": "steady", "loss": 0.006115435156971216, "one": 0.0011943184848253927, "rollout": 0.0022524050048862896}
{"event": "optimizer_step", "step": 4520, "regime": "steady", "loss": 0.006396042959143718, "one": 0.0015292527774969735, "rollout": 0.002131052198819816}
{"event": "optimizer_step", "step": 4540, "regime": "steady", "loss": 0.008397703214238087, "one": 0.002740873489528894, "rollout": 0.003887498363231619}
{"event": "optimizer_step", "step": 4560, "regime": "steady", "loss": 0.006910395653297504, "one": 0.0015988921901832025, "rollout": 0.003123513345296184}
{"event": "optimizer_step", "step": 4580, "regime": "steady", "loss": 0.007111177934954563, "one": 0.0015600590656201048, "rollout": 0.0036544237130632005}
{"event": "optimizer_step", "step": 4600, "regime": "steady", "loss": 0.00840036105364561, "one": 0.002713033463805914, "rollout": 0.0039529857846597825}
{"event": "optimizer_step", "step": 4620, "regime": "steady", "loss": 0.007344054679075876, "one": 0.002148881593408684, "rollout": 0.0028610896163930493}
{"event": "optimizer_step", "step": 4640, "regime": "steady", "loss": 0.006447377149015665, "one": 0.001231771622163554, "rollout": 0.002907259544978539}
{"event": "optimizer_step", "step": 4660, "regime": "steady", "loss": 0.006299340010931095, "one": 0.0012926069709161918, "rollout": 0.0024444597462813062}
{"event": "optimizer_step", "step": 4680, "regime": "steady", "loss": 0.00609366704399387, "one": 0.0010580562132721145, "rollout": 0.0025051987419525785}
{"event": "optimizer_step", "step": 4700, "regime": "steady", "loss": 0.005806600519766411, "one": 0.0010772231422985594, "rollout": 0.0018328281585127115}
{"event": "optimizer_step", "step": 4720, "regime": "steady", "loss": 0.0067751606305440255, "one": 0.0015402263961732388, "rollout": 0.0029497546299050255}
{"event": "optimizer_step", "step": 4740, "regime": "steady", "loss": 0.007357760487745205, "one": 0.0019279756816104054, "rollout": 0.00337165625145038}
{"event": "optimizer_step", "step": 4760, "regime": "steady", "loss": 0.0060110646300017825, "one": 0.0012227178473646443, "rollout": 0.0019582956253240504}
{"event": "optimizer_step", "step": 4780, "regime": "steady", "loss": 0.005944457060347001, "one": 0.0010918507856937747, "rollout": 0.002098567395781477}
{"event": "optimizer_step", "step": 4800, "regime": "steady", "loss": 0.007009698698918026, "one": 0.001611084483253459, "rollout": 0.0033169457068045935}
{"event": "optimizer_step", "step": 4820, "regime": "steady", "loss": 0.00646967813372612, "one": 0.001500721477592985, "rollout": 0.002357088145799935}
{"event": "optimizer_step", "step": 4840, "regime": "steady", "loss": 0.007581402702877918, "one": 0.0023795486971115074, "rollout": 0.0028756884081910052}
{"event": "optimizer_step", "step": 4860, "regime": "steady", "loss": 0.005976477637887001, "one": 0.0011079433606937528, "rollout": 0.0021377966040745378}
{"event": "optimizer_step", "step": 4880, "regime": "steady", "loss": 0.008039858657866716, "one": 0.002289702572549383, "rollout": 0.004094987021138271}
{"event": "optimizer_step", "step": 4900, "regime": "steady", "loss": 0.006916978551695744, "one": 0.0015913241853316624, "rollout": 0.003154108688856165}
{"event": "optimizer_step", "step": 4920, "regime": "steady", "loss": 0.00810262995461623, "one": 0.002300487773027271, "rollout": 0.004205372960617145}
{"event": "optimizer_step", "step": 4940, "regime": "steady", "loss": 0.007077413611114025, "one": 0.0018326796125620604, "rollout": 0.002971583705705901}
{"event": "optimizer_step", "step": 4960, "regime": "steady", "loss": 0.006470051283637683, "one": 0.0014299612181882064, "rollout": 0.002511160991465052}
{"event": "optimizer_step", "step": 4980, "regime": "steady", "loss": 0.007750611597051224, "one": 0.002036044606938958, "rollout": 0.004010557197034359}
{"event": "optimizer_step", "step": 5000, "regime": "steady", "loss": 0.006496113569786152, "one": 0.001370456729394694, "rollout": 0.0027070852617422743}
{"event": "optimizer_step", "step": 5020, "regime": "steady", "loss": 0.007476150058209896, "one": 0.002167325854922334, "rollout": 0.0031162386294454336}
{"event": "optimizer_step", "step": 5040, "regime": "steady", "loss": 0.006353645275036494, "one": 0.0011638151093696554, "rollout": 0.002850039474045237}
{"event": "optimizer_step", "step": 5060, "regime": "steady", "loss": 0.0068220736769338455, "one": 0.001640575840914001, "rollout": 0.0028291457565501332}
{"event": "optimizer_step", "step": 5080, "regime": "steady", "loss": 0.007603152810285488, "one": 0.0022108768268177905, "rollout": 0.003303268536304434}
{"event": "optimizer_step", "step": 5100, "regime": "steady", "loss": 0.008203805889934301, "one": 0.0026870155318950615, "rollout": 0.0035779903798053665}
{"event": "optimizer_step", "step": 5120, "regime": "steady", "loss": 0.010234050452709198, "one": 0.0035105874994769692, "rollout": 0.00625289084079365}
{"event": "optimizer_step", "step": 5140, "regime": "steady", "loss": 0.006906173036744198, "one": 0.001748963084537536, "rollout": 0.002782706326494614}
{"event": "optimizer_step", "step": 5160, "regime": "steady", "loss": 0.006861924349019926, "one": 0.0015773862445106108, "rollout": 0.003058363605911533}
{"event": "optimizer_step", "step": 5180, "regime": "steady", "loss": 0.006663822724173466, "one": 0.0017348151498784623, "rollout": 0.002270915041056772}
{"event": "optimizer_step", "step": 5200, "regime": "steady", "loss": 0.006692071134845415, "one": 0.0016030937743683655, "rollout": 0.0026324931532144547}
{"event": "optimizer_step", "step": 5220, "regime": "steady", "loss": 0.007926207035779953, "one": 0.002391322903955976, "rollout": 0.003618395576874415}
{"event": "optimizer_step", "step": 5240, "regime": "steady", "loss": 0.006624805430571238, "one": 0.0013618827409421406, "rollout": 0.0030110277390728397}
{"event": "optimizer_step", "step": 5260, "regime": "steady", "loss": 0.005877983290702105, "one": 0.0010422683941821258, "rollout": 0.0020659885679682093}
{"event": "optimizer_step", "step": 5280, "regime": "steady", "loss": 0.005815422162413597, "one": 0.0010391906059036653, "rollout": 0.0019346697566409905}
{"event": "optimizer_step", "step": 5300, "regime": "steady", "loss": 0.0060781034020086135, "one": 0.00122122031946977, "rollout": 0.0021130986278876662}
{"event": "optimizer_step", "step": 5320, "regime": "steady", "loss": 0.005805569235235453, "one": 0.000978858268354088, "rollout": 0.00204885913990438}
{"event": "optimizer_step", "step": 5340, "regime": "steady", "loss": 0.007520628006507954, "one": 0.002254661250238617, "rollout": 0.003026700889070829}
{"event": "optimizer_step", "step": 5360, "regime": "steady", "loss": 0.006513047497719526, "one": 0.0015139719083284338, "rollout": 0.002429298358038068}
{"event": "optimizer_step", "step": 5380, "regime": "steady", "loss": 0.008468321990221739, "one": 0.002978798079614838, "rollout": 0.0035197383258491755}
{"event": "optimizer_step", "step": 5400, "regime": "steady", "loss": 0.006677472187827031, "one": 0.001552499656099826, "rollout": 0.002708173356950283}
{"event": "optimizer_step", "step": 5420, "regime": "steady", "loss": 0.006300285769005616, "one": 0.0013631892700990043, "rollout": 0.0022932026380052166}
{"event": "optimizer_step", "step": 5440, "regime": "steady", "loss": 0.007044548479219278, "one": 0.0018015889606128137, "rollout": 0.0029715297278016806}
{"event": "optimizer_step", "step": 5460, "regime": "steady", "loss": 0.006263475709905226, "one": 0.0013576362592478592, "rollout": 0.002223256005284687}
{"event": "optimizer_step", "step": 5480, "regime": "steady", "loss": 0.0058219182925919695, "one": 0.0010518065537326038, "rollout": 0.001916595851071179}
{"event": "optimizer_step", "step": 5500, "regime": "steady", "loss": 0.005345998176683982, "one": 0.0007969955331645907, "rollout": 0.001428218325600028}
{"event": "optimizer_step", "step": 5520, "regime": "steady", "loss": 0.007872228510677814, "one": 0.0015889247491334875, "rollout": 0.005287256867935261}
{"event": "optimizer_step", "step": 5540, "regime": "steady", "loss": 0.010767448072632154, "one": 0.002385914674960077, "rollout": 0.009943584601084392}
{"event": "optimizer_step", "step": 5560, "regime": "steady", "loss": 0.008897948544472456, "one": 0.002239030902273953, "rollout": 0.006117272345970075}
{"event": "optimizer_step", "step": 5580, "regime": "steady", "loss": 0.008351137395948172, "one": 0.0015133728738874197, "rollout": 0.006515878563125928}
{"event": "optimizer_step", "step": 5600, "regime": "steady", "loss": 0.007401430048048496, "one": 0.0012999597820453346, "rollout": 0.004875148568923275}
{"event": "optimizer_step", "step": 5620, "regime": "steady", "loss": 0.00759412037829558, "one": 0.0015933654115845761, "rollout": 0.004655997424076001}
{"event": "optimizer_step", "step": 5640, "regime": "steady", "loss": 0.010536394702891508, "one": 0.00378009087095658, "rollout": 0.00633224363749226}
{"event": "optimizer_step", "step": 5660, "regime": "steady", "loss": 0.006395121570676565, "one": 0.0011408346666333577, "rollout": 0.002992111413429181}
{"event": "optimizer_step", "step": 5680, "regime": "steady", "loss": 0.006876637693494558, "one": 0.0012158385167519252, "rollout": 0.00390134317179521}
{"event": "optimizer_step", "step": 5700, "regime": "steady", "loss": 0.010387455578893423, "one": 0.0038710226460049553, "rollout": 0.005800809555997451}
{"event": "optimizer_step", "step": 5720, "regime": "steady", "loss": 0.0066347382962703705, "one": 0.0011651937384158373, "rollout": 0.003464027773588896}
{"event": "optimizer_step", "step": 5740, "regime": "steady", "loss": 0.0067717052685717745, "one": 0.0012954336125403643, "rollout": 0.0034859648440033197}
{"event": "optimizer_step", "step": 5760, "regime": "steady", "loss": 0.006104464177042246, "one": 0.0010063690909494958, "rollout": 0.0026442674764742455}
{"event": "optimizer_step", "step": 5780, "regime": "steady", "loss": 0.006043170423557361, "one": 0.001046125777065754, "rollout": 0.002424597429732482}
{"event": "optimizer_step", "step": 5800, "regime": "steady", "loss": 0.006568218891819317, "one": 0.0012802341176817815, "rollout": 0.0030758955981582403}
{"event": "optimizer_step", "step": 5820, "regime": "steady", "loss": 0.0067922988285621004, "one": 0.0013712113335107765, "rollout": 0.0033605621041109166}
{"event": "optimizer_step", "step": 5840, "regime": "steady", "loss": 0.007479247326652209, "one": 0.001979566761292517, "rollout": 0.0035373688054581485}
{"event": "optimizer_step", "step": 5860, "regime": "steady", "loss": 0.006036959122866392, "one": 0.0008661373673627774, "rollout": 0.0028077051198730865}
{"event": "optimizer_step", "step": 5880, "regime": "steady", "loss": 0.005534340937932332, "one": 0.0006952447971949975, "rollout": 0.0020704518537968397}
{"event": "optimizer_step", "step": 5900, "regime": "steady", "loss": 0.006671412227054438, "one": 0.0013744761236011982, "rollout": 0.003090185035640995}
{"event": "optimizer_step", "step": 5920, "regime": "steady", "loss": 0.007050716162969668, "one": 0.0017048979449706772, "rollout": 0.003199359014009436}
{"event": "optimizer_step", "step": 5940, "regime": "steady", "loss": 0.006117634320010742, "one": 0.0010559999112350247, "rollout": 0.0025611924938857555}
{"event": "optimizer_step", "step": 5960, "regime": "steady", "loss": 0.0069466439696649705, "one": 0.001309261405064414, "rollout": 0.003852035074184338}
{"event": "optimizer_step", "step": 5980, "regime": "steady", "loss": 0.005803868640214205, "one": 0.0008437338595589002, "rollout": 0.002344651186528305}
{"event": "optimizer_step", "step": 6000, "regime": "steady", "loss": 0.0058983767715593185, "one": 0.0007448434674491485, "rollout": 0.00277124826485912}
{"event": "optimizer_step", "step": 6020, "regime": "steady", "loss": 0.005508539732545614, "one": 0.0005823815008625388, "rollout": 0.0022696742865567403}
{"event": "optimizer_step", "step": 6040, "regime": "steady", "loss": 0.006475173713018497, "one": 0.0010900191846303642, "rollout": 0.003285586989174286}
{"event": "optimizer_step", "step": 6060, "regime": "steady", "loss": 0.005706160484502713, "one": 0.0007482129537189999, "rollout": 0.002336198541646202}
{"event": "optimizer_step", "step": 6080, "regime": "steady", "loss": 0.006019559223204851, "one": 0.0008615424352077146, "rollout": 0.0027788206934928894}
{"event": "optimizer_step", "step": 6100, "regime": "steady", "loss": 0.005980077354858319, "one": 0.0008139672184673448, "rollout": 0.0028012622303018966}
{"event": "optimizer_step", "step": 6120, "regime": "steady", "loss": 0.005618659624209006, "one": 0.0006410343339666724, "rollout": 0.0023851260387649136}
{"event": "optimizer_step", "step": 6140, "regime": "steady", "loss": 0.006255951089163622, "one": 0.0007123257964849472, "rollout": 0.003632049580725531}
{"event": "optimizer_step", "step": 6160, "regime": "steady", "loss": 0.006016031528512637, "one": 0.0010811296912531057, "rollout": 0.0022880899875114364}
{"event": "optimizer_step", "step": 6180, "regime": "steady", "loss": 0.005597927918036779, "one": 0.0007151766524960597, "rollout": 0.002172232372686267}
{"event": "optimizer_step", "step": 6200, "regime": "steady", "loss": 0.006523065734654665, "one": 0.001129238517023623, "rollout": 0.0033049990112582845}
{"event": "optimizer_step", "step": 6220, "regime": "steady", "loss": 0.005889841510603825, "one": 0.0010117128258571029, "rollout": 0.002164606160173814}
{"event": "optimizer_step", "step": 6240, "regime": "steady", "loss": 0.0061436970718204975, "one": 0.0010326141491532326, "rollout": 0.0026797067063550153}
{"event": "optimizer_step", "step": 6260, "regime": "steady", "loss": 0.005805228215952714, "one": 0.0007171559069926541, "rollout": 0.0026286751187096042}
{"event": "optimizer_step", "step": 6280, "regime": "steady", "loss": 0.008331836356470983, "one": 0.0022753650361361606, "rollout": 0.0047796582027028}
{"event": "optimizer_step", "step": 6300, "regime": "steady", "loss": 0.005680355864266555, "one": 0.0008300987926001351, "rollout": 0.002097136263425152}
{"event": "optimizer_step", "step": 6320, "regime": "steady", "loss": 0.00626735823849837, "one": 0.0012165407145706315, "rollout": 0.0025459408837681012}
{"event": "optimizer_step", "step": 6340, "regime": "steady", "loss": 0.006408051742861668, "one": 0.0012329027134304247, "rollout": 0.002822732009614507}
{"event": "optimizer_step", "step": 6360, "regime": "steady", "loss": 0.0062252976931631565, "one": 0.0011184230582633365, "rollout": 0.002671566636612018}
{"event": "optimizer_step", "step": 6380, "regime": "steady", "loss": 0.00680805929005146, "one": 0.0012053264460215967, "rollout": 0.0037699562186996145}
{"event": "optimizer_step", "step": 6400, "regime": "steady", "loss": 0.006161301086346308, "one": 0.0010488208499737084, "rollout": 0.0026846701900164285}
{"event": "optimizer_step", "step": 6420, "regime": "steady", "loss": 0.005580186067769924, "one": 0.0007717787326934437, "rollout": 0.002008255027855436}
{"event": "optimizer_step", "step": 6440, "regime": "steady", "loss": 0.005538222845643759, "one": 0.0007514446818580229, "rollout": 0.0019566426829745374}
{"event": "optimizer_step", "step": 6460, "regime": "steady", "loss": 0.005711161997169256, "one": 0.0008232164351890485, "rollout": 0.00218135304749012}
{"event": "optimizer_step", "step": 6480, "regime": "steady", "loss": 0.006039049786825975, "one": 0.0009208477179830272, "rollout": 0.0026994498524193964}
{"event": "optimizer_step", "step": 6500, "regime": "steady", "loss": 0.005378212003658215, "one": 0.0005984585150144994, "rollout": 0.0019382269432147345}
{"event": "optimizer_step", "step": 6520, "regime": "steady", "loss": 0.005765255851050218, "one": 0.0008058318053372204, "rollout": 0.0023362526359657445}
{"event": "optimizer_step", "step": 6540, "regime": "steady", "loss": 0.005193190028270085, "one": 0.0005324593706366917, "rollout": 0.0016793175988520188}
{"event": "optimizer_step", "step": 6560, "regime": "steady", "loss": 0.00576382844398419, "one": 0.0008971058608343203, "rollout": 0.0021361119967574873}
{"event": "optimizer_step", "step": 6580, "regime": "steady", "loss": 0.005259115093698105, "one": 0.0005371527513489127, "rollout": 0.0018142953049391508}
{"event": "optimizer_step", "step": 6600, "regime": "steady", "loss": 0.005558409107228121, "one": 0.0006812745317195852, "rollout": 0.0021617842527727285}
{"event": "optimizer_step", "step": 6620, "regime": "steady", "loss": 0.005906522274017334, "one": 0.0010029245944072802, "rollout": 0.0022199843854953847}
{"event": "optimizer_step", "step": 6640, "regime": "steady", "loss": 0.005913930634657543, "one": 0.001046766061335802, "rollout": 0.0021406457914660373}
{"event": "optimizer_step", "step": 6660, "regime": "steady", "loss": 0.005537863976011674, "one": 0.0007463969717112681, "rollout": 0.0019683154920736947}
{"event": "optimizer_step", "step": 6680, "regime": "steady", "loss": 0.005842364858835936, "one": 0.0009587874131587645, "rollout": 0.002172648790292442}
{"event": "optimizer_step", "step": 6700, "regime": "steady", "loss": 0.006978833582252264, "one": 0.001138699590228498, "rollout": 0.004300112874868016}
{"event": "optimizer_step", "step": 6720, "regime": "steady", "loss": 0.005665888388951619, "one": 0.0007684854984593888, "rollout": 0.0022053657254825034}
{"event": "optimizer_step", "step": 6740, "regime": "steady", "loss": 0.0062348549254238605, "one": 0.0008294743214113016, "rollout": 0.003329013241454959}
{"event": "optimizer_step", "step": 6760, "regime": "steady", "loss": 0.006831454734007518, "one": 0.0017472417869915566, "rollout": 0.0026222766221811375}
{"event": "optimizer_step", "step": 6780, "regime": "steady", "loss": 0.006045313086360693, "one": 0.0009176813764497638, "rollout": 0.002718495748316248}
{"event": "optimizer_step", "step": 6800, "regime": "steady", "loss": 0.006458027443538109, "one": 0.0015054677302638688, "rollout": 0.002328702093412479}
{"event": "optimizer_step", "step": 6820, "regime": "steady", "loss": 0.005182272599389156, "one": 0.00046057531532521046, "rollout": 0.0018126214078317084}
{"event": "optimizer_step", "step": 6840, "regime": "steady", "loss": 0.006519043352454902, "one": 0.0015041012472162645, "rollout": 0.0024671095112959547}
{"event": "optimizer_step", "step": 6860, "regime": "steady", "loss": 0.01026412487650911, "one": 0.004114412993658334, "rollout": 0.004987688618712127}
{"event": "optimizer_step", "step": 6880, "regime": "steady", "loss": 0.005483617230008046, "one": 0.0007522400701418519, "rollout": 0.0018392923132826882}
{"event": "optimizer_step", "step": 6900, "regime": "steady", "loss": 0.006384614544610182, "one": 0.0010987655647719898, "rollout": 0.003069055111457904}
{"event": "optimizer_step", "step": 6920, "regime": "steady", "loss": 0.005249093131472667, "one": 0.0005410959905323882, "rollout": 0.001781464709589879}
{"event": "optimizer_step", "step": 6940, "regime": "steady", "loss": 0.005855130963027477, "one": 0.0009190452401526272, "rollout": 0.0022960236140837273}
{"event": "optimizer_step", "step": 6960, "regime": "steady", "loss": 0.005005562367538611, "one": 0.00047783925159213447, "rollout": 0.0013862610406552753}
{"event": "optimizer_step", "step": 6980, "regime": "steady", "loss": 0.006106337687621513, "one": 0.0009860365729158123, "rollout": 0.002702044090256095}
{"event": "optimizer_step", "step": 7000, "regime": "steady", "loss": 0.013671998245020706, "one": 0.00729139253962785, "rollout": 0.0055019569893678035}
{"event": "optimizer_step", "step": 7020, "regime": "steady", "loss": 0.005810007142523925, "one": 0.0006594055545671532, "rollout": 0.0027695487175757685}
{"event": "optimizer_step", "step": 7040, "regime": "steady", "loss": 0.00572872751702865, "one": 0.0008287840949681897, "rollout": 0.0022124639557053643}
{"event": "optimizer_step", "step": 7060, "regime": "steady", "loss": 0.005793269878874222, "one": 0.0008680130122229457, "rollout": 0.0022704584601645665}
{"event": "optimizer_step", "step": 7080, "regime": "steady", "loss": 0.005409119185060263, "one": 0.0005980867814893525, "rollout": 0.002017071354202926}
{"event": "optimizer_step", "step": 7100, "regime": "steady", "loss": 0.005320805435379346, "one": 0.0005751006149997314, "rollout": 0.0018704852166896064}
{"event": "optimizer_step", "step": 7120, "regime": "steady", "loss": 0.005799997442712386, "one": 0.000895100044241796, "rollout": 0.002222594222985208}
{"event": "optimizer_step", "step": 7140, "regime": "steady", "loss": 0.005567602037141721, "one": 0.0007389574311673641, "rollout": 0.002056026947684586}
{"event": "optimizer_step", "step": 7160, "regime": "steady", "loss": 0.005658666292826334, "one": 0.0008519981832553943, "rollout": 0.002006544770362477}
{"event": "optimizer_step", "step": 7180, "regime": "steady", "loss": 0.006050361941258113, "one": 0.00104099636276563, "rollout": 0.002457473737498124}
{"event": "optimizer_step", "step": 7200, "regime": "steady", "loss": 0.00574503435442845, "one": 0.0009420952992513776, "rollout": 0.0019941619442154965}
{"event": "optimizer_step", "step": 7220, "regime": "steady", "loss": 0.005759165467073521, "one": 0.0010225059813819826, "rollout": 0.0018490564155702789}
{"event": "optimizer_step", "step": 7240, "regime": "steady", "loss": 0.006125345981369416, "one": 0.0010491055630457897, "rollout": 0.002607683107877771}
{"event": "optimizer_step", "step": 7260, "regime": "steady", "loss": 0.005385279189795256, "one": 0.0006709803904717166, "rollout": 0.0017988799372687936}
{"event": "optimizer_step", "step": 7280, "regime": "steady", "loss": 0.005722191650420427, "one": 0.0009229172331591446, "rollout": 0.001989531680010259}
{"event": "optimizer_step", "step": 7300, "regime": "steady", "loss": 0.0052893925458192825, "one": 0.000639707160492738, "rollout": 0.0016568821156397462}
{"event": "optimizer_step", "step": 7320, "regime": "steady", "loss": 0.005410948457817237, "one": 0.0006363512948155403, "rollout": 0.001932247270209094}
{"event": "optimizer_step", "step": 7340, "regime": "steady", "loss": 0.005408558839311202, "one": 0.0006934003419398019, "rollout": 0.0018030779513840875}
{"event": "optimizer_step", "step": 7360, "regime": "steady", "loss": 0.005654759394625823, "one": 0.0008688021140793959, "rollout": 0.001953631639480591}
{"event": "optimizer_step", "step": 7380, "regime": "steady", "loss": 0.005987921264022589, "one": 0.0008418961660936475, "rollout": 0.0027547374678154784}
{"event": "optimizer_step", "step": 7400, "regime": "steady", "loss": 0.005434656981378794, "one": 0.0006910936596492926, "rollout": 0.0018653287940348189}
{"event": "optimizer_step", "step": 7420, "regime": "steady", "loss": 0.005205460668851932, "one": 0.0005868062241158137, "rollout": 0.0015890161351611216}
{"event": "optimizer_step", "step": 7440, "regime": "steady", "loss": 0.005323294084519148, "one": 0.0007000086479820311, "rollout": 0.0015992209470520415}
{"event": "optimizer_step", "step": 7460, "regime": "steady", "loss": 0.005459939284871021, "one": 0.0006700900848954916, "rollout": 0.0019711219162369766}
{"event": "optimizer_step", "step": 7480, "regime": "steady", "loss": 0.005677499963591496, "one": 0.0007791120636587342, "rollout": 0.0022074547596275806}
{"event": "optimizer_step", "step": 7500, "regime": "steady", "loss": 0.005099626102795204, "one": 0.0005255016634085526, "rollout": 0.0014898304361850023}
{"event": "optimizer_step", "step": 7520, "regime": "steady", "loss": 0.0055871037766337395, "one": 0.0009008387957389157, "rollout": 0.001739484219190975}
{"event": "optimizer_step", "step": 7540, "regime": "steady", "loss": 0.00549681531265378, "one": 0.0007144553237594664, "rollout": 0.0019455784543727836}
{"event": "optimizer_step", "step": 7560, "regime": "steady", "loss": 0.006906483632822831, "one": 0.0019861712935380638, "rollout": 0.002259463809120158}
{"event": "optimizer_step", "step": 7580, "regime": "steady", "loss": 0.0056747193448245525, "one": 0.0009255445717523496, "rollout": 0.0018801265784228842}
{"event": "optimizer_step", "step": 7600, "regime": "steady", "loss": 0.004958454053848982, "one": 0.0004245250408227245, "rollout": 0.0013981669132287302}
{"event": "optimizer_step", "step": 7620, "regime": "steady", "loss": 0.005281196907162666, "one": 0.0006627708013790349, "rollout": 0.0015849608074252803}
{"event": "optimizer_step", "step": 7640, "regime": "steady", "loss": 0.0055642868392169476, "one": 0.0006874531100038439, "rollout": 0.0021636607125401497}
{"event": "optimizer_step", "step": 7660, "regime": "steady", "loss": 0.005592797106752792, "one": 0.0007279858109541238, "rollout": 0.0021365391245732708}
{"event": "optimizer_step", "step": 7680, "regime": "steady", "loss": 0.004954293680687745, "one": 0.0004437265840048591, "rollout": 0.0013474299339577556}
{"event": "optimizer_step", "step": 7700, "regime": "steady", "loss": 0.00538138160482049, "one": 0.000722791029450794, "rollout": 0.0016783361788839102}
{"event": "optimizer_step", "step": 7720, "regime": "steady", "loss": 0.006383960756162802, "one": 0.0014614134561270475, "rollout": 0.0022615626609573765}
{"event": "optimizer_step", "step": 7740, "regime": "steady", "loss": 0.005244788868973653, "one": 0.0006702580528023342, "rollout": 0.0014930163354923327}
{"event": "optimizer_step", "step": 7760, "regime": "steady", "loss": 0.0049218423664569855, "one": 0.00047629562322981656, "rollout": 0.0012054107695197065}
{"event": "optimizer_step", "step": 7780, "regime": "steady", "loss": 0.005325700466831525, "one": 0.0006707689608447254, "rollout": 0.0016664856811985373}
{"event": "optimizer_step", "step": 7800, "regime": "steady", "loss": 0.005145419389009476, "one": 0.0005771744569453101, "rollout": 0.0014768908343588314}
{"event": "optimizer_step", "step": 7820, "regime": "steady", "loss": 0.00501700940852364, "one": 0.0004905501458172997, "rollout": 0.0013810859527438877}
{"event": "optimizer_step", "step": 7840, "regime": "steady", "loss": 0.005133523760984342, "one": 0.0004521159474582722, "rollout": 0.0017271996087705097}
{"event": "optimizer_step", "step": 7860, "regime": "steady", "loss": 0.005117672961205244, "one": 0.0005421315242225925, "rollout": 0.001495378790423274}
{"event": "optimizer_step", "step": 7880, "regime": "steady", "loss": 0.005281507192800443, "one": 0.0005794900935143232, "rollout": 0.0017686275920520225}
{"event": "optimizer_step", "step": 7900, "regime": "steady", "loss": 0.005007956642657518, "one": 0.0005317343748174608, "rollout": 0.0012712277239188552}
{"event": "optimizer_step", "step": 7920, "regime": "steady", "loss": 0.005082552166034778, "one": 0.0005686374400587132, "rollout": 0.0013519608570883672}
{"event": "optimizer_step", "step": 7940, "regime": "steady", "loss": 0.0054023973643779755, "one": 0.0007893521833466366, "rollout": 0.001571242231875658}
{"event": "optimizer_step", "step": 7960, "regime": "steady", "loss": 0.006057277787476778, "one": 0.001393147084551553, "rollout": 0.0016876759473234415}
{"event": "optimizer_step", "step": 7980, "regime": "steady", "loss": 0.005233961002280315, "one": 0.0006592341136032094, "rollout": 0.001493078889325261}
{"event": "optimizer_step", "step": 8000, "regime": "steady", "loss": 0.005045990614841382, "one": 0.0004417359402092795, "rollout": 0.0015548133136083682}
{"event": "optimizer_step", "step": 8020, "regime": "steady", "loss": 0.005610281135886908, "one": 0.0008982955284106235, "rollout": 0.0017974290919179718}
{"event": "optimizer_step", "step": 8040, "regime": "steady", "loss": 0.005290229183932146, "one": 0.0008184102092248697, "rollout": 0.0012622494444561503}
{"event": "optimizer_step", "step": 8060, "regime": "steady", "loss": 0.00497910085444649, "one": 0.0005213265928129356, "rollout": 0.0012307575282951195}
{"event": "optimizer_step", "step": 8080, "regime": "steady", "loss": 0.00501469677935044, "one": 0.0005399559546882907, "rollout": 0.0012681861214029293}
{"event": "optimizer_step", "step": 8100, "regime": "steady", "loss": 0.004869637079536915, "one": 0.00043695937104833626, "rollout": 0.0011744033157204588}
{"event": "optimizer_step", "step": 8120, "regime": "steady", "loss": 0.005166932164380948, "one": 0.0005836284447771808, "rollout": 0.0015086814140280087}
{"event": "optimizer_step", "step": 8140, "regime": "steady", "loss": 0.004818931066741547, "one": 0.00040848473630224663, "rollout": 0.001127199619077146}
{"event": "optimizer_step", "step": 8160, "regime": "steady", "loss": 0.005729979059348503, "one": 0.0009613577858544886, "rollout": 0.0019227224790180721}
{"event": "optimizer_step", "step": 8180, "regime": "steady", "loss": 0.005551908475657304, "one": 0.0007342493045143783, "rollout": 0.0020290873556708293}
{"event": "optimizer_step", "step": 8200, "regime": "steady", "loss": 0.005133396790673336, "one": 0.0005057067513310661, "rollout": 0.0016033246647566557}
{"event": "optimizer_step", "step": 8220, "regime": "steady", "loss": 0.005032802776743968, "one": 0.000541741067233185, "rollout": 0.0013047188986092806}
{"event": "optimizer_step", "step": 8240, "regime": "steady", "loss": 0.005289630188296238, "one": 0.000762130036794891, "rollout": 0.0013868546035761635}
{"event": "optimizer_step", "step": 8260, "regime": "steady", "loss": 0.006866495280216137, "one": 0.0008991809639458854, "rollout": 0.004584761491666237}
{"event": "optimizer_step", "step": 8280, "regime": "steady", "loss": 0.0062744507255653535, "one": 0.0007063922627518575, "rollout": 0.003698294671873252}
{"event": "optimizer_step", "step": 8300, "regime": "steady", "loss": 0.009082383631418148, "one": 0.00038380771487330395, "rollout": 0.010652977662781875}
{"event": "optimizer_step", "step": 8320, "regime": "steady", "loss": 0.006232930502543847, "one": 0.0006955045973882079, "rollout": 0.0036315300191442175}
{"event": "optimizer_step", "step": 8340, "regime": "steady", "loss": 0.006050344401349625, "one": 0.0006123777905789515, "rollout": 0.003407197305932641}
{"event": "optimizer_step", "step": 8360, "regime": "steady", "loss": 0.005738524564852318, "one": 0.0006762762204743922, "rollout": 0.0025714668057238064}
{"event": "optimizer_step", "step": 8380, "regime": "steady", "loss": 0.0052656917832791805, "one": 0.0004904168211699773, "rollout": 0.0019363062844301262}
{"event": "optimizer_step", "step": 8400, "regime": "steady", "loss": 0.006074124791969855, "one": 0.0011195879778824747, "rollout": 0.0023362253171702227}
{"event": "optimizer_step", "step": 8420, "regime": "steady", "loss": 0.005608741814891497, "one": 0.0006774758027556042, "rollout": 0.002282859059050679}
{"event": "optimizer_step", "step": 8440, "regime": "steady", "loss": 0.0057002403773367405, "one": 0.0005868261602396767, "rollout": 0.002688046001518766}
{"event": "optimizer_step", "step": 8460, "regime": "steady", "loss": 0.0052741169929504395, "one": 0.00047543895198032255, "rollout": 0.0019872316236918173}
{"event": "optimizer_step", "step": 8480, "regime": "steady", "loss": 0.00539337657392025, "one": 0.0005599198921117932, "rollout": 0.0020660375400135913}
{"event": "optimizer_step", "step": 8500, "regime": "steady", "loss": 0.0049691409803926945, "one": 0.000364159777139624, "rollout": 0.0015577339800074697}
{"event": "optimizer_step", "step": 8520, "regime": "steady", "loss": 0.00532032223418355, "one": 0.0004423396215618899, "rollout": 0.0021606835070997477}
{"event": "optimizer_step", "step": 8540, "regime": "steady", "loss": 0.00529778345177571, "one": 0.0005491590418387204, "rollout": 0.0018780572960774107}
{"event": "optimizer_step", "step": 8560, "regime": "steady", "loss": 0.0053951614536345005, "one": 0.0005566894154374797, "rollout": 0.0020775782177224755}
{"event": "optimizer_step", "step": 8580, "regime": "steady", "loss": 0.005186062927047412, "one": 0.00037289854177894693, "rollout": 0.002020408321792881}
{"event": "optimizer_step", "step": 8600, "regime": "steady", "loss": 0.005395008406291405, "one": 0.0006671767914667726, "rollout": 0.0018316551577299833}
{"event": "optimizer_step", "step": 8620, "regime": "steady", "loss": 0.005341376022746166, "one": 0.0003666926349978894, "rollout": 0.002377379103563726}
{"event": "optimizer_step", "step": 8640, "regime": "steady", "loss": 0.005389692882696788, "one": 0.0005437201859119037, "rollout": 0.0020931956047813096}
{"event": "optimizer_step", "step": 8660, "regime": "steady", "loss": 0.005190257138262193, "one": 0.0005725079487698773, "rollout": 0.001587325163806478}
{"event": "optimizer_step", "step": 8680, "regime": "steady", "loss": 0.004820963833481073, "one": 0.0004200683324597776, "rollout": 0.0011057220011328657}
{"event": "optimizer_step", "step": 8700, "regime": "steady", "loss": 0.0056084512422482176, "one": 0.0006418127353147914, "rollout": 0.002364403762233754}
{"event": "optimizer_step", "step": 8720, "regime": "steady", "loss": 0.005056479945778847, "one": 0.0005411947980367889, "rollout": 0.0013591159755984943}
{"event": "optimizer_step", "step": 8740, "regime": "steady", "loss": 0.005282504949718714, "one": 0.0006609684399639566, "rollout": 0.0015953597224627933}
{"event": "optimizer_step", "step": 8760, "regime": "steady", "loss": 0.005112840483585993, "one": 0.0004956748841019968, "rollout": 0.0015874206631754837}
{"event": "optimizer_step", "step": 8780, "regime": "steady", "loss": 0.005199016692737738, "one": 0.00047914940902652836, "rollout": 0.001812817567648987}
{"event": "optimizer_step", "step": 8800, "regime": "steady", "loss": 0.004908354952931404, "one": 0.0003860381451280167, "rollout": 0.0013755111722275615}
{"event": "optimizer_step", "step": 8820, "regime": "steady", "loss": 0.005485633543382089, "one": 0.0007079849601723254, "rollout": 0.0019442973813662925}
{"event": "optimizer_step", "step": 8840, "regime": "steady", "loss": 0.005086511994401613, "one": 0.0004901932649469625, "rollout": 0.001537821915311118}
{"event": "optimizer_step", "step": 8860, "regime": "steady", "loss": 0.005101803845415513, "one": 0.00033000864398976165, "rollout": 0.001930435304529965}
{"event": "optimizer_step", "step": 8880, "regime": "steady", "loss": 0.004965020964543025, "one": 0.00037898441466192406, "rollout": 0.0015169064669559398}
{"event": "optimizer_step", "step": 8900, "regime": "steady", "loss": 0.004996180534362793, "one": 0.0004779285712478062, "rollout": 0.0013675979959468045}
{"event": "optimizer_step", "step": 8920, "regime": "steady", "loss": 0.004907206166535616, "one": 0.00040705989037329954, "rollout": 0.0013233139179646969}
{"event": "optimizer_step", "step": 8940, "regime": "steady", "loss": 0.00509716368590792, "one": 0.00046398127839590114, "rollout": 0.0016219112245986858}
{"event": "optimizer_step", "step": 8960, "regime": "steady", "loss": 0.005831004430850347, "one": 0.0011051052424591035, "rollout": 0.0018300313192109265}
{"event": "optimizer_step", "step": 8980, "regime": "steady", "loss": 0.005002245772629976, "one": 0.0004510255821514874, "rollout": 0.0014424022519961002}
{"event": "optimizer_step", "step": 9000, "regime": "steady", "loss": 0.005409747362136841, "one": 0.0007072449564778556, "rollout": 0.0017748874767373004}
{"event": "optimizer_step", "step": 9020, "regime": "steady", "loss": 0.0050569687349100905, "one": 0.0004641565028578043, "rollout": 0.0015313409579296906}
{"event": "optimizer_step", "step": 9040, "regime": "steady", "loss": 0.005266922991722822, "one": 0.0005513822737460335, "rollout": 0.0018051285684729614}
{"event": "optimizer_step", "step": 9060, "regime": "steady", "loss": 0.004761106800287962, "one": 0.0003006033172520498, "rollout": 0.001239206447886924}
{"event": "optimizer_step", "step": 9080, "regime": "steady", "loss": 0.005227987499286731, "one": 0.0006597206423369547, "rollout": 0.0014784559607505798}
{"event": "optimizer_step", "step": 9100, "regime": "steady", "loss": 0.004814261881013711, "one": 0.00038953790984426934, "rollout": 0.0011569232447072864}
{"event": "optimizer_step", "step": 9120, "regime": "steady", "loss": 0.18686681799590588, "one": 0.15243575185498534, "rollout": 0.06783850972230235}
{"event": "optimizer_step", "step": 9140, "regime": "steady", "loss": 0.006235036533325911, "one": 0.0014181441317001977, "rollout": 0.0020274124884357056}
{"event": "optimizer_step", "step": 9160, "regime": "steady", "loss": 0.005056914562980333, "one": 0.00033314705554706353, "rollout": 0.001821801260424157}
{"event": "optimizer_step", "step": 9180, "regime": "steady", "loss": 0.005143661672870318, "one": 0.0005406977434176952, "rollout": 0.0015533691039308906}
{"event": "optimizer_step", "step": 9200, "regime": "steady", "loss": 0.004919677662352721, "one": 0.0003670002818883707, "rollout": 0.0014435530950625737}
{"event": "optimizer_step", "step": 9220, "regime": "steady", "loss": 0.004782791404674451, "one": 0.0003814434943099817, "rollout": 0.0011040694856395323}
{"event": "optimizer_step", "step": 9240, "regime": "steady", "loss": 0.004940672001490991, "one": 0.0004223498981446028, "rollout": 0.0013660506422941885}
{"event": "optimizer_step", "step": 9260, "regime": "steady", "loss": 0.0054822831104199094, "one": 0.0006634859795061251, "rollout": 0.002031269754904012}
{"event": "optimizer_step", "step": 9280, "regime": "steady", "loss": 0.005274216178804636, "one": 0.0004987607777972396, "rollout": 0.0019374534410114088}
{"event": "optimizer_step", "step": 9300, "regime": "steady", "loss": 0.004645404095451037, "one": 0.00023378706343161565, "rollout": 0.001129471502887706}
{"event": "optimizer_step", "step": 9320, "regime": "steady", "loss": 0.005281922873109579, "one": 0.0006012800925721725, "rollout": 0.0017237688298337162}
{"event": "optimizer_step", "step": 9340, "regime": "steady", "loss": 0.004810843771944443, "one": 0.00031351745322657126, "rollout": 0.0013186645228415728}
{"event": "optimizer_step", "step": 9360, "regime": "steady", "loss": 0.004879999440163374, "one": 0.00039432093035429716, "rollout": 0.0012926468043588102}
{"event": "optimizer_step", "step": 9380, "regime": "steady", "loss": 0.005009681296845277, "one": 0.0005169455350066225, "rollout": 0.0013108151033520699}
{"event": "optimizer_step", "step": 9400, "regime": "steady", "loss": 0.005067777664711078, "one": 0.0005381468120807161, "rollout": 0.0013899259114017088}
{"event": "optimizer_step", "step": 9420, "regime": "steady", "loss": 0.004869423961887757, "one": 0.00036077430316557485, "rollout": 0.0013436374914211533}
{"event": "optimizer_step", "step": 9440, "regime": "steady", "loss": 0.0047690387194355335, "one": 0.000337278819642961, "rollout": 0.0011741434185144803}
{"event": "optimizer_step", "step": 9460, "regime": "steady", "loss": 0.004680946314086517, "one": 0.00032320238824468106, "rollout": 0.001007582856497417}
{"event": "optimizer_step", "step": 9480, "regime": "steady", "loss": 0.005142946882794301, "one": 0.0004989833978470415, "rollout": 0.0016458822259058556}
{"event": "optimizer_step", "step": 9500, "regime": "steady", "loss": 0.004961508326232433, "one": 0.000462660148817425, "rollout": 0.0013208914509353538}
{"event": "optimizer_step", "step": 9520, "regime": "steady", "loss": 0.004637598991394043, "one": 0.00028345596122865874, "rollout": 0.0009994902259980638}
{"event": "optimizer_step", "step": 9540, "regime": "steady", "loss": 0.004890756371120612, "one": 0.000389874253111581, "rollout": 0.0013287773666282494}
{"event": "optimizer_step", "step": 9560, "regime": "steady", "loss": 0.005083349067717791, "one": 0.0004905975171520064, "rollout": 0.0015300230976815026}
{"event": "optimizer_step", "step": 9580, "regime": "steady", "loss": 0.005013899877667427, "one": 0.000396089938779672, "rollout": 0.0015881932340562346}
{"event": "optimizer_step", "step": 9600, "regime": "steady", "loss": 0.004815851493428151, "one": 0.0004023769433842972, "rollout": 0.0011338308298339448}
{"event": "optimizer_step", "step": 9620, "regime": "steady", "loss": 0.004803527146577835, "one": 0.0003578612522687763, "rollout": 0.0012049376188466945}
{"event": "optimizer_step", "step": 9640, "regime": "steady", "loss": 0.004975946620106697, "one": 0.0004097177734365686, "rollout": 0.0014724581269547345}
{"event": "optimizer_step", "step": 9660, "regime": "steady", "loss": 0.005045233604808648, "one": 0.0005012551749435563, "rollout": 0.0014204080992688737}
{"event": "optimizer_step", "step": 9680, "regime": "steady", "loss": 0.005410057182113329, "one": 0.0005859429559980829, "rollout": 0.002045149332843721}
{"event": "optimizer_step", "step": 9700, "regime": "steady", "loss": 0.004689522087574005, "one": 0.0003624256642069667, "rollout": 0.000939645532829066}
{"event": "optimizer_step", "step": 9720, "regime": "steady", "loss": 0.0048347086024781065, "one": 0.00040250324915784097, "rollout": 0.001173118866669635}
{"event": "optimizer_step", "step": 9740, "regime": "steady", "loss": 0.004979448392987251, "one": 0.00047816419100854546, "rollout": 0.001327233447227627}
{"event": "optimizer_step", "step": 9760, "regime": "steady", "loss": 0.00483228825032711, "one": 0.00047074458173786604, "rollout": 0.0010181181714870036}
{"event": "optimizer_step", "step": 9780, "regime": "steady", "loss": 0.005298549775034189, "one": 0.000654342429091533, "rollout": 0.0016467034195860226}
{"event": "optimizer_step", "step": 9800, "regime": "steady", "loss": 0.004654082624862591, "one": 0.0002914218057412654, "rollout": 0.0010212336977322896}
{"event": "optimizer_step", "step": 9820, "regime": "steady", "loss": 0.004623372418185076, "one": 0.00025180527882184833, "rollout": 0.0010380463014977674}
{"event": "optimizer_step", "step": 9840, "regime": "steady", "loss": 0.004842144747575124, "one": 0.0003679477473876128, "rollout": 0.0012662797623003523}
{"event": "optimizer_step", "step": 9860, "regime": "steady", "loss": 0.005077204201370478, "one": 0.0005052138876635581, "rollout": 0.0014855325377235809}
{"event": "optimizer_step", "step": 9880, "regime": "steady", "loss": 0.004862060459951559, "one": 0.00043683048958579696, "rollout": 0.0011582050162057083}
{"event": "optimizer_step", "step": 9900, "regime": "steady", "loss": 0.004825584900875886, "one": 0.00039700455575560534, "rollout": 0.0011665773733208578}
{"event": "optimizer_step", "step": 9920, "regime": "steady", "loss": 0.004827787323544423, "one": 0.0004692109747945021, "rollout": 0.0010105626424774528}
{"event": "optimizer_step", "step": 9940, "regime": "steady", "loss": 0.00474501463274161, "one": 0.00035920065905277926, "rollout": 0.0010722024987141292}
{"event": "optimizer_step", "step": 9960, "regime": "steady", "loss": 0.004780873811493318, "one": 0.00042658014960276586, "rollout": 0.0010030124879752595}
{"event": "optimizer_step", "step": 9980, "regime": "steady", "loss": 0.004918456698457399, "one": 0.0004857527286124726, "rollout": 0.0011754404210175078}
{"event": "optimizer_step", "step": 10000, "regime": "steady", "loss": 0.004736599046736956, "one": 0.0003173180254331479, "rollout": 0.0011461738031357527}
{"event": "optimizer_step", "step": 10020, "regime": "steady", "loss": 0.004668981923411289, "one": 0.0003612645280857881, "rollout": 0.0008982829361533125}
{"event": "optimizer_step", "step": 10040, "regime": "steady", "loss": 0.00470287927115957, "one": 0.000339998989754046, "rollout": 0.0010221413103863597}
{"event": "optimizer_step", "step": 10060, "regime": "steady", "loss": 0.004651166188220183, "one": 0.00032718549482524395, "rollout": 0.0009367081220261753}
{"event": "optimizer_step", "step": 10080, "regime": "steady", "loss": 0.004743238445371389, "one": 0.0003950288034199426, "rollout": 0.0009876769812156756}
{"event": "optimizer_step", "step": 10100, "regime": "steady", "loss": 0.0048908319634695845, "one": 0.0004193083829401682, "rollout": 0.0012632502475753427}
{"event": "optimizer_step", "step": 10120, "regime": "steady", "loss": 0.005578762851655483, "one": 0.0009520315992025038, "rollout": 0.001608361334850391}
{"event": "optimizer_step", "step": 10140, "regime": "steady", "loss": 0.004766330899049838, "one": 0.00041369243020502233, "rollout": 0.0009988083620555699}
{"event": "optimizer_step", "step": 10160, "regime": "steady", "loss": 0.004586114548146725, "one": 0.00023964435968082398, "rollout": 0.000983642142576476}
{"event": "optimizer_step", "step": 10180, "regime": "steady", "loss": 0.004907429373512666, "one": 0.000463560155670469, "rollout": 0.0012031492854778965}
{"event": "optimizer_step", "step": 10200, "regime": "steady", "loss": 0.00490163608143727, "one": 0.0003858920536004007, "rollout": 0.0013587416615337133}
{"event": "optimizer_step", "step": 10220, "regime": "steady", "loss": 0.004783818498253822, "one": 0.0003620865269719313, "rollout": 0.0011511415359564126}
{"event": "optimizer_step", "step": 10240, "regime": "steady", "loss": 0.0048044171805183096, "one": 0.000386934814741835, "rollout": 0.001141360825082908}
{"event": "optimizer_step", "step": 10260, "regime": "steady", "loss": 0.004766884880761305, "one": 0.00036950895446352655, "rollout": 0.001099095194755743}
{"event": "optimizer_step", "step": 10280, "regime": "steady", "loss": 0.004823512242486079, "one": 0.000441639480413869, "rollout": 0.0010638018138706684}
{"event": "optimizer_step", "step": 10300, "regime": "steady", "loss": 0.004939370322972536, "one": 0.00042566203046590084, "rollout": 0.0013559503325571616}
{"event": "optimizer_step", "step": 10320, "regime": "steady", "loss": 0.004916612679759662, "one": 0.0004579558056623986, "rollout": 0.0012290045463790495}
{"event": "optimizer_step", "step": 10340, "regime": "steady", "loss": 0.004855576592187087, "one": 0.00034697370332044863, "rollout": 0.0013447472980866828}
{"event": "optimizer_step", "step": 10360, "regime": "steady", "loss": 0.005239630583673716, "one": 0.0007970245884886633, "rollout": 0.0011996110746016104}
{"event": "optimizer_step", "step": 10380, "regime": "steady", "loss": 0.004867811997731527, "one": 0.00037783435739887256, "rollout": 0.00130105825761954}
{"event": "optimizer_step", "step": 10400, "regime": "steady", "loss": 0.004685282862434785, "one": 0.0002503452172580486, "rollout": 0.0011808063912515838}
{"event": "optimizer_step", "step": 10420, "regime": "steady", "loss": 0.005095801626642545, "one": 0.0005878871306777, "rollout": 0.0013433756539598107}
{"event": "optimizer_step", "step": 10440, "regime": "steady", "loss": 0.0046612586205204325, "one": 0.00032657487220906967, "rollout": 0.0009583781550948818}
{"event": "optimizer_step", "step": 10460, "regime": "steady", "loss": 0.0048754884240527945, "one": 0.00047023206328352296, "rollout": 0.0011148715081314247}
{"event": "optimizer_step", "step": 10480, "regime": "steady", "loss": 0.004910691796491544, "one": 0.0004539179790299386, "rollout": 0.0012269760093962152}
{"event": "optimizer_step", "step": 10500, "regime": "steady", "loss": 0.004537118598818779, "one": 0.0002580161235528067, "rollout": 0.0008338955231010914}
{"event": "optimizer_step", "step": 10520, "regime": "steady", "loss": 0.005059244421621163, "one": 0.000574381857101495, "rollout": 0.00129189423751086}
{"event": "optimizer_step", "step": 10540, "regime": "steady", "loss": 0.004810780597229798, "one": 0.00041746504333180684, "rollout": 0.0010903329821303487}
{"event": "optimizer_step", "step": 10560, "regime": "steady", "loss": 0.004720657287786404, "one": 0.00032970415001424647, "rollout": 0.0010838742794779441}
{"event": "optimizer_step", "step": 10580, "regime": "steady", "loss": 0.004725179945429166, "one": 0.0002814045534857238, "rollout": 0.0012001354868213334}
{"event": "optimizer_step", "step": 10600, "regime": "steady", "loss": 0.004680074906597535, "one": 0.0003124549984931946, "rollout": 0.0010303974462052188}
{"event": "optimizer_step", "step": 10620, "regime": "steady", "loss": 0.004914111302544673, "one": 0.00041128492254453397, "rollout": 0.0013316796782116096}
{"event": "optimizer_step", "step": 10640, "regime": "steady", "loss": 0.004858566913753748, "one": 0.00041338365311579156, "rollout": 0.0012045126059092581}
{"event": "optimizer_step", "step": 10660, "regime": "steady", "loss": 0.004884918996443351, "one": 0.00042164247133769095, "rollout": 0.0012439496349543333}
{"event": "optimizer_step", "step": 10680, "regime": "steady", "loss": 0.005140258154521386, "one": 0.0005582841695286334, "rollout": 0.001508350755708913}
{"event": "optimizer_step", "step": 10700, "regime": "steady", "loss": 0.00464709863687555, "one": 0.00027645760080001003, "rollout": 0.0010384621176247795}
{"event": "optimizer_step", "step": 10720, "regime": "steady", "loss": 0.0045296599467595415, "one": 0.0002257756326192369, "rollout": 0.0008890781318768859}
{"event": "optimizer_step", "step": 10740, "regime": "steady", "loss": 0.004828916862607002, "one": 0.00039751484291628003, "rollout": 0.0011750792036764324}
{"event": "optimizer_step", "step": 10760, "regime": "steady", "loss": 0.005198022661109766, "one": 0.0005407194742777695, "rollout": 0.001676165188352267}
{"event": "optimizer_step", "step": 10780, "regime": "steady", "loss": 0.004731820896267891, "one": 0.0003370008101531615, "rollout": 0.0010904252994805574}
{"event": "optimizer_step", "step": 10800, "regime": "steady", "loss": 0.004816979790727297, "one": 0.0003577327200522025, "rollout": 0.001234511185127}
{"event": "optimizer_step", "step": 10820, "regime": "steady", "loss": 0.005030382890254259, "one": 0.0005198654156023015, "rollout": 0.0013486910417365532}
{"event": "optimizer_step", "step": 10840, "regime": "steady", "loss": 0.005254198176165422, "one": 0.0006546989704171816, "rollout": 0.0015453414137785633}
{"event": "optimizer_step", "step": 10860, "regime": "steady", "loss": 0.0050020792211095495, "one": 0.0005434638781783481, "rollout": 0.00123415922280401}
{"event": "optimizer_step", "step": 10880, "regime": "steady", "loss": 0.004680336608241001, "one": 0.0004015435988549143, "rollout": 0.0008328379093048474}
{"event": "optimizer_step", "step": 10900, "regime": "steady", "loss": 0.004808771113554637, "one": 0.0004305568096848826, "rollout": 0.001054689559775094}
{"event": "optimizer_step", "step": 10920, "regime": "steady", "loss": 0.00514829671010375, "one": 0.0006680901084716122, "rollout": 0.0012826417805626988}
{"event": "optimizer_step", "step": 10940, "regime": "steady", "loss": 0.004655711508045594, "one": 0.0002789198091098418, "rollout": 0.0010513453744351864}
{"event": "optimizer_step", "step": 10960, "regime": "steady", "loss": 0.004738127812743187, "one": 0.00030559060784677666, "rollout": 0.0011762509238906205}
{"event": "optimizer_step", "step": 10980, "regime": "steady", "loss": 0.004721096561600764, "one": 0.00032436413069566095, "rollout": 0.0010960494012882314}
{"event": "optimizer_step", "step": 11000, "regime": "steady", "loss": 0.004673589486628771, "one": 0.00031086330030423903, "rollout": 0.0010178765514865518}
swanlab: 📁 View project at 
https://swanlab.cn/@panxy1019/PaperSpecialistAblationsSingleSeed20260724
swanlab: 🚀 View run DataOnly-steady-seed202607251 at 
https://swanlab.cn/@panxy1019/PaperSpecialistAblationsSingleSeed20260724/runs/sv
onv5yh
swanlab: Upload complete: 9341 records
