{"event": "startup", "experiment": "S2-B", "host": "e9c967685351", "mode": "train", "pid": 32404, "python": "/root/miniconda3/envs/pt_env/bin/python"}
Traceback (most recent call last):
  File "/root/siton-data-ecd30b0dd03a4b6c86d4ad3b98458111/panxy/particalMOE/paper_experiments/code/run_vanilla_fnn_moe.py", line 342, in <module>
    raise SystemExit(main())
                     ^^^^^^
  File "/root/siton-data-ecd30b0dd03a4b6c86d4ad3b98458111/panxy/particalMOE/paper_experiments/code/run_vanilla_fnn_moe.py", line 289, in main
    trainer.main()
  File "/root/siton-data-ecd30b0dd03a4b6c86d4ad3b98458111/panxy/particalMOE/steady_specialist_v1/code/train_s2b_3090.py", line 498, in main
    else: exp.train()
          ^^^^^^^^^^^
  File "/root/siton-data-ecd30b0dd03a4b6c86d4ad3b98458111/panxy/particalMOE/steady_specialist_v1/code/train_s2b_3090.py", line 449, in train
    preflight=json.loads((self.run/"preflight_report.json").read_text()); selected=preflight["benchmark"]
                         ^^^^^^^^^^^^^^^^^^^^^^^^^^^^^^^^^^^^^^^^^^^^^^
  File "/root/miniconda3/envs/pt_env/lib/python3.11/pathlib.py", line 1058, in read_text
    with self.open(mode='r', encoding=encoding, errors=errors) as f:
         ^^^^^^^^^^^^^^^^^^^^^^^^^^^^^^^^^^^^^^^^^^^^^^^^^^^^^
  File "/root/miniconda3/envs/pt_env/lib/python3.11/pathlib.py", line 1044, in open
    return io.open(self, mode, buffering, encoding, errors, newline)
           ^^^^^^^^^^^^^^^^^^^^^^^^^^^^^^^^^^^^^^^^^^^^^^^^^^^^^^^^^
FileNotFoundError: [Errno 2] No such file or directory: '/root/siton-data-ecd30b0dd03a4b6c86d4ad3b98458111/panxy/particalMOE/paper_experiments/runs/specialist_ablations_single_seed_v3_20260724/steady/vanilla-fnn/training/s2/runtime/preflight_report.json'
