swanlab: Currently logged in as: panxy1019 to https://api.swanlab.cn. Use 
`swanlab login --relogin` to force relogin
swanlab: Tracking run with swanlab version 0.9.0
swanlab: 💾 Run data saved at 
formal_E3_chart_independent/swanlog/run-20260722_211026-1wi4t1c3
swanlab: 📁 View project at 
https://swanlab.cn/@panxy1019/V17_TrajectoryLevel_Hierarchical_MoE
swanlab: 🚀 View run E3_chart_independent_seed31003 at 
https://swanlab.cn/@panxy1019/V17_TrajectoryLevel_Hierarchical_MoE/runs/1wi4t1c3
{"event": "evaluation", "step": 1, "loss": 1.1834574937820435, "accuracy": 0.2, "balanced_accuracy": 0.3333333333333333, "macro_f1": 0.11111111111111112, "confusion_matrix": [[0, 2, 0], [0, 2, 0], [0, 6, 0]], "nll": 1.2368130683898926, "brier": 0.7515042207166627, "illegal_S_P_top2_count": 0}
{"event": "evaluation", "step": 100, "loss": 0.519687831401825, "accuracy": 0.9, "balanced_accuracy": 0.9444444444444445, "macro_f1": 0.903030303030303, "confusion_matrix": [[2, 0, 0], [0, 2, 0], [0, 1, 5]], "nll": 0.4492899477481842, "brier": 0.25179512005987614, "illegal_S_P_top2_count": 3}
{"event": "evaluation", "step": 200, "loss": 0.21594096720218658, "accuracy": 1.0, "balanced_accuracy": 1.0, "macro_f1": 1.0, "confusion_matrix": [[2, 0, 0], [0, 2, 0], [0, 0, 6]], "nll": 0.17068089544773102, "brier": 0.09142779288208626, "illegal_S_P_top2_count": 4}
{"event": "evaluation", "step": 300, "loss": 0.13276204466819763, "accuracy": 1.0, "balanced_accuracy": 1.0, "macro_f1": 1.0, "confusion_matrix": [[2, 0, 0], [0, 2, 0], [0, 0, 6]], "nll": 0.07987942546606064, "brier": 0.028233448239384375, "illegal_S_P_top2_count": 4}
{"event": "evaluation", "step": 400, "loss": 0.1260398030281067, "accuracy": 1.0, "balanced_accuracy": 1.0, "macro_f1": 1.0, "confusion_matrix": [[2, 0, 0], [0, 2, 0], [0, 0, 6]], "nll": 0.04624583199620247, "brier": 0.012257684621801494, "illegal_S_P_top2_count": 4}
{"event": "evaluation", "step": 500, "loss": 0.1204102486371994, "accuracy": 1.0, "balanced_accuracy": 1.0, "macro_f1": 1.0, "confusion_matrix": [[2, 0, 0], [0, 2, 0], [0, 0, 6]], "nll": 0.027606258168816566, "brier": 0.004091700114900379, "illegal_S_P_top2_count": 5}
{"event": "evaluation", "step": 600, "loss": 0.07505897432565689, "accuracy": 1.0, "balanced_accuracy": 1.0, "macro_f1": 1.0, "confusion_matrix": [[2, 0, 0], [0, 2, 0], [0, 0, 6]], "nll": 0.0324411503970623, "brier": 0.010311230292068757, "illegal_S_P_top2_count": 5}
{"event": "evaluation", "step": 700, "loss": 0.12074591219425201, "accuracy": 1.0, "balanced_accuracy": 1.0, "macro_f1": 1.0, "confusion_matrix": [[2, 0, 0], [0, 2, 0], [0, 0, 6]], "nll": 0.02204761654138565, "brier": 0.004412749991320879, "illegal_S_P_top2_count": 5}
{"event": "evaluation", "step": 800, "loss": 0.13052241504192352, "accuracy": 1.0, "balanced_accuracy": 1.0, "macro_f1": 1.0, "confusion_matrix": [[2, 0, 0], [0, 2, 0], [0, 0, 6]], "nll": 0.034178756177425385, "brier": 0.013959380847619838, "illegal_S_P_top2_count": 5}
{"event": "evaluation", "step": 900, "loss": 0.07827834039926529, "accuracy": 1.0, "balanced_accuracy": 1.0, "macro_f1": 1.0, "confusion_matrix": [[2, 0, 0], [0, 2, 0], [0, 0, 6]], "nll": 0.02904152311384678, "brier": 0.010457772301720838, "illegal_S_P_top2_count": 5}
{"event": "evaluation", "step": 1000, "loss": 0.09922882914543152, "accuracy": 1.0, "balanced_accuracy": 1.0, "macro_f1": 1.0, "confusion_matrix": [[2, 0, 0], [0, 2, 0], [0, 0, 6]], "nll": 0.044265877455472946, "brier": 0.023829894995673284, "illegal_S_P_top2_count": 5}
{"event": "evaluation", "step": 1100, "loss": 0.15358413755893707, "accuracy": 1.0, "balanced_accuracy": 1.0, "macro_f1": 1.0, "confusion_matrix": [[2, 0, 0], [0, 2, 0], [0, 0, 6]], "nll": 0.016392918303608894, "brier": 0.002374241090094059, "illegal_S_P_top2_count": 5}
{"event": "evaluation", "step": 1200, "loss": 0.10918843001127243, "accuracy": 1.0, "balanced_accuracy": 1.0, "macro_f1": 1.0, "confusion_matrix": [[2, 0, 0], [0, 2, 0], [0, 0, 6]], "nll": 0.02944253943860531, "brier": 0.011040008788149109, "illegal_S_P_top2_count": 5}
{"event": "evaluation", "step": 1300, "loss": 0.09823212027549744, "accuracy": 1.0, "balanced_accuracy": 1.0, "macro_f1": 1.0, "confusion_matrix": [[2, 0, 0], [0, 2, 0], [0, 0, 6]], "nll": 0.02014641836285591, "brier": 0.004604729231591994, "illegal_S_P_top2_count": 5}
{"event": "evaluation", "step": 1400, "loss": 0.09537415951490402, "accuracy": 1.0, "balanced_accuracy": 1.0, "macro_f1": 1.0, "confusion_matrix": [[2, 0, 0], [0, 2, 0], [0, 0, 6]], "nll": 0.030139153823256493, "brier": 0.011719347699204824, "illegal_S_P_top2_count": 5}
{"event": "evaluation", "step": 1500, "loss": 0.09883594512939453, "accuracy": 1.0, "balanced_accuracy": 1.0, "macro_f1": 1.0, "confusion_matrix": [[2, 0, 0], [0, 2, 0], [0, 0, 6]], "nll": 0.022483976557850838, "brier": 0.0061728946471268226, "illegal_S_P_top2_count": 5}
{"event": "evaluation", "step": 1600, "loss": 0.11116556823253632, "accuracy": 1.0, "balanced_accuracy": 1.0, "macro_f1": 1.0, "confusion_matrix": [[2, 0, 0], [0, 2, 0], [0, 0, 6]], "nll": 0.02164989337325096, "brier": 0.005577515002091173, "illegal_S_P_top2_count": 5}
{"event": "evaluation", "step": 1700, "loss": 0.13122344017028809, "accuracy": 1.0, "balanced_accuracy": 1.0, "macro_f1": 1.0, "confusion_matrix": [[2, 0, 0], [0, 2, 0], [0, 0, 6]], "nll": 0.037403322756290436, "brier": 0.017925240576736265, "illegal_S_P_top2_count": 5}
{"event": "evaluation", "step": 1800, "loss": 0.08400511741638184, "accuracy": 1.0, "balanced_accuracy": 1.0, "macro_f1": 1.0, "confusion_matrix": [[2, 0, 0], [0, 2, 0], [0, 0, 6]], "nll": 0.02175874635577202, "brier": 0.005760382580764044, "illegal_S_P_top2_count": 5}
{"event": "evaluation", "step": 1900, "loss": 0.07037444412708282, "accuracy": 1.0, "balanced_accuracy": 1.0, "macro_f1": 1.0, "confusion_matrix": [[2, 0, 0], [0, 2, 0], [0, 0, 6]], "nll": 0.01916063204407692, "brier": 0.004251623209946802, "illegal_S_P_top2_count": 6}
{"event": "evaluation", "step": 2000, "loss": 0.11332808434963226, "accuracy": 1.0, "balanced_accuracy": 1.0, "macro_f1": 1.0, "confusion_matrix": [[2, 0, 0], [0, 2, 0], [0, 0, 6]], "nll": 0.019251305609941483, "brier": 0.004171121228554282, "illegal_S_P_top2_count": 6}
{"event": "evaluation", "step": 2100, "loss": 0.06550492346286774, "accuracy": 1.0, "balanced_accuracy": 1.0, "macro_f1": 1.0, "confusion_matrix": [[2, 0, 0], [0, 2, 0], [0, 0, 6]], "nll": 0.02292000502347946, "brier": 0.006497400361532726, "illegal_S_P_top2_count": 6}
{"event": "evaluation", "step": 2200, "loss": 0.1055951714515686, "accuracy": 1.0, "balanced_accuracy": 1.0, "macro_f1": 1.0, "confusion_matrix": [[2, 0, 0], [0, 2, 0], [0, 0, 6]], "nll": 0.022365810349583626, "brier": 0.006044673590617549, "illegal_S_P_top2_count": 6}
{"event": "evaluation", "step": 2300, "loss": 0.0983106940984726, "accuracy": 1.0, "balanced_accuracy": 1.0, "macro_f1": 1.0, "confusion_matrix": [[2, 0, 0], [0, 2, 0], [0, 0, 6]], "nll": 0.021447768434882164, "brier": 0.005446537946055938, "illegal_S_P_top2_count": 6}
{"event": "evaluation", "step": 2400, "loss": 0.10093879699707031, "accuracy": 1.0, "balanced_accuracy": 1.0, "macro_f1": 1.0, "confusion_matrix": [[2, 0, 0], [0, 2, 0], [0, 0, 6]], "nll": 0.02074572443962097, "brier": 0.004987859271456464, "illegal_S_P_top2_count": 6}
{"event": "evaluation", "step": 2500, "loss": 0.1275058537721634, "accuracy": 1.0, "balanced_accuracy": 1.0, "macro_f1": 1.0, "confusion_matrix": [[2, 0, 0], [0, 2, 0], [0, 0, 6]], "nll": 0.017113296315073967, "brier": 0.0029322980796674747, "illegal_S_P_top2_count": 6}
{"event": "evaluation", "step": 2600, "loss": 0.08445373177528381, "accuracy": 1.0, "balanced_accuracy": 1.0, "macro_f1": 1.0, "confusion_matrix": [[2, 0, 0], [0, 2, 0], [0, 0, 6]], "nll": 0.03283790126442909, "brier": 0.013929369435573177, "illegal_S_P_top2_count": 6}
{"event": "evaluation", "step": 2700, "loss": 0.08065082132816315, "accuracy": 1.0, "balanced_accuracy": 1.0, "macro_f1": 1.0, "confusion_matrix": [[2, 0, 0], [0, 2, 0], [0, 0, 6]], "nll": 0.022706348448991776, "brier": 0.006232368414473031, "illegal_S_P_top2_count": 6}
{"event": "evaluation", "step": 2800, "loss": 0.08330921828746796, "accuracy": 1.0, "balanced_accuracy": 1.0, "macro_f1": 1.0, "confusion_matrix": [[2, 0, 0], [0, 2, 0], [0, 0, 6]], "nll": 0.0209172572940588, "brier": 0.005078671893646442, "illegal_S_P_top2_count": 6}
{"event": "evaluation", "step": 2900, "loss": 0.09230515360832214, "accuracy": 1.0, "balanced_accuracy": 1.0, "macro_f1": 1.0, "confusion_matrix": [[2, 0, 0], [0, 2, 0], [0, 0, 6]], "nll": 0.02345932647585869, "brier": 0.0069286735830585795, "illegal_S_P_top2_count": 6}
{"event": "evaluation", "step": 3000, "loss": 0.05949406325817108, "accuracy": 1.0, "balanced_accuracy": 1.0, "macro_f1": 1.0, "confusion_matrix": [[2, 0, 0], [0, 2, 0], [0, 0, 6]], "nll": 0.03080645576119423, "brier": 0.012358741993247288, "illegal_S_P_top2_count": 6}
{"event": "evaluation", "step": 3100, "loss": 0.11894066631793976, "accuracy": 1.0, "balanced_accuracy": 1.0, "macro_f1": 1.0, "confusion_matrix": [[2, 0, 0], [0, 2, 0], [0, 0, 6]], "nll": 0.02199232578277588, "brier": 0.0059398825117210835, "illegal_S_P_top2_count": 6}
{"event": "evaluation", "step": 3200, "loss": 0.12356264889240265, "accuracy": 1.0, "balanced_accuracy": 1.0, "macro_f1": 1.0, "confusion_matrix": [[2, 0, 0], [0, 2, 0], [0, 0, 6]], "nll": 0.029287908226251602, "brier": 0.011127399437342627, "illegal_S_P_top2_count": 6}
{"event": "evaluation", "step": 3300, "loss": 0.08899486809968948, "accuracy": 1.0, "balanced_accuracy": 1.0, "macro_f1": 1.0, "confusion_matrix": [[2, 0, 0], [0, 2, 0], [0, 0, 6]], "nll": 0.035369906574487686, "brier": 0.01607777264181111, "illegal_S_P_top2_count": 6}
{"event": "evaluation", "step": 3400, "loss": 0.14405368268489838, "accuracy": 1.0, "balanced_accuracy": 1.0, "macro_f1": 1.0, "confusion_matrix": [[2, 0, 0], [0, 2, 0], [0, 0, 6]], "nll": 0.030413517728447914, "brier": 0.01196914817825993, "illegal_S_P_top2_count": 6}
{"event": "evaluation", "step": 3500, "loss": 0.0736936554312706, "accuracy": 1.0, "balanced_accuracy": 1.0, "macro_f1": 1.0, "confusion_matrix": [[2, 0, 0], [0, 2, 0], [0, 0, 6]], "nll": 0.02782398834824562, "brier": 0.009966904018686175, "illegal_S_P_top2_count": 6}
{"event": "evaluation", "step": 3600, "loss": 0.10210034996271133, "accuracy": 1.0, "balanced_accuracy": 1.0, "macro_f1": 1.0, "confusion_matrix": [[2, 0, 0], [0, 2, 0], [0, 0, 6]], "nll": 0.03444911167025566, "brier": 0.015321354202004058, "illegal_S_P_top2_count": 6}
{"event": "evaluation", "step": 3700, "loss": 0.07615435123443604, "accuracy": 1.0, "balanced_accuracy": 1.0, "macro_f1": 1.0, "confusion_matrix": [[2, 0, 0], [0, 2, 0], [0, 0, 6]], "nll": 0.027854610234498978, "brier": 0.0100352803646246, "illegal_S_P_top2_count": 6}
{"event": "evaluation", "step": 3800, "loss": 0.11199869215488434, "accuracy": 1.0, "balanced_accuracy": 1.0, "macro_f1": 1.0, "confusion_matrix": [[2, 0, 0], [0, 2, 0], [0, 0, 6]], "nll": 0.02186124585568905, "brier": 0.005808689768376692, "illegal_S_P_top2_count": 6}
{"event": "evaluation", "step": 3900, "loss": 0.06801609694957733, "accuracy": 1.0, "balanced_accuracy": 1.0, "macro_f1": 1.0, "confusion_matrix": [[2, 0, 0], [0, 2, 0], [0, 0, 6]], "nll": 0.027825986966490746, "brier": 0.009902546102872969, "illegal_S_P_top2_count": 6}
{"event": "evaluation", "step": 4000, "loss": 0.08539309352636337, "accuracy": 1.0, "balanced_accuracy": 1.0, "macro_f1": 1.0, "confusion_matrix": [[2, 0, 0], [0, 2, 0], [0, 0, 6]], "nll": 0.028247380629181862, "brier": 0.01021672962669921, "illegal_S_P_top2_count": 6}
{"event": "evaluation", "step": 4100, "loss": 0.11622576415538788, "accuracy": 1.0, "balanced_accuracy": 1.0, "macro_f1": 1.0, "confusion_matrix": [[2, 0, 0], [0, 2, 0], [0, 0, 6]], "nll": 0.020766939967870712, "brier": 0.005071228222631089, "illegal_S_P_top2_count": 6}
{"event": "evaluation", "step": 4200, "loss": 0.08183133602142334, "accuracy": 1.0, "balanced_accuracy": 1.0, "macro_f1": 1.0, "confusion_matrix": [[2, 0, 0], [0, 2, 0], [0, 0, 6]], "nll": 0.02806430496275425, "brier": 0.010230179979340222, "illegal_S_P_top2_count": 6}
{"event": "evaluation", "step": 4300, "loss": 0.1079927459359169, "accuracy": 1.0, "balanced_accuracy": 1.0, "macro_f1": 1.0, "confusion_matrix": [[2, 0, 0], [0, 2, 0], [0, 0, 6]], "nll": 0.031979918479919434, "brier": 0.01329970390613791, "illegal_S_P_top2_count": 6}
{"event": "evaluation", "step": 4400, "loss": 0.043549682945013046, "accuracy": 1.0, "balanced_accuracy": 1.0, "macro_f1": 1.0, "confusion_matrix": [[2, 0, 0], [0, 2, 0], [0, 0, 6]], "nll": 0.021592585369944572, "brier": 0.0056028142812080284, "illegal_S_P_top2_count": 6}
{"event": "evaluation", "step": 4500, "loss": 0.08983562886714935, "accuracy": 1.0, "balanced_accuracy": 1.0, "macro_f1": 1.0, "confusion_matrix": [[2, 0, 0], [0, 2, 0], [0, 0, 6]], "nll": 0.02673308551311493, "brier": 0.009286397047515382, "illegal_S_P_top2_count": 6}
{"event": "evaluation", "step": 4600, "loss": 0.11928191035985947, "accuracy": 1.0, "balanced_accuracy": 1.0, "macro_f1": 1.0, "confusion_matrix": [[2, 0, 0], [0, 2, 0], [0, 0, 6]], "nll": 0.031759537756443024, "brier": 0.013198561217310681, "illegal_S_P_top2_count": 6}
{"event": "evaluation", "step": 4700, "loss": 0.07966572046279907, "accuracy": 1.0, "balanced_accuracy": 1.0, "macro_f1": 1.0, "confusion_matrix": [[2, 0, 0], [0, 2, 0], [0, 0, 6]], "nll": 0.020952504128217697, "brier": 0.00511371666139505, "illegal_S_P_top2_count": 6}
{"event": "evaluation", "step": 4800, "loss": 0.1252063661813736, "accuracy": 1.0, "balanced_accuracy": 1.0, "macro_f1": 1.0, "confusion_matrix": [[2, 0, 0], [0, 2, 0], [0, 0, 6]], "nll": 0.029816269874572754, "brier": 0.011459406912404057, "illegal_S_P_top2_count": 6}
{"event": "evaluation", "step": 4900, "loss": 0.08161523193120956, "accuracy": 1.0, "balanced_accuracy": 1.0, "macro_f1": 1.0, "confusion_matrix": [[2, 0, 0], [0, 2, 0], [0, 0, 6]], "nll": 0.021559080109000206, "brier": 0.005417013011154393, "illegal_S_P_top2_count": 6}
{"event": "evaluation", "step": 5000, "loss": 0.06620529294013977, "accuracy": 1.0, "balanced_accuracy": 1.0, "macro_f1": 1.0, "confusion_matrix": [[2, 0, 0], [0, 2, 0], [0, 0, 6]], "nll": 0.026896080002188683, "brier": 0.009230224081272822, "illegal_S_P_top2_count": 6}
{"event": "evaluation", "step": 5100, "loss": 0.0875014066696167, "accuracy": 1.0, "balanced_accuracy": 1.0, "macro_f1": 1.0, "confusion_matrix": [[2, 0, 0], [0, 2, 0], [0, 0, 6]], "nll": 0.028592009097337723, "brier": 0.010586592234112156, "illegal_S_P_top2_count": 6}
{"event": "evaluation", "step": 5200, "loss": 0.04743777960538864, "accuracy": 1.0, "balanced_accuracy": 1.0, "macro_f1": 1.0, "confusion_matrix": [[2, 0, 0], [0, 2, 0], [0, 0, 6]], "nll": 0.021163176745176315, "brier": 0.005437880668944056, "illegal_S_P_top2_count": 6}
{"event": "evaluation", "step": 5300, "loss": 0.05593256652355194, "accuracy": 1.0, "balanced_accuracy": 1.0, "macro_f1": 1.0, "confusion_matrix": [[2, 0, 0], [0, 2, 0], [0, 0, 6]], "nll": 0.020932715386152267, "brier": 0.0053353660784446685, "illegal_S_P_top2_count": 6}
{"event": "evaluation", "step": 5400, "loss": 0.0995362251996994, "accuracy": 1.0, "balanced_accuracy": 1.0, "macro_f1": 1.0, "confusion_matrix": [[2, 0, 0], [0, 2, 0], [0, 0, 6]], "nll": 0.023261558264493942, "brier": 0.0068264241712053505, "illegal_S_P_top2_count": 6}
{"event": "evaluation", "step": 5500, "loss": 0.02640295773744583, "accuracy": 1.0, "balanced_accuracy": 1.0, "macro_f1": 1.0, "confusion_matrix": [[2, 0, 0], [0, 2, 0], [0, 0, 6]], "nll": 0.020913567394018173, "brier": 0.005225393744008837, "illegal_S_P_top2_count": 6}
{"event": "evaluation", "step": 5600, "loss": 0.12454083561897278, "accuracy": 1.0, "balanced_accuracy": 1.0, "macro_f1": 1.0, "confusion_matrix": [[2, 0, 0], [0, 2, 0], [0, 0, 6]], "nll": 0.02231724187731743, "brier": 0.006119120717202324, "illegal_S_P_top2_count": 6}
{"event": "evaluation", "step": 5700, "loss": 0.05887541174888611, "accuracy": 1.0, "balanced_accuracy": 1.0, "macro_f1": 1.0, "confusion_matrix": [[2, 0, 0], [0, 2, 0], [0, 0, 6]], "nll": 0.024744441732764244, "brier": 0.00778938699260229, "illegal_S_P_top2_count": 6}
{"event": "evaluation", "step": 5800, "loss": 0.11768444627523422, "accuracy": 1.0, "balanced_accuracy": 1.0, "macro_f1": 1.0, "confusion_matrix": [[2, 0, 0], [0, 2, 0], [0, 0, 6]], "nll": 0.025997430086135864, "brier": 0.008718805390162475, "illegal_S_P_top2_count": 6}
{"event": "evaluation", "step": 5900, "loss": 0.07032188773155212, "accuracy": 1.0, "balanced_accuracy": 1.0, "macro_f1": 1.0, "confusion_matrix": [[2, 0, 0], [0, 2, 0], [0, 0, 6]], "nll": 0.023015275597572327, "brier": 0.006630614349792773, "illegal_S_P_top2_count": 6}
{"event": "evaluation", "step": 6000, "loss": 0.1022896096110344, "accuracy": 1.0, "balanced_accuracy": 1.0, "macro_f1": 1.0, "confusion_matrix": [[2, 0, 0], [0, 2, 0], [0, 0, 6]], "nll": 0.022953810170292854, "brier": 0.006569672733111034, "illegal_S_P_top2_count": 6}
{"event": "evaluation", "step": 6100, "loss": 0.0931488499045372, "accuracy": 1.0, "balanced_accuracy": 1.0, "macro_f1": 1.0, "confusion_matrix": [[2, 0, 0], [0, 2, 0], [0, 0, 6]], "nll": 0.022982288151979446, "brier": 0.006602891681946175, "illegal_S_P_top2_count": 6}
{"event": "evaluation", "step": 6200, "loss": 0.09624554961919785, "accuracy": 1.0, "balanced_accuracy": 1.0, "macro_f1": 1.0, "confusion_matrix": [[2, 0, 0], [0, 2, 0], [0, 0, 6]], "nll": 0.02176455408334732, "brier": 0.005783681254771808, "illegal_S_P_top2_count": 6}
{"event": "evaluation", "step": 6300, "loss": 0.06827004253864288, "accuracy": 1.0, "balanced_accuracy": 1.0, "macro_f1": 1.0, "confusion_matrix": [[2, 0, 0], [0, 2, 0], [0, 0, 6]], "nll": 0.027613971382379532, "brier": 0.009861867603453377, "illegal_S_P_top2_count": 6}
{"event": "evaluation", "step": 6400, "loss": 0.06729421019554138, "accuracy": 1.0, "balanced_accuracy": 1.0, "macro_f1": 1.0, "confusion_matrix": [[2, 0, 0], [0, 2, 0], [0, 0, 6]], "nll": 0.0274176187813282, "brier": 0.009725434722283672, "illegal_S_P_top2_count": 6}
{"event": "evaluation", "step": 6500, "loss": 0.10990314185619354, "accuracy": 1.0, "balanced_accuracy": 1.0, "macro_f1": 1.0, "confusion_matrix": [[2, 0, 0], [0, 2, 0], [0, 0, 6]], "nll": 0.022954152897000313, "brier": 0.006571263963832764, "illegal_S_P_top2_count": 6}
{"event": "evaluation", "step": 6600, "loss": 0.05233581364154816, "accuracy": 1.0, "balanced_accuracy": 1.0, "macro_f1": 1.0, "confusion_matrix": [[2, 0, 0], [0, 2, 0], [0, 0, 6]], "nll": 0.027322780340909958, "brier": 0.009695051308577516, "illegal_S_P_top2_count": 6}
{"event": "evaluation", "step": 6700, "loss": 0.1242530569434166, "accuracy": 1.0, "balanced_accuracy": 1.0, "macro_f1": 1.0, "confusion_matrix": [[2, 0, 0], [0, 2, 0], [0, 0, 6]], "nll": 0.02250906452536583, "brier": 0.00628548029695907, "illegal_S_P_top2_count": 6}
{"event": "evaluation", "step": 6800, "loss": 0.0942627564072609, "accuracy": 1.0, "balanced_accuracy": 1.0, "macro_f1": 1.0, "confusion_matrix": [[2, 0, 0], [0, 2, 0], [0, 0, 6]], "nll": 0.021833470091223717, "brier": 0.005817416550462416, "illegal_S_P_top2_count": 6}
{"event": "evaluation", "step": 6900, "loss": 0.08552337437868118, "accuracy": 1.0, "balanced_accuracy": 1.0, "macro_f1": 1.0, "confusion_matrix": [[2, 0, 0], [0, 2, 0], [0, 0, 6]], "nll": 0.025986958295106888, "brier": 0.008668386277972635, "illegal_S_P_top2_count": 6}
{"event": "evaluation", "step": 7000, "loss": 0.0859670490026474, "accuracy": 1.0, "balanced_accuracy": 1.0, "macro_f1": 1.0, "confusion_matrix": [[2, 0, 0], [0, 2, 0], [0, 0, 6]], "nll": 0.023662090301513672, "brier": 0.007032959323475625, "illegal_S_P_top2_count": 6}
{"event": "evaluation", "step": 7100, "loss": 0.10303156077861786, "accuracy": 1.0, "balanced_accuracy": 1.0, "macro_f1": 1.0, "confusion_matrix": [[2, 0, 0], [0, 2, 0], [0, 0, 6]], "nll": 0.024105839431285858, "brier": 0.007353306051970575, "illegal_S_P_top2_count": 6}
{"event": "evaluation", "step": 7200, "loss": 0.10048232972621918, "accuracy": 1.0, "balanced_accuracy": 1.0, "macro_f1": 1.0, "confusion_matrix": [[2, 0, 0], [0, 2, 0], [0, 0, 6]], "nll": 0.02407083474099636, "brier": 0.007295883525580896, "illegal_S_P_top2_count": 6}
{"event": "evaluation", "step": 7300, "loss": 0.0741676390171051, "accuracy": 1.0, "balanced_accuracy": 1.0, "macro_f1": 1.0, "confusion_matrix": [[2, 0, 0], [0, 2, 0], [0, 0, 6]], "nll": 0.023989921435713768, "brier": 0.007237091040342524, "illegal_S_P_top2_count": 6}
{"event": "evaluation", "step": 7400, "loss": 0.11379478871822357, "accuracy": 1.0, "balanced_accuracy": 1.0, "macro_f1": 1.0, "confusion_matrix": [[2, 0, 0], [0, 2, 0], [0, 0, 6]], "nll": 0.023741986602544785, "brier": 0.007092105756819481, "illegal_S_P_top2_count": 6}
{"event": "evaluation", "step": 7500, "loss": 0.09579052776098251, "accuracy": 1.0, "balanced_accuracy": 1.0, "macro_f1": 1.0, "confusion_matrix": [[2, 0, 0], [0, 2, 0], [0, 0, 6]], "nll": 0.02510542795062065, "brier": 0.008053018479509757, "illegal_S_P_top2_count": 6}
{"event": "evaluation", "step": 7600, "loss": 0.05122284218668938, "accuracy": 1.0, "balanced_accuracy": 1.0, "macro_f1": 1.0, "confusion_matrix": [[2, 0, 0], [0, 2, 0], [0, 0, 6]], "nll": 0.0223544891923666, "brier": 0.006186816157557175, "illegal_S_P_top2_count": 6}
{"event": "evaluation", "step": 7700, "loss": 0.09119023382663727, "accuracy": 1.0, "balanced_accuracy": 1.0, "macro_f1": 1.0, "confusion_matrix": [[2, 0, 0], [0, 2, 0], [0, 0, 6]], "nll": 0.023508958518505096, "brier": 0.00695227747253861, "illegal_S_P_top2_count": 6}
{"event": "evaluation", "step": 7800, "loss": 0.09083869308233261, "accuracy": 1.0, "balanced_accuracy": 1.0, "macro_f1": 1.0, "confusion_matrix": [[2, 0, 0], [0, 2, 0], [0, 0, 6]], "nll": 0.021741796284914017, "brier": 0.005789067732089442, "illegal_S_P_top2_count": 6}
{"event": "evaluation", "step": 7900, "loss": 0.09857736527919769, "accuracy": 1.0, "balanced_accuracy": 1.0, "macro_f1": 1.0, "confusion_matrix": [[2, 0, 0], [0, 2, 0], [0, 0, 6]], "nll": 0.022550489753484726, "brier": 0.006322197449417524, "illegal_S_P_top2_count": 6}
{"event": "evaluation", "step": 8000, "loss": 0.05590716376900673, "accuracy": 1.0, "balanced_accuracy": 1.0, "macro_f1": 1.0, "confusion_matrix": [[2, 0, 0], [0, 2, 0], [0, 0, 6]], "nll": 0.021482618525624275, "brier": 0.005629396149868685, "illegal_S_P_top2_count": 6}
swanlab: 📁 View project at 
https://swanlab.cn/@panxy1019/V17_TrajectoryLevel_Hierarchical_MoE
swanlab: 🚀 View run E3_chart_independent_seed31003 at 
https://swanlab.cn/@panxy1019/V17_TrajectoryLevel_Hierarchical_MoE/runs/1wi4t1c3
swanlab: Upload complete: 693 records
